lib/fdtdec.c:652:20:get_prop_check_min_len	48	static
lib/fdtdec.c:88:13:fdtdec_get_srcname	0	static
lib/fdtdec.c:93:13:fdtdec_get_compatible	0	static
lib/fdtdec.c:207:5:fdtdec_get_pci_vendev	96	static
lib/fdtdec.c:243:5:fdtdec_get_pci_bar32	32	static
lib/fdtdec.c:260:5:fdtdec_get_pci_bus_range	48	static
lib/fdtdec.c:276:10:fdtdec_get_uint64	48	static
lib/fdtdec.c:289:5:fdtdec_get_is_enabled	16	static
lib/fdtdec.c:306:20:fdtdec_lookup	64	static
lib/fdtdec.c:318:5:fdtdec_next_compatible	0	static
lib/fdtdec.c:323:5:fdtdec_next_compatible_subnode	48	static
lib/fdtdec.c:338:5:fdtdec_next_alias	96	static
lib/fdtdec.c:370:5:fdtdec_add_aliases_for_id	128	dynamic
lib/fdtdec.c:360:5:fdtdec_find_aliases_for_id	64	static
lib/fdtdec.c:485:5:fdtdec_get_alias_seq	112	static
lib/fdtdec.c:535:5:fdtdec_get_alias_highest_id	80	static
lib/fdtdec.c:568:13:fdtdec_get_chosen_prop	32	static
lib/fdtdec.c:578:5:fdtdec_get_chosen_node	32	static
lib/fdtdec.c:605:5:fdtdec_prepare_fdt	16	static
lib/fdtdec.c:588:5:fdtdec_check_fdt	16	static
lib/fdtdec.c:627:5:fdtdec_lookup_phandle	32	static
lib/fdtdec.c:670:5:fdtdec_get_int_array	48	static
lib/fdtdec.c:939:12:decode_timing_property	64	static
lib/fdtdec.c:688:5:fdtdec_get_int_array_count	48	static
lib/fdtdec.c:708:12:fdtdec_locate_array	32	static
lib/fdtdec.c:719:5:fdtdec_get_bool	32	static
lib/fdtdec.c:729:5:fdtdec_parse_phandle_with_args	112	static
lib/fdtdec.c:853:5:fdtdec_get_byte_array	48	static
lib/fdtdec.c:865:11:fdtdec_locate_byte_array	32	static
lib/fdtdec.c:877:5:fdtdec_get_number	0	static
lib/fdtdec.c:100:12:fdtdec_get_addr_size_fixed	96	static
lib/fdtdec.c:146:12:fdtdec_get_addr_size_auto_parent	80	static
lib/fdtdec.c:173:12:fdtdec_get_addr_size_auto_noparent	64	static
lib/fdtdec.c:192:12:fdtdec_get_addr_size	0	static
lib/fdtdec.c:202:12:fdtdec_get_addr	0	static
lib/fdtdec.c:887:5:fdt_get_resource	96	static
lib/fdtdec.c:926:5:fdt_get_named_resource	48	static
lib/fdtdec.c:963:5:fdtdec_decode_display_timing	64	static
lib/fdtdec.c:1031:5:fdtdec_setup_mem_size_base	80	static
lib/fdtdec.c:1057:8:get_next_memory_node	48	static
lib/fdtdec.c:1066:5:fdtdec_setup_memory_banksize	112	static
lib/fdtdec.c:1107:5:fdtdec_setup_mem_size_base_lowest	112	static
lib/fdtdec.c:1236:5:fdtdec_set_ethernet_mac_address	48	static
lib/fdtdec.c:1297:5:fdtdec_add_reserved_memory	208	static
lib/fdtdec.c:1435:5:fdtdec_get_carveout	128	static
lib/fdtdec.c:1536:5:fdtdec_set_carveout	80	static
lib/fdtdec.c:1593:12:fdtdec_board_setup	0	static
lib/fdtdec.c:1633:5:fdtdec_setup	48	static
lib/fdtdec.c:1674:5:fdtdec_resetup	0	static
lib/fdtdec.c:1710:5:fdtdec_decode_ram_size	144	static
