Archive member included to satisfy reference by file (symbol)

arch/arm/cpu/armv8/cpu.o      (--whole-archive)
arch/arm/cpu/armv8/generic_timer.o
                              (--whole-archive)
arch/arm/cpu/armv8/cache_v8.o
                              (--whole-archive)
arch/arm/cpu/armv8/cache.o    (--whole-archive)
arch/arm/cpu/armv8/exceptions.o
                              (--whole-archive)
arch/arm/cpu/armv8/exception_level.o
                              (--whole-archive)
arch/arm/cpu/armv8/tlb.o      (--whole-archive)
arch/arm/cpu/armv8/transition.o
                              (--whole-archive)
arch/arm/cpu/armv8/fwcall.o   (--whole-archive)
arch/arm/cpu/armv8/cpu-dt.o   (--whole-archive)
arch/arm/lib/crt0_64.o        (--whole-archive)
arch/arm/lib/setjmp_aarch64.o
                              (--whole-archive)
arch/arm/lib/relocate_64.o    (--whole-archive)
arch/arm/lib/bootm-fdt.o      (--whole-archive)
arch/arm/lib/bootm.o          (--whole-archive)
arch/arm/lib/image.o          (--whole-archive)
arch/arm/lib/bdinfo.o         (--whole-archive)
arch/arm/lib/sections.o       (--whole-archive)
arch/arm/lib/stack.o          (--whole-archive)
arch/arm/lib/interrupts_64.o  (--whole-archive)
arch/arm/lib/reset.o          (--whole-archive)
arch/arm/lib/cache.o          (--whole-archive)
arch/arm/lib/psci-dt.o        (--whole-archive)
arch/arm/mach-bcm283x/init.o  (--whole-archive)
arch/arm/mach-bcm283x/reset.o
                              (--whole-archive)
arch/arm/mach-bcm283x/mbox.o  (--whole-archive)
arch/arm/mach-bcm283x/msg.o   (--whole-archive)
arch/arm/mach-bcm283x/phys2bus.o
                              (--whole-archive)
board/raspberrypi/rpi/rpi.o   (--whole-archive)
board/raspberrypi/rpi/lowlevel_init.o
                              (--whole-archive)
boot/bootm.o                  (--whole-archive)
boot/bootm_os.o               (--whole-archive)
boot/pxe_utils.o              (--whole-archive)
boot/image.o                  (--whole-archive)
boot/image-board.o            (--whole-archive)
boot/bootdev-uclass.o         (--whole-archive)
boot/bootflow.o               (--whole-archive)
boot/bootmeth-uclass.o        (--whole-archive)
boot/bootstd-uclass.o         (--whole-archive)
boot/bootmeth_distro.o        (--whole-archive)
boot/bootmeth_pxe.o           (--whole-archive)
boot/bootmeth_efi.o           (--whole-archive)
boot/image-fdt.o              (--whole-archive)
cmd/boot.o                    (--whole-archive)
cmd/bootm.o                   (--whole-archive)
cmd/help.o                    (--whole-archive)
cmd/panic.o                   (--whole-archive)
cmd/version.o                 (--whole-archive)
cmd/blk_common.o              (--whole-archive)
cmd/bootflow.o                (--whole-archive)
cmd/source.o                  (--whole-archive)
cmd/bdinfo.o                  (--whole-archive)
cmd/blkcache.o                (--whole-archive)
cmd/bootefi.o                 (--whole-archive)
cmd/booti.o                   (--whole-archive)
cmd/console.o                 (--whole-archive)
cmd/dm.o                      (--whole-archive)
cmd/echo.o                    (--whole-archive)
cmd/elf.o                     (--whole-archive)
cmd/exit.o                    (--whole-archive)
cmd/ext4.o                    (--whole-archive)
cmd/ext2.o                    (--whole-archive)
cmd/fat.o                     (--whole-archive)
cmd/fdt.o                     (--whole-archive)
cmd/fs.o                      (--whole-archive)
cmd/gpio.o                    (--whole-archive)
cmd/itest.o                   (--whole-archive)
cmd/load.o                    (--whole-archive)
cmd/mem.o                     (--whole-archive)
cmd/mii.o                     (--whole-archive)
cmd/mdio.o                    (--whole-archive)
cmd/sleep.o                   (--whole-archive)
cmd/mmc.o                     (--whole-archive)
cmd/net.o                     (--whole-archive)
cmd/part.o                    (--whole-archive)
cmd/pci.o                     (--whole-archive)
cmd/pinmux.o                  (--whole-archive)
cmd/pxe.o                     (--whole-archive)
cmd/setexpr.o                 (--whole-archive)
cmd/sysboot.o                 (--whole-archive)
cmd/test.o                    (--whole-archive)
cmd/unlz4.o                   (--whole-archive)
cmd/unzip.o                   (--whole-archive)
cmd/lzmadec.o                 (--whole-archive)
cmd/usb.o                     (--whole-archive)
cmd/disk.o                    (--whole-archive)
cmd/fs_uuid.o                 (--whole-archive)
cmd/ximg.o                    (--whole-archive)
cmd/dfu.o                     (--whole-archive)
cmd/nvedit.o                  (--whole-archive)
common/init/board_init.o      (--whole-archive)
common/main.o                 (--whole-archive)
common/exports.o              (--whole-archive)
common/cli_hush.o             (--whole-archive)
common/autoboot.o             (--whole-archive)
common/board_f.o              (--whole-archive)
[...]
Memory Configuration

Name             Origin             Length             Attributes
*default*        0x0000000000000000 0xffffffffffffffff

Linker script and memory map

Address of section .text set to 0x80000
                0x0000000000000000                . = 0x0
                0x0000000000000000                . = ALIGN (0x8)

.text           0x0000000000080000      0x120
 *(.__image_copy_start)
 .__image_copy_start
                0x0000000000080000        0x0 arch/arm/lib/sections.o
                0x0000000000080000                __image_copy_start
 arch/arm/cpu/armv8/start.o(.text*)
 .text          0x0000000000080000      0x120 arch/arm/cpu/armv8/start.o
                0x0000000000080000                _start
                0x0000000000080008                _TEXT_BASE
                0x0000000000080010                _end_ofs
                0x0000000000080018                _bss_start_ofs
                0x0000000000080020                _bss_end_ofs
                0x000000000008002c                save_boot_params_ret
                0x00000000000800a0                apply_core_errata
                0x00000000000800dc                lowlevel_init
                0x00000000000800e8                smp_kick_all_cpus
                0x00000000000800ec                c_runtime_cpu_setup

.efi_runtime    0x0000000000080120      0xab8
                0x0000000000080120                __efi_runtime_start = .
 *(.text.efi_runtime*)
 .text.efi_runtime
                0x0000000000080120       0x90 arch/arm/mach-bcm283x/reset.o
                0x0000000000080150                efi_reset_system
 .text.efi_runtime
                0x00000000000801b0      0x130 lib/efi_loader/efi_runtime.o
                0x00000000000801b4                efi_get_time
                0x00000000000801bc                efi_set_time
                0x00000000000801cc                efi_update_capsule_unsupported
                0x00000000000801d4                efi_query_capsule_caps_unsupported
                0x00000000000801ec                efi_convert_pointer
                0x000000000008028c                efi_update_table_header_crc32
                0x00000000000802c0                efi_memcpy_runtime
 .text.efi_runtime_detach
                0x00000000000802e0       0x34 lib/efi_loader/efi_runtime.o
                0x00000000000802e0                efi_runtime_detach
 .text.efi_runtime_relocate
                0x0000000000080314      0x128 lib/efi_loader/efi_runtime.o
                0x0000000000080314                efi_runtime_relocate
 .text.efi_runtime
                0x000000000008043c       0x38 lib/efi_loader/efi_var_common.o
                0x000000000008043c                efi_get_variable_runtime
                0x0000000000080470                efi_get_next_variable_name_runtime
 .text.efi_runtime
                0x0000000000080474      0x530 lib/efi_loader/efi_var_mem.o
                0x000000000008052c                efi_var_mem_find
                0x000000000008062c                efi_get_next_variable_name_mem
                0x0000000000080708                efi_get_variable_mem
                0x00000000000807d0                efi_var_mem_del
                0x0000000000080860                efi_var_mem_ins
                0x0000000000080988                efi_var_mem_free
 .text.efi_runtime
                0x00000000000809a4       0x18 lib/efi_loader/efi_variable.o
                0x00000000000809a4                efi_query_variable_info_runtime
                0x00000000000809b4                efi_get_variable_int
                0x00000000000809b8                efi_get_next_variable_name_int
 .text.efi_runtime
                0x00000000000809bc       0x24 lib/charset.o
                0x00000000000809bc                u16_strnlen
 .text.efi_runtime
                0x00000000000809e0       0x40 lib/crc32.o
                0x00000000000809e0                crc32_no_comp
                0x0000000000080a04                crc32
 *(.rodata.efi_runtime*)
 .rodata.efi_runtime_relocate.str1.1
                0x0000000000080a20       0x4e lib/efi_loader/efi_runtime.o
 *(.data.efi_runtime*)
 *fill*         0x0000000000080a6e        0x2 
 .data.efi_runtime
                0x0000000000080a70        0x8 arch/arm/mach-bcm283x/reset.o
                0x0000000000080a70                wdog_regs
 .data.efi_runtime
                0x0000000000080a78       0x9e lib/efi_loader/efi_boottime.o
                0x0000000000080a78                efi_events
                0x0000000000080a88                systab
 *fill*         0x0000000000080b16        0x2 
 .data.efi_runtime
                0x0000000000080b18       0xa0 lib/efi_loader/efi_runtime.o
                0x0000000000080b30                efi_runtime_services
 .data.efi_runtime_mmio
                0x0000000000080bb8       0x10 lib/efi_loader/efi_runtime.o
                0x0000000000080bb8                efi_runtime_mmio
 .data.efi_runtime
                0x0000000000080bc8       0x10 lib/efi_loader/efi_var_mem.o
                0x0000000000080bd8                __efi_runtime_stop = .

.text_rest      0x0000000000081000    0x6779c
 *(.text*)
 .text.board_cleanup_before_linux
                0x0000000000081000        0x4 arch/arm/cpu/armv8/cpu.o
                0x0000000000081000                board_cleanup_before_linux
 .text.cleanup_before_linux
                0x0000000000081004       0x2c arch/arm/cpu/armv8/cpu.o
                0x0000000000081004                cleanup_before_linux
 .text.get_tbclk
                0x0000000000081030        0x8 arch/arm/cpu/armv8/generic_timer.o
                0x0000000000081030                get_tbclk
 .text.get_ticks
                0x0000000000081038       0x10 arch/arm/cpu/armv8/generic_timer.o
                0x0000000000081038                get_ticks
 .text.count_required_pts
                0x0000000000081048       0xf8 arch/arm/cpu/armv8/cache_v8.o
 .text.create_table
                0x0000000000081140       0x70 arch/arm/cpu/armv8/cache_v8.o
 .text.split_block
                0x00000000000811b0       0x90 arch/arm/cpu/armv8/cache_v8.o
 .text.get_tcr  0x0000000000081240      0x108 arch/arm/cpu/armv8/cache_v8.o
                0x0000000000081240                get_tcr
 .text.find_pte
                0x0000000000081348       0x88 arch/arm/cpu/armv8/cache_v8.o
 .text.set_one_region
                0x00000000000813d0       0xd8 arch/arm/cpu/armv8/cache_v8.o
 .text.get_page_table_size
                0x00000000000814a8       0x44 arch/arm/cpu/armv8/cache_v8.o
                0x00000000000814a8                get_page_table_size
 .text.setup_pgtables
                0x00000000000814ec      0x16c arch/arm/cpu/armv8/cache_v8.o
                0x00000000000814ec                setup_pgtables
 .text.mmu_setup
                0x0000000000081658      0x138 arch/arm/cpu/armv8/cache_v8.o
                0x0000000000081658                mmu_setup
 .text.invalidate_dcache_all
                0x0000000000081790       0x14 arch/arm/cpu/armv8/cache_v8.o
                0x0000000000081790                invalidate_dcache_all
 .text.invalidate_dcache_range
                0x00000000000817a4        0x4 arch/arm/cpu/armv8/cache_v8.o
                0x00000000000817a4                invalidate_dcache_range
 .text.flush_dcache_range
                0x00000000000817a8        0x4 arch/arm/cpu/armv8/cache_v8.o
                0x00000000000817a8                flush_dcache_range
 .text.dcache_enable
                0x00000000000817ac      0x110 arch/arm/cpu/armv8/cache_v8.o
                0x00000000000817ac                dcache_enable
 .text.dcache_disable
                0x00000000000818bc       0x84 arch/arm/cpu/armv8/cache_v8.o
                0x00000000000818bc                dcache_disable
 .text.dcache_status
                0x0000000000081940       0x34 arch/arm/cpu/armv8/cache_v8.o
                0x0000000000081940                dcache_status
 .text.mmu_set_region_dcache_behaviour
                0x0000000000081974       0xa8 arch/arm/cpu/armv8/cache_v8.o
                0x0000000000081974                mmu_set_region_dcache_behaviour
 .text.icache_disable
                0x0000000000081a1c       0x68 arch/arm/cpu/armv8/cache_v8.o
                0x0000000000081a1c                icache_disable
 .text.invalidate_icache_all
                0x0000000000081a84       0x14 arch/arm/cpu/armv8/cache_v8.o
                0x0000000000081a84                invalidate_icache_all
 .text.icache_enable
                0x0000000000081a98       0x74 arch/arm/cpu/armv8/cache_v8.o
                0x0000000000081a98                icache_enable
 .text.enable_caches
                0x0000000000081b0c       0x14 arch/arm/cpu/armv8/cache_v8.o
                0x0000000000081b0c                enable_caches
 .text.__asm_dcache_level
                0x0000000000081b20       0x5c arch/arm/cpu/armv8/cache.o
                0x0000000000081b20                __asm_dcache_level
 .text.__asm_dcache_all
                0x0000000000081b7c       0x58 arch/arm/cpu/armv8/cache.o
                0x0000000000081b7c                __asm_dcache_all
 .text.__asm_flush_dcache_all
                0x0000000000081bd4        0x8 arch/arm/cpu/armv8/cache.o
                0x0000000000081bd4                __asm_flush_dcache_all
 .text.__asm_invalidate_dcache_all
                0x0000000000081bdc        0x8 arch/arm/cpu/armv8/cache.o
                0x0000000000081bdc                __asm_invalidate_dcache_all
 .text.__asm_flush_dcache_range
                0x0000000000081be4       0x30 arch/arm/cpu/armv8/cache.o
                0x0000000000081be4                __asm_flush_dcache_range
 .text.__asm_invalidate_dcache_range
                0x0000000000081c14       0x30 arch/arm/cpu/armv8/cache.o
                0x0000000000081c14                __asm_invalidate_dcache_range
 .text.__asm_invalidate_icache_all
                0x0000000000081c44        0xc arch/arm/cpu/armv8/cache.o
                0x0000000000081c44                __asm_invalidate_icache_all
 .text.__asm_invalidate_l3_dcache
                0x0000000000081c50        0x8 arch/arm/cpu/armv8/cache.o
                0x0000000000081c50                __asm_invalidate_l3_dcache
 .text.__asm_flush_l3_dcache
                0x0000000000081c58        0x8 arch/arm/cpu/armv8/cache.o
                0x0000000000081c58                __asm_flush_l3_dcache
 .text.__asm_invalidate_l3_icache
                0x0000000000081c60        0x8 arch/arm/cpu/armv8/cache.o
                0x0000000000081c60                __asm_invalidate_l3_icache
 .text.__asm_switch_ttbr
                0x0000000000081c68       0xc0 arch/arm/cpu/armv8/cache.o
                0x0000000000081c68                __asm_switch_ttbr
 *fill*         0x0000000000081d28      0x2d8 
 .text          0x0000000000082000      0x390 arch/arm/cpu/armv8/exceptions.o
                0x0000000000082000                vectors
 .text.entry_non_secure
                0x0000000000082390       0x28 arch/arm/cpu/armv8/exception_level.o
 .text.switch_to_non_secure_mode
                0x00000000000823b8       0x54 arch/arm/cpu/armv8/exception_level.o
                0x00000000000823b8                switch_to_non_secure_mode
 .text.__asm_invalidate_tlb_all
                0x000000000008240c       0x44 arch/arm/cpu/armv8/tlb.o
                0x000000000008240c                __asm_invalidate_tlb_all
 .text.armv8_switch_to_el2
                0x0000000000082450       0xb0 arch/arm/cpu/armv8/transition.o
                0x0000000000082450                armv8_switch_to_el2
 .text.armv8_el2_to_aarch32
                0x0000000000082500        0x4 arch/arm/cpu/armv8/transition.o
                0x0000000000082500                armv8_el2_to_aarch32
 *fill*         0x0000000000082504        0x4 
 .text          0x0000000000082508       0x88 arch/arm/lib/crt0_64.o
                0x0000000000082508                _main
 .text.setjmp   0x0000000000082590       0x28 arch/arm/lib/setjmp_aarch64.o
                0x0000000000082590                setjmp
 .text.longjmp  0x00000000000825b8       0x2c arch/arm/lib/setjmp_aarch64.o
                0x00000000000825b8                longjmp
 .text          0x00000000000825e4       0xd0 arch/arm/lib/relocate_64.o
                0x00000000000825e4                relocate_code
 .text.arch_fixup_fdt
                0x00000000000826b4       0x4c arch/arm/lib/bootm-fdt.o
                0x00000000000826b4                arch_fixup_fdt
 .text.board_quiesce_devices
                0x0000000000082700        0x4 arch/arm/lib/bootm.o
                0x0000000000082700                board_quiesce_devices
 .text.board_prep_linux
                0x0000000000082704        0x4 arch/arm/lib/bootm.o
                0x0000000000082704                board_prep_linux
 .text.boot_prep_linux
                0x0000000000082708       0x58 arch/arm/lib/bootm.o
 .text.update_os_arch_secondary_cores
                0x0000000000082760        0x4 arch/arm/lib/bootm.o
                0x0000000000082760                update_os_arch_secondary_cores
 .text.boot_jump_linux
                0x0000000000082764       0xb8 arch/arm/lib/bootm.o
 .text.do_bootm_linux
                0x000000000008281c       0x74 arch/arm/lib/bootm.o
                0x000000000008281c                do_bootm_linux
 .text.boot_prep_vxworks
                0x0000000000082890       0x50 arch/arm/lib/bootm.o
                0x0000000000082890                boot_prep_vxworks
 .text.boot_jump_vxworks
                0x00000000000828e0       0x10 arch/arm/lib/bootm.o
                0x00000000000828e0                boot_jump_vxworks
 .text.booti_setup
                0x00000000000828f0       0xb8 arch/arm/lib/image.o
                0x00000000000828f0                booti_setup
 .text.arch_print_bdinfo
                0x00000000000829a8       0x64 arch/arm/lib/bdinfo.o
                0x00000000000829a8                arch_print_bdinfo
 .text.arch_reserve_stacks
                0x0000000000082a0c       0x10 arch/arm/lib/stack.o
                0x0000000000082a0c                arch_reserve_stacks
 .text.arch_lmb_reserve
                0x0000000000082a1c       0x10 arch/arm/lib/stack.o
                0x0000000000082a1c                arch_lmb_reserve
 .text.show_efi_loaded_images.isra.0
                0x0000000000082a2c        0x4 arch/arm/lib/interrupts_64.o
 .text.interrupt_init
                0x0000000000082a30        0x8 arch/arm/lib/interrupts_64.o
                0x0000000000082a30                interrupt_init
 .text.enable_interrupts
                0x0000000000082a38        0x4 arch/arm/lib/interrupts_64.o
                0x0000000000082a38                enable_interrupts
 .text.disable_interrupts
                0x0000000000082a3c        0x8 arch/arm/lib/interrupts_64.o
                0x0000000000082a3c                disable_interrupts
 .text.show_regs
                0x0000000000082a44      0x108 arch/arm/lib/interrupts_64.o
                0x0000000000082a44                show_regs
 .text.do_bad_sync
                0x0000000000082b4c       0x40 arch/arm/lib/interrupts_64.o
                0x0000000000082b4c                do_bad_sync
 .text.do_bad_irq
                0x0000000000082b8c       0x40 arch/arm/lib/interrupts_64.o
                0x0000000000082b8c                do_bad_irq
 .text.do_bad_fiq
                0x0000000000082bcc       0x40 arch/arm/lib/interrupts_64.o
                0x0000000000082bcc                do_bad_fiq
 .text.do_bad_error
                0x0000000000082c0c       0x40 arch/arm/lib/interrupts_64.o
                0x0000000000082c0c                do_bad_error
 .text.do_sync  0x0000000000082c4c       0x40 arch/arm/lib/interrupts_64.o
                0x0000000000082c4c                do_sync
 .text.do_irq   0x0000000000082c8c       0x40 arch/arm/lib/interrupts_64.o
                0x0000000000082c8c                do_irq
 .text.do_fiq   0x0000000000082ccc       0x40 arch/arm/lib/interrupts_64.o
                0x0000000000082ccc                do_fiq
 .text.do_error
                0x0000000000082d0c       0x40 arch/arm/lib/interrupts_64.o
                0x0000000000082d0c                do_error
 .text.reset_misc
                0x0000000000082d4c        0x4 arch/arm/lib/reset.o
                0x0000000000082d4c                reset_misc
 .text.do_reset
                0x0000000000082d50       0x34 arch/arm/lib/reset.o
                0x0000000000082d50                do_reset
 .text.flush_cache
                0x0000000000082d84        0x8 arch/arm/lib/cache.o
                0x0000000000082d84                flush_cache
 .text.arm_reserve_mmu
                0x0000000000082d8c       0x4c arch/arm/lib/cache.o
                0x0000000000082d8c                arm_reserve_mmu
 .text.arch_reserve_mmu
                0x0000000000082dd8        0x4 arch/arm/lib/cache.o
                0x0000000000082dd8                arch_reserve_mmu
 .text.arch_cpu_init
                0x0000000000082ddc       0x18 arch/arm/mach-bcm283x/init.o
                0x0000000000082ddc                arch_cpu_init
 .text.mach_cpu_init
                0x0000000000082df4       0xd4 arch/arm/mach-bcm283x/init.o
                0x0000000000082df4                mach_cpu_init
 .text.reset_cpu
                0x0000000000082ec8       0x48 arch/arm/mach-bcm283x/reset.o
                0x0000000000082ec8                reset_cpu
 .text.efi_reset_system_init
                0x0000000000082f10       0x58 arch/arm/mach-bcm283x/reset.o
                0x0000000000082f10                efi_reset_system_init
 .text.bcm2835_mbox_call_raw
                0x0000000000082f68      0x164 arch/arm/mach-bcm283x/mbox.o
                0x0000000000082f68                bcm2835_mbox_call_raw
 .text.bcm2835_mbox_call_prop
                0x00000000000830cc      0x100 arch/arm/mach-bcm283x/mbox.o
                0x00000000000830cc                bcm2835_mbox_call_prop
 .text.bcm2835_power_on_module
                0x00000000000831cc       0x80 arch/arm/mach-bcm283x/msg.o
                0x00000000000831cc                bcm2835_power_on_module
 .text.bcm2835_get_mmc_clock
                0x000000000008324c       0x90 arch/arm/mach-bcm283x/msg.o
                0x000000000008324c                bcm2835_get_mmc_clock
 .text.bcm2835_get_video_size
                0x00000000000832dc       0x98 arch/arm/mach-bcm283x/msg.o
                0x00000000000832dc                bcm2835_get_video_size
 .text.bcm2835_set_video_params
                0x0000000000083374      0x1ac arch/arm/mach-bcm283x/msg.o
                0x0000000000083374                bcm2835_set_video_params
 .text.bcm2711_notify_vl805_reset
                0x0000000000083520       0xac arch/arm/mach-bcm283x/msg.o
                0x0000000000083520                bcm2711_notify_vl805_reset
 .text.phys_to_bus
                0x00000000000835cc        0x8 arch/arm/mach-bcm283x/phys2bus.o
                0x00000000000835cc                phys_to_bus
 .text.bus_to_phys
                0x00000000000835d4        0x8 arch/arm/mach-bcm283x/phys2bus.o
                0x00000000000835d4                bus_to_phys
 .text.dram_init
                0x00000000000835dc       0x88 board/raspberrypi/rpi/rpi.o
                0x00000000000835dc                dram_init
 .text.dram_init_banksize
                0x0000000000083664       0x20 board/raspberrypi/rpi/rpi.o
                0x0000000000083664                dram_init_banksize
 .text.board_get_usable_ram_top
                0x0000000000083684       0x2c board/raspberrypi/rpi/rpi.o
                0x0000000000083684                board_get_usable_ram_top
 .text.misc_init_r
                0x00000000000836b0      0x264 board/raspberrypi/rpi/rpi.o
                0x00000000000836b0                misc_init_r
 .text.board_init
                0x0000000000083914      0x124 board/raspberrypi/rpi/rpi.o
                0x0000000000083914                board_init
 .text.board_fdt_blob_setup
                0x0000000000083a38       0x34 board/raspberrypi/rpi/rpi.o
                0x0000000000083a38                board_fdt_blob_setup
 .text.ft_board_setup
                0x0000000000083a6c       0x4c board/raspberrypi/rpi/rpi.o
                0x0000000000083a6c                ft_board_setup
 .text          0x0000000000083ab8        0xc board/raspberrypi/rpi/lowlevel_init.o
                0x0000000000083ab8                save_boot_params
 .text.bootm_find_images
                0x0000000000083ac4      0x16c boot/bootm.o
                0x0000000000083ac4                bootm_find_images
 .text.bootm_disable_interrupts
                0x0000000000083c30       0x28 boot/bootm.o
                0x0000000000083c30                bootm_disable_interrupts
 .text.do_bootm_states
                0x0000000000083c58      0x6f8 boot/bootm.o
                0x0000000000083c58                do_bootm_states
 .text.do_bootm_vxworks
                0x0000000000084350      0x200 boot/bootm_os.o
                0x0000000000084350                do_bootm_vxworks
 .text.copy_args
                0x0000000000084550       0x6c boot/bootm_os.o
 .text.do_bootm_rtems
                0x00000000000845bc       0x48 boot/bootm_os.o
 .text.do_bootm_plan9
                0x0000000000084604       0xac boot/bootm_os.o
 .text.do_bootm_standalone
                0x00000000000846b0       0x60 boot/bootm_os.o
 .text.do_bootm_qnxelf
                0x0000000000084710       0x7c boot/bootm_os.o
 .text.do_bootm_netbsd
                0x000000000008478c      0x114 boot/bootm_os.o
 .text.arch_preboot_os
                0x00000000000848a0        0x4 boot/bootm_os.o
                0x00000000000848a0                arch_preboot_os
 .text.board_preboot_os
                0x00000000000848a4        0x4 boot/bootm_os.o
                0x00000000000848a4                board_preboot_os
 .text.boot_selected_os
                0x00000000000848a8       0x74 boot/bootm_os.o
                0x00000000000848a8                boot_selected_os
 .text.bootm_os_get_boot_func
                0x000000000008491c       0x10 boot/bootm_os.o
                0x000000000008491c                bootm_os_get_boot_func
 .text.eol_or_eof
                0x000000000008492c       0x24 boot/pxe_utils.o
 .text.label_print
                0x0000000000084950       0x1c boot/pxe_utils.o
 .text.get_relfile
                0x000000000008496c      0x104 boot/pxe_utils.o
 .text.get_relfile_envaddr
                0x0000000000084a70       0x6c boot/pxe_utils.o
 .text.label_destroy
                0x0000000000084adc       0x60 boot/pxe_utils.o
 .text.get_string.constprop.0.isra.0
                0x0000000000084b3c       0xd4 boot/pxe_utils.o
 .text.get_token
                0x0000000000084c10      0x14c boot/pxe_utils.o
 .text.parse_sliteral
                0x0000000000084d5c       0x6c boot/pxe_utils.o
 .text.parse_integer
                0x0000000000084dc8       0x88 boot/pxe_utils.o
 .text.pxe_get_file_size
                0x0000000000084e50       0x4c boot/pxe_utils.o
                0x0000000000084e50                pxe_get_file_size
 .text.format_mac_pxe
                0x0000000000084e9c       0x88 boot/pxe_utils.o
                0x0000000000084e9c                format_mac_pxe
 .text.label_boot
                0x0000000000084f24      0x8dc boot/pxe_utils.o
 .text.get_pxe_file
                0x0000000000085800       0x34 boot/pxe_utils.o
                0x0000000000085800                get_pxe_file
 .text.handle_include
                0x0000000000085834       0xd4 boot/pxe_utils.o
 .text.parse_pxefile_top
                0x0000000000085908      0x470 boot/pxe_utils.o
 .text.get_pxelinux_path
                0x0000000000085d78       0xa0 boot/pxe_utils.o
                0x0000000000085d78                get_pxelinux_path
 .text.destroy_pxe_menu
                0x0000000000085e18       0x60 boot/pxe_utils.o
                0x0000000000085e18                destroy_pxe_menu
 .text.parse_pxefile
                0x0000000000085e78       0x78 boot/pxe_utils.o
                0x0000000000085e78                parse_pxefile
 .text.handle_pxe_menu
                0x0000000000085ef0      0x1e4 boot/pxe_utils.o
                0x0000000000085ef0                handle_pxe_menu
 .text.pxe_setup_ctx
                0x00000000000860d4       0xc8 boot/pxe_utils.o
                0x00000000000860d4                pxe_setup_ctx
 .text.pxe_destroy_ctx
                0x000000000008619c        0x8 boot/pxe_utils.o
                0x000000000008619c                pxe_destroy_ctx
 .text.pxe_process
                0x00000000000861a4       0x6c boot/pxe_utils.o
                0x00000000000861a4                pxe_process
 .text.image_check_hcrc
                0x0000000000086210       0x50 boot/image.o
                0x0000000000086210                image_check_hcrc
 .text.image_check_dcrc
                0x0000000000086260       0x44 boot/image.o
                0x0000000000086260                image_check_dcrc
 .text.image_multi_count
                0x00000000000862a4       0x20 boot/image.o
                0x00000000000862a4                image_multi_count
 .text.image_multi_getimg
                0x00000000000862c4       0x84 boot/image.o
                0x00000000000862c4                image_multi_getimg
 .text.image_decomp_type
                0x0000000000086348       0x58 boot/image.o
                0x0000000000086348                image_decomp_type
 .text.get_table_entry
                0x00000000000863a0       0x20 boot/image.o
                0x00000000000863a0                get_table_entry
 .text.get_table_entry_name
                0x00000000000863c0       0x28 boot/image.o
                0x00000000000863c0                get_table_entry_name
 .text.genimg_get_os_name
                0x00000000000863e8       0x18 boot/image.o
                0x00000000000863e8                genimg_get_os_name
 .text.genimg_get_arch_name
                0x0000000000086400       0x18 boot/image.o
                0x0000000000086400                genimg_get_arch_name
 .text.genimg_get_type_name
                0x0000000000086418       0x18 boot/image.o
                0x0000000000086418                genimg_get_type_name
 .text.image_decomp
                0x0000000000086430      0x178 boot/image.o
                0x0000000000086430                image_decomp
 .text.genimg_get_comp_name
                0x00000000000865a8       0x18 boot/image.o
                0x00000000000865a8                genimg_get_comp_name
 .text.image_print_contents
                0x00000000000865c0      0x1d4 boot/image.o
                0x00000000000865c0                image_print_contents
 .text.on_loadaddr
                0x0000000000086794       0x38 boot/image-board.o
 .text.env_get_bootm_low
                0x00000000000867cc       0x2c boot/image-board.o
                0x00000000000867cc                env_get_bootm_low
 .text.env_get_bootm_size
                0x00000000000867f8       0x88 boot/image-board.o
                0x00000000000867f8                env_get_bootm_size
 .text.env_get_bootm_mapsize
                0x0000000000086880       0x30 boot/image-board.o
                0x0000000000086880                env_get_bootm_mapsize
 .text.memmove_wd
                0x00000000000868b0       0x10 boot/image-board.o
                0x00000000000868b0                memmove_wd
 .text.genimg_get_kernel_addr_fit
                0x00000000000868c0       0x18 boot/image-board.o
                0x00000000000868c0                genimg_get_kernel_addr_fit
 .text.genimg_get_kernel_addr
                0x00000000000868d8       0x14 boot/image-board.o
                0x00000000000868d8                genimg_get_kernel_addr
 .text.genimg_get_format
                0x00000000000868ec       0x3c boot/image-board.o
                0x00000000000868ec                genimg_get_format
 .text.genimg_has_config
                0x0000000000086928        0x8 boot/image-board.o
                0x0000000000086928                genimg_has_config
 .text.boot_get_ramdisk
                0x0000000000086930      0x210 boot/image-board.o
                0x0000000000086930                boot_get_ramdisk
 .text.boot_ramdisk_high
                0x0000000000086b40      0x118 boot/image-board.o
                0x0000000000086b40                boot_ramdisk_high
 .text.boot_get_setup
                0x0000000000086c58        0x8 boot/image-board.o
                0x0000000000086c58                boot_get_setup
 .text.image_setup_linux
                0x0000000000086c60       0x60 boot/image-board.o
                0x0000000000086c60                image_setup_linux
 .text.genimg_print_size
                0x0000000000086cc0       0x38 boot/image-board.o
                0x0000000000086cc0                genimg_print_size
 .text.h_cmp_bootdev
                0x0000000000086cf8       0x58 boot/bootdev-uclass.o
 .text.bootdev_post_bind
                0x0000000000086d50       0x1c boot/bootdev-uclass.o
 .text.bootdev_add_bootflow
                0x0000000000086d6c       0x94 boot/bootdev-uclass.o
                0x0000000000086d6c                bootdev_add_bootflow
 .text.bootdev_bind
                0x0000000000086e00       0x8c boot/bootdev-uclass.o
                0x0000000000086e00                bootdev_bind
 .text.bootdev_find_in_blk
                0x0000000000086e8c      0x158 boot/bootdev-uclass.o
                0x0000000000086e8c                bootdev_find_in_blk
 .text.bootdev_setup_for_dev
                0x0000000000086fe4       0x50 boot/bootdev-uclass.o
                0x0000000000086fe4                bootdev_setup_for_dev
 .text.bootdev_setup_sibling_blk
                0x0000000000087034       0xac boot/bootdev-uclass.o
                0x0000000000087034                bootdev_setup_sibling_blk
 .text.bootdev_get_sibling_blk
                0x00000000000870e0       0x7c boot/bootdev-uclass.o
                0x00000000000870e0                bootdev_get_sibling_blk
 .text.bootdev_find_by_label
                0x000000000008715c      0x1a0 boot/bootdev-uclass.o
                0x000000000008715c                bootdev_find_by_label
 .text.bootdev_get_bootflow
                0x00000000000872fc       0x84 boot/bootdev-uclass.o
                0x00000000000872fc                bootdev_get_bootflow
 .text.bootdev_clear_bootflows
                0x0000000000087380       0x34 boot/bootdev-uclass.o
                0x0000000000087380                bootdev_clear_bootflows
 .text.bootdev_pre_unbind
                0x00000000000873b4       0x18 boot/bootdev-uclass.o
 .text.bootdev_setup_iter_order
                0x00000000000873cc      0x1f4 boot/bootdev-uclass.o
                0x00000000000873cc                bootdev_setup_iter_order
 .text.bootflow_iter_set_dev
                0x00000000000875c0       0x8c boot/bootflow.o
 .text.bootflow_check
                0x000000000008764c       0x50 boot/bootflow.o
 .text.bootflow_iter_init
                0x000000000008769c       0x38 boot/bootflow.o
                0x000000000008769c                bootflow_iter_init
 .text.bootflow_iter_uninit
                0x00000000000876d4       0x28 boot/bootflow.o
                0x00000000000876d4                bootflow_iter_uninit
 .text.bootflow_scan_next
                0x00000000000876fc      0x140 boot/bootflow.o
                0x00000000000876fc                bootflow_scan_next
 .text.bootflow_scan_bootdev
                0x000000000008783c       0xcc boot/bootflow.o
                0x000000000008783c                bootflow_scan_bootdev
 .text.bootflow_scan_first
                0x0000000000087908       0x14 boot/bootflow.o
                0x0000000000087908                bootflow_scan_first
 .text.bootflow_free
                0x000000000008791c       0x38 boot/bootflow.o
                0x000000000008791c                bootflow_free
 .text.bootflow_remove
                0x0000000000087954       0x50 boot/bootflow.o
                0x0000000000087954                bootflow_remove
 .text.bootflow_boot
                0x00000000000879a4       0x3c boot/bootflow.o
                0x00000000000879a4                bootflow_boot
 .text.bootflow_run_boot
                0x00000000000879e0       0x50 boot/bootflow.o
                0x00000000000879e0                bootflow_run_boot
 .text.bootflow_iter_uses_blk_dev
                0x0000000000087a30       0x2c boot/bootflow.o
                0x0000000000087a30                bootflow_iter_uses_blk_dev
 .text.bootflow_iter_uses_network
                0x0000000000087a5c       0x28 boot/bootflow.o
                0x0000000000087a5c                bootflow_iter_uses_network
 .text.setup_fs
                0x0000000000087a84       0x1c boot/bootmeth-uclass.o
 .text.bootmeth_check
                0x0000000000087aa0       0x20 boot/bootmeth-uclass.o
                0x0000000000087aa0                bootmeth_check
 .text.bootmeth_read_bootflow
                0x0000000000087ac0       0x20 boot/bootmeth-uclass.o
                0x0000000000087ac0                bootmeth_read_bootflow
 .text.bootmeth_boot
                0x0000000000087ae0       0x20 boot/bootmeth-uclass.o
                0x0000000000087ae0                bootmeth_boot
 .text.bootmeth_read_file
                0x0000000000087b00       0x20 boot/bootmeth-uclass.o
                0x0000000000087b00                bootmeth_read_file
 .text.bootmeth_get_bootflow
                0x0000000000087b20       0x78 boot/bootmeth-uclass.o
                0x0000000000087b20                bootmeth_get_bootflow
 .text.bootmeth_setup_iter_order
                0x0000000000087b98      0x140 boot/bootmeth-uclass.o
                0x0000000000087b98                bootmeth_setup_iter_order
 .text.bootmeth_try_file
                0x0000000000087cd8       0xb0 boot/bootmeth-uclass.o
                0x0000000000087cd8                bootmeth_try_file
 .text.bootmeth_alloc_file
                0x0000000000087d88       0xac boot/bootmeth-uclass.o
                0x0000000000087d88                bootmeth_alloc_file
 .text.bootmeth_common_read_file
                0x0000000000087e34       0xb8 boot/bootmeth-uclass.o
                0x0000000000087e34                bootmeth_common_read_file
 .text.bootstd_of_to_plat
                0x0000000000087eec       0x18 boot/bootstd-uclass.o
 .text.bootstd_probe
                0x0000000000087f04       0x20 boot/bootstd-uclass.o
 .text.bootstd_remove
                0x0000000000087f24       0x50 boot/bootstd-uclass.o
 .text.bootstd_get_prefixes
                0x0000000000087f74       0x24 boot/bootstd-uclass.o
                0x0000000000087f74                bootstd_get_prefixes
 .text.bootstd_get_priv
                0x0000000000087f98       0x40 boot/bootstd-uclass.o
                0x0000000000087f98                bootstd_get_priv
 .text.bootstd_clear_glob
                0x0000000000087fd8       0x44 boot/bootstd-uclass.o
                0x0000000000087fd8                bootstd_clear_glob
 .text.dm_scan_other
                0x000000000008801c      0x118 boot/bootstd-uclass.o
                0x000000000008801c                dm_scan_other
 .text.distro_get_state_desc
                0x0000000000088134        0x8 boot/bootmeth_distro.o
 .text.distro_boot
                0x000000000008813c       0x6c boot/bootmeth_distro.o
 .text.distro_getfile
                0x00000000000881a8       0x58 boot/bootmeth_distro.o
 .text.distro_bootmeth_bind
                0x0000000000088200       0x24 boot/bootmeth_distro.o
 .text.distro_read_bootflow
                0x0000000000088224       0xcc boot/bootmeth_distro.o
 .text.distro_check
                0x00000000000882f0        0x8 boot/bootmeth_distro.o
 .text.distro_pxe_boot
                0x00000000000882f8       0x80 boot/bootmeth_pxe.o
 .text.distro_pxe_getfile
                0x0000000000088378       0x50 boot/bootmeth_pxe.o
 .text.distro_pxe_read_file
                0x00000000000883c8       0xb0 boot/bootmeth_pxe.o
 .text.distro_pxe_read_bootflow
                0x0000000000088478      0x12c boot/bootmeth_pxe.o
 .text.distro_pxe_check
                0x00000000000885a4        0x8 boot/bootmeth_pxe.o
 .text.distro_bootmeth_pxe_bind
                0x00000000000885ac       0x24 boot/bootmeth_pxe.o
 .text.distro_efi_boot
                0x00000000000885d0       0x44 boot/bootmeth_efi.o
                0x00000000000885d0                distro_efi_boot
 .text.distro_bootmeth_efi_bind
                0x0000000000088614       0x24 boot/bootmeth_efi.o
 .text.distro_efi_check
                0x0000000000088638        0x8 boot/bootmeth_efi.o
 .text.distro_efi_read_bootflow
                0x0000000000088640      0x160 boot/bootmeth_efi.o
 .text.fdt_error
                0x00000000000887a0       0x38 boot/image-fdt.o
 .text.boot_fdt_reserve_region
                0x00000000000887d8       0x64 boot/image-fdt.o
 .text.boot_fdt_add_mem_rsv_regions
                0x000000000008883c      0x134 boot/image-fdt.o
                0x000000000008883c                boot_fdt_add_mem_rsv_regions
 .text.boot_relocate_fdt
                0x0000000000088970      0x224 boot/image-fdt.o
                0x0000000000088970                boot_relocate_fdt
 .text.boot_get_fdt
                0x0000000000088b94      0x288 boot/image-fdt.o
                0x0000000000088b94                boot_get_fdt
 .text.ft_verify_fdt
                0x0000000000088e1c        0x8 boot/image-fdt.o
                0x0000000000088e1c                ft_verify_fdt
 .text.image_setup_libfdt
                0x0000000000088e24      0x1e0 boot/image-fdt.o
                0x0000000000088e24                image_setup_libfdt
 .text.do_go_exec
                0x0000000000089004       0x20 cmd/boot.o
                0x0000000000089004                do_go_exec
 .text.do_go    0x0000000000089024       0x84 cmd/boot.o
 .text.do_bootm
                0x00000000000890a8      0x118 cmd/bootm.o
                0x00000000000890a8                do_bootm
 .text.do_bootd
                0x00000000000891c0       0x2c cmd/bootm.o
                0x00000000000891c0                do_bootd
 .text.image_info
                0x00000000000891ec       0xdc cmd/bootm.o
 .text.do_iminfo
                0x00000000000892c8       0x78 cmd/bootm.o
 .text.bootm_maybe_autostart
                0x0000000000089340       0x60 cmd/bootm.o
                0x0000000000089340                bootm_maybe_autostart
 .text.do_help  0x00000000000893a0       0x44 cmd/help.o
 .text.do_panic
                0x00000000000893e4       0x24 cmd/panic.o
 .text.do_version
                0x0000000000089408       0x40 cmd/version.o
 .text.blk_common_cmd
                0x0000000000089448      0x310 cmd/blk_common.o
                0x0000000000089448                blk_common_cmd
 .text.complete_bootflow
                0x0000000000089758       0x24 cmd/bootflow.o
 .text.do_bootflow_scan
                0x000000000008977c       0xe8 cmd/bootflow.o
 .text.do_bootflow
                0x0000000000089864       0xb4 cmd/bootflow.o
 .text.image_source_script
                0x0000000000089918       0xf4 cmd/source.o
                0x0000000000089918                image_source_script
 .text.do_source
                0x0000000000089a0c       0x50 cmd/source.o
 .text.bdinfo_print_num_l
                0x0000000000089a5c       0x18 cmd/bdinfo.o
                0x0000000000089a5c                bdinfo_print_num_l
 .text.bdinfo_print_num_ll
                0x0000000000089a74       0x18 cmd/bdinfo.o
                0x0000000000089a74                bdinfo_print_num_ll
 .text.do_bdinfo
                0x0000000000089a8c      0x2b4 cmd/bdinfo.o
                0x0000000000089a8c                do_bdinfo
 .text.do_blkcache
                0x0000000000089d40       0x84 cmd/blkcache.o
 .text.blkc_configure
                0x0000000000089dc4       0x78 cmd/blkcache.o
 .text.blkc_show
                0x0000000000089e3c       0x34 cmd/blkcache.o
 .text.efi_clear_bootdev
                0x0000000000089e70       0x48 cmd/bootefi.o
 .text.do_bootefi_exec
                0x0000000000089eb8       0xb8 cmd/bootefi.o
 .text.efi_get_image_parameters
                0x0000000000089f70       0x1c cmd/bootefi.o
                0x0000000000089f70                efi_get_image_parameters
 .text.efi_set_bootdev
                0x0000000000089f8c       0xe4 cmd/bootefi.o
                0x0000000000089f8c                efi_set_bootdev
 .text.efi_install_fdt
                0x000000000008a070      0x2ac cmd/bootefi.o
                0x000000000008a070                efi_install_fdt
 .text.efi_run_image
                0x000000000008a31c      0x194 cmd/bootefi.o
                0x000000000008a31c                efi_run_image
 .text.do_bootefi
                0x000000000008a4b0      0x1b0 cmd/bootefi.o
 .text.do_booti
                0x000000000008a660      0x218 cmd/booti.o
                0x000000000008a660                do_booti
 .text.do_coninfo
                0x000000000008a878       0xdc cmd/console.o
 .text.do_dm_dump_devres
                0x000000000008a954        0x8 cmd/dm.o
 .text.complete_dm
                0x000000000008a95c       0x24 cmd/dm.o
 .text.do_dm_dump_uclass
                0x000000000008a980       0x18 cmd/dm.o
 .text.do_dm_dump_tree
                0x000000000008a998       0x18 cmd/dm.o
 .text.do_dm_dump_static_driver_info
                0x000000000008a9b0       0x18 cmd/dm.o
 .text.do_dm_dump_drivers
                0x000000000008a9c8       0x18 cmd/dm.o
 .text.do_dm_dump_driver_compat
                0x000000000008a9e0       0x18 cmd/dm.o
 .text.do_dm    0x000000000008a9f8       0xb4 cmd/dm.o
 .text.do_echo  0x000000000008aaac       0x94 cmd/echo.o
 .text.do_bootelf
                0x000000000008ab40      0x128 cmd/elf.o
                0x000000000008ab40                do_bootelf
 .text.do_bootvx
                0x000000000008ac68      0x330 cmd/elf.o
                0x000000000008ac68                do_bootvx
 .text.do_exit  0x000000000008af98       0x2c cmd/exit.o
 .text.do_ext4_size
                0x000000000008afc4        0x8 cmd/ext4.o
                0x000000000008afc4                do_ext4_size
 .text.do_ext4_load
                0x000000000008afcc        0x8 cmd/ext4.o
                0x000000000008afcc                do_ext4_load
 .text.do_ext4_ls
                0x000000000008afd4        0x8 cmd/ext4.o
                0x000000000008afd4                do_ext4_ls
 .text.do_ext2load
                0x000000000008afdc        0x8 cmd/ext2.o
                0x000000000008afdc                do_ext2load
 .text.do_ext2ls
                0x000000000008afe4        0x8 cmd/ext2.o
 .text.do_fat_size
                0x000000000008afec        0x8 cmd/fat.o
                0x000000000008afec                do_fat_size
 .text.do_fat_fsload
                0x000000000008aff4        0x8 cmd/fat.o
                0x000000000008aff4                do_fat_fsload
 .text.do_fat_ls
                0x000000000008affc        0x8 cmd/fat.o
 .text.do_fat_fsinfo
                0x000000000008b004       0x94 cmd/fat.o
 .text.do_fat_fswrite
                0x000000000008b098        0x8 cmd/fat.o
 .text.do_fat_rm
                0x000000000008b0a0        0x8 cmd/fat.o
 .text.do_fat_mkdir
                0x000000000008b0a8        0x8 cmd/fat.o
 .text.is_printable_string
                0x000000000008b0b0       0x84 cmd/fdt.o
 .text.print_data.part.0
                0x000000000008b134      0x1e4 cmd/fdt.o
 .text.set_working_fdt_addr
                0x000000000008b318       0x18 cmd/fdt.o
                0x000000000008b318                set_working_fdt_addr
 .text.do_fdt   0x000000000008b330     0x1090 cmd/fdt.o
 .text.do_size_wrapper
                0x000000000008c3c0        0x8 cmd/fs.o
 .text.do_load_wrapper
                0x000000000008c3c8        0x8 cmd/fs.o
 .text.do_save_wrapper
                0x000000000008c3d0        0x8 cmd/fs.o
 .text.do_ls_wrapper
                0x000000000008c3d8        0x8 cmd/fs.o
 .text.do_ln_wrapper
                0x000000000008c3e0        0x8 cmd/fs.o
 .text.do_fstype_wrapper
                0x000000000008c3e8        0x4 cmd/fs.o
 .text.do_fstypes_wrapper
                0x000000000008c3ec        0x4 cmd/fs.o
 .text.gpio_get_description
                0x000000000008c3f0       0xdc cmd/gpio.o
 .text.do_gpio  0x000000000008c4cc      0x3c0 cmd/gpio.o
 .text.evalexp  0x000000000008c88c       0xa0 cmd/itest.o
 .text.evalstr  0x000000000008c92c       0x58 cmd/itest.o
 .text.binary_test
                0x000000000008c984      0x198 cmd/itest.o
 .text.do_itest
                0x000000000008cb1c       0x8c cmd/itest.o
 .text.bin_data_init
                0x000000000008cba8       0x1c cmd/load.o
 .text.k_data_save
                0x000000000008cbc4       0x34 cmd/load.o
 .text.k_data_restore
                0x000000000008cbf8       0x34 cmd/load.o
 .text.getcxmodem
                0x000000000008cc2c       0x24 cmd/load.o
 .text.load_serial_ymodem
                0x000000000008cc50      0x13c cmd/load.o
 .text.bin_data_char
                0x000000000008cd8c       0x28 cmd/load.o
 .text.chk1.constprop.0
                0x000000000008cdb4       0x34 cmd/load.o
 .text.s1_sendpacket.constprop.0
                0x000000000008cde8       0x5c cmd/load.o
 .text.load_serial
                0x000000000008ce44      0x228 cmd/load.o
 .text.do_load_serial
                0x000000000008d06c       0xe0 cmd/load.o
 .text.do_load_serial_bin
                0x000000000008d14c      0x7f0 cmd/load.o
 .text.do_mem_md
                0x000000000008d93c       0xe8 cmd/mem.o
 .text.do_mem_base
                0x000000000008da24       0x48 cmd/mem.o
 .text.do_mem_crc
                0x000000000008da6c       0x30 cmd/mem.o
 .text.do_random
                0x000000000008da9c       0xfc cmd/mem.o
 .text.do_mem_loop
                0x000000000008db98      0x120 cmd/mem.o
 .text.do_mem_cmp
                0x000000000008dcb8      0x17c cmd/mem.o
 .text.mod_mem.part.0
                0x000000000008de34      0x1ac cmd/mem.o
 .text.do_mem_mm
                0x000000000008dfe0       0x24 cmd/mem.o
 .text.do_mem_mw
                0x000000000008e004      0x100 cmd/mem.o
 .text.do_mem_cp
                0x000000000008e104       0xb4 cmd/mem.o
 .text.do_mem_nm
                0x000000000008e1b8       0x24 cmd/mem.o
 .text.extract_range
                0x000000000008e1dc       0x58 cmd/mii.o
 .text.dump_field
                0x000000000008e234       0x68 cmd/mii.o
 .text.do_mii   0x000000000008e29c      0x820 cmd/mii.o
 .text.extract_range
                0x000000000008eabc       0x98 cmd/mdio.o
 .text.do_mdio  0x000000000008eb54      0x4f8 cmd/mdio.o
 .text.do_sleep
                0x000000000008f04c       0xec cmd/sleep.o
 .text.do_mmcops
                0x000000000008f138       0xe8 cmd/mmc.o
 .text.do_mmc_setdsr
                0x000000000008f220       0xb8 cmd/mmc.o
 .text.parse_hwpart_user_enh_size
                0x000000000008f2d8       0xf4 cmd/mmc.o
 .text.do_mmc_list
                0x000000000008f3cc       0x1c cmd/mmc.o
 .text.print_mmcinfo
                0x000000000008f3e8      0x450 cmd/mmc.o
 .text.__init_mmc_device.constprop.0
                0x000000000008f838       0x84 cmd/mmc.o
 .text.init_mmc_device
                0x000000000008f8bc        0x4 cmd/mmc.o
 .text.do_mmc_rescan
                0x000000000008f8c0       0x60 cmd/mmc.o
 .text.do_mmc_hwpartition
                0x000000000008f920      0x50c cmd/mmc.o
 .text.do_mmc_dev
                0x000000000008fe2c      0x1b0 cmd/mmc.o
 .text.do_mmc_part
                0x000000000008ffdc       0x64 cmd/mmc.o
 .text.do_mmc_erase
                0x0000000000090040       0xfc cmd/mmc.o
 .text.do_mmc_write
                0x000000000009013c      0x118 cmd/mmc.o
 .text.do_mmc_boot_wp
                0x0000000000090254       0xa0 cmd/mmc.o
 .text.do_mmc_read
                0x00000000000902f4       0xf0 cmd/mmc.o
 .text.do_mmcinfo
                0x00000000000903e4       0x60 cmd/mmc.o
 .text.netboot_common
                0x0000000000090444      0x278 cmd/net.o
 .text.do_bootp
                0x00000000000906bc        0xc cmd/net.o
 .text.do_tftpb
                0x00000000000906c8        0xc cmd/net.o
                0x00000000000906c8                do_tftpb
 .text.do_dhcp  0x00000000000906d4        0xc cmd/net.o
 .text.do_nfs   0x00000000000906e0        0xc cmd/net.o
 .text.do_net   0x00000000000906ec       0xa4 cmd/net.o
 .text.do_net_list
                0x0000000000090790       0xb0 cmd/net.o
 .text.do_ping  0x0000000000090840       0x7c cmd/net.o
 .text.do_part_list
                0x00000000000908bc      0x18c cmd/part.o
 .text.do_part_info
                0x0000000000090a48      0x138 cmd/part.o
 .text.do_part  0x0000000000090b80      0x200 cmd/part.o
 .text.pci_show_regions
                0x0000000000090d80      0x13c cmd/pci.o
 .text.pci_field_width
                0x0000000000090ebc       0x24 cmd/pci.o
 .text.pci_show_regs
                0x0000000000090ee0       0x9c cmd/pci.o
 .text.pci_header_show
                0x0000000000090f7c       0xd4 cmd/pci.o
 .text.pciinfo  0x0000000000091050      0x14c cmd/pci.o
 .text.pci_cfg_modify.constprop.0
                0x000000000009119c      0x144 cmd/pci.o
 .text.do_pci   0x00000000000912e0      0x708 cmd/pci.o
 .text.do_pinmux
                0x00000000000919e8       0x80 cmd/pinmux.o
 .text.do_list  0x0000000000091a68       0xa0 cmd/pinmux.o
 .text.show_pinmux
                0x0000000000091b08      0x130 cmd/pinmux.o
 .text.do_status
                0x0000000000091c38       0xf8 cmd/pinmux.o
 .text.do_dev   0x0000000000091d30       0x90 cmd/pinmux.o
 .text.do_get_tftp
                0x0000000000091dc0       0x68 cmd/pxe.o
 .text.do_pxe   0x0000000000091e28       0x84 cmd/pxe.o
 .text.do_pxe_boot
                0x0000000000091eac       0xf8 cmd/pxe.o
 .text.pxe_get  0x0000000000091fa4      0x178 cmd/pxe.o
                0x0000000000091fa4                pxe_get
 .text.do_pxe_get
                0x000000000009211c       0x9c cmd/pxe.o
 .text.get_arg  0x00000000000921b8       0xfc cmd/setexpr.o
 .text.substitute
                0x00000000000922b4      0x118 cmd/setexpr.o
 .text.setexpr_regex_sub
                0x00000000000923cc      0x234 cmd/setexpr.o
                0x00000000000923cc                setexpr_regex_sub
 .text.regex_sub_var.part.0
                0x0000000000092600      0x100 cmd/setexpr.o
 .text.regex_sub_var
                0x0000000000092700       0x8c cmd/setexpr.o
 .text.do_setexpr
                0x000000000009278c      0x2b8 cmd/setexpr.o
 .text.do_sysboot
                0x0000000000092a44      0x1f8 cmd/sysboot.o
 .text.sysboot_read_file
                0x0000000000092c3c       0x78 cmd/sysboot.o
 .text.do_false
                0x0000000000092cb4        0x8 cmd/test.o
 .text.do_true  0x0000000000092cbc        0x8 cmd/test.o
 .text.do_test  0x0000000000092cc4      0x324 cmd/test.o
 .text.do_unlz4
                0x0000000000092fe8       0xc0 cmd/unlz4.o
 .text.do_unzip
                0x00000000000930a8       0xb0 cmd/unzip.o
 .text.do_gzwrite
                0x0000000000093158      0x10c cmd/unzip.o
 .text.do_lzmadec
                0x0000000000093264       0xb0 cmd/lzmadec.o
 .text.usb_get_class_desc
                0x0000000000093314       0xac cmd/usb.o
 .text.usb_display_class_sub
                0x00000000000933c0      0x18c cmd/usb.o
 .text.usb_display_desc
                0x000000000009354c      0x14c cmd/usb.o
 .text.usb_show_tree_graph
                0x0000000000093698      0x230 cmd/usb.o
 .text.usb_show_subtree
                0x00000000000938c8       0x38 cmd/usb.o
 .text.usb_for_each_root_dev
                0x0000000000093900       0x68 cmd/usb.o
 .text.usb_display_string
                0x0000000000093968       0x4c cmd/usb.o
 .text.usb_display_config
                0x00000000000939b4      0x254 cmd/usb.o
 .text.usb_show_info
                0x0000000000093c08       0x78 cmd/usb.o
 .text.usb_find_device
                0x0000000000093c80       0xb0 cmd/usb.o
 .text.do_usbboot
                0x0000000000093d30        0xc cmd/usb.o
 .text.do_usb_start
                0x0000000000093d3c       0x28 cmd/usb.o
 .text.usb_show_tree
                0x0000000000093d64        0xc cmd/usb.o
                0x0000000000093d64                usb_show_tree
 .text.do_usb   0x0000000000093d70      0x3e0 cmd/usb.o
 .text.common_diskboot
                0x0000000000094150      0x1c8 cmd/disk.o
                0x0000000000094150                common_diskboot
 .text.do_fs_uuid_wrapper
                0x0000000000094318        0x8 cmd/fs_uuid.o
 .text.do_imgextract
                0x0000000000094320      0x294 cmd/ximg.o
 .text.do_dfu   0x00000000000945b4      0x108 cmd/dfu.o
 .text.do_env_delete
                0x00000000000946bc       0xc4 cmd/nvedit.o
 .text._do_env_set
                0x0000000000094780      0x1bc cmd/nvedit.o
 .text.do_env_set
                0x000000000009493c       0x24 cmd/nvedit.o
 .text.do_env_save
                0x0000000000094960       0x1c cmd/nvedit.o
 .text.do_env   0x000000000009497c       0x84 cmd/nvedit.o
 .text.env_print
                0x0000000000094a00       0xc4 cmd/nvedit.o
 .text.do_env_print
                0x0000000000094ac4       0xe0 cmd/nvedit.o
 .text.do_env_import
                0x0000000000094ba4      0x2a0 cmd/nvedit.o
 .text.do_env_default
                0x0000000000094e44       0x98 cmd/nvedit.o
 .text.do_env_exists
                0x0000000000094edc       0x60 cmd/nvedit.o
 .text.do_env_edit.part.0
                0x0000000000094f3c       0xb8 cmd/nvedit.o
 .text.do_env_edit
                0x0000000000094ff4       0x24 cmd/nvedit.o
 .text.env_get_id
                0x0000000000095018        0xc cmd/nvedit.o
                0x0000000000095018                env_get_id
 .text.env_set  0x0000000000095024       0x58 cmd/nvedit.o
                0x0000000000095024                env_set
 .text.do_env_export
                0x000000000009507c      0x224 cmd/nvedit.o
 .text.board_init_f_alloc_reserve
                0x00000000000952a0       0x10 common/init/board_init.o
                0x00000000000952a0                board_init_f_alloc_reserve
 .text.board_init_f_init_reserve
                0x00000000000952b0       0x30 common/init/board_init.o
                0x00000000000952b0                board_init_f_init_reserve
 .text.main_loop
                0x00000000000952e0       0x60 common/main.o
                0x00000000000952e0                main_loop
 .text.mdelay   0x0000000000095340        0xc common/exports.o
 .text.dummy    0x000000000009534c        0x4 common/exports.o
 .text.get_version
                0x0000000000095350        0x8 common/exports.o
                0x0000000000095350                get_version
 .text.jumptable_init
                0x0000000000095358      0x1ec common/exports.o
                0x0000000000095358                jumptable_init
 .text.b_reset  0x0000000000095544       0x18 common/cli_hush.o
 .text.static_get
                0x000000000009555c       0x1c common/cli_hush.o
 .text.static_peek
                0x0000000000095578        0xc common/cli_hush.o
 .text.mapset   0x0000000000095584       0x20 common/cli_hush.o
 .text.syntax_err
                0x00000000000955a4        0xc common/cli_hush.o
 .text.xmalloc  0x00000000000955b0       0x28 common/cli_hush.o
 .text.new_pipe
                0x00000000000955d8       0x24 common/cli_hush.o
 .text.xrealloc
                0x00000000000955fc       0x28 common/cli_hush.o
 .text.is_assignment
                0x0000000000095624       0x50 common/cli_hush.o
 .text.do_showvar
                0x0000000000095674      0x10c common/cli_hush.o
 .text.b_addchr
                0x0000000000095780       0x94 common/cli_hush.o
 .text.file_get
                0x0000000000095814      0x1dc common/cli_hush.o
 .text.done_command.isra.0
                0x00000000000959f0       0x90 common/cli_hush.o
 .text.done_pipe.isra.0
                0x0000000000095a80       0x50 common/cli_hush.o
 .text.done_word
                0x0000000000095ad0      0x2a0 common/cli_hush.o
 .text.free_pipe_list.isra.0
                0x0000000000095d70       0xd0 common/cli_hush.o
 .text.b_addqchr.isra.0
                0x0000000000095e40       0x58 common/cli_hush.o
 .text.file_peek
                0x0000000000095e98        0xc common/cli_hush.o
 .text.get_local_var
                0x0000000000095ea4       0x9c common/cli_hush.o
                0x0000000000095ea4                get_local_var
 .text.set_local_var
                0x0000000000095f40      0x184 common/cli_hush.o
                0x0000000000095f40                set_local_var
 .text.insert_var_value_sub
                0x00000000000960c4      0x2b0 common/cli_hush.o
 .text.parse_string_outer
                0x0000000000096374       0xe4 common/cli_hush.o
                0x0000000000096374                parse_string_outer
 .text.run_list_real
                0x0000000000096458      0x730 common/cli_hush.o
 .text.parse_stream_outer
                0x0000000000096b88      0x66c common/cli_hush.o
 .text.parse_file_outer
                0x00000000000971f4       0x40 common/cli_hush.o
                0x00000000000971f4                parse_file_outer
 .text.u_boot_hush_start
                0x0000000000097234       0x58 common/cli_hush.o
                0x0000000000097234                u_boot_hush_start
 .text.bootdelay_process
                0x000000000009728c       0xc4 common/autoboot.o
                0x000000000009728c                bootdelay_process
 .text.autoboot_command
                0x0000000000097350      0x120 common/autoboot.o
                0x0000000000097350                autoboot_command
 .text.log_init
                0x0000000000097470        0x8 common/board_f.o
 .text.display_text_info
                0x0000000000097478        0x8 common/board_f.o
 .text.setup_mon_len
                0x0000000000097480       0x20 common/board_f.o
 .text.reserve_round_4k
                0x00000000000974a0       0x14 common/board_f.o
 .text.reserve_uboot
                0x00000000000974b4       0x38 common/board_f.o
 .text.reserve_malloc
                0x00000000000974ec       0x18 common/board_f.o
 .text.checkcpu
                0x0000000000097504        0x8 common/board_f.o
                0x0000000000097504                checkcpu
 .text.setup_reloc
                0x000000000009750c       0x40 common/board_f.o
 .text.reloc_fdt
                0x000000000009754c       0x4c common/board_f.o
 .text.reserve_video
                0x0000000000097598       0x2c common/board_f.o
 .text.announce_dram_init
                0x00000000000975c4       0x20 common/board_f.o
 .text.misc_init_f
                0x00000000000975e4        0x8 common/board_f.o
 .text.init_baud_rate
                0x00000000000975ec       0x30 common/board_f.o
 .text.initf_dm
                0x000000000009761c        0x8 common/board_f.o
 .text.clear_bss
                0x0000000000097624        0x8 common/board_f.o
                0x0000000000097624                clear_bss
 .text.setup_spl_handoff
                0x000000000009762c        0x8 common/board_f.o
 .text.reserve_trace
                0x0000000000097634        0x8 common/board_f.o
 .text.reserve_bootstage
                0x000000000009763c        0x8 common/board_f.o
 .text.reserve_bloblist
                0x0000000000097644        0x8 common/board_f.o
 .text.display_new_sp
                0x000000000009764c        0x8 common/board_f.o
 .text.reloc_bootstage
                0x0000000000097654        0x8 common/board_f.o
 .text.reloc_bloblist
                0x000000000009765c        0x8 common/board_f.o
 .text.initf_bootstage
                0x0000000000097664        0x8 common/board_f.o
 .text.reserve_arch
                0x000000000009766c        0x8 common/board_f.o
                0x000000000009766c                reserve_arch
 .text.reserve_board
                0x0000000000097674       0x4c common/board_f.o
 .text.reserve_fdt
                0x00000000000976c0       0x48 common/board_f.o
 .text.reserve_global_data
                0x0000000000097708       0x20 common/board_f.o
 .text.board_add_ram_info
                0x0000000000097728        0x4 common/board_f.o
                0x0000000000097728                board_add_ram_info
 .text.show_dram_config
                0x000000000009772c       0x58 common/board_f.o
 .text.setup_dest_addr
                0x0000000000097784       0x48 common/board_f.o
 .text.reserve_stacks
                0x00000000000977cc       0x14 common/board_f.o
 .text.arch_setup_bdinfo
                0x00000000000977e0        0x8 common/board_f.o
                0x00000000000977e0                arch_setup_bdinfo
 .text.setup_bdinfo
                0x00000000000977e8        0xc common/board_f.o
                0x00000000000977e8                setup_bdinfo
 .text.board_init_f
                0x00000000000977f4       0x7c common/board_f.o
                0x00000000000977f4                board_init_f
 .text.log_init
                0x0000000000097870        0x8 common/board_r.o
 .text.cpu_secondary_init_r
                0x0000000000097878        0x8 common/board_r.o
                0x0000000000097878                cpu_secondary_init_r
 .text.initr_trace
                0x0000000000097880        0x8 common/board_r.o
 .text.initr_reloc
                0x0000000000097888       0x18 common/board_r.o
 .text.run_main_loop
                0x00000000000978a0       0x10 common/board_r.o
 .text.initr_net
                0x00000000000978b0       0x24 common/board_r.o
 .text.initr_env
                0x00000000000978d4       0x70 common/board_r.o
 .text.initr_mmc
                0x0000000000097944       0x28 common/board_r.o
 .text.dm_announce
                0x000000000009796c       0x7c common/board_r.o
 .text.initr_dm
                0x00000000000979e8       0x14 common/board_r.o
 .text.initr_malloc
                0x00000000000979fc       0x28 common/board_r.o
 .text.initr_reloc_global_data
                0x0000000000097a24       0x50 common/board_r.o
 .text.initr_caches
                0x0000000000097a74       0x18 common/board_r.o
 .text.arch_initr_trap
                0x0000000000097a8c        0x8 common/board_r.o
                0x0000000000097a8c                arch_initr_trap
 .text.initr_barrier
                0x0000000000097a94        0x8 common/board_r.o
 .text.initr_of_live
                0x0000000000097a9c        0x8 common/board_r.o
 .text.initr_dm_devices
                0x0000000000097aa4        0x8 common/board_r.o
 .text.initr_bootstage
                0x0000000000097aac        0x8 common/board_r.o
 .text.power_init_board
                0x0000000000097ab4        0x8 common/board_r.o
                0x0000000000097ab4                power_init_board
 .text.initr_announce
                0x0000000000097abc        0x8 common/board_r.o
 .text.initr_binman
                0x0000000000097ac4        0x8 common/board_r.o
 .text.board_init_r
                0x0000000000097acc       0x70 common/board_r.o
                0x0000000000097acc                board_init_r
 .text.fdt_simplefb_configure_node
                0x0000000000097b3c       0xa0 common/fdt_simplefb.o
 .text.fdt_simplefb_add_node
                0x0000000000097bdc       0x94 common/fdt_simplefb.o
                0x0000000000097bdc                fdt_simplefb_add_node
 .text.of_bus_default_map
                0x0000000000097c70       0xa4 common/fdt_support.o
 .text.fdt_read_prop
                0x0000000000097d14       0x60 common/fdt_support.o
 .text.fdt_pack_reg
                0x0000000000097d74       0xd8 common/fdt_support.o
 .text.of_bus_default_translate
                0x0000000000097e4c       0xb8 common/fdt_support.o
 .text.fdt_support_default_count_cells
                0x0000000000097f04       0x70 common/fdt_support.o
                0x0000000000097f04                fdt_support_default_count_cells
 .text.__of_translate_address
                0x0000000000097f74      0x260 common/fdt_support.o
 .text.fdt_getprop_u32_default_node
                0x00000000000981d4       0x4c common/fdt_support.o
                0x00000000000981d4                fdt_getprop_u32_default_node
 .text.fdt_find_and_setprop
                0x0000000000098220       0x94 common/fdt_support.o
                0x0000000000098220                fdt_find_and_setprop
 .text.fdt_find_or_add_subnode
                0x00000000000982b4       0x74 common/fdt_support.o
                0x00000000000982b4                fdt_find_or_add_subnode
 .text.fdt_root
                0x0000000000098328       0x98 common/fdt_support.o
                0x0000000000098328                fdt_root
 .text.fdt_initrd
                0x00000000000983c0      0x1b4 common/fdt_support.o
                0x00000000000983c0                fdt_initrd
 .text.board_fdt_chosen_bootargs
                0x0000000000098574        0xc common/fdt_support.o
                0x0000000000098574                board_fdt_chosen_bootargs
 .text.fdt_chosen
                0x0000000000098580      0x104 common/fdt_support.o
                0x0000000000098580                fdt_chosen
 .text.do_fixup_by_path
                0x0000000000098684       0x4c common/fdt_support.o
                0x0000000000098684                do_fixup_by_path
 .text.fdt_fixup_memory_banks
                0x00000000000986d0      0x188 common/fdt_support.o
                0x00000000000986d0                fdt_fixup_memory_banks
 .text.fdt_fixup_memory
                0x0000000000098858       0x24 common/fdt_support.o
                0x0000000000098858                fdt_fixup_memory
 .text.fdt_fixup_ethernet
                0x000000000009887c      0x1a8 common/fdt_support.o
                0x000000000009887c                fdt_fixup_ethernet
 .text.fdt_shrink_to_minimum
                0x0000000000098a24       0xdc common/fdt_support.o
                0x0000000000098a24                fdt_shrink_to_minimum
 .text.fdt_translate_address
                0x0000000000098b00        0xc common/fdt_support.o
                0x0000000000098b00                fdt_translate_address
 .text.fdt_translate_dma_address
                0x0000000000098b0c        0xc common/fdt_support.o
                0x0000000000098b0c                fdt_translate_dma_address
 .text.fdt_get_dma_range
                0x0000000000098b18      0x1f8 common/fdt_support.o
                0x0000000000098b18                fdt_get_dma_range
 .text.fdt_read_range
                0x0000000000098d10      0x154 common/fdt_support.o
                0x0000000000098d10                fdt_read_range
 .text.fdt_setup_simplefb_node
                0x0000000000098e64      0x1f4 common/fdt_support.o
                0x0000000000098e64                fdt_setup_simplefb_node
 .text.fdt_overlay_apply_verbose
                0x0000000000099058       0x80 common/fdt_support.o
                0x0000000000099058                fdt_overlay_apply_verbose
 .text.fdt_valid
                0x00000000000990d8       0xcc common/fdt_support.o
                0x00000000000990d8                fdt_valid
 .text.miiphy_get_dev_by_name
                0x00000000000991a4       0x68 common/miiphyutil.o
                0x00000000000991a4                miiphy_get_dev_by_name
 .text.miiphy_init
                0x000000000009920c       0x18 common/miiphyutil.o
                0x000000000009920c                miiphy_init
 .text.mdio_alloc
                0x0000000000099224       0x3c common/miiphyutil.o
                0x0000000000099224                mdio_alloc
 .text.mdio_register
                0x0000000000099260       0x8c common/miiphyutil.o
                0x0000000000099260                mdio_register
 .text.mdio_list_devices
                0x00000000000992ec       0xc4 common/miiphyutil.o
                0x00000000000992ec                mdio_list_devices
 .text.miiphy_set_current_dev
                0x00000000000993b0       0x48 common/miiphyutil.o
                0x00000000000993b0                miiphy_set_current_dev
 .text.miiphy_get_active_dev
                0x00000000000993f8       0x54 common/miiphyutil.o
 .text.mdio_get_current_dev
                0x000000000009944c        0xc common/miiphyutil.o
                0x000000000009944c                mdio_get_current_dev
 .text.mdio_phydev_for_ethname
                0x0000000000099458       0x9c common/miiphyutil.o
                0x0000000000099458                mdio_phydev_for_ethname
 .text.miiphy_get_current_dev
                0x00000000000994f4       0x14 common/miiphyutil.o
                0x00000000000994f4                miiphy_get_current_dev
 .text.miiphy_read
                0x0000000000099508       0x5c common/miiphyutil.o
                0x0000000000099508                miiphy_read
 .text.miiphy_write
                0x0000000000099564       0x60 common/miiphyutil.o
                0x0000000000099564                miiphy_write
 .text.miiphy_listdev
                0x00000000000995c4       0x90 common/miiphyutil.o
                0x00000000000995c4                miiphy_listdev
 .text.miiphy_info
                0x0000000000099654       0xa0 common/miiphyutil.o
                0x0000000000099654                miiphy_info
 .text.miiphy_speed
                0x00000000000996f4       0xc8 common/miiphyutil.o
                0x00000000000996f4                miiphy_speed
 .text.miiphy_duplex
                0x00000000000997bc       0xc8 common/miiphyutil.o
                0x00000000000997bc                miiphy_duplex
 .text.miiphy_is_1000base_x
                0x0000000000099884        0x8 common/miiphyutil.o
                0x0000000000099884                miiphy_is_1000base_x
 .text.usb_set_maxpacket_ep
                0x000000000009988c       0x84 common/usb.o
 .text.usb_int_msg
                0x0000000000099910        0x4 common/usb.o
                0x0000000000099910                usb_int_msg
 .text.usb_control_msg
                0x0000000000099914       0xa0 common/usb.o
                0x0000000000099914                usb_control_msg
 .text.usb_get_descriptor
                0x00000000000999b4       0x5c common/usb.o
 .text.get_descriptor_len
                0x0000000000099a10       0xa4 common/usb.o
 .text.usb_setup_descriptor
                0x0000000000099ab4       0xd8 common/usb.o
 .text.usb_get_string
                0x0000000000099b8c       0xa4 common/usb.o
 .text.usb_string_sub
                0x0000000000099c30      0x114 common/usb.o
 .text.usb_bulk_msg
                0x0000000000099d44       0x80 common/usb.o
                0x0000000000099d44                usb_bulk_msg
 .text.usb_maxpacket
                0x0000000000099dc4       0x1c common/usb.o
                0x0000000000099dc4                usb_maxpacket
 .text.usb_clear_halt
                0x0000000000099de0       0x9c common/usb.o
                0x0000000000099de0                usb_clear_halt
 .text.usb_get_configuration_len
                0x0000000000099e7c       0x78 common/usb.o
                0x0000000000099e7c                usb_get_configuration_len
 .text.usb_get_configuration_no
                0x0000000000099ef4       0x40 common/usb.o
                0x0000000000099ef4                usb_get_configuration_no
 .text.usb_set_interface
                0x0000000000099f34       0xb0 common/usb.o
                0x0000000000099f34                usb_set_interface
 .text.usb_set_protocol
                0x0000000000099fe4       0x4c common/usb.o
                0x0000000000099fe4                usb_set_protocol
 .text.usb_set_idle
                0x000000000009a030       0x4c common/usb.o
                0x000000000009a030                usb_set_idle
 .text.usb_string
                0x000000000009a07c      0x114 common/usb.o
                0x000000000009a07c                usb_string
 .text.usb_select_config
                0x000000000009a190      0x4b0 common/usb.o
                0x000000000009a190                usb_select_config
 .text.usb_setup_device
                0x000000000009a640      0x114 common/usb.o
                0x000000000009a640                usb_setup_device
 .text.usb_device_has_child_on_port
                0x000000000009a754        0x8 common/usb.o
                0x000000000009a754                usb_device_has_child_on_port
 .text.usb_set_port_feature
                0x000000000009a75c       0x4c common/usb_hub.o
 .text.usb_get_hub_descriptor
                0x000000000009a7a8       0x64 common/usb_hub.o
 .text.usb_clear_port_feature.isra.0
                0x000000000009a80c       0x4c common/usb_hub.o
 .text.usb_hub_reset_devices
                0x000000000009a858        0x4 common/usb_hub.o
                0x000000000009a858                usb_hub_reset_devices
 .text.usb_hub_is_root_hub
                0x000000000009a85c       0x20 common/usb_hub.o
                0x000000000009a85c                usb_hub_is_root_hub
 .text.usb_get_port_status
                0x000000000009a87c       0xc8 common/usb_hub.o
                0x000000000009a87c                usb_get_port_status
 .text.usb_hub_port_connect_change
                0x000000000009a944      0x180 common/usb_hub.o
                0x000000000009a944                usb_hub_port_connect_change
 .text.usb_hub_configure
                0x000000000009aac4      0x59c common/usb_hub.o
 .text.usb_hub_scan
                0x000000000009b060       0x14 common/usb_hub.o
                0x000000000009b060                usb_hub_scan
 .text.usb_hub_post_probe
                0x000000000009b074        0x4 common/usb_hub.o
 .text.usb_stor_irq
                0x000000000009b078       0x18 common/usb_storage.o
 .text.usb_stor_BBB_reset
                0x000000000009b090       0xec common/usb_storage.o
 .text.usb_stor_CB_reset
                0x000000000009b17c       0xd4 common/usb_storage.o
 .text.usb_stor_CB_comdat
                0x000000000009b250      0x1ec common/usb_storage.o
 .text.usb_stor_CBI_get_status
                0x000000000009b43c       0xd4 common/usb_storage.o
 .text.usb_stor_CB_transport
                0x000000000009b510      0x1f8 common/usb_storage.o
 .text.usb_request_sense.constprop.0.isra.0
                0x000000000009b708       0x88 common/usb_storage.o
 .text.usb_stor_write
                0x000000000009b790      0x19c common/usb_storage.o
 .text.usb_stor_read
                0x000000000009b92c      0x19c common/usb_storage.o
 .text.usb_stor_BBB_clear_endpt_stall.isra.0
                0x000000000009bac8       0x4c common/usb_storage.o
 .text.usb_stor_BBB_transport
                0x000000000009bb14      0x248 common/usb_storage.o
 .text.usb_stor_info
                0x000000000009bd5c       0x88 common/usb_storage.o
                0x000000000009bd5c                usb_stor_info
 .text.usb_stor_reset
                0x000000000009bde4        0xc common/usb_storage.o
                0x000000000009bde4                usb_stor_reset
 .text.usb_stor_scan
                0x000000000009bdf0       0x4c common/usb_storage.o
                0x000000000009bdf0                usb_stor_scan
 .text.usb_storage_probe
                0x000000000009be3c      0x254 common/usb_storage.o
                0x000000000009be3c                usb_storage_probe
 .text.usb_stor_get_info
                0x000000000009c090      0x2e4 common/usb_storage.o
                0x000000000009c090                usb_stor_get_info
 .text.usb_mass_storage_probe
                0x000000000009c374      0x1d4 common/usb_storage.o
 .text.iomux_match_device
                0x000000000009c548       0x30 common/iomux.o
                0x000000000009c548                iomux_match_device
 .text.iomux_doenv
                0x000000000009c578      0x1d4 common/iomux.o
                0x000000000009c578                iomux_doenv
 .text.iomux_replace_device
                0x000000000009c74c      0x138 common/iomux.o
                0x000000000009c74c                iomux_replace_device
 .text.menu_default_set
                0x000000000009c884       0x94 common/menu.o
                0x000000000009c884                menu_default_set
 .text.menu_get_choice
                0x000000000009c918      0x1e4 common/menu.o
                0x000000000009c918                menu_get_choice
 .text.menu_item_add
                0x000000000009cafc       0xf0 common/menu.o
                0x000000000009cafc                menu_item_add
 .text.menu_create
                0x000000000009cbec       0xa8 common/menu.o
                0x000000000009cbec                menu_create
 .text.menu_destroy
                0x000000000009cc94       0x80 common/menu.o
                0x000000000009cc94                menu_destroy
 .text.usb_kbd_put_queue
                0x000000000009cd14       0x3c common/usb_kbd.o
 .text.usb_kbd_remove
                0x000000000009cd50       0xb4 common/usb_kbd.o
 .text.usb_kbd_translate.part.0
                0x000000000009ce04      0x1fc common/usb_kbd.o
 .text.usb_kbd_probe
                0x000000000009d000      0x214 common/usb_kbd.o
 .text.usb_kbd_irq_worker
                0x000000000009d214      0x1bc common/usb_kbd.o
 .text.usb_kbd_getc
                0x000000000009d3d0       0x74 common/usb_kbd.o
 .text.usb_kbd_testc
                0x000000000009d444       0x9c common/usb_kbd.o
 .text.usb_kbd_irq
                0x000000000009d4e0       0x20 common/usb_kbd.o
 .text.cread_add_char
                0x000000000009d500      0x100 common/cli_readline.o
 .text.delete_char
                0x000000000009d600      0x108 common/cli_readline.o
 .text.cli_readline_into_buffer
                0x000000000009d708      0x8cc common/cli_readline.o
                0x000000000009d708                cli_readline_into_buffer
 .text.cli_readline
                0x000000000009dfd4       0x14 common/cli_readline.o
                0x000000000009dfd4                cli_readline
 .text.cli_simple_process_macros
                0x000000000009dfe8      0x21c common/cli_simple.o
                0x000000000009dfe8                cli_simple_process_macros
 .text.console_tstc
                0x000000000009e204       0xa4 common/console.o
 .text.console_putc
                0x000000000009e2a8       0x74 common/console.o
 .text.console_puts
                0x000000000009e31c       0x74 common/console.o
 .text.on_console
                0x000000000009e390       0xc0 common/console.o
 .text.console_needs_start_stop
                0x000000000009e450       0x78 common/console.o
 .text.serial_printf
                0x000000000009e4c8       0x88 common/console.o
                0x000000000009e4c8                serial_printf
 .text.puts     0x000000000009e550       0x28 common/console.o
                0x000000000009e550                puts
 .text.putc     0x000000000009e578       0x2c common/console.o
                0x000000000009e578                putc
 .text.tstc     0x000000000009e5a4       0x24 common/console.o
                0x000000000009e5a4                tstc
 .text.fgetc.part.0
                0x000000000009e5c8       0x50 common/console.o
 .text.getchar  0x000000000009e618       0x24 common/console.o
                0x000000000009e618                getchar
 .text.console_start
                0x000000000009e63c       0x48 common/console.o
                0x000000000009e63c                console_start
 .text.console_stop
                0x000000000009e684       0x44 common/console.o
                0x000000000009e684                console_stop
 .text.fputs    0x000000000009e6c8       0x10 common/console.o
                0x000000000009e6c8                fputs
 .text.ctrlc    0x000000000009e6d8       0x54 common/console.o
                0x000000000009e6d8                ctrlc
 .text.disable_ctrlc
                0x000000000009e72c       0x14 common/console.o
                0x000000000009e72c                disable_ctrlc
 .text.had_ctrlc
                0x000000000009e740        0xc common/console.o
                0x000000000009e740                had_ctrlc
 .text.clear_ctrlc
                0x000000000009e74c        0xc common/console.o
                0x000000000009e74c                clear_ctrlc
 .text.console_search_dev
                0x000000000009e758       0x34 common/console.o
                0x000000000009e758                console_search_dev
 .text.console_assign
                0x000000000009e78c       0xd4 common/console.o
                0x000000000009e78c                console_assign
 .text.console_init_f
                0x000000000009e860       0x18 common/console.o
                0x000000000009e860                console_init_f
 .text.stdio_print_current_devices
                0x000000000009e878       0xbc common/console.o
                0x000000000009e878                stdio_print_current_devices
 .text.console_init_r
                0x000000000009e934      0x1a4 common/console.o
                0x000000000009e934                console_init_r
 .text.sbrk     0x000000000009ead8       0x70 common/dlmalloc.o
                0x000000000009ead8                sbrk
 .text.mem_malloc_init
                0x000000000009eb48       0x28 common/dlmalloc.o
                0x000000000009eb48                mem_malloc_init
 .text.malloc_trim
                0x000000000009eb70       0xd8 common/dlmalloc.o
                0x000000000009eb70                malloc_trim
 .text.free     0x000000000009ec48      0x21c common/dlmalloc.o
                0x000000000009ec48                free
 .text.malloc   0x000000000009ee64      0x62c common/dlmalloc.o
                0x000000000009ee64                malloc
 .text.calloc   0x000000000009f490       0xdc common/dlmalloc.o
                0x000000000009f490                calloc
 .text.realloc  0x000000000009f56c      0x460 common/dlmalloc.o
                0x000000000009f56c                realloc
 .text.memalign
                0x000000000009f9cc      0x1b0 common/dlmalloc.o
                0x000000000009f9cc                memalign
 .text.initf_malloc
                0x000000000009fb7c       0x18 common/dlmalloc.o
                0x000000000009fb7c                initf_malloc
 .text.alloc_simple
                0x000000000009fb94       0x6c common/malloc_simple.o
 .text.malloc_simple
                0x000000000009fc00        0x8 common/malloc_simple.o
                0x000000000009fc00                malloc_simple
 .text.memalign_simple
                0x000000000009fc08       0x10 common/malloc_simple.o
                0x000000000009fc08                memalign_simple
 .text.event_notify
                0x000000000009fc18       0xd4 common/event.o
                0x000000000009fc18                event_notify
 .text.event_notify_null
                0x000000000009fcec        0xc common/event.o
                0x000000000009fcec                event_notify_null
 .text.event_register
                0x000000000009fcf8       0x74 common/event.o
                0x000000000009fcf8                event_register
 .text.event_init
                0x000000000009fd6c       0x10 common/event.o
                0x000000000009fd6c                event_init
 .text.hash_finish_crc32
                0x000000000009fd7c       0x38 common/hash.o
 .text.hash_finish_crc16_ccitt
                0x000000000009fdb4       0x38 common/hash.o
 .text.hash_update_crc32
                0x000000000009fdec       0x34 common/hash.o
 .text.hash_init_crc32
                0x000000000009fe20       0x30 common/hash.o
 .text.hash_init_crc16_ccitt
                0x000000000009fe50       0x30 common/hash.o
 .text.hash_update_crc16_ccitt
                0x000000000009fe80       0x34 common/hash.o
 .text.hash_lookup_algo
                0x000000000009feb4       0x68 common/hash.o
                0x000000000009feb4                hash_lookup_algo
 .text.hash_command
                0x000000000009ff1c       0xc4 common/hash.o
                0x000000000009ff1c                hash_command
 .text.get_effective_memsize
                0x000000000009ffe0        0x8 common/memsize.o
                0x000000000009ffe0                get_effective_memsize
 .text.nulldev_putc
                0x000000000009ffe8        0x4 common/stdio.o
 .text.nulldev_puts
                0x000000000009ffec        0x4 common/stdio.o
 .text.nulldev_input
                0x000000000009fff0        0x8 common/stdio.o
 .text.stdio_serial_tstc
                0x000000000009fff8        0x4 common/stdio.o
 .text.stdio_serial_getc
                0x000000000009fffc        0x4 common/stdio.o
 .text.stdio_serial_puts
                0x00000000000a0000        0x8 common/stdio.o
 .text.stdio_serial_putc
                0x00000000000a0008        0x8 common/stdio.o
 .text.stdio_file_to_flags
                0x00000000000a0010       0x24 common/stdio.o
                0x00000000000a0010                stdio_file_to_flags
 .text.stdio_get_list
                0x00000000000a0034       0x10 common/stdio.o
                0x00000000000a0034                stdio_get_list
 .text.stdio_get_by_name
                0x00000000000a0044       0xfc common/stdio.o
                0x00000000000a0044                stdio_get_by_name
 .text.stdio_clone
                0x00000000000a0140       0x4c common/stdio.o
                0x00000000000a0140                stdio_clone
 .text.stdio_register_dev
                0x00000000000a018c       0x58 common/stdio.o
                0x00000000000a018c                stdio_register_dev
 .text.stdio_register
                0x00000000000a01e4        0x8 common/stdio.o
                0x00000000000a01e4                stdio_register
 .text.stdio_deregister_dev
                0x00000000000a01ec      0x104 common/stdio.o
                0x00000000000a01ec                stdio_deregister_dev
 .text.stdio_init_tables
                0x00000000000a02f0       0x18 common/stdio.o
                0x00000000000a02f0                stdio_init_tables
 .text.stdio_add_devices
                0x00000000000a0308      0x138 common/stdio.o
                0x00000000000a0308                stdio_add_devices
 .text.run_command
                0x00000000000a0440       0x14 common/cli.o
                0x00000000000a0440                run_command
 .text.run_command_list
                0x00000000000a0454       0x90 common/cli.o
                0x00000000000a0454                run_command_list
 .text.do_run   0x00000000000a04e4       0x88 common/cli.o
                0x00000000000a04e4                do_run
 .text.cli_process_fdt
                0x00000000000a056c       0x48 common/cli.o
                0x00000000000a056c                cli_process_fdt
 .text.cli_secure_boot_cmd
                0x00000000000a05b4       0x74 common/cli.o
                0x00000000000a05b4                cli_secure_boot_cmd
 .text.cli_loop
                0x00000000000a0628       0x10 common/cli.o
                0x00000000000a0628                cli_loop
 .text.cli_init
                0x00000000000a0638        0x4 common/cli.o
                0x00000000000a0638                cli_init
 .text.run_usb_dnl_gadget
                0x00000000000a063c      0x13c common/dfu.o
                0x00000000000a063c                run_usb_dnl_gadget
 .text.find_cmd_tbl
                0x00000000000a0778       0xc0 common/command.o
                0x00000000000a0778                find_cmd_tbl
 .text.find_cmd
                0x00000000000a0838       0x30 common/command.o
                0x00000000000a0838                find_cmd
 .text.cmd_usage
                0x00000000000a0868       0x68 common/command.o
                0x00000000000a0868                cmd_usage
 .text._do_help
                0x00000000000a08d0      0x188 common/command.o
                0x00000000000a08d0                _do_help
 .text.var_complete
                0x00000000000a0a58       0x90 common/command.o
                0x00000000000a0a58                var_complete
 .text.complete_subcmdv
                0x00000000000a0ae8      0x1b8 common/command.o
                0x00000000000a0ae8                complete_subcmdv
 .text.cmd_auto_complete
                0x00000000000a0ca0      0x3ec common/command.o
                0x00000000000a0ca0                cmd_auto_complete
 .text.cmd_get_data_size
                0x00000000000a108c       0x6c common/command.o
                0x00000000000a108c                cmd_get_data_size
 .text.cmd_always_repeatable
                0x00000000000a10f8       0x14 common/command.o
                0x00000000000a10f8                cmd_always_repeatable
 .text.cmd_never_repeatable
                0x00000000000a110c       0x10 common/command.o
                0x00000000000a110c                cmd_never_repeatable
 .text.cmd_discard_repeatable
                0x00000000000a111c       0x1c common/command.o
                0x00000000000a111c                cmd_discard_repeatable
 .text.cmd_process
                0x00000000000a1138      0x170 common/command.o
                0x00000000000a1138                cmd_process
 .text.cmd_process_error
                0x00000000000a12a8       0x40 common/command.o
                0x00000000000a12a8                cmd_process_error
 .text.hex1_bin
                0x00000000000a12e8       0x44 common/s_record.o
 .text.hex2_bin
                0x00000000000a132c       0x40 common/s_record.o
 .text.srec_decode
                0x00000000000a136c      0x210 common/s_record.o
                0x00000000000a136c                srec_decode
 .text.CYGACC_COMM_IF_GETC_TIMEOUT.constprop.0
                0x00000000000a157c       0x54 common/xyzModem.o
 .text.xyzModem_flush
                0x00000000000a15d0       0x1c common/xyzModem.o
 .text.xyzModem_get_hdr
                0x00000000000a15ec      0x21c common/xyzModem.o
 .text.xyzModem_stream_open
                0x00000000000a1808      0x240 common/xyzModem.o
                0x00000000000a1808                xyzModem_stream_open
 .text.xyzModem_stream_read
                0x00000000000a1a48      0x264 common/xyzModem.o
                0x00000000000a1a48                xyzModem_stream_read
 .text.xyzModem_stream_close
                0x00000000000a1cac        0x4 common/xyzModem.o
                0x00000000000a1cac                xyzModem_stream_close
 .text.xyzModem_stream_terminate
                0x00000000000a1cb0       0xa4 common/xyzModem.o
                0x00000000000a1cb0                xyzModem_stream_terminate
 .text.xyzModem_error
                0x00000000000a1d54       0x24 common/xyzModem.o
                0x00000000000a1d54                xyzModem_error
 .text.part_driver_lookup_type
                0x00000000000a1d78       0xa4 disk/part.o
 .text.dev_print
                0x00000000000a1e1c      0x1e4 disk/part.o
                0x00000000000a1e1c                dev_print
 .text.part_init
                0x00000000000a2000       0x88 disk/part.o
                0x00000000000a2000                part_init
 .text.part_print
                0x00000000000a2088      0x154 disk/part.o
                0x00000000000a2088                part_print
 .text.part_get_info
                0x00000000000a21dc       0x6c disk/part.o
                0x00000000000a21dc                part_get_info
 .text.part_get_info_whole_disk
                0x00000000000a2248       0x5c disk/part.o
                0x00000000000a2248                part_get_info_whole_disk
 .text.blk_get_device_by_str
                0x00000000000a22a4      0x144 disk/part.o
                0x00000000000a22a4                blk_get_device_by_str
 .text.blk_get_device_part_str
                0x00000000000a23e8      0x388 disk/part.o
                0x00000000000a23e8                blk_get_device_part_str
 .text.part_get_info_by_name_type
                0x00000000000a2770       0xa4 disk/part.o
                0x00000000000a2770                part_get_info_by_name_type
 .text.part_get_info_by_name
                0x00000000000a2814        0x8 disk/part.o
                0x00000000000a2814                part_get_info_by_name
 .text.part_get_info_by_dev_and_name_or_num
                0x00000000000a281c       0xfc disk/part.o
                0x00000000000a281c                part_get_info_by_dev_and_name_or_num
 .text.part_set_generic_name
                0x00000000000a2918       0x48 disk/part.o
                0x00000000000a2918                part_set_generic_name
 .text.blk_part_erase
                0x00000000000a2960       0xa8 disk/disk-uclass.o
 .text.blk_part_write
                0x00000000000a2a08       0xb0 disk/disk-uclass.o
 .text.blk_part_read
                0x00000000000a2ab8       0xb0 disk/disk-uclass.o
 .text.dev_get_blk
                0x00000000000a2b68       0x40 disk/disk-uclass.o
 .text.part_create_block_devices
                0x00000000000a2ba8       0xe0 disk/disk-uclass.o
                0x00000000000a2ba8                part_create_block_devices
 .text.dev_read
                0x00000000000a2c88       0xf0 disk/disk-uclass.o
                0x00000000000a2c88                dev_read
 .text.dev_write
                0x00000000000a2d78       0x8c disk/disk-uclass.o
                0x00000000000a2d78                dev_write
 .text.test_block_type
                0x00000000000a2e04       0xbc disk/part_dos.o
 .text.part_test_dos
                0x00000000000a2ec0       0x88 disk/part_dos.o
 .text.part_get_info_extended
                0x00000000000a2f48      0x274 disk/part_dos.o
 .text.part_get_info_dos
                0x00000000000a31bc       0x1c disk/part_dos.o
 .text.print_partition_extended
                0x00000000000a31d8      0x204 disk/part_dos.o
 .text.part_print_dos
                0x00000000000a33dc       0x3c disk/part_dos.o
 .text.iso_dread
                0x00000000000a3418       0x48 disk/part_iso.o
                0x00000000000a3418                iso_dread
 .text.part_get_info_iso_verb
                0x00000000000a3460      0x364 disk/part_iso.o
                0x00000000000a3460                part_get_info_iso_verb
 .text.part_test_iso
                0x00000000000a37c4       0x20 disk/part_iso.o
 .text.part_print_iso
                0x00000000000a37e4       0xa0 disk/part_iso.o
 .text.part_get_info_iso
                0x00000000000a3884        0x8 disk/part_iso.o
 .text.print_efiname
                0x00000000000a388c       0x54 disk/part_efi.o
 .text.part_test_efi
                0x00000000000a38e0       0xb4 disk/part_efi.o
 .text.validate_gpt_entries
                0x00000000000a3994       0xa8 disk/part_efi.o
 .text.validate_gpt_header
                0x00000000000a3a3c      0x230 disk/part_efi.o
 .text.is_gpt_valid
                0x00000000000a3c6c      0x2c8 disk/part_efi.o