--> Waiting for autoboot prompt...
NOTICE:  BL31: v2.9(release):8a3945e
NOTICE:  BL31: Built : 17:27:52, May  1 2024


U-Boot 2022.10 (May 01 2024 - 17:26:49 -0300)

DRAM:  7.1 GiB
RPI 4 Model B (0xd03115)
Core:  202 devices, 16 uclasses, devicetree: board
MMC:   mmcnr@7e300000: 1, emmc2@7e340000: 0
Loading Environment from FAT... ** No partition table - mmc 0 **
In:    serial
Out:   serial
Err:   serial
Net:   eth0: ethernet@7d580000
PCIe BRCM: link up, 5.0 Gbps x1 (SSC)
starting USB...
Bus xhci_pci: Register 5000420 NbrPorts 5
Starting the controller
USB XHCI 1.00
scanning bus xhci_pci for devices... 2 USB Device(s) found
       scanning usb for storage devices... 0 Storage Device(s) found
Hit any key to stop autoboot:--> Autoboot stopped. Waiting for U-Boot prompt...
 0 
U-Boot>--> Benchmark command sent. Waiting for completion...
fatload mmc 0 0x200000 bao-159.bin; go 0x200000
1437696 bytes read in 106 ms (12.9 MiB/s)
## Starting application at 0x00200000 ...
BENCH_ARRAY_INDEX 158
budget_function,PMU_counter_used_budget,PMU_counter_used_budget_r,PMU_counter_used_budget_w,total_calc_r,total_calc_w,total_cycles,total_instructions,total_cache_misses,total_mispredicts,cycles[0],cycles[1],cycles[2],cycles[3],cycles[4],cycles[5],cycles[6],cycles[7],cycles[8],cycles[9],instructions[0],instructions[1],instructions[2],instructions[3],instructions[4],instructions[5],instructions[6],instructions[7],instructions[8],instructions[9],cache_misses[0],cache_misses[1],cache_misses[2],cache_misses[3],cache_misses[4],cache_misses[5],cache_misses[6],cache_misses[7],cache_misses[8],cache_misses[9],mispredicts[0],mispredicts[1],mispredicts[2],mispredicts[3],mispredicts[4],mispredicts[5],mispredicts[6],mispredicts[7],mispredicts[8],mispredicts[9],used_budget_read[0],used_budget_read[1],used_budget_read[2],used_budget_read[3],used_budget_read[4],used_budget_read[5],used_budget_read[6],used_budget_read[7],used_budget_read[8],used_budget_read[9],used_budget_write[0],used_budget_write[1],used_budget_write[2],used_budget_write[3],used_budget_write[4],used_budget_write[5],used_budget_write[6],used_budget_write[7],used_budget_write[8],used_budget_write[9],calculated_read[0],calculated_read[1],calculated_read[2],calculated_read[3],calculated_read[4],calculated_read[5],calculated_read[6],calculated_read[7],calculated_read[8],calculated_read[9],calculated_write[0],calculated_write[1],calculated_write[2],calculated_write[3],calculated_write[4],calculated_write[5],calculated_write[6],calculated_write[7],calculated_write[8],calculated_write[9],
got disparity_wrapper (1264)
got bandwidth_wrapper (1265)
EWMA_v2,28840420,24898453,3941967,15874011,2530754,59982070,56379791,800704,27276,6027051,5987014,5995990,5996442,5996225,5995582,5994701,5996105,5996178,5996782,5157817,5391834,5496502,5795008,5650487,5836173,5693217,5730971,5804926,5822856,72082,77648,82802,77822,83623,77519,83548,84110,80632,80918,5815,4236,2892,2555,2219,2171,1907,1935,1879,1667,2271939,2391958,2428993,2566269,2493962,2579512,2511186,2527315,2560740,2566579,406069,381826,385407,391926,397391,399041,388104,398094,396961,397148,454387,841901,1159319,1440709,1651359,1836989,1971828,2082925,2178488,2256106,81213,141335,190149,230504,263881,290913,310351,327899,341711,352798,
SW_v2,26448311,22103948,4344363,20313910,4243252,59754759,59093473,777843,24191,5793167,5993085,5995549,5994994,5997339,5995701,5996636,5996391,5996124,5995773,5452616,5778942,5782952,5777830,8151498,5304030,5633252,5779592,5651590,5781171,82794,83462,83068,83580,49527,73729,82012,78241,83496,77934,1452,1562,1533,1515,188,5764,4326,3214,2325,2312,385911,2544251,2545419,2542217,1620233,2344112,2506344,2563013,2497881,2554567,273839,396171,395672,394926,885782,414144,395204,399409,392418,396798,385911,1465081,1825194,2543962,2235956,2168854,2156896,2471156,2522413,2538487,273839,335005,355227,395590,558793,564951,565043,402919,395677,396208,
AFC_v2,30446840,25805134,4641706,17106037,2992053,65872433,66554884,848602,25512,11907232,5993556,5996947,5995796,5996747,5995842,5996133,5996050,5997683,5996447,13343990,5794433,5712575,5770840,5797736,5768533,5784638,7664873,5309263,5608003,137624,81160,83570,83773,83625,83419,83288,56493,73990,81660,5202,1883,1679,1571,1559,1537,1513,490,5742,4336,3867603,2557845,2515263,2541845,2553320,2538663,2545587,1843659,2346674,2494675,685403,390614,393711,398406,397165,395101,395364,777609,414436,393897,773520,1130385,1407360,1634257,1818069,1962187,2078867,2031826,2094795,2174771,137080,187786,228971,262858,289719,310795,327708,417688,417038,412410,
LR_v2,74971221,64335123,10636098,65504408,4305810023,131677917,156425034,1371238,62058,5638844,5993640,12002163,18009015,18008177,18008944,18008486,18008503,12002547,5997598,5210249,5811925,13475451,21289379,24464315,20574871,21260193,21329491,17716510,5292650,77166,78136,136551,195777,154440,181524,192804,197307,83740,73793,2779,2611,5591,7496,4755,16083,8625,6772,1675,5671,366776,2572484,6223792,9926033,8725868,9661457,9927076,9931940,4661126,2338571,205426,399652,839970,1281998,1929740,1299526,1286006,1285611,1694912,413257,550164,3675338,8049446,11777153,8125786,10129251,10059885,9934372,2025719,1177294,308139,496765,1060129,1503012,2253611,984419,1279246,1285414,1899562,4294739726,
AMBP_v2,28669424,24259009,4410415,11571229,2194688,59736214,57035510,814753,22958,5774638,5992493,5995660,5995620,5996885,5996538,5995378,5995467,5996826,5996709,5302064,5648563,5776397,5663482,5790647,5800214,5695450,5745416,5798832,5814445,77988,82296,78466,83830,82526,79595,83923,84012,80995,81122,4199,2920,2603,2155,2157,1990,1873,1862,1643,1556,1420495,2501336,2556473,2500993,2558163,2562105,2510198,2532308,2555352,2561586,854244,391718,398707,390283,399843,390548,396122,396088,396400,396462,255761,634388,916924,1110363,1259930,1368328,1437031,1490477,1533106,1564921,153835,181269,202280,215892,227413,234036,239807,243956,246999,249201,
PIC_v2,97757366,81092742,16664624,13869596017,13828893382,167883792,218313592,1512469,70868,5794392,18004967,18010556,18011100,18010793,18009337,18011330,18011010,18011156,18009151,5470741,27142444,20603611,21284536,21342460,29701464,20566324,21250804,21319582,29631626,82570,119024,181531,192586,197328,84008,181362,192941,197536,83583,1460,3141,16068,8635,6776,1654,16071,8619,6766,1678,1084405,7653597,9674807,9938803,9938829,6638562,9657623,9922920,9927085,6656111,375267,2496564,1299970,1286687,1287434,3031396,1299167,1285784,1284649,3017706,429213610,774898337,1051850360,1273464778,1450756317,1591929495,1705471850,1796358793,1869069181,1926583296,429071783,773753468,1049259498,1269661665,1445983548,1587389847,1700168440,1790388638,1862564569,1920651926,
EWMA,18228856,15595300,2633556,10771257,1715460,59955867,58583481,812796,17242,5993002,5995059,5996246,5995167,5996905,5994768,5995728,5996669,5995640,5996683,5818626,5696287,5774938,5818256,5753480,5770573,5779612,5758748,5778229,6634732,77962,83628,83566,78952,83905,83759,83696,83909,83448,69971,2274,1971,2005,1901,1816,1587,1546,1539,1514,1089,2573031,1999084,1736918,1570499,1426139,1368265,1331896,1297361,1293796,998311,395442,314970,272119,240858,215051,219290,208388,202218,200704,364516,514606,811501,996584,1111367,1174321,1213109,1236866,1248965,1257931,1206007,79088,126264,155435,172519,181025,188678,192620,194539,195772,229520,
SW,17523714,15134324,2389390,11070204,1694877,59939392,57422251,819764,20805,5996355,5993805,5995122,5993723,5993841,5993903,5993846,5992023,5993073,5993701,5643252,5762142,5696023,5820595,5693368,5747484,5796601,5784256,5738840,5739690,81489,80615,82828,78614,83617,83383,79104,83429,83557,83128,3429,2424,2333,2152,1923,1936,1852,1657,1549,1550,2502823,611003,638536,1323161,1652635,1677256,1698365,1692658,1669347,1668540,403008,79683,109219,194865,268735,268515,267069,259894,270306,268096,1938512,1877936,1250787,857567,857567,857567,857567,857567,857567,857567,311244,290876,197303,127922,127922,127922,127922,127922,127922,127922,
AFC,17414570,14766616,2647954,9762153,1851056,59782962,58938561,779373,25066,5820707,5992006,5995833,5996515,5996268,5995162,5996661,5996411,5996955,5996444,5506951,5757744,8104446,5288271,5572011,5760839,5674365,5828829,5683261,5761844,83187,83490,50030,73874,82643,77993,83644,77676,83428,83408,1441,1503,258,5702,4306,3107,2423,2317,2010,1999,1555783,2221461,990307,1583898,1558416,1508372,1368905,1391975,1282871,1304628,254389,343083,757064,174118,166713,177752,193479,194679,188798,197879,311156,693217,752635,918887,1046792,1139108,1185067,1226448,1237732,1251111,50877,109318,238867,225918,214077,206812,204146,202253,199562,199226,
AMBP,14814266,12096727,2717539,359670292,59580863,71637215,74680198,888152,29786,5665631,5990644,5997065,5995583,5995730,5994519,5996632,5996504,5996002,18008905,5320415,5741330,5823731,5801790,5812801,5765887,5789182,8315596,5319959,20989507,78872,83816,79335,82556,83574,83727,83420,49105,74793,188954,1730,1861,1651,1567,1581,1496,1514,28,5706,12652,1081321,2313948,1931247,1660704,1514515,1395431,1355772,281263,281263,281263,169256,361580,297303,256357,230999,216810,212340,744312,114291,114291,216344,635864,894940,1048092,1141376,1192187,1224904,117772195,117772195,117772195,33931,99460,139028,162493,176194,184317,189921,300799,29147360,29147360,
PIC,29256710,25267550,3989160,4262119460,4289781370,168088234,214931540,1563218,73231,5994182,18008736,18011267,18011049,18011511,18009310,18011787,18010959,18010503,18008930,5737680,23482578,20600541,21258093,21351182,29695518,20574719,21253871,21338308,29639050,83273,168563,181283,192645,197626,83521,181597,193354,197612,83744,1582,5363,16069,8625,6779,1657,16097,8618,6773,1668,2526755,2526755,2526755,2526755,2526755,2526755,2526755,2526755,2526755,2526755,398916,398916,398916,398916,398916,398916,398916,398916,398916,398916,426211946,426211946,426211946,426211946,426211946,426211946,426211946,426211946,426211946,426211946,428978137,428978137,428978137,428978137,428978137,428978137,428978137,428978137,428978137,428978137,
end--> Completion message received. Exiting.
