--> Waiting for autoboot prompt...
NOTICE:  BL31: v2.9(release):8a3945e
NOTICE:  BL31: Built : 17:27:52, May  1 2024


U-Boot 2022.10 (May 01 2024 - 17:26:49 -0300)

DRAM:  7.1 GiB
RPI 4 Model B (0xd03115)
Core:  202 devices, 16 uclasses, devicetree: board
MMC:   mmcnr@7e300000: 1, emmc2@7e340000: 0
Loading Environment from FAT... ** No partition table - mmc 0 **
In:    serial
Out:   serial
Err:   serial
Net:   eth0: ethernet@7d580000
PCIe BRCM: link up, 5.0 Gbps x1 (SSC)
starting USB...
Bus xhci_pci: Register 5000420 NbrPorts 5
Starting the controller
USB XHCI 1.00
scanning bus xhci_pci for devices... 2 USB Device(s) found
       scanning usb for storage devices... 0 Storage Device(s) found
Hit any key to stop autoboot:--> Autoboot stopped. Waiting for U-Boot prompt...
 0 
U-Boot>--> Benchmark command sent. Waiting for completion...
fatload mmc 0 0x200000 bao-68.bin; go 0x200000
1421312 bytes read in 104 ms (13 MiB/s)
## Starting application at 0x00200000 ...
BENCH_ARRAY_INDEX 67
budget_function,PMU_counter_used_budget,PMU_counter_used_budget_r,PMU_counter_used_budget_w,total_calc_r,total_calc_w,used_budget_read[0],used_budget_read[1],used_budget_read[2],used_budget_read[3],used_budget_read[4],used_budget_read[5],used_budget_read[6],used_budget_read[7],used_budget_read[8],used_budget_read[9],used_budget_write[0],used_budget_write[1],used_budget_write[2],used_budget_write[3],used_budget_write[4],used_budget_write[5],used_budget_write[6],used_budget_write[7],used_budget_write[8],used_budget_write[9],calculated_read[0],calculated_read[1],calculated_read[2],calculated_read[3],calculated_read[4],calculated_read[5],calculated_read[6],calculated_read[7],calculated_read[8],calculated_read[9],calculated_write[0],calculated_write[1],calculated_write[2],calculated_write[3],calculated_write[4],calculated_write[5],calculated_write[6],calculated_write[7],calculated_write[8],calculated_write[9],
got dijkstra_wrapper (536)
got bandwidth_wrapper (537)
EWMA,14937464,9241656,5695808,6247429,3835204,1209825,1238483,1064731,938979,867238,820697,789663,777133,768726,766181,656083,787926,673606,590665,543384,512706,492216,483966,478447,476809,241965,441268,565960,640563,685898,712857,728218,738001,744146,748553,131216,262558,344767,393946,423833,441607,451728,458175,462229,465145,
SW,14684259,9056327,5627932,6476778,4027077,1502540,267537,422140,775302,1016472,1010683,1015601,1016015,1017876,1012161,933863,167025,262541,481700,631570,627728,630994,631285,632530,628696,1236717,1091040,730739,488326,488326,488326,488326,488326,488326,488326,767954,678362,454476,303755,303755,303755,303755,303755,303755,303755,
AFC,14776383,9113375,5663008,6116929,3800105,899269,1335751,1104518,955284,870439,830050,799834,777308,772223,768699,553528,831833,687577,594029,541015,516222,497375,483132,480181,478116,179853,411032,549729,630840,678759,709017,727180,737205,744208,749106,110705,254930,341459,391973,421781,440669,452010,458234,462623,465721,
AMBP,14610946,9010563,5600383,6015242,3738268,731075,1353708,1115927,975223,871028,833270,801430,780956,775713,772233,453266,841414,693732,606452,540878,518078,498240,485437,482457,480429,146295,387777,533407,621770,671621,703950,723446,734948,743101,748927,90733,240869,331441,386443,417330,437479,449631,456792,461925,465625,
PIC,12006250,7408870,4597380,4285335750,4288990680,740887,740887,740887,740887,740887,740887,740887,740887,740887,740887,459738,459738,459738,459738,459738,459738,459738,459738,459738,459738,428533575,428533575,428533575,428533575,428533575,428533575,428533575,428533575,428533575,428533575,428899068,428899068,428899068,428899068,428899068,428899068,428899068,428899068,428899068,428899068,
end--> Completion message received. Exiting.
