--> Waiting for autoboot prompt...
NOTICE:  BL31: v2.9(release):8a3945e
NOTICE:  BL31: Built : 17:27:52, May  1 2024


U-Boot 2022.10 (May 01 2024 - 17:26:49 -0300)

DRAM:  7.1 GiB
RPI 4 Model B (0xd03115)
Core:  202 devices, 16 uclasses, devicetree: board
MMC:   mmcnr@7e300000: 1, emmc2@7e340000: 0
Loading Environment from FAT... ** No partition table - mmc 0 **
In:    serial
Out:   serial
Err:   serial
Net:   eth0: ethernet@7d580000
PCIe BRCM: link up, 5.0 Gbps x1 (SSC)
starting USB...
Bus xhci_pci: Register 5000420 NbrPorts 5
Starting the controller
USB XHCI 1.00
scanning bus xhci_pci for devices... 2 USB Device(s) found
       scanning usb for storage devices... 0 Storage Device(s) found
Hit any key to stop autoboot:--> Autoboot stopped. Waiting for U-Boot prompt...
 0 
U-Boot>--> Benchmark command sent. Waiting for completion...
fatload mmc 0 0x200000 bao-17.bin; go 0x200000
1441792 bytes read in 106 ms (13 MiB/s)
## Starting application at 0x00200000 ...
BENCH_ARRAY_INDEX 16
budget_function,PMU_counter_used_budget,PMU_counter_used_budget_r,PMU_counter_used_budget_w,total_calc_r,total_calc_w,total_cycles,total_instructions,total_cache_misses,total_mispredicts,cycles[0],cycles[1],cycles[2],cycles[3],cycles[4],cycles[5],cycles[6],cycles[7],cycles[8],cycles[9],instructions[0],instructions[1],instructions[2],instructions[3],instructions[4],instructions[5],instructions[6],instructions[7],instructions[8],instructions[9],cache_misses[0],cache_misses[1],cache_misses[2],cache_misses[3],cache_misses[4],cache_misses[5],cache_misses[6],cache_misses[7],cache_misses[8],cache_misses[9],mispredicts[0],mispredicts[1],mispredicts[2],mispredicts[3],mispredicts[4],mispredicts[5],mispredicts[6],mispredicts[7],mispredicts[8],mispredicts[9],used_budget_read[0],used_budget_read[1],used_budget_read[2],used_budget_read[3],used_budget_read[4],used_budget_read[5],used_budget_read[6],used_budget_read[7],used_budget_read[8],used_budget_read[9],used_budget_write[0],used_budget_write[1],used_budget_write[2],used_budget_write[3],used_budget_write[4],used_budget_write[5],used_budget_write[6],used_budget_write[7],used_budget_write[8],used_budget_write[9],calculated_read[0],calculated_read[1],calculated_read[2],calculated_read[3],calculated_read[4],calculated_read[5],calculated_read[6],calculated_read[7],calculated_read[8],calculated_read[9],calculated_write[0],calculated_write[1],calculated_write[2],calculated_write[3],calculated_write[4],calculated_write[5],calculated_write[6],calculated_write[7],calculated_write[8],calculated_write[9],
got bandwidth_wrapper (128)
got disparity_wrapper (129)
EWMA_v2,28831213,24890563,3940650,15895131,2533439,59982700,56357765,810084,27323,6027288,5987565,5994941,5993186,5996786,5996521,5996524,5997061,5997177,5995651,5120709,5490558,5653644,5663831,5677649,5802970,5641006,5744570,5812368,5750460,73559,80166,82225,79244,84176,80438,82312,84840,82680,80444,5876,4253,2948,2556,2170,2166,1880,1941,1887,1646,2254543,2439323,2504114,2502036,2508892,2564222,2486009,2534363,2564669,2532392,404064,388068,391846,392141,392125,399056,383404,399496,398473,391977,450908,848591,1179695,1444163,1657108,1838530,1968025,2081292,2177967,2248852,80812,142263,192179,232171,264161,291140,309592,327572,341752,351797,
SW_v2,26500041,22135291,4364750,20358617,4265163,59751970,59260430,781657,24156,5793570,5992011,5995282,5996015,5996041,5995692,5995841,5995291,5996443,5995784,5507691,5788795,5746605,5852670,8260956,5269038,5593479,5788848,5592404,5859944,83454,84108,83789,83895,49685,73256,83240,78280,83823,78127,1485,1561,1530,1538,164,5778,4255,3178,2335,2332,419853,2549322,2528372,2578351,1612988,2328587,2487467,2569070,2468243,2593038,278026,396796,394016,398623,903132,412019,394041,394475,395022,398600,419853,1484588,1832516,2552015,2239904,2173309,2143014,2461708,2508260,2543450,278026,337411,356279,396478,565257,571258,569731,400178,394513,396032,
AFC_v2,30454463,25820975,4633488,17105709,2988323,65871990,66503671,853955,25461,11908289,5993593,5995878,5996150,5996425,5995904,5997026,5996912,5996194,5995619,13381314,5721218,5709316,5830266,5725313,5806517,5805890,7567167,5319494,5637176,137679,82468,84126,83794,84452,84198,83512,57070,75081,81575,5211,1811,1722,1581,1531,1552,1515,504,5771,4263,3880792,2522196,2515608,2570089,2519109,2557259,2556179,1839623,2352048,2508072,689245,384012,398732,399423,393765,397075,396500,764378,415289,395069,776158,1125365,1403413,1636748,1813220,1962027,2080857,2032611,2096498,2178812,137849,187081,229411,263413,289483,311001,328100,415355,415342,411288,
LR_v2,75028913,64357117,10671796,65516539,4305844285,131681040,156685705,1371755,62054,5641263,5992055,12003147,18009486,18008410,18008887,18008625,18008979,12002055,5998133,5138103,5804441,13510970,21323356,24613432,20613417,21328199,21377132,17724893,5251762,77944,78383,136790,196221,154880,180809,191877,197339,84561,72951,2759,2610,5591,7501,4729,16114,8646,6788,1619,5697,328569,2570402,6240308,9943538,8742520,9680648,9960287,9956459,4615539,2318847,203060,396533,844550,1283679,1948637,1300678,1287996,1288958,1707318,410387,492853,3691318,8075261,11795153,8142011,10149712,10100106,9954545,1945079,1170501,304590,493269,1068558,1503243,2281116,976699,1281655,1289439,1916498,4294729218,
AMBP_v2,28655128,24240558,4414570,11565002,2199385,59736525,56973720,818837,22987,5773639,5992976,5997198,5996240,5996134,5996333,5996964,5995627,5996057,5995357,5344192,5644021,5699888,5703672,5800186,5730720,5709645,5769861,5767081,5804454,79155,82677,78863,84113,81976,80573,84559,84328,78770,83823,4230,2935,2574,2171,2164,1897,1939,1871,1634,1572,1447791,2499455,2519146,2521175,2562804,2528099,2518688,2544390,2540348,2558662,867652,391535,394275,392924,399697,384151,400677,397354,392965,393340,260674,637587,912508,1110816,1261091,1363042,1434753,1491012,1530791,1562728,156249,182975,202711,216677,227952,233271,240076,244377,246684,248413,
PIC_v2,97791169,81129132,16662037,13869623489,13828885587,167884576,218285353,1512354,71026,5792867,18005978,18010442,18011345,18010767,18009280,18011872,18010855,18011550,18009620,5451547,27079580,20593219,21253739,21374292,29672315,20590499,21256586,21361297,29652279,83724,119548,180394,192375,197712,84039,180464,192711,197707,83680,1433,3173,16194,8611,6785,1646,16138,8609,6790,1647,1076898,7680906,9671772,9925121,9955014,6637239,9669836,9926117,9948554,6637675,381638,2480221,1300020,1285995,1288282,3027717,1299994,1285977,1287580,3024613,429212109,774902598,1051853162,1273464283,1450759158,1591931503,1705475899,1796362672,1869076578,1926585527,429073057,773751219,1049257708,1269660095,1445982462,1587388242,1700167322,1790387782,1862564471,1920653229,
EWMA,18143543,15575572,2567971,10714319,1696054,59957626,57947176,818919,17280,5993288,5995574,5995192,5995815,5996498,5995347,5996314,5997397,5996039,5996162,5684300,5673684,5829949,5607033,5742513,5792236,5762803,5786747,5795530,6272381,79020,84496,78617,84273,84811,83894,81004,82364,84116,76324,2124,2082,2021,1792,1862,1587,1548,1553,1516,1195,2508743,2001619,1773199,1473196,1440325,1390842,1329823,1316280,1302658,1038887,382919,322638,272060,228427,227641,216431,204741,203622,202286,307206,501748,801722,996017,1091452,1161226,1207149,1231683,1248602,1259413,1215307,76583,125794,155047,169723,181306,188331,191613,194014,195668,217975,
SW,17706924,15328530,2378394,10864045,1701939,59938443,57488565,823018,20349,5996184,5994754,5995185,5994995,5994092,5992223,5994555,5992197,5992444,5991814,5719034,5709037,5850957,5620386,5766743,5864450,5660062,5786071,5791830,5719995,77738,84162,78513,83832,83146,79741,83828,84198,84114,83746,3134,2443,2338,1975,2001,1946,1783,1646,1546,1537,2535466,473005,757273,1223660,1726967,1771921,1675925,1732616,1733070,1698627,389916,75326,114458,194270,269732,271267,256820,272150,269141,265314,2051716,1831228,1255248,817979,817979,817979,817979,817979,817979,817979,326560,286020,193233,128018,128018,128018,128018,128018,128018,128018,
AFC,17624743,15224634,2400109,10195962,1621543,59781028,56695955,808521,26679,5820170,5991768,5995884,5995997,5996719,5995531,5996163,5995804,5995743,5997249,5556082,5891621,5309712,5498902,5796933,5673862,5713475,5685152,5847611,5722605,78364,83504,74689,82936,78030,84209,78774,84479,81939,81597,1454,1501,5725,4261,3097,2476,2196,2088,2029,1852,1618845,2211358,1645515,1552206,1549380,1380507,1344897,1297565,1354968,1269393,252855,357543,302443,238521,225050,221765,197050,210032,207128,187722,323769,701286,890131,1022546,1127912,1178431,1211724,1228892,1254107,1257164,50571,111965,150060,167752,179211,187721,189586,193675,196365,194637,
AMBP,14316629,11700069,2616560,465110201,85551885,83446112,89669729,1005110,36033,5455703,5990784,5996516,5996958,5995911,5997008,5996175,5996536,18009896,18010625,5076057,5712778,5702329,5766136,5822913,5754910,8277901,5314885,20994606,21247214,77597,84395,83869,83947,83941,83491,49560,74934,189213,194163,1625,1637,1533,1548,1541,1496,212,5712,12655,8074,958601,2323550,1891122,1665722,1533347,1399883,481961,481961,481961,481961,163361,361364,296520,257507,235676,217213,709775,125048,125048,125048,191800,618150,872744,1031339,1131740,1185368,115019765,115019765,115019765,115019765,32752,98474,138083,161967,176708,184809,289802,28156430,28156430,28156430,
PIC,25434610,16862870,8571740,4273045550,4283824020,168090535,214366036,1541812,82988,5994559,18009510,18010506,18010607,18011042,18011514,18011330,18010910,18009116,18011441,8038399,20576880,21272143,21350522,29628474,20593022,21270716,21380859,29658213,20596808,51418,181201,192177,197573,84551,180311,192436,197630,84585,179930,277,16196,8621,6790,1656,16161,8621,6800,1637,16229,1686287,1686287,1686287,1686287,1686287,1686287,1686287,1686287,1686287,1686287,857174,857174,857174,857174,857174,857174,857174,857174,857174,857174,427304555,427304555,427304555,427304555,427304555,427304555,427304555,427304555,427304555,427304555,428382402,428382402,428382402,428382402,428382402,428382402,428382402,428382402,428382402,428382402,
end--> Completion message received. Exiting.
