--> Waiting for autoboot prompt...
NOTICE:  BL31: v2.9(release):8a3945e
NOTICE:  BL31: Built : 17:27:52, May  1 2024


U-Boot 2022.10 (May 01 2024 - 17:26:49 -0300)

DRAM:  7.1 GiB
RPI 4 Model B (0xd03115)
Core:  202 devices, 16 uclasses, devicetree: board
MMC:   mmcnr@7e300000: 1, emmc2@7e340000: 0
Loading Environment from FAT... ** No partition table - mmc 0 **
In:    serial
Out:   serial
Err:   serial
Net:   eth0: ethernet@7d580000
PCIe BRCM: link up, 5.0 Gbps x1 (SSC)
starting USB...
Bus xhci_pci: Register 5000420 NbrPorts 5
Starting the controller
USB XHCI 1.00
scanning bus xhci_pci for devices... 2 USB Device(s) found
       scanning usb for storage devices... 0 Storage Device(s) found
Hit any key to stop autoboot:--> Autoboot stopped. Waiting for U-Boot prompt...
 0 
U-Boot>--> Benchmark command sent. Waiting for completion...
fatload mmc 0 0x200000 bao-107.bin; go 0x200000
1392640 bytes read in 103 ms (12.9 MiB/s)
## Starting application at 0x00200000 ...
BENCH_ARRAY_INDEX 106
budget_function,PMU_counter_used_budget,PMU_counter_used_budget_r,PMU_counter_used_budget_w,total_calc_r,total_calc_w,used_budget_read[0],used_budget_read[1],used_budget_read[2],used_budget_read[3],used_budget_read[4],used_budget_read[5],used_budget_read[6],used_budget_read[7],used_budget_read[8],used_budget_read[9],used_budget_write[0],used_budget_write[1],used_budget_write[2],used_budget_write[3],used_budget_write[4],used_budget_write[5],used_budget_write[6],used_budget_write[7],used_budget_write[8],used_budget_write[9],calculated_read[0],calculated_read[1],calculated_read[2],calculated_read[3],calculated_read[4],calculated_read[5],calculated_read[6],calculated_read[7],calculated_read[8],calculated_read[9],calculated_write[0],calculated_write[1],calculated_write[2],calculated_write[3],calculated_write[4],calculated_write[5],calculated_write[6],calculated_write[7],calculated_write[8],calculated_write[9],
got fft_wrapper (848)
got fft_wrapper (849)
EWMA,20661318,12477111,8184207,8465214,5539595,1770837,1661953,1402861,1245820,1151360,1094668,1060683,1040242,1028016,1020671,1083109,1112722,935125,827496,762823,723976,700690,686681,678307,673278,354167,615724,773151,867684,924419,958468,978911,991177,998544,1002969,216621,395841,503697,568456,607329,630658,644664,653067,658115,661147,
SW,20209622,12179189,8030433,8655665,5707174,2019030,349326,556729,1043653,1368723,1368586,1368431,1368277,1368228,1368206,1331277,230359,367072,688124,902478,902386,902278,902175,902150,902134,1669266,1462050,975028,649903,649903,649903,649903,649903,649903,649903,1100611,964034,642903,428518,428518,428518,428518,428518,428518,428518,
AFC,20208324,12178800,8029524,8171507,5387285,1176309,1782932,1474436,1288520,1176957,1110040,1069879,1045766,1031319,1022642,774267,1175859,972343,849692,776094,731951,705461,689548,680016,674293,235261,544795,730723,842282,909217,949381,973480,987937,996613,1001818,154853,359054,481711,555307,599464,625961,641861,651398,657121,660555,
AMBP,20067256,12093434,7973822,8087988,5332925,1008516,1816021,1494568,1300601,1184188,1114363,1072445,1047332,1032213,1023187,664933,1197387,985439,857561,780801,734765,707127,690564,680593,674652,201783,524630,718617,835013,904848,946751,971889,986977,996024,1001456,133066,345930,473831,550577,596621,624249,640824,650772,656736,660319,
PIC,16449870,9914380,6535490,4282078580,4286471140,991438,991438,991438,991438,991438,991438,991438,991438,991438,991438,653549,653549,653549,653549,653549,653549,653549,653549,653549,653549,428207858,428207858,428207858,428207858,428207858,428207858,428207858,428207858,428207858,428207858,428647114,428647114,428647114,428647114,428647114,428647114,428647114,428647114,428647114,428647114,
end--> Completion message received. Exiting.
