--> Waiting for autoboot prompt...
NOTICE:  BL31: v2.9(release):8a3945e
NOTICE:  BL31: Built : 17:27:52, May  1 2024


U-Boot 2022.10 (May 01 2024 - 17:26:49 -0300)

DRAM:  7.1 GiB
RPI 4 Model B (0xd03115)
Core:  202 devices, 16 uclasses, devicetree: board
MMC:   mmcnr@7e300000: 1, emmc2@7e340000: 0
Loading Environment from FAT... ** No partition table - mmc 0 **
In:    serial
Out:   serial
Err:   serial
Net:   eth0: ethernet@7d580000
PCIe BRCM: link up, 5.0 Gbps x1 (SSC)
starting USB...
Bus xhci_pci: Register 5000420 NbrPorts 5
Starting the controller
USB XHCI 1.00
scanning bus xhci_pci for devices... 2 USB Device(s) found
       scanning usb for storage devices... 0 Storage Device(s) found
Hit any key to stop autoboot:--> Autoboot stopped. Waiting for U-Boot prompt...
 0 
U-Boot>--> Benchmark command sent. Waiting for completion...
fatload mmc 0 0x200000 bao-130.bin; go 0x200000
1421312 bytes read in 105 ms (12.9 MiB/s)
## Starting application at 0x00200000 ...
BENCH_ARRAY_INDEX 129
budget_function,PMU_counter_used_budget,PMU_counter_used_budget_r,PMU_counter_used_budget_w,total_calc_r,total_calc_w,used_budget_read[0],used_budget_read[1],used_budget_read[2],used_budget_read[3],used_budget_read[4],used_budget_read[5],used_budget_read[6],used_budget_read[7],used_budget_read[8],used_budget_read[9],used_budget_write[0],used_budget_write[1],used_budget_write[2],used_budget_write[3],used_budget_write[4],used_budget_write[5],used_budget_write[6],used_budget_write[7],used_budget_write[8],used_budget_write[9],calculated_read[0],calculated_read[1],calculated_read[2],calculated_read[3],calculated_read[4],calculated_read[5],calculated_read[6],calculated_read[7],calculated_read[8],calculated_read[9],calculated_write[0],calculated_write[1],calculated_write[2],calculated_write[3],calculated_write[4],calculated_write[5],calculated_write[6],calculated_write[7],calculated_write[8],calculated_write[9],
got dijkstra_wrapper (1032)
got sha_wrapper (1033)
EWMA,21307870,13161700,8146170,8931229,5513325,1879166,1748040,1478653,1313070,1213232,1154385,1118425,1096257,1084134,1076338,1076228,1106736,931784,824188,759297,721090,697711,683328,675431,670377,375833,650274,815949,915373,974944,1010832,1032350,1045131,1052931,1057612,215245,393543,501191,565790,604491,627810,641790,650097,655163,658205,
SW,20819340,12831970,7987370,9139647,5690449,2129052,390450,579783,1095671,1439115,1439977,1439714,1438932,1439578,1439698,1325417,244612,360411,681721,895584,896191,895988,895509,895908,896029,1736939,1549168,1033095,688635,688635,688635,688635,688635,688635,688635,1079645,964919,643480,428915,428915,428915,428915,428915,428915,428915,
AFC,20990295,12937011,8053284,8710259,5422015,1429335,1842205,1532207,1344493,1233141,1165701,1124990,1101210,1086554,1077175,889103,1146900,953952,837024,767704,725690,700376,685559,676414,670562,285867,597134,784148,896217,963601,1004021,1028214,1042813,1051561,1056683,177820,371636,488099,557884,599848,625016,640088,649182,654628,657814,
AMBP,20631227,12716625,7914602,8493540,5285791,993193,1929149,1583848,1376637,1251885,1176848,1132124,1105092,1088613,1079236,614839,1201565,986338,857270,779488,732719,704840,687994,677685,671864,198718,544804,752612,877417,952310,997217,1024198,1040376,1050023,1055865,123047,338750,468267,546067,592751,620744,637563,647649,653656,657297,
PIC,16387320,10116380,6270940,4281815980,4286815060,1011638,1011638,1011638,1011638,1011638,1011638,1011638,1011638,1011638,1011638,627094,627094,627094,627094,627094,627094,627094,627094,627094,627094,428181598,428181598,428181598,428181598,428181598,428181598,428181598,428181598,428181598,428181598,428681506,428681506,428681506,428681506,428681506,428681506,428681506,428681506,428681506,428681506,
end--> Completion message received. Exiting.
