--> Waiting for autoboot prompt...
NOTICE:  BL31: v2.9(release):8a3945e
NOTICE:  BL31: Built : 17:27:52, May  1 2024


U-Boot 2022.10 (May 01 2024 - 17:26:49 -0300)

DRAM:  7.1 GiB
RPI 4 Model B (0xd03115)
Core:  202 devices, 16 uclasses, devicetree: board
MMC:   mmcnr@7e300000: 1, emmc2@7e340000: 0
Loading Environment from FAT... ** No partition table - mmc 0 **
In:    serial
Out:   serial
Err:   serial
Net:   eth0: ethernet@7d580000
PCIe BRCM: link up, 5.0 Gbps x1 (SSC)
starting USB...
Bus xhci_pci: Register 5000420 NbrPorts 5
Starting the controller
USB XHCI 1.00
scanning bus xhci_pci for devices... 2 USB Device(s) found
       scanning usb for storage devices... 0 Storage Device(s) found
Hit any key to stop autoboot:--> Autoboot stopped. Waiting for U-Boot prompt...
 0 
U-Boot>--> Benchmark command sent. Waiting for completion...
fatload mmc 0 0x200000 bao-120.bin; go 0x200000
1417216 bytes read in 104 ms (13 MiB/s)
## Starting application at 0x00200000 ...
BENCH_ARRAY_INDEX 119
budget_function,PMU_counter_used_budget,PMU_counter_used_budget_r,PMU_counter_used_budget_w,total_calc_r,total_calc_w,used_budget_read[0],used_budget_read[1],used_budget_read[2],used_budget_read[3],used_budget_read[4],used_budget_read[5],used_budget_read[6],used_budget_read[7],used_budget_read[8],used_budget_read[9],used_budget_write[0],used_budget_write[1],used_budget_write[2],used_budget_write[3],used_budget_write[4],used_budget_write[5],used_budget_write[6],used_budget_write[7],used_budget_write[8],used_budget_write[9],calculated_read[0],calculated_read[1],calculated_read[2],calculated_read[3],calculated_read[4],calculated_read[5],calculated_read[6],calculated_read[7],calculated_read[8],calculated_read[9],calculated_write[0],calculated_write[1],calculated_write[2],calculated_write[3],calculated_write[4],calculated_write[5],calculated_write[6],calculated_write[7],calculated_write[8],calculated_write[9],
got dijkstra_wrapper (952)
got sha_wrapper (953)
EWMA,21305788,13160457,8145331,8930031,5512521,1879242,1746129,1478874,1313358,1212863,1154642,1118503,1096225,1084203,1076418,1076288,1105423,931908,824390,759095,721293,697771,683274,675465,670424,375848,649904,815698,915230,974756,1010733,1032287,1045074,1052899,1057602,215257,393290,501013,565688,604369,627753,641756,650059,655140,658196,
SW,20818724,12831592,7987132,9140672,5691108,2128995,390827,579744,1095558,1439024,1439969,1439705,1438573,1439643,1439554,1325356,244861,360379,681645,895552,896200,896011,895227,895996,895905,1737263,1549250,1033189,688710,688710,688710,688710,688710,688710,688710,1079866,964976,643532,428962,428962,428962,428962,428962,428962,428962,
AFC,20993268,12939016,8054252,8711570,5422672,1430757,1842027,1532507,1343713,1233606,1166047,1124293,1101623,1086895,1077548,890081,1146821,954076,836427,767966,725882,699825,685790,676608,670776,286151,597326,784362,896232,963706,1004174,1028197,1042882,1051684,1056856,178016,371777,488236,557874,599892,625090,640037,649187,654671,657892,
AMBP,20633634,12718365,7915269,8494760,5286255,994076,1929223,1583906,1376972,1252149,1176244,1132314,1105311,1088468,1079702,615365,1201529,986332,857449,779618,732259,704903,688068,677583,672163,198895,544960,752749,877593,952504,997252,1024264,1040473,1050072,1055998,123153,338828,468328,546152,592845,620727,637562,647663,653647,657350,
PIC,16404200,10126600,6277600,4281802700,4286806400,1012660,1012660,1012660,1012660,1012660,1012660,1012660,1012660,1012660,1012660,627760,627760,627760,627760,627760,627760,627760,627760,627760,627760,428180270,428180270,428180270,428180270,428180270,428180270,428180270,428180270,428180270,428180270,428680640,428680640,428680640,428680640,428680640,428680640,428680640,428680640,428680640,428680640,
end--> Completion message received. Exiting.
