--> Waiting for autoboot prompt...
NOTICE:  BL31: v2.9(release):8a3945e
NOTICE:  BL31: Built : 17:27:52, May  1 2024


U-Boot 2022.10 (May 01 2024 - 17:26:49 -0300)

DRAM:  7.1 GiB
RPI 4 Model B (0xd03115)
Core:  202 devices, 16 uclasses, devicetree: board
MMC:   mmcnr@7e300000: 1, emmc2@7e340000: 0
Loading Environment from FAT... ** No partition table - mmc 0 **
In:    serial
Out:   serial
Err:   serial
Net:   eth0: ethernet@7d580000
PCIe BRCM: link up, 5.0 Gbps x1 (SSC)
starting USB...
Bus xhci_pci: Register 5000420 NbrPorts 5
Starting the controller
USB XHCI 1.00
scanning bus xhci_pci for devices... 2 USB Device(s) found
       scanning usb for storage devices... 0 Storage Device(s) found
Hit any key to stop autoboot:--> Autoboot stopped. Waiting for U-Boot prompt...
 0 
U-Boot>--> Benchmark command sent. Waiting for completion...
fatload mmc 0 0x200000 bao-34.bin; go 0x200000
1417216 bytes read in 104 ms (13 MiB/s)
## Starting application at 0x00200000 ...
BENCH_ARRAY_INDEX 33
budget_function,PMU_counter_used_budget,PMU_counter_used_budget_r,PMU_counter_used_budget_w,total_calc_r,total_calc_w,used_budget_read[0],used_budget_read[1],used_budget_read[2],used_budget_read[3],used_budget_read[4],used_budget_read[5],used_budget_read[6],used_budget_read[7],used_budget_read[8],used_budget_read[9],used_budget_write[0],used_budget_write[1],used_budget_write[2],used_budget_write[3],used_budget_write[4],used_budget_write[5],used_budget_write[6],used_budget_write[7],used_budget_write[8],used_budget_write[9],calculated_read[0],calculated_read[1],calculated_read[2],calculated_read[3],calculated_read[4],calculated_read[5],calculated_read[6],calculated_read[7],calculated_read[8],calculated_read[9],calculated_write[0],calculated_write[1],calculated_write[2],calculated_write[3],calculated_write[4],calculated_write[5],calculated_write[6],calculated_write[7],calculated_write[8],calculated_write[9],
got bandwidth_wrapper (264)
got mser_wrapper (265)
EWMA,17196599,12692224,4504375,8890594,2957241,1791238,2051840,1635822,1269205,548001,1167000,1490262,1282677,1030441,425738,395819,666535,537958,354535,632326,293924,409492,379079,256924,577783,358247,696965,884736,961629,878903,936522,1047270,1094351,1081569,950402,79163,196637,264901,282827,352726,340965,354670,359551,339025,386776,
SW,16238647,11757656,4480991,10400523,3069239,2347237,314976,314976,347157,1412357,1637527,1445844,819956,1372964,1744662,738307,86954,342688,257244,518487,504207,390566,694870,423217,524451,1851608,1698405,1698405,1003123,691497,691497,691497,691497,691497,691497,552023,525166,389316,228962,228962,228962,228962,228962,228962,228962,
AFC,17136966,12706295,4430671,8422792,2963564,1372723,1883167,986792,1387630,1603348,1348784,1076759,460962,1134099,1452031,425221,550234,707972,367478,448119,401022,271530,598483,270391,390221,274544,596268,674372,817023,974288,1049187,1054701,935954,975583,1070872,85044,178082,284060,300743,330218,344378,329809,383543,360913,366774,
AMBP,14777323,10866762,3910561,312316583,137035965,947480,1979189,1044703,1403582,1628560,1370146,1081443,470553,470553,470553,273946,583877,716998,376165,457873,408962,273185,273185,273185,273185,189576,547498,646939,798267,964325,1045489,1052679,102357270,102357270,102357270,54869,160670,271935,292781,325799,342431,33896870,33896870,33896870,33896870,
PIC,26854440,20403600,6450840,4268442600,4286581190,2040360,2040360,2040360,2040360,2040360,2040360,2040360,2040360,2040360,2040360,645084,645084,645084,645084,645084,645084,645084,645084,645084,645084,426844260,426844260,426844260,426844260,426844260,426844260,426844260,426844260,426844260,426844260,428658119,428658119,428658119,428658119,428658119,428658119,428658119,428658119,428658119,428658119,
end--> Completion message received. Exiting.
