--> Waiting for autoboot prompt...
NOTICE:  BL31: v2.9(release):8a3945e
NOTICE:  BL31: Built : 17:27:52, May  1 2024


U-Boot 2022.10 (May 01 2024 - 17:26:49 -0300)

DRAM:  7.1 GiB
RPI 4 Model B (0xd03115)
Core:  202 devices, 16 uclasses, devicetree: board
MMC:   mmcnr@7e300000: 1, emmc2@7e340000: 0
Loading Environment from FAT... ** No partition table - mmc 0 **
In:    serial
Out:   serial
Err:   serial
Net:   eth0: ethernet@7d580000
PCIe BRCM: link up, 5.0 Gbps x1 (SSC)
starting USB...
Bus xhci_pci: Register 5000420 NbrPorts 5
Starting the controller
USB XHCI 1.00
scanning bus xhci_pci for devices... 2 USB Device(s) found
       scanning usb for storage devices... 0 Storage Device(s) found
Hit any key to stop autoboot:--> Autoboot stopped. Waiting for U-Boot prompt...
 0 
U-Boot>--> Benchmark command sent. Waiting for completion...
fatload mmc 0 0x200000 bao-12.bin; go 0x200000
1388544 bytes read in 102 ms (13 MiB/s)
## Starting application at 0x00200000 ...
BENCH_ARRAY_INDEX 11
budget_function,PMU_counter_used_budget,PMU_counter_used_budget_r,PMU_counter_used_budget_w,total_calc_r,total_calc_w,used_budget_read[0],used_budget_read[1],used_budget_read[2],used_budget_read[3],used_budget_read[4],used_budget_read[5],used_budget_read[6],used_budget_read[7],used_budget_read[8],used_budget_read[9],used_budget_write[0],used_budget_write[1],used_budget_write[2],used_budget_write[3],used_budget_write[4],used_budget_write[5],used_budget_write[6],used_budget_write[7],used_budget_write[8],used_budget_write[9],calculated_read[0],calculated_read[1],calculated_read[2],calculated_read[3],calculated_read[4],calculated_read[5],calculated_read[6],calculated_read[7],calculated_read[8],calculated_read[9],calculated_write[0],calculated_write[1],calculated_write[2],calculated_write[3],calculated_write[4],calculated_write[5],calculated_write[6],calculated_write[7],calculated_write[8],calculated_write[9],
got sha_wrapper (88)
got dijkstra_wrapper (89)
EWMA,21319243,13168219,8151024,8935921,5516782,1879844,1750830,1478603,1313238,1214032,1154556,1118839,1097228,1084376,1076673,1076723,1108657,931805,824348,759872,721273,698068,683987,675639,670652,375968,650940,816472,915825,975466,1011284,1032795,1045681,1053420,1058070,215344,394006,501565,566121,604871,628151,642134,650504,655531,658555,
SW,20829924,12837990,7991934,9144501,5694098,2129912,391279,579736,1095845,1440561,1440243,1440204,1440195,1440046,1439969,1326091,245196,360409,681856,896654,896392,896399,896416,896290,896231,1738236,1549952,1033642,688953,688953,688953,688953,688953,688953,688953,1080599,965522,643899,429154,429154,429154,429154,429154,429154,429154,
AFC,21001297,12943299,8057998,8714440,5425145,1430951,1842565,1532506,1345714,1233264,1166020,1125731,1101534,1086881,1078133,890270,1147221,954183,837900,767812,725956,700891,685835,676695,671235,286190,597465,784473,896721,964029,1004427,1028687,1043256,1051981,1057211,178054,371887,488346,558256,600167,625324,640437,649516,654951,658207,
AMBP,20633464,12717911,7915553,8494520,5286513,993376,1929583,1584477,1376579,1251796,1176872,1131907,1105122,1088946,1079253,615036,1201861,986792,857207,779428,732709,704670,688020,677935,671895,198755,544920,752831,877580,952423,997312,1024231,1040409,1050116,1055943,123087,338841,468431,546186,592834,620809,637581,647668,653721,657355,
PIC,16386540,10115790,6270750,4281816750,4286815300,1011579,1011579,1011579,1011579,1011579,1011579,1011579,1011579,1011579,1011579,627075,627075,627075,627075,627075,627075,627075,627075,627075,627075,428181675,428181675,428181675,428181675,428181675,428181675,428181675,428181675,428181675,428181675,428681530,428681530,428681530,428681530,428681530,428681530,428681530,428681530,428681530,428681530,
end--> Completion message received. Exiting.
