--> Waiting for autoboot prompt...
NOTICE:  BL31: v2.9(release):8a3945e
NOTICE:  BL31: Built : 17:27:52, May  1 2024


U-Boot 2022.10 (May 01 2024 - 17:26:49 -0300)

DRAM:  7.1 GiB
RPI 4 Model B (0xd03115)
Core:  202 devices, 16 uclasses, devicetree: board
MMC:   mmcnr@7e300000: 1, emmc2@7e340000: 0
Loading Environment from FAT... ** No partition table - mmc 0 **
In:    serial
Out:   serial
Err:   serial
Net:   eth0: ethernet@7d580000
PCIe BRCM: link up, 5.0 Gbps x1 (SSC)
starting USB...
Bus xhci_pci: Register 5000420 NbrPorts 5
Starting the controller
USB XHCI 1.00
scanning bus xhci_pci for devices... 2 USB Device(s) found
       scanning usb for storage devices... 0 Storage Device(s) found
Hit any key to stop autoboot:--> Autoboot stopped. Waiting for U-Boot prompt...
 0 
U-Boot>--> Benchmark command sent. Waiting for completion...
fatload mmc 0 0x200000 bao-4.bin; go 0x200000
1417216 bytes read in 105 ms (12.9 MiB/s)
## Starting application at 0x00200000 ...
BENCH_ARRAY_INDEX 3
budget_function,PMU_counter_used_budget,PMU_counter_used_budget_r,PMU_counter_used_budget_w,total_calc_r,total_calc_w,used_budget_read[0],used_budget_read[1],used_budget_read[2],used_budget_read[3],used_budget_read[4],used_budget_read[5],used_budget_read[6],used_budget_read[7],used_budget_read[8],used_budget_read[9],used_budget_write[0],used_budget_write[1],used_budget_write[2],used_budget_write[3],used_budget_write[4],used_budget_write[5],used_budget_write[6],used_budget_write[7],used_budget_write[8],used_budget_write[9],calculated_read[0],calculated_read[1],calculated_read[2],calculated_read[3],calculated_read[4],calculated_read[5],calculated_read[6],calculated_read[7],calculated_read[8],calculated_read[9],calculated_write[0],calculated_write[1],calculated_write[2],calculated_write[3],calculated_write[4],calculated_write[5],calculated_write[6],calculated_write[7],calculated_write[8],calculated_write[9],
got bandwidth_wrapper (24)
got bandwidth_wrapper (25)
EWMA,9770934,6397415,3373519,4315002,2256487,749701,891002,749310,673927,599959,575655,557853,532860,535495,531653,281004,501654,416888,372502,326682,312578,301947,286050,288244,285970,149940,298152,388383,445491,476384,496238,508561,513420,517835,520598,56200,145290,199609,234187,252686,264664,272120,274906,277573,279252,
SW,9746167,6340781,3405386,4512753,2425450,1058033,227372,284347,510375,708127,708487,719796,708707,706114,709423,569248,128927,151735,269698,379628,379899,387424,380032,378284,380511,827351,777265,523251,340698,340698,340698,340698,340698,340698,340698,438090,419886,283303,183453,183453,183453,183453,183453,183453,183453,
AFC,9704092,6319009,3385083,4238177,2268081,556794,940415,786988,667638,623156,583942,557375,545296,533487,523918,278812,509301,426865,359169,336674,314802,299685,293170,286216,280389,111358,277169,379132,436833,474097,496066,508327,515720,519273,520202,55762,146469,202548,233872,254432,266506,273141,277146,278960,279245,
AMBP,9546824,6217436,3329388,4135870,2211831,383403,967924,794261,684113,629518,583725,563497,535047,548175,527773,187106,522848,428808,368459,339870,314057,303354,286129,295879,282878,76760,254992,362845,427098,467582,490810,505347,511287,518664,520485,37501,134570,193417,228425,250714,263382,271376,274326,278636,279484,
PIC,5618930,3782720,1836210,4290049740,4292580210,378272,378272,378272,378272,378272,378272,378272,378272,378272,378272,183621,183621,183621,183621,183621,183621,183621,183621,183621,183621,429004974,429004974,429004974,429004974,429004974,429004974,429004974,429004974,429004974,429004974,429258021,429258021,429258021,429258021,429258021,429258021,429258021,429258021,429258021,429258021,
end--> Completion message received. Exiting.
