--> Waiting for autoboot prompt...
NOTICE:  BL31: v2.9(release):8a3945e
NOTICE:  BL31: Built : 17:27:52, May  1 2024


U-Boot 2022.10 (May 01 2024 - 17:26:49 -0300)

DRAM:  7.1 GiB
RPI 4 Model B (0xd03115)
Core:  202 devices, 16 uclasses, devicetree: board
MMC:   mmcnr@7e300000: 1, emmc2@7e340000: 0
Loading Environment from FAT... ** No partition table - mmc 0 **
In:    serial
Out:   serial
Err:   serial
Net:   eth0: ethernet@7d580000
PCIe BRCM: link up, 5.0 Gbps x1 (SSC)
starting USB...
Bus xhci_pci: Register 5000420 NbrPorts 5
Starting the controller
USB XHCI 1.00
scanning bus xhci_pci for devices... 2 USB Device(s) found
       scanning usb for storage devices... 0 Storage Device(s) found
Hit any key to stop autoboot:--> Autoboot stopped. Waiting for U-Boot prompt...
 0 
U-Boot>--> Benchmark command sent. Waiting for completion...
fatload mmc 0 0x200000 bao-2.bin; go 0x200000
1417216 bytes read in 105 ms (12.9 MiB/s)
## Starting application at 0x00200000 ...
BENCH_ARRAY_INDEX 1
budget_function,PMU_counter_used_budget,PMU_counter_used_budget_r,PMU_counter_used_budget_w,total_calc_r,total_calc_w,used_budget_read[0],used_budget_read[1],used_budget_read[2],used_budget_read[3],used_budget_read[4],used_budget_read[5],used_budget_read[6],used_budget_read[7],used_budget_read[8],used_budget_read[9],used_budget_write[0],used_budget_write[1],used_budget_write[2],used_budget_write[3],used_budget_write[4],used_budget_write[5],used_budget_write[6],used_budget_write[7],used_budget_write[8],used_budget_write[9],calculated_read[0],calculated_read[1],calculated_read[2],calculated_read[3],calculated_read[4],calculated_read[5],calculated_read[6],calculated_read[7],calculated_read[8],calculated_read[9],calculated_write[0],calculated_write[1],calculated_write[2],calculated_write[3],calculated_write[4],calculated_write[5],calculated_write[6],calculated_write[7],calculated_write[8],calculated_write[9],
got bandwidth_wrapper (8)
got bandwidth_wrapper (9)
EWMA,8417061,5585040,2832021,3786223,1904028,581742,782104,804752,468535,510662,650087,390646,452233,598543,345736,169038,429057,453884,235591,267132,362181,190514,232316,330278,162030,116348,249499,360549,382146,407849,456296,443166,444979,475691,449700,33807,112857,181062,191967,207000,238036,228531,229288,249486,231994,
SW,19193520,11773716,7419804,7865550,4290814,1055789,1916823,279532,1930845,276416,1938167,277947,1940883,274940,1882374,567774,1255532,163729,1264877,161643,1269764,162640,1271565,160661,1141619,775961,775961,775961,775961,775961,775961,775961,775961,828931,828931,403831,403831,403831,403831,403831,403831,403831,403831,530083,530083,
AFC,14165856,8806435,5359421,5821584,3583326,552556,1740767,610379,85828,1458212,439886,1843054,232061,1692402,151290,233667,1197356,288893,288893,963183,147775,1114493,58721,1043746,22694,117867,442447,476033,397992,610036,576006,829415,709945,906436,755407,46733,276857,279264,279264,416047,362393,512813,421995,546345,441615,
AMBP,7355392,3576173,3779219,312086659,224537490,1600926,726311,156117,156117,156117,156117,156117,156117,156117,156117,993510,362796,362796,987065,178842,178842,178842,178842,178842,178842,320265,401474,38920615,38920615,38920615,38920615,38920615,38920615,38920615,38920615,198782,231584,231584,382680,37248810,37248810,37248810,37248810,37248810,37248810,
PIC,7886380,5583760,2302620,4287708390,4291973870,558376,558376,558376,558376,558376,558376,558376,558376,558376,558376,230262,230262,230262,230262,230262,230262,230262,230262,230262,230262,428770839,428770839,428770839,428770839,428770839,428770839,428770839,428770839,428770839,428770839,429197387,429197387,429197387,429197387,429197387,429197387,429197387,429197387,429197387,429197387,
end--> Completion message received. Exiting.
