--> Waiting for autoboot prompt...
NOTICE:  BL31: v2.9(release):8a3945e
NOTICE:  BL31: Built : 17:27:52, May  1 2024


U-Boot 2022.10 (May 01 2024 - 17:26:49 -0300)

DRAM:  7.1 GiB
RPI 4 Model B (0xd03115)
Core:  202 devices, 16 uclasses, devicetree: board
MMC:   mmcnr@7e300000: 1, emmc2@7e340000: 0
Loading Environment from FAT... ** No partition table - mmc 0 **
In:    serial
Out:   serial
Err:   serial
Net:   eth0: ethernet@7d580000
PCIe BRCM: link up, 5.0 Gbps x1 (SSC)
starting USB...
Bus xhci_pci: Register 5000420 NbrPorts 5
Starting the controller
USB XHCI 1.00
scanning bus xhci_pci for devices... 2 USB Device(s) found
       scanning usb for storage devices... 0 Storage Device(s) found
Hit any key to stop autoboot:--> Autoboot stopped. Waiting for U-Boot prompt...
 0 
U-Boot>--> Benchmark command sent. Waiting for completion...
fatload mmc 0 0x200000 bao-73.bin; go 0x200000
1421312 bytes read in 104 ms (13 MiB/s)
## Starting application at 0x00200000 ...
BENCH_ARRAY_INDEX 72
budget_function,PMU_counter_used_budget,PMU_counter_used_budget_r,PMU_counter_used_budget_w,total_calc_r,total_calc_w,used_budget_read[0],used_budget_read[1],used_budget_read[2],used_budget_read[3],used_budget_read[4],used_budget_read[5],used_budget_read[6],used_budget_read[7],used_budget_read[8],used_budget_read[9],used_budget_write[0],used_budget_write[1],used_budget_write[2],used_budget_write[3],used_budget_write[4],used_budget_write[5],used_budget_write[6],used_budget_write[7],used_budget_write[8],used_budget_write[9],calculated_read[0],calculated_read[1],calculated_read[2],calculated_read[3],calculated_read[4],calculated_read[5],calculated_read[6],calculated_read[7],calculated_read[8],calculated_read[9],calculated_write[0],calculated_write[1],calculated_write[2],calculated_write[3],calculated_write[4],calculated_write[5],calculated_write[6],calculated_write[7],calculated_write[8],calculated_write[9],
got dijkstra_wrapper (576)
got bandwidth_wrapper (577)
EWMA,13926072,8634778,5291294,5773620,3519400,1255751,905953,1132476,977183,452067,919130,851399,464237,859913,816669,686679,566278,718758,616125,266709,578298,533358,275435,539220,510434,251150,382110,532183,621183,587359,653713,693250,647447,689940,715285,137335,223123,322250,381025,358161,402188,428422,397824,426103,442969,
SW,21201766,12957791,8243975,9709032,6179206,1505413,1566872,448025,1833473,449247,1981124,601330,1985123,595316,1991868,935771,1033654,287329,1211296,288141,1264471,344286,1267139,340252,1271636,1061886,1061886,1061886,1061886,910248,910248,910248,910248,910248,910248,651418,651418,651418,651418,595589,595589,595589,595589,595589,595589,
AFC,12099761,7510419,4589342,4841417,2944739,548344,676369,1206475,1088801,237375,923525,926580,134087,872076,896787,309015,394522,756811,683753,119543,578818,582004,54533,546826,563517,109668,223008,419701,553521,490292,576938,646866,544311,609864,667248,61803,128346,254039,339981,295894,352478,398383,329613,373055,411147,
AMBP,11830348,7344248,4486100,258970723,159701100,197729,1258699,1220295,734628,764994,940167,556934,556934,556934,556934,97820,778075,763285,446127,470231,589294,335317,335317,335317,335317,39625,283439,470810,523573,571857,645519,64108975,64108975,64108975,64108975,19644,171330,289721,321002,350847,398536,39537505,39537505,39537505,39537505,
PIC,21256370,13160620,8095750,4277858470,4284442800,1316062,1316062,1316062,1316062,1316062,1316062,1316062,1316062,1316062,1316062,809575,809575,809575,809575,809575,809575,809575,809575,809575,809575,427785847,427785847,427785847,427785847,427785847,427785847,427785847,427785847,427785847,427785847,428444280,428444280,428444280,428444280,428444280,428444280,428444280,428444280,428444280,428444280,
end--> Completion message received. Exiting.
