--> Waiting for autoboot prompt...
NOTICE:  BL31: v2.9(release):8a3945e
NOTICE:  BL31: Built : 17:27:52, May  1 2024


U-Boot 2022.10 (May 01 2024 - 17:26:49 -0300)

DRAM:  7.1 GiB
RPI 4 Model B (0xd03115)
Core:  202 devices, 16 uclasses, devicetree: board
MMC:   mmcnr@7e300000: 1, emmc2@7e340000: 0
Loading Environment from FAT... ** No partition table - mmc 0 **
In:    serial
Out:   serial
Err:   serial
Net:   eth0: ethernet@7d580000
PCIe BRCM: link up, 5.0 Gbps x1 (SSC)
starting USB...
Bus xhci_pci: Register 5000420 NbrPorts 5
Starting the controller
USB XHCI 1.00
scanning bus xhci_pci for devices... 2 USB Device(s) found
       scanning usb for storage devices... 0 Storage Device(s) found
Hit any key to stop autoboot:--> Autoboot stopped. Waiting for U-Boot prompt...
 0 
U-Boot>--> Benchmark command sent. Waiting for completion...
fatload mmc 0 0x200000 bao-74.bin; go 0x200000
1421312 bytes read in 104 ms (13 MiB/s)
## Starting application at 0x00200000 ...
BENCH_ARRAY_INDEX 73
budget_function,PMU_counter_used_budget,PMU_counter_used_budget_r,PMU_counter_used_budget_w,total_calc_r,total_calc_w,used_budget_read[0],used_budget_read[1],used_budget_read[2],used_budget_read[3],used_budget_read[4],used_budget_read[5],used_budget_read[6],used_budget_read[7],used_budget_read[8],used_budget_read[9],used_budget_write[0],used_budget_write[1],used_budget_write[2],used_budget_write[3],used_budget_write[4],used_budget_write[5],used_budget_write[6],used_budget_write[7],used_budget_write[8],used_budget_write[9],calculated_read[0],calculated_read[1],calculated_read[2],calculated_read[3],calculated_read[4],calculated_read[5],calculated_read[6],calculated_read[7],calculated_read[8],calculated_read[9],calculated_write[0],calculated_write[1],calculated_write[2],calculated_write[3],calculated_write[4],calculated_write[5],calculated_write[6],calculated_write[7],calculated_write[8],calculated_write[9],
got dijkstra_wrapper (584)
got bandwidth_wrapper (585)
EWMA,15037892,9301947,5735945,6299859,3870125,1263715,1247905,1056576,938390,869826,820266,790190,779672,769642,765765,691977,794186,668188,590279,545117,512424,492541,485664,479068,476501,252743,451775,572735,645866,690658,716579,731301,740975,746708,750519,138395,269553,349280,397479,427006,444089,453779,460156,463938,466450,
SW,14230483,8784027,5446456,6196645,3840424,1510377,128153,458954,810434,849063,1043544,1043641,849752,1044974,1045135,939087,74124,287093,505120,519992,649635,649692,520455,650570,650688,1188135,1048420,699161,465847,465847,465847,465847,465847,465847,465847,735579,649957,433435,288779,288779,288779,288779,288779,288779,288779,
AFC,12565235,7786546,4778689,5328227,3274445,494326,1410949,1158347,446901,1006378,914030,304443,918345,854239,278588,283641,881964,723442,255194,631613,572209,167197,577111,534848,151470,98865,361281,520694,505936,606024,667625,594989,659660,698575,614578,56728,221775,322108,308726,373303,413084,363907,406547,432207,376060,
AMBP,12328215,7646396,4681819,328982174,203835270,889521,1332621,801694,1023183,918947,536086,536086,536086,536086,536086,558839,827377,484351,638402,572830,320004,320004,320004,320004,320004,177984,408911,487467,594610,659477,65330745,65330745,65330745,65330745,65330745,111847,254953,300832,368346,409242,40478010,40478010,40478010,40478010,40478010,
PIC,24455100,15080040,9375060,4275363230,4282779700,1508004,1508004,1508004,1508004,1508004,1508004,1508004,1508004,1508004,1508004,937506,937506,937506,937506,937506,937506,937506,937506,937506,937506,427536323,427536323,427536323,427536323,427536323,427536323,427536323,427536323,427536323,427536323,428277970,428277970,428277970,428277970,428277970,428277970,428277970,428277970,428277970,428277970,
end--> Completion message received. Exiting.
