--> Waiting for autoboot prompt...
NOTICE:  BL31: v2.9(release):8a3945e
NOTICE:  BL31: Built : 17:27:52, May  1 2024


U-Boot 2022.10 (May 01 2024 - 17:26:49 -0300)

DRAM:  7.1 GiB
RPI 4 Model B (0xd03115)
Core:  202 devices, 16 uclasses, devicetree: board
MMC:   mmcnr@7e300000: 1, emmc2@7e340000: 0
Loading Environment from FAT... ** No partition table - mmc 0 **
In:    serial
Out:   serial
Err:   serial
Net:   eth0: ethernet@7d580000
PCIe BRCM: link up, 5.0 Gbps x1 (SSC)
starting USB...
Bus xhci_pci: Register 5000420 NbrPorts 5
Starting the controller
USB XHCI 1.00
scanning bus xhci_pci for devices... 2 USB Device(s) found
       scanning usb for storage devices... 0 Storage Device(s) found
Hit any key to stop autoboot:--> Autoboot stopped. Waiting for U-Boot prompt...
 0 
U-Boot>--> Benchmark command sent. Waiting for completion...
fatload mmc 0 0x200000 bao-127.bin; go 0x200000
1417216 bytes read in 110 ms (12.3 MiB/s)
## Starting application at 0x00200000 ...
BENCH_ARRAY_INDEX 126
budget_function,PMU_counter_used_budget,PMU_counter_used_budget_r,PMU_counter_used_budget_w,total_calc_r,total_calc_w,used_budget_read[0],used_budget_read[1],used_budget_read[2],used_budget_read[3],used_budget_read[4],used_budget_read[5],used_budget_read[6],used_budget_read[7],used_budget_read[8],used_budget_read[9],used_budget_write[0],used_budget_write[1],used_budget_write[2],used_budget_write[3],used_budget_write[4],used_budget_write[5],used_budget_write[6],used_budget_write[7],used_budget_write[8],used_budget_write[9],calculated_read[0],calculated_read[1],calculated_read[2],calculated_read[3],calculated_read[4],calculated_read[5],calculated_read[6],calculated_read[7],calculated_read[8],calculated_read[9],calculated_write[0],calculated_write[1],calculated_write[2],calculated_write[3],calculated_write[4],calculated_write[5],calculated_write[6],calculated_write[7],calculated_write[8],calculated_write[9],
got dijkstra_wrapper (1008)
got sha_wrapper (1009)
EWMA,21311396,13163854,8147542,8933026,5514478,1879338,1750436,1478020,1312804,1213622,1153983,1118457,1096958,1083974,1076262,1076344,1108342,931328,824007,759538,720800,697755,683787,675321,670320,375867,650780,816228,915543,975158,1010923,1032429,1045334,1053062,1057702,215268,393882,501371,565898,604626,627860,641839,650228,655246,658260,
SW,20822181,12833656,7988525,9141469,5691669,2129216,391068,579358,1095683,1439989,1439889,1439819,1439552,1439557,1439525,1325544,245037,360097,681733,896193,896127,896106,895900,895912,895876,1737814,1549520,1033214,688703,688703,688703,688703,688703,688703,688703,1080248,965170,643559,428956,428956,428956,428956,428956,428956,428956,
AFC,21002945,12946191,8056754,8716218,5424341,1430981,1842185,1533290,1346104,1233808,1166438,1126040,1101701,1087202,1078442,890242,1146889,954148,837686,767816,725892,700755,685605,676585,671136,286196,597393,784572,896878,964264,1004698,1028966,1043513,1052250,1057488,178048,371816,488282,558162,600092,625252,640352,649402,654838,658097,
AMBP,20642642,12725286,7917356,8499424,5287688,993838,1930680,1585378,1377349,1252546,1177646,1132708,1105729,1089567,1079845,615032,1202115,987013,857397,779628,732961,704957,688153,678081,672019,198847,545213,753246,878066,952962,997898,1024860,1041033,1050739,1056560,123086,338891,468515,546291,592958,620958,637757,647836,653885,657511,
PIC,16396960,10123570,6273390,4281806640,4286811870,1012357,1012357,1012357,1012357,1012357,1012357,1012357,1012357,1012357,1012357,627339,627339,627339,627339,627339,627339,627339,627339,627339,627339,428180664,428180664,428180664,428180664,428180664,428180664,428180664,428180664,428180664,428180664,428681187,428681187,428681187,428681187,428681187,428681187,428681187,428681187,428681187,428681187,
end--> Completion message received. Exiting.
