--> Waiting for autoboot prompt...
NOTICE:  BL31: v2.9(release):8a3945e
NOTICE:  BL31: Built : 17:27:52, May  1 2024


U-Boot 2022.10 (May 01 2024 - 17:26:49 -0300)

DRAM:  7.1 GiB
RPI 4 Model B (0xd03115)
Core:  202 devices, 16 uclasses, devicetree: board
MMC:   mmcnr@7e300000: 1, emmc2@7e340000: 0
Loading Environment from FAT... ** No partition table - mmc 0 **
In:    serial
Out:   serial
Err:   serial
Net:   eth0: ethernet@7d580000
PCIe BRCM: link up, 5.0 Gbps x1 (SSC)
starting USB...
Bus xhci_pci: Register 5000420 NbrPorts 5
Starting the controller
USB XHCI 1.00
scanning bus xhci_pci for devices... 2 USB Device(s) found
       scanning usb for storage devices... 0 Storage Device(s) found
Hit any key to stop autoboot:--> Autoboot stopped. Waiting for U-Boot prompt...
 0 
U-Boot>--> Benchmark command sent. Waiting for completion...
fatload mmc 0 0x200000 bao-81.bin; go 0x200000
1421312 bytes read in 104 ms (13 MiB/s)
## Starting application at 0x00200000 ...
BENCH_ARRAY_INDEX 80
budget_function,PMU_counter_used_budget,PMU_counter_used_budget_r,PMU_counter_used_budget_w,total_calc_r,total_calc_w,used_budget_read[0],used_budget_read[1],used_budget_read[2],used_budget_read[3],used_budget_read[4],used_budget_read[5],used_budget_read[6],used_budget_read[7],used_budget_read[8],used_budget_read[9],used_budget_write[0],used_budget_write[1],used_budget_write[2],used_budget_write[3],used_budget_write[4],used_budget_write[5],used_budget_write[6],used_budget_write[7],used_budget_write[8],used_budget_write[9],calculated_read[0],calculated_read[1],calculated_read[2],calculated_read[3],calculated_read[4],calculated_read[5],calculated_read[6],calculated_read[7],calculated_read[8],calculated_read[9],calculated_write[0],calculated_write[1],calculated_write[2],calculated_write[3],calculated_write[4],calculated_write[5],calculated_write[6],calculated_write[7],calculated_write[8],calculated_write[9],
got dijkstra_wrapper (640)
got dijkstra_wrapper (641)
EWMA,20483056,12313350,8169706,8353700,5529791,1745268,1640501,1385033,1229731,1136586,1080563,1046937,1026741,1014632,1007358,1081283,1110538,933536,826026,761524,722727,699454,685475,677089,672054,349053,607342,762880,856250,912317,945966,966160,978276,985547,989909,216256,395112,502796,567442,606258,629551,643531,651919,656953,659973,
SW,20040561,12022841,8017720,8539595,5694745,1992661,339073,551372,1031363,1351692,1351557,1351436,1351262,1351197,1351228,1328854,226036,367710,687810,901417,901325,901248,901129,901081,901110,1653248,1441091,961035,640603,640603,640603,640603,640603,640603,640603,1102582,961001,640867,427185,427185,427185,427185,427185,427185,427185,
AFC,20034927,12019461,8015466,8064402,5377955,1159789,1759896,1455389,1271824,1161676,1095580,1055940,1032147,1017895,1009325,773512,1173609,970543,848137,774685,730611,704172,688307,678803,673087,231957,537544,721113,831255,897339,936987,960777,975051,983619,988760,154702,358483,480895,554343,598411,624851,640715,650233,655947,659375,
AMBP,19741584,11843513,7898071,7891734,5262874,812455,1829003,1497013,1296824,1176671,1104554,1061336,1035388,1019812,1010457,541884,1219668,998293,864799,784679,736589,707772,690468,680084,673835,162571,495857,696088,816235,888322,931568,957521,973094,982437,988041,108456,330698,464217,544333,592402,621239,638545,648929,655160,658895,
PIC,13555110,8131680,5423430,4284396090,4287916820,813168,813168,813168,813168,813168,813168,813168,813168,813168,813168,542343,542343,542343,542343,542343,542343,542343,542343,542343,542343,428439609,428439609,428439609,428439609,428439609,428439609,428439609,428439609,428439609,428439609,428791682,428791682,428791682,428791682,428791682,428791682,428791682,428791682,428791682,428791682,
end--> Completion message received. Exiting.
