--> Waiting for autoboot prompt...
NOTICE:  BL31: v2.9(release):8a3945e
NOTICE:  BL31: Built : 17:27:52, May  1 2024


U-Boot 2022.10 (May 01 2024 - 17:26:49 -0300)

DRAM:  7.1 GiB
RPI 4 Model B (0xd03115)
Core:  202 devices, 16 uclasses, devicetree: board
MMC:   mmcnr@7e300000: 1, emmc2@7e340000: 0
Loading Environment from FAT... ** No partition table - mmc 0 **
In:    serial
Out:   serial
Err:   serial
Net:   eth0: ethernet@7d580000
PCIe BRCM: link up, 5.0 Gbps x1 (SSC)
starting USB...
Bus xhci_pci: Register 5000420 NbrPorts 5
Starting the controller
USB XHCI 1.00
scanning bus xhci_pci for devices... 2 USB Device(s) found
       scanning usb for storage devices... 0 Storage Device(s) found
Hit any key to stop autoboot:--> Autoboot stopped. Waiting for U-Boot prompt...
 0 
U-Boot>--> Benchmark command sent. Waiting for completion...
fatload mmc 0 0x200000 bao-38.bin; go 0x200000
1441792 bytes read in 106 ms (13 MiB/s)
## Starting application at 0x00200000 ...
BENCH_ARRAY_INDEX 37
budget_function,PMU_counter_used_budget,PMU_counter_used_budget_r,PMU_counter_used_budget_w,total_calc_r,total_calc_w,total_cycles,total_instructions,total_cache_misses,total_mispredicts,cycles[0],cycles[1],cycles[2],cycles[3],cycles[4],cycles[5],cycles[6],cycles[7],cycles[8],cycles[9],instructions[0],instructions[1],instructions[2],instructions[3],instructions[4],instructions[5],instructions[6],instructions[7],instructions[8],instructions[9],cache_misses[0],cache_misses[1],cache_misses[2],cache_misses[3],cache_misses[4],cache_misses[5],cache_misses[6],cache_misses[7],cache_misses[8],cache_misses[9],mispredicts[0],mispredicts[1],mispredicts[2],mispredicts[3],mispredicts[4],mispredicts[5],mispredicts[6],mispredicts[7],mispredicts[8],mispredicts[9],used_budget_read[0],used_budget_read[1],used_budget_read[2],used_budget_read[3],used_budget_read[4],used_budget_read[5],used_budget_read[6],used_budget_read[7],used_budget_read[8],used_budget_read[9],used_budget_write[0],used_budget_write[1],used_budget_write[2],used_budget_write[3],used_budget_write[4],used_budget_write[5],used_budget_write[6],used_budget_write[7],used_budget_write[8],used_budget_write[9],calculated_read[0],calculated_read[1],calculated_read[2],calculated_read[3],calculated_read[4],calculated_read[5],calculated_read[6],calculated_read[7],calculated_read[8],calculated_read[9],calculated_write[0],calculated_write[1],calculated_write[2],calculated_write[3],calculated_write[4],calculated_write[5],calculated_write[6],calculated_write[7],calculated_write[8],calculated_write[9],
got bandwidth_wrapper (296)
got mser_wrapper (297)
EWMA_v2,27221679,20290782,6930897,13217744,4379921,59993069,57031742,594871,86088,6026731,5989644,5996399,5995883,5997201,5995940,5996830,5999475,5997630,5997336,5010414,5328070,5739346,5419543,6314963,5019453,6119506,5150000,5286802,7643645,56845,54314,54994,71497,60567,56491,54113,54131,74363,57556,9499,11653,14682,7678,129,8224,13768,13424,6900,131,2026463,2110550,2292569,2217252,1388713,2025684,2444538,2047444,2155692,1581877,641348,657044,722815,650788,714577,640456,755958,649825,636502,861584,405292,746343,1055588,1287920,1308078,1451599,1650186,1729637,1814848,1768253,128269,234024,331782,395583,459381,495596,547668,568099,581779,637740,
SW_v2,69494343,52325189,17169154,48607748,16247749,125666190,143861530,785533,250810,11642016,11996749,12003349,12002618,12002140,12000711,12004548,12002649,12002730,18008680,12347150,15677671,13108455,14932930,13221110,15836232,12954148,12468861,13383597,19931376,63487,84508,64310,83808,64447,83994,64135,91382,78931,106531,28775,13312,31219,10648,31641,10171,30723,21361,31281,41679,3614505,4564386,5455881,4241858,5505967,4362357,5392309,5160388,5584293,8443245,1167961,1824980,1652429,1728930,1667654,1827042,1633497,1539478,1657758,2469425,3614505,4089446,4544924,4754042,5067902,4703394,5086878,4971685,5378997,6395975,1167961,1496471,1548457,1735446,1683004,1741209,1709398,1666672,1610244,1888887,
AFC_v2,4317080600,4310618293,6462307,8598759900,4129411,65769729,67629993,586674,83626,11804928,5992134,5997809,5995062,5996394,5998079,5996103,5996804,5997783,5994633,19207620,5022642,5419942,5316841,5406482,5988883,5026894,6016811,5216414,5007464,53145,56453,53852,55073,70869,61626,56287,54417,54021,70931,42,8083,11932,13349,8401,187,8102,13433,13503,6594,4292186576,2026573,2149386,2112914,2199255,1414850,2027728,2399580,2074335,2027096,507539,640817,667509,668116,656970,677998,640943,741512,656369,604534,4294411152,4294927695,398196,741139,1032762,1109179,1292888,1514226,1626247,1706416,101507,209369,300997,374420,430930,480343,512463,558272,577891,583219,
LR_v2,4380334983,4359177234,21157749,4363368399,22443209,149511206,176396294,858777,302150,5451772,5995340,12000105,18008849,18008533,18008959,18009787,18008545,18011073,18008243,6117264,4825549,13466947,26759486,20861153,20855134,20858895,20942020,20849295,20860551,61723,56193,70788,78546,98612,98695,98615,98187,98692,98726,163,7641,33731,10599,41650,41635,41677,41703,41698,41653,4294921167,1943170,5601969,6396099,8384022,8383273,8382157,8399880,8383167,8382330,359301,616827,1673662,3070504,2572470,2570734,2571068,2581363,2570898,2570922,4294898103,2937819,7431368,6793164,9377983,8382899,8381599,8408741,8374811,8381912,538951,745590,2202079,3768925,2323453,2569866,2571235,2586510,2565666,2570934,
AMBP_v2,4319507379,4313025739,6481640,58943003,3104291,71775537,72485458,630102,114810,17807848,5994811,5996127,5995848,5996415,5996096,5999440,5997257,5994753,5996942,23673680,4757409,5329753,5797874,5106762,6075506,5086286,5607786,5813951,5236451,91136,56242,54312,54725,69897,62987,56167,53622,54464,76550,31447,7423,11676,14606,7834,216,8236,12437,15301,5634,4294395928,1914171,2110932,2315065,2069797,1474885,2052911,2231001,2327226,2133823,481731,608952,654895,727928,620209,688414,648597,692227,731389,627298,42846898,2145555,2143823,1960263,1783952,1768498,1642842,1584425,1559686,1507061,86783,172094,241788,305114,331319,362464,377721,396559,417172,413277,
PIC_v2,97795269,74658505,23136764,13864812333,13833247978,167607935,189100197,944504,373867,5498293,18008382,18010098,18013426,18013538,18013027,18010651,18013268,18012205,18015047,6767597,20309750,20139069,20309067,20280632,20357155,20074491,20275342,20268381,20318713,55588,98526,99375,98829,98783,98247,99057,98842,98913,98344,94,41579,41617,41485,41508,41549,41481,41531,41530,41493,127047,8292000,8260819,8288308,8284586,8298515,8249871,8283276,8283090,8290993,600190,2510640,2490464,2509381,2506537,2515315,2483162,2505138,2505000,2510937,429022139,774872840,1051547165,1272892123,1449967345,1591630308,1704950950,1795614144,1868144662,1926170657,429116767,773792271,1049528639,1270121517,1446595250,1587775992,1700714155,1791069081,1863352994,1921181312,
EWMA,16793477,12465714,4327763,8700511,2926059,59967204,56851366,594520,83451,5992668,5994668,5996175,5997887,5997822,5998159,5996473,5997277,5997427,5998648,5043913,6021906,5289938,5166627,7552490,4262824,6054697,5737595,4903872,6817504,56356,54234,54453,73609,58598,55550,54253,54788,68523,64156,8088,13445,13895,6209,118,5948,13680,14600,7257,211,2035413,1995064,1382094,1243841,642928,827983,1552333,1288221,921159,576678,643599,613614,440143,352109,566219,206092,430407,383630,248081,443869,407082,724678,856161,933697,875543,866031,1003291,1060277,1032453,941298,128719,225698,268587,285291,341476,314399,337600,346806,327061,350422,
SW,15362109,11174921,4187188,10017414,2869080,59947819,56409500,596044,83351,5994847,5994996,5996575,5997089,5994303,5995405,5994721,5994063,5993490,5992330,5436177,5417565,7416331,4349980,6040823,5837336,4713231,6947522,4991387,5259148,54650,72153,60093,55983,54091,54653,68528,64819,56685,54389,13963,7490,122,6399,13660,15087,6801,213,8035,11581,2164465,380908,380908,91517,1533632,1667298,1230179,967860,1344833,1413321,683759,97949,328920,188544,538028,528893,366430,580352,431918,442395,1826541,1649897,1649897,878963,668686,668686,668686,668686,668686,668686,555214,507691,370209,205138,205138,205138,205138,205138,205138,205138,
AFC,16570210,12360159,4210051,8271634,2835642,59844868,56844814,596453,84198,5873596,5993686,5995898,5996993,5995671,5998189,5997128,5996667,5999174,5997866,5636924,5469353,6528956,4878441,6003828,5322573,5238820,7310488,4596237,5859194,54413,71081,61855,56319,54483,54625,71691,61218,56394,54374,14226,7979,134,7749,13472,13770,6779,118,6971,13000,1579564,1908829,821386,1293687,1598929,1162348,1129265,537497,919361,1409293,503365,560498,545667,360081,457095,352757,306343,504097,231536,388612,315912,634495,671873,796235,956773,997888,1024163,926830,925337,1022128,100673,192638,263243,282610,317507,324557,320915,357551,332348,343600,
AMBP,14810236,10865122,3945114,303554361,72443872,71747958,70605950,641292,115374,5770292,5992323,5995402,5995889,5996343,5995891,5996901,5999317,5994695,18010905,5476707,5312925,5593335,5021441,6004948,4986337,5427751,7431469,4706857,20644180,54525,70920,62563,56678,54377,54795,71408,60750,56064,99212,13823,7706,161,8060,13451,12629,7542,119,7302,44581,1158072,1926321,758036,1417880,1626111,1033134,1248654,565638,565638,565638,344540,574262,464210,411604,475092,319915,344205,521788,244749,244749,231694,570619,608102,770057,941267,959640,1017442,99485180,99485180,99485180,68988,170042,228875,265420,307354,309866,316733,357744,35209425,35209425,
PIC,27105310,20601150,6504160,4268185780,4286511870,168091660,198819277,934433,373992,5993573,18009538,18011219,18011879,18010768,18010470,18011210,18011087,18010405,18011511,5104032,24337667,21131990,21146502,21227206,21211507,21108619,21135907,21257123,21158724,56164,91432,98523,98350,98230,98331,98419,98434,98258,98292,8256,33495,41457,41571,41555,41492,41569,41613,41456,41528,2060115,2060115,2060115,2060115,2060115,2060115,2060115,2060115,2060115,2060115,650416,650416,650416,650416,650416,650416,650416,650416,650416,650416,426818578,426818578,426818578,426818578,426818578,426818578,426818578,426818578,426818578,426818578,428651187,428651187,428651187,428651187,428651187,428651187,428651187,428651187,428651187,428651187,
end--> Completion message received. Exiting.
