--> Waiting for autoboot prompt...
NOTICE:  BL31: v2.9(release):8a3945e
NOTICE:  BL31: Built : 17:27:52, May  1 2024


U-Boot 2022.10 (May 01 2024 - 17:26:49 -0300)

DRAM:  7.1 GiB
RPI 4 Model B (0xd03115)
Core:  202 devices, 16 uclasses, devicetree: board
MMC:   mmcnr@7e300000: 1, emmc2@7e340000: 0
Loading Environment from FAT... ** No partition table - mmc 0 **
In:    serial
Out:   serial
Err:   serial
Net:   eth0: ethernet@7d580000
PCIe BRCM: link up, 5.0 Gbps x1 (SSC)
starting USB...
Bus xhci_pci: Register 5000420 NbrPorts 5
Starting the controller
USB XHCI 1.00
scanning bus xhci_pci for devices... 2 USB Device(s) found
       scanning usb for storage devices... 0 Storage Device(s) found
Hit any key to stop autoboot:--> Autoboot stopped. Waiting for U-Boot prompt...
 0 
U-Boot>--> Benchmark command sent. Waiting for completion...
fatload mmc 0 0x200000 bao-60.bin; go 0x200000
1392640 bytes read in 104 ms (12.8 MiB/s)
## Starting application at 0x00200000 ...
BENCH_ARRAY_INDEX 59
budget_function,PMU_counter_used_budget,PMU_counter_used_budget_r,PMU_counter_used_budget_w,total_calc_r,total_calc_w,used_budget_read[0],used_budget_read[1],used_budget_read[2],used_budget_read[3],used_budget_read[4],used_budget_read[5],used_budget_read[6],used_budget_read[7],used_budget_read[8],used_budget_read[9],used_budget_write[0],used_budget_write[1],used_budget_write[2],used_budget_write[3],used_budget_write[4],used_budget_write[5],used_budget_write[6],used_budget_write[7],used_budget_write[8],used_budget_write[9],calculated_read[0],calculated_read[1],calculated_read[2],calculated_read[3],calculated_read[4],calculated_read[5],calculated_read[6],calculated_read[7],calculated_read[8],calculated_read[9],calculated_write[0],calculated_write[1],calculated_write[2],calculated_write[3],calculated_write[4],calculated_write[5],calculated_write[6],calculated_write[7],calculated_write[8],calculated_write[9],
got mser_wrapper (472)
got sorting_wrapper (473)
EWMA,25204938,19450328,5754610,13275118,3898844,2933861,2853347,1761553,1991564,2112520,1281358,1719544,1952783,1180269,1663529,652328,857113,675886,543571,599519,520136,447438,542557,488936,427126,586772,1040087,1184380,1345816,1499156,1455596,1508385,1597264,1513865,1543797,130465,275794,355812,393363,434594,451702,450849,469190,473139,463936,
SW,24671168,19002313,5668855,13427827,4101808,3183791,891775,449016,1670714,2455720,1773020,2175043,2454217,1774571,2174446,901646,235411,270587,430931,680442,647128,587864,680116,646863,587867,2567695,2325093,1508194,1003835,1003835,1003835,1003835,1003835,1003835,1003835,757385,689038,469215,312310,312310,312310,312310,312310,312310,312310,
AFC,25207428,19514292,5693136,13061279,3807070,2250589,2655740,2417482,2207283,1336657,1975230,1876633,1096781,1873555,1824342,618971,702138,703202,628929,528550,536969,508080,491409,491587,483301,450117,891241,1196489,1398647,1386249,1504045,1578562,1482206,1560475,1613248,123794,239462,332210,391553,418952,442555,455660,462809,468564,471511,
AMBP,22785065,17196349,5588716,606919708,140666281,649500,3050929,2741493,1657944,1957039,2079972,1264868,1264868,1264868,1264868,525937,795512,748136,615131,503401,571567,510181,439617,439617,439617,129980,714169,1119633,1227295,1373243,1514588,150210200,150210200,150210200,150210200,105267,243316,344280,398450,419440,449865,461928,46081245,46081245,46081245,
PIC,40832260,31825270,9006990,4253594430,4283258190,3182527,3182527,3182527,3182527,3182527,3182527,3182527,3182527,3182527,3182527,900699,900699,900699,900699,900699,900699,900699,900699,900699,900699,425359443,425359443,425359443,425359443,425359443,425359443,425359443,425359443,425359443,425359443,428325819,428325819,428325819,428325819,428325819,428325819,428325819,428325819,428325819,428325819,
end--> Completion message received. Exiting.
