--> Waiting for autoboot prompt...
NOTICE:  BL31: v2.9(release):8a3945e
NOTICE:  BL31: Built : 17:27:52, May  1 2024


U-Boot 2022.10 (May 01 2024 - 17:26:49 -0300)

DRAM:  7.1 GiB
RPI 4 Model B (0xd03115)
Core:  202 devices, 16 uclasses, devicetree: board
MMC:   mmcnr@7e300000: 1, emmc2@7e340000: 0
Loading Environment from FAT... ** No partition table - mmc 0 **
In:    serial
Out:   serial
Err:   serial
Net:   eth0: ethernet@7d580000
PCIe BRCM: link up, 5.0 Gbps x1 (SSC)
starting USB...
Bus xhci_pci: Register 5000420 NbrPorts 5
Starting the controller
USB XHCI 1.00
scanning bus xhci_pci for devices... 2 USB Device(s) found
       scanning usb for storage devices... 0 Storage Device(s) found
Hit any key to stop autoboot:--> Autoboot stopped. Waiting for U-Boot prompt...
 0 
U-Boot>--> Benchmark command sent. Waiting for completion...
fatload mmc 0 0x200000 bao-106.bin; go 0x200000
1392640 bytes read in 103 ms (12.9 MiB/s)
## Starting application at 0x00200000 ...
BENCH_ARRAY_INDEX 105
budget_function,PMU_counter_used_budget,PMU_counter_used_budget_r,PMU_counter_used_budget_w,total_calc_r,total_calc_w,used_budget_read[0],used_budget_read[1],used_budget_read[2],used_budget_read[3],used_budget_read[4],used_budget_read[5],used_budget_read[6],used_budget_read[7],used_budget_read[8],used_budget_read[9],used_budget_write[0],used_budget_write[1],used_budget_write[2],used_budget_write[3],used_budget_write[4],used_budget_write[5],used_budget_write[6],used_budget_write[7],used_budget_write[8],used_budget_write[9],calculated_read[0],calculated_read[1],calculated_read[2],calculated_read[3],calculated_read[4],calculated_read[5],calculated_read[6],calculated_read[7],calculated_read[8],calculated_read[9],calculated_write[0],calculated_write[1],calculated_write[2],calculated_write[3],calculated_write[4],calculated_write[5],calculated_write[6],calculated_write[7],calculated_write[8],calculated_write[9],
got disparity_wrapper (840)
got disparity_wrapper (841)
EWMA,25313646,22659527,2654119,15328940,1776527,3049730,3083135,2522385,2278860,2155443,1964224,1921786,1911915,1901092,1870957,226922,399904,317451,294389,259451,239894,232010,235686,228188,220224,609946,1104583,1388143,1566286,1684117,1740138,1776467,1803556,1823063,1832641,45384,116288,156520,184093,199164,207310,212250,216937,219187,219394,
SW,24638410,21927109,2711301,15824929,1903170,3700162,704009,974731,1895451,2575993,2114408,2514661,2459069,2461152,2527473,444628,83006,118825,227649,297051,333042,306454,288851,307620,304175,2988041,2704142,1792967,1191397,1191397,1191397,1191397,1191397,1191397,1191397,361305,324259,215486,143160,143160,143160,143160,143160,143160,143160,
AFC,25002119,22318213,2683906,15002819,1803712,2301593,3249984,2667808,2335045,2122622,2024084,1965217,1916752,1870843,1864265,277898,381790,325225,277777,262240,244064,235877,230245,224841,223949,460318,1018251,1348162,1545538,1660954,1733580,1779907,1807276,1819989,1828844,55579,120821,161701,184916,200380,209116,214468,217623,219066,220042,
AMBP,24347662,21695128,2652534,14426574,1773159,1642497,3369880,2536652,2204319,2227506,2032151,1973573,1980910,1888485,1839155,197074,395713,347850,304411,252340,237427,240406,227630,221668,228015,328579,936839,1256801,1446304,1602544,1688465,1745486,1792570,1811753,1817233,39494,110737,158159,187409,200395,207801,214322,216983,217920,219939,
PIC,18476930,16475980,2000950,4273548500,4292366040,1647598,1647598,1647598,1647598,1647598,1647598,1647598,1647598,1647598,1647598,200095,200095,200095,200095,200095,200095,200095,200095,200095,200095,427354850,427354850,427354850,427354850,427354850,427354850,427354850,427354850,427354850,427354850,429236604,429236604,429236604,429236604,429236604,429236604,429236604,429236604,429236604,429236604,
end--> Completion message received. Exiting.
