--> Waiting for autoboot prompt...
NOTICE:  BL31: v2.9(release):8a3945e
NOTICE:  BL31: Built : 17:27:52, May  1 2024


U-Boot 2022.10 (May 01 2024 - 17:26:49 -0300)

DRAM:  7.1 GiB
RPI 4 Model B (0xd03115)
Core:  202 devices, 16 uclasses, devicetree: board
MMC:   mmcnr@7e300000: 1, emmc2@7e340000: 0
Loading Environment from FAT... ** No partition table - mmc 0 **
In:    serial
Out:   serial
Err:   serial
Net:   eth0: ethernet@7d580000
PCIe BRCM: link up, 5.0 Gbps x1 (SSC)
starting USB...
Bus xhci_pci: Register 5000420 NbrPorts 5
Starting the controller
USB XHCI 1.00
scanning bus xhci_pci for devices... 2 USB Device(s) found
       scanning usb for storage devices... 0 Storage Device(s) found
Hit any key to stop autoboot:--> Autoboot stopped. Waiting for U-Boot prompt...
 0 
U-Boot>--> Benchmark command sent. Waiting for completion...
fatload mmc 0 0x200000 bao-70.bin; go 0x200000
1421312 bytes read in 104 ms (13 MiB/s)
## Starting application at 0x00200000 ...
BENCH_ARRAY_INDEX 69
budget_function,PMU_counter_used_budget,PMU_counter_used_budget_r,PMU_counter_used_budget_w,total_calc_r,total_calc_w,used_budget_read[0],used_budget_read[1],used_budget_read[2],used_budget_read[3],used_budget_read[4],used_budget_read[5],used_budget_read[6],used_budget_read[7],used_budget_read[8],used_budget_read[9],used_budget_write[0],used_budget_write[1],used_budget_write[2],used_budget_write[3],used_budget_write[4],used_budget_write[5],used_budget_write[6],used_budget_write[7],used_budget_write[8],used_budget_write[9],calculated_read[0],calculated_read[1],calculated_read[2],calculated_read[3],calculated_read[4],calculated_read[5],calculated_read[6],calculated_read[7],calculated_read[8],calculated_read[9],calculated_write[0],calculated_write[1],calculated_write[2],calculated_write[3],calculated_write[4],calculated_write[5],calculated_write[6],calculated_write[7],calculated_write[8],calculated_write[9],
got dijkstra_wrapper (552)
got bandwidth_wrapper (553)
EWMA,14514966,8988149,5526817,6079664,3723391,1251769,1046631,1102186,953687,885274,809274,785065,572556,804159,777548,684002,660073,698598,600469,555419,505065,489149,347631,502063,484348,250353,409608,548123,629235,680442,706208,721979,692094,714507,727115,136800,241454,332882,386399,420203,437175,447569,427581,442477,450851,
SW,14035140,8666803,5368337,6184795,3832431,1500473,139230,456999,799809,821459,1035718,1026834,823417,1026280,1036584,932483,81493,285787,498013,501627,644435,638487,502903,638125,644984,1179697,1048775,698901,465346,465346,465346,465346,465346,465346,465346,729967,650193,433254,288431,288431,288431,288431,288431,288431,288431,
AFC,13707210,8471776,5235434,5675137,3505686,474761,1414706,1141455,806842,923118,853154,638400,816904,801129,601307,270601,884473,712188,495104,576123,531628,389775,509533,499460,366549,94952,358902,515412,573698,643582,685496,676077,704242,723619,699157,54120,220190,318589,353892,398338,424996,417952,436268,448906,432435,
AMBP,13962943,8621665,5341278,76751708,47578836,613361,1379140,966718,999893,894512,770742,754115,811856,720855,710473,374779,858392,594315,622879,556539,476401,466730,506029,445915,439299,122752,374029,492566,594031,654127,677450,692783,716597,717448,71709925,75035,231706,304227,367957,405673,419818,429200,444565,444835,44455820,
PIC,24252010,14958240,9293770,4275521570,4282885380,1495824,1495824,1495824,1495824,1495824,1495824,1495824,1495824,1495824,1495824,929377,929377,929377,929377,929377,929377,929377,929377,929377,929377,427552157,427552157,427552157,427552157,427552157,427552157,427552157,427552157,427552157,427552157,428288538,428288538,428288538,428288538,428288538,428288538,428288538,428288538,428288538,428288538,
end--> Completion message received. Exiting.
