--> Waiting for autoboot prompt...
NOTICE:  BL31: v2.9(release):8a3945e
NOTICE:  BL31: Built : 17:27:52, May  1 2024


U-Boot 2022.10 (May 01 2024 - 17:26:49 -0300)

DRAM:  7.1 GiB
RPI 4 Model B (0xd03115)
Core:  202 devices, 16 uclasses, devicetree: board
MMC:   mmcnr@7e300000: 1, emmc2@7e340000: 0
Loading Environment from FAT... ** No partition table - mmc 0 **
In:    serial
Out:   serial
Err:   serial
Net:   eth0: ethernet@7d580000
PCIe BRCM: link up, 5.0 Gbps x1 (SSC)
starting USB...
Bus xhci_pci: Register 5000420 NbrPorts 5
Starting the controller
USB XHCI 1.00
scanning bus xhci_pci for devices... 2 USB Device(s) found
       scanning usb for storage devices... 0 Storage Device(s) found
Hit any key to stop autoboot:--> Autoboot stopped. Waiting for U-Boot prompt...
 0 
U-Boot>--> Benchmark command sent. Waiting for completion...
fatload mmc 0 0x200000 bao-115.bin; go 0x200000
1417216 bytes read in 105 ms (12.9 MiB/s)
## Starting application at 0x00200000 ...
BENCH_ARRAY_INDEX 114
budget_function,PMU_counter_used_budget,PMU_counter_used_budget_r,PMU_counter_used_budget_w,total_calc_r,total_calc_w,used_budget_read[0],used_budget_read[1],used_budget_read[2],used_budget_read[3],used_budget_read[4],used_budget_read[5],used_budget_read[6],used_budget_read[7],used_budget_read[8],used_budget_read[9],used_budget_write[0],used_budget_write[1],used_budget_write[2],used_budget_write[3],used_budget_write[4],used_budget_write[5],used_budget_write[6],used_budget_write[7],used_budget_write[8],used_budget_write[9],calculated_read[0],calculated_read[1],calculated_read[2],calculated_read[3],calculated_read[4],calculated_read[5],calculated_read[6],calculated_read[7],calculated_read[8],calculated_read[9],calculated_write[0],calculated_write[1],calculated_write[2],calculated_write[3],calculated_write[4],calculated_write[5],calculated_write[6],calculated_write[7],calculated_write[8],calculated_write[9],
got dijkstra_wrapper (912)
got mser_wrapper (913)
EWMA,24627465,18548548,6078917,12665630,4118917,2917090,2861663,1307594,2059794,2149718,892718,1809083,2003135,791362,1756391,683974,873797,779961,545501,598710,611993,445388,538971,577264,423358,583418,1039067,1092772,1286176,1458884,1345650,1438336,1551295,1399308,1470724,136794,284194,383347,415777,452363,484289,476508,489000,506652,489993,
SW,24146101,18177924,5968177,12746127,4322592,3157635,997087,132461,1726455,2489685,1389802,2202917,2490180,1389502,2202200,930234,205222,340172,437965,687603,738302,601552,687477,737952,601698,2444818,2208241,1429061,952001,952001,952001,952001,952001,952001,952001,810119,726095,491876,327786,327786,327786,327786,327786,327786,327786,
AFC,24473874,18592401,5881473,12416784,3957423,2124766,2404811,2606344,2023043,965571,2157788,1751710,803779,2060763,1693826,589680,715637,771090,558269,713989,556050,428808,637465,509718,400767,424953,820924,1178008,1347015,1270727,1448139,1508853,1367839,1506423,1543903,117936,237476,344198,387012,452407,473135,464270,498909,501070,481010,
AMBP,21031832,15100724,5931108,582529687,150516443,352303,3085627,2769987,1247466,2032435,2138802,868526,868526,868526,868526,754932,778902,739071,697011,495300,568969,595037,433962,433962,433962,70540,673557,1092843,1123767,1305500,1472160,144197830,144197830,144197830,144197830,151066,276633,369120,434698,446818,471248,496005,49290285,49290285,49290285,
PIC,40871900,31571010,9300890,4253924970,4282876120,3157101,3157101,3157101,3157101,3157101,3157101,3157101,3157101,3157101,3157101,930089,930089,930089,930089,930089,930089,930089,930089,930089,930089,425392497,425392497,425392497,425392497,425392497,425392497,425392497,425392497,425392497,425392497,428287612,428287612,428287612,428287612,428287612,428287612,428287612,428287612,428287612,428287612,
end--> Completion message received. Exiting.
