--> Waiting for autoboot prompt...
NOTICE:  BL31: v2.9(release):8a3945e
NOTICE:  BL31: Built : 17:27:52, May  1 2024


U-Boot 2022.10 (May 01 2024 - 17:26:49 -0300)

DRAM:  7.1 GiB
RPI 4 Model B (0xd03115)
Core:  202 devices, 16 uclasses, devicetree: board
MMC:   mmcnr@7e300000: 1, emmc2@7e340000: 0
Loading Environment from FAT... ** No partition table - mmc 0 **
In:    serial
Out:   serial
Err:   serial
Net:   eth0: ethernet@7d580000
PCIe BRCM: link up, 5.0 Gbps x1 (SSC)
starting USB...
Bus xhci_pci: Register 5000420 NbrPorts 5
Starting the controller
USB XHCI 1.00
scanning bus xhci_pci for devices... 2 USB Device(s) found
       scanning usb for storage devices... 0 Storage Device(s) found
Hit any key to stop autoboot:--> Autoboot stopped. Waiting for U-Boot prompt...
 0 
U-Boot>--> Benchmark command sent. Waiting for completion...
fatload mmc 0 0x200000 bao-35.bin; go 0x200000
1417216 bytes read in 105 ms (12.9 MiB/s)
## Starting application at 0x00200000 ...
BENCH_ARRAY_INDEX 34
budget_function,PMU_counter_used_budget,PMU_counter_used_budget_r,PMU_counter_used_budget_w,total_calc_r,total_calc_w,used_budget_read[0],used_budget_read[1],used_budget_read[2],used_budget_read[3],used_budget_read[4],used_budget_read[5],used_budget_read[6],used_budget_read[7],used_budget_read[8],used_budget_read[9],used_budget_write[0],used_budget_write[1],used_budget_write[2],used_budget_write[3],used_budget_write[4],used_budget_write[5],used_budget_write[6],used_budget_write[7],used_budget_write[8],used_budget_write[9],calculated_read[0],calculated_read[1],calculated_read[2],calculated_read[3],calculated_read[4],calculated_read[5],calculated_read[6],calculated_read[7],calculated_read[8],calculated_read[9],calculated_write[0],calculated_write[1],calculated_write[2],calculated_write[3],calculated_write[4],calculated_write[5],calculated_write[6],calculated_write[7],calculated_write[8],calculated_write[9],
got bandwidth_wrapper (272)
got mser_wrapper (273)
EWMA,17208729,12699663,4509066,8896112,2961680,1793210,2070287,1634430,1259109,546332,1160200,1487256,1287730,1036979,424130,396470,672242,537782,350479,637896,290804,408607,380154,258565,576067,358642,700971,887662,961951,878827,935101,1045532,1093971,1082572,950883,79294,197883,265862,282785,353807,341206,354686,359779,339536,386842,
SW,16170746,11711963,4458783,10429942,3073522,2337677,319747,319747,349043,1417797,1615636,1428579,810949,1358364,1754424,735833,88419,340052,260414,519161,498543,387205,681695,419462,527999,1849308,1702652,1702652,1002156,695529,695529,695529,695529,695529,695529,551503,526522,388101,229628,229628,229628,229628,229628,229628,229628,
AFC,17095954,12681669,4414285,8400704,2951148,1356957,1868854,1005961,1377068,1594935,1353231,1087821,443392,1137662,1455788,421191,546344,708345,365439,446107,402807,275584,582365,273576,392527,271391,590883,673898,814532,970612,1047135,1055272,932896,973849,1070236,84238,176659,282996,299484,328808,343607,330003,380475,359096,365782,
AMBP,14736024,10816005,3920019,312419077,136386706,918542,1983507,1034681,1407941,1616431,1365479,1105698,461242,461242,461242,266531,586330,696723,380660,456219,408752,281201,281201,281201,281201,183788,543731,641921,795125,959386,1040604,1053622,102400300,102400300,102400300,53386,159974,267323,289990,323235,340338,33738115,33738115,33738115,33738115,
PIC,27333030,20772290,6560740,4267963300,4286438320,2077229,2077229,2077229,2077229,2077229,2077229,2077229,2077229,2077229,2077229,656074,656074,656074,656074,656074,656074,656074,656074,656074,656074,426796330,426796330,426796330,426796330,426796330,426796330,426796330,426796330,426796330,426796330,428643832,428643832,428643832,428643832,428643832,428643832,428643832,428643832,428643832,428643832,
end--> Completion message received. Exiting.
