--> Waiting for autoboot prompt...
NOTICE:  BL31: v2.9(release):8a3945e
NOTICE:  BL31: Built : 17:27:52, May  1 2024


U-Boot 2022.10 (May 01 2024 - 17:26:49 -0300)

DRAM:  7.1 GiB
RPI 4 Model B (0xd03115)
Core:  202 devices, 16 uclasses, devicetree: board
MMC:   mmcnr@7e300000: 1, emmc2@7e340000: 0
Loading Environment from FAT... ** No partition table - mmc 0 **
In:    serial
Out:   serial
Err:   serial
Net:   eth0: ethernet@7d580000
PCIe BRCM: link up, 5.0 Gbps x1 (SSC)
starting USB...
Bus xhci_pci: Register 5000420 NbrPorts 5
Starting the controller
USB XHCI 1.00
scanning bus xhci_pci for devices... 2 USB Device(s) found
       scanning usb for storage devices... 0 Storage Device(s) found
Hit any key to stop autoboot:--> Autoboot stopped. Waiting for U-Boot prompt...
 0 
U-Boot>--> Benchmark command sent. Waiting for completion...
fatload mmc 0 0x200000 bao-29.bin; go 0x200000
1437696 bytes read in 105 ms (13.1 MiB/s)
## Starting application at 0x00200000 ...
BENCH_ARRAY_INDEX 28
budget_function,PMU_counter_used_budget,PMU_counter_used_budget_r,PMU_counter_used_budget_w,total_calc_r,total_calc_w,total_cycles,total_instructions,total_cache_misses,total_mispredicts,cycles[0],cycles[1],cycles[2],cycles[3],cycles[4],cycles[5],cycles[6],cycles[7],cycles[8],cycles[9],instructions[0],instructions[1],instructions[2],instructions[3],instructions[4],instructions[5],instructions[6],instructions[7],instructions[8],instructions[9],cache_misses[0],cache_misses[1],cache_misses[2],cache_misses[3],cache_misses[4],cache_misses[5],cache_misses[6],cache_misses[7],cache_misses[8],cache_misses[9],mispredicts[0],mispredicts[1],mispredicts[2],mispredicts[3],mispredicts[4],mispredicts[5],mispredicts[6],mispredicts[7],mispredicts[8],mispredicts[9],used_budget_read[0],used_budget_read[1],used_budget_read[2],used_budget_read[3],used_budget_read[4],used_budget_read[5],used_budget_read[6],used_budget_read[7],used_budget_read[8],used_budget_read[9],used_budget_write[0],used_budget_write[1],used_budget_write[2],used_budget_write[3],used_budget_write[4],used_budget_write[5],used_budget_write[6],used_budget_write[7],used_budget_write[8],used_budget_write[9],calculated_read[0],calculated_read[1],calculated_read[2],calculated_read[3],calculated_read[4],calculated_read[5],calculated_read[6],calculated_read[7],calculated_read[8],calculated_read[9],calculated_write[0],calculated_write[1],calculated_write[2],calculated_write[3],calculated_write[4],calculated_write[5],calculated_write[6],calculated_write[7],calculated_write[8],calculated_write[9],
got bandwidth_wrapper (224)
got fft_wrapper (225)
EWMA_v2,24653860,15244597,9409263,9789180,6041606,59985498,83433982,492325,1109,6026224,5987658,5995778,5996272,5996338,5996883,5995983,5996862,5996881,5996619,8132420,8343529,8393426,8292317,8372558,8420084,8308955,8423411,8386127,8361155,49511,49219,49135,49390,49188,49031,49297,49261,49119,49174,241,162,112,97,86,82,83,82,82,82,1490296,1524600,1532745,1515840,1529176,1537071,1518568,1537630,1531439,1527232,918727,940908,946390,935119,944022,949277,936929,949656,945517,942718,298059,543367,741242,896161,1022764,1125625,1204213,1270896,1323004,1363849,183745,335177,457419,552959,631171,694792,743219,784506,816708,841910,
SW_v2,46199707,28081051,18118656,23057258,14894619,101643218,167114929,491181,910,5646162,5991145,5995949,5995555,5996386,12001691,12001723,12001766,18006734,18006107,7659619,8432298,8406432,8381252,8417360,20350177,20412349,20355388,32334388,32365666,49163,48975,49092,49182,49084,49100,49027,49305,49084,49169,99,92,98,89,83,90,89,86,92,92,296746,1539145,1534853,1530626,1536644,3526114,3536474,3526964,5524147,5529338,273126,950664,947791,944970,948993,2275529,2282444,2276126,3607771,3611242,296746,917946,1123581,1534875,1534041,2197795,2866411,3529851,4195862,4860150,273126,611895,723860,947808,947251,1389831,1835655,2278033,2722114,3165046,
AFC_v2,23760158,14613355,9146803,9223366,5805765,71775823,107306937,491906,834,17808959,5993361,5996846,5995926,5996458,5997790,5997074,5995919,5996326,5997164,31941557,8350449,8296134,8390104,8406654,8375938,8380532,8462945,8340137,8362487,49129,49068,49274,49227,49119,49294,49230,49116,49326,49123,95,90,84,83,81,81,81,80,79,80,848690,1525524,1516432,1532102,1534856,1529717,1530510,1544252,1523777,1527495,649276,941591,935537,945965,947806,944383,944898,954046,940406,942895,169738,440895,656002,831222,971948,1083501,1172902,1247172,1302493,1347493,129855,292202,420869,525888,610271,677093,730654,775332,808346,835255,
LR_v2,72949285,44132264,28817021,46901259,30625529,149914651,263294064,491171,854,5860280,5994092,12002568,18007792,18008926,18008054,18007640,18009940,18007849,18007510,8075550,8360399,20342138,32372537,32333814,32360677,32389942,32329723,32311702,32417582,49161,49045,49265,49080,49066,49077,49060,49139,49158,49120,84,83,88,93,88,86,83,85,83,81,382364,1527178,3524771,5530469,5523979,5528530,5533368,5523286,5520326,5537993,325941,942678,2274659,3612001,3607664,3610695,3613926,3607211,3605227,3617019,573546,2099585,4523567,6533318,5520734,5530805,5535787,5518245,5518846,5546826,488911,1251046,2940649,4280672,3605496,3612210,3615541,3603854,3604235,3622915,
AMBP_v2,22479981,13845278,8634703,6508859,4072718,71641218,106818376,492292,815,17675750,5993875,5993866,5997173,5996737,5996188,5996467,5997069,5997351,5996742,31742999,8351918,8234081,8414595,8412572,8288894,8315369,8406482,8288561,8362905,49126,49068,49427,49175,49045,49445,49229,49113,49418,49246,90,86,84,79,80,79,79,79,79,80,128871,1525766,1506210,1536167,1535851,1515231,1519649,1534817,1515165,1527551,169308,941763,928753,948687,948460,934710,937655,947772,934662,942933,23268,291390,480918,622770,724847,794630,845669,885148,910035,930184,30546,191510,305062,390408,451816,493554,524136,547976,562781,574929,
PIC_v2,83563564,50511156,33052408,13850125129,13839332261,167658613,299054513,490877,845,5576243,18005866,18008915,18009708,18010208,18010129,18009687,18009002,18009185,18009670,7545035,32423332,32437412,32384295,32330447,32419685,32383228,32366999,32376109,32387971,49112,49043,49077,49046,49088,49122,49042,49125,49118,49104,84,85,85,85,85,85,85,84,84,83,711261,5538886,5541240,5532395,5523396,5538282,5532203,5529495,5531028,5532970,527336,3617611,3619184,3613285,3607285,3617190,3613152,3611339,3612361,3613665,429138981,774415691,1050637530,1271613232,1448391994,1589817981,1702957555,1793468672,1865877872,1923805621,429102196,774002008,1049922172,1270657124,1447243885,1588515275,1701531580,1791944261,1864274610,1922139150,
EWMA,15499943,9582503,5917440,6525971,4029703,59964459,84040662,490647,806,5993842,5993784,5997148,5997705,5997240,5996937,5997375,5996708,5997053,5996667,8354451,8345072,8398559,8393920,8454989,8414621,8364861,8455257,8447796,8411136,49037,49162,49070,49052,49042,49077,49064,49005,49084,49054,90,81,81,79,79,79,80,79,79,79,1526159,1219356,1045465,933221,876640,827841,795674,798039,786180,773928,942023,752562,645678,576270,541816,511246,490961,493260,485748,477876,305231,488056,599537,666273,708346,732245,744930,755551,761676,764126,188404,301235,370123,411352,437444,452204,459955,466616,470442,471928,
SW,14934520,9233997,5700523,6570938,4057476,59946267,83823970,490915,795,5996146,5994317,5995294,5996047,5995253,5994637,5993610,5993592,5993673,5993698,8369896,8343913,8411288,8342246,8346777,8395306,8424852,8371411,8403671,8414610,49113,49087,49142,49127,49122,49072,49055,49094,49013,49090,79,79,80,80,79,80,79,80,80,79,1528729,299821,413469,776784,1028205,1036299,1041207,1032305,1037681,1039497,943719,187356,254667,478738,634220,639633,642900,636956,640572,641762,1224581,1122180,747340,496691,496691,496691,496691,496691,496691,496691,753466,693656,461914,306920,306920,306920,306920,306920,306920,306920,
AFC,15016595,9285153,5731442,6242176,3852563,59907649,83553539,491909,797,5941510,5992688,5995605,5996303,5998054,5996968,5996821,5996367,5997219,5996114,8292921,8319194,8339798,8430905,8258354,8418022,8348654,8316796,8378811,8450084,49004,49379,49149,49121,49439,49144,49137,49376,49067,49093,82,80,79,79,80,79,80,80,79,79,1019283,1316461,1097304,978326,866152,848237,804723,782566,783857,788244,628311,812465,677328,604611,533798,524204,496633,482712,484080,487300,203856,426377,560562,644114,688521,720464,737315,746365,753863,760739,125662,263022,345883,397628,424862,444730,455110,460630,465320,469716,
AMBP,14712204,9098557,5613647,6058083,3736457,59571912,82916700,491518,795,5606045,5991785,5997283,5996380,5996879,5996673,5997295,5996317,5996687,5996568,7532329,8304178,8396721,8421502,8322797,8357330,8372561,8404148,8386348,8418786,49173,49334,49090,49060,49282,49059,49084,49207,49123,49106,82,79,79,79,79,79,80,79,79,80,628606,1391993,1154159,1003264,892982,845721,815292,800276,784090,782174,381131,860115,713625,620257,551098,522183,503474,494383,484172,483209,125801,379039,534063,627903,680918,713878,734160,747383,754724,760214,76306,233067,329178,387393,420134,440543,453129,461379,465937,469391,
PIC,10343720,6434060,3909660,4286603000,4289884720,167688465,299083752,490274,845,5607278,18005243,18009326,18009282,18009187,18009810,18009705,18009650,18010031,18008953,7617819,32341330,32433976,32348644,32450917,32344915,32404443,32362359,32398470,32380879,49051,49049,49052,48982,48967,49112,48996,49007,49038,49020,83,87,84,84,85,84,85,84,84,85,643406,643406,643406,643406,643406,643406,643406,643406,643406,643406,390966,390966,390966,390966,390966,390966,390966,390966,390966,390966,428660300,428660300,428660300,428660300,428660300,428660300,428660300,428660300,428660300,428660300,428988472,428988472,428988472,428988472,428988472,428988472,428988472,428988472,428988472,428988472,
end--> Completion message received. Exiting.
