--> Waiting for autoboot prompt...
NOTICE:  BL31: v2.9(release):8a3945e
NOTICE:  BL31: Built : 17:27:52, May  1 2024


U-Boot 2022.10 (May 01 2024 - 17:26:49 -0300)

DRAM:  7.1 GiB
RPI 4 Model B (0xd03115)
Core:  202 devices, 16 uclasses, devicetree: board
MMC:   mmcnr@7e300000: 1, emmc2@7e340000: 0
Loading Environment from FAT... ** No partition table - mmc 0 **
In:    serial
Out:   serial
Err:   serial
Net:   eth0: ethernet@7d580000
PCIe BRCM: link up, 5.0 Gbps x1 (SSC)
starting USB...
Bus xhci_pci: Register 5000420 NbrPorts 5
Starting the controller
USB XHCI 1.00
scanning bus xhci_pci for devices... 2 USB Device(s) found
       scanning usb for storage devices... 0 Storage Device(s) found
Hit any key to stop autoboot:--> Autoboot stopped. Waiting for U-Boot prompt...
 0 
U-Boot>--> Benchmark command sent. Waiting for completion...
fatload mmc 0 0x200000 bao-101.bin; go 0x200000
1441792 bytes read in 110 ms (12.5 MiB/s)
## Starting application at 0x00200000 ...
BENCH_ARRAY_INDEX 100
budget_function,PMU_counter_used_budget,PMU_counter_used_budget_r,PMU_counter_used_budget_w,total_calc_r,total_calc_w,total_cycles,total_instructions,total_cache_misses,total_mispredicts,cycles[0],cycles[1],cycles[2],cycles[3],cycles[4],cycles[5],cycles[6],cycles[7],cycles[8],cycles[9],instructions[0],instructions[1],instructions[2],instructions[3],instructions[4],instructions[5],instructions[6],instructions[7],instructions[8],instructions[9],cache_misses[0],cache_misses[1],cache_misses[2],cache_misses[3],cache_misses[4],cache_misses[5],cache_misses[6],cache_misses[7],cache_misses[8],cache_misses[9],mispredicts[0],mispredicts[1],mispredicts[2],mispredicts[3],mispredicts[4],mispredicts[5],mispredicts[6],mispredicts[7],mispredicts[8],mispredicts[9],used_budget_read[0],used_budget_read[1],used_budget_read[2],used_budget_read[3],used_budget_read[4],used_budget_read[5],used_budget_read[6],used_budget_read[7],used_budget_read[8],used_budget_read[9],used_budget_write[0],used_budget_write[1],used_budget_write[2],used_budget_write[3],used_budget_write[4],used_budget_write[5],used_budget_write[6],used_budget_write[7],used_budget_write[8],used_budget_write[9],calculated_read[0],calculated_read[1],calculated_read[2],calculated_read[3],calculated_read[4],calculated_read[5],calculated_read[6],calculated_read[7],calculated_read[8],calculated_read[9],calculated_write[0],calculated_write[1],calculated_write[2],calculated_write[3],calculated_write[4],calculated_write[5],calculated_write[6],calculated_write[7],calculated_write[8],calculated_write[9],
got dijkstra_wrapper (800)
got fft_wrapper (801)
EWMA_v2,33343469,20048737,13294732,12890133,8547870,59966353,119243509,97,1005,6023602,5986259,5993612,5994285,5994418,5994690,5994852,5994917,5994868,5994850,11937535,11905237,11921770,11924326,11925032,11925613,11925987,11926036,11926027,11925946,86,2,2,1,1,1,1,1,1,1,221,134,104,86,79,76,76,77,76,76,2007817,2001752,2004463,2004789,2004881,2004957,2005018,2005025,2005023,2005012,1332006,1327336,1329125,1329352,1329416,1329463,1329507,1329513,1329511,1329503,401563,721600,978172,1183495,1347772,1479209,1584370,1668501,1735805,1789646,266401,478588,648695,784826,893744,980887,1050611,1106391,1151015,1186712,
SW_v2,37436355,22450668,14985687,19124837,12843033,71794979,142891093,15,855,5833993,5991732,5994325,5994327,5994850,5995834,5996380,5996662,11997138,11999738,11600462,11918723,11924113,11924254,11925421,11927670,11928896,11929343,23903482,23908729,13,1,1,0,0,0,0,0,0,0,96,89,87,85,84,82,81,81,86,84,411247,2003841,2004737,2004758,2004956,2005320,2005503,2005578,4001925,4002803,356764,1328727,1329331,1329335,1329467,1329713,1329838,1329881,2661022,2661609,411247,1207544,1473275,2004445,2004817,2005011,2005260,2005467,2671002,3336769,356764,842746,1004941,1329131,1329378,1329505,1329673,1329811,1773580,2217504,
AFC_v2,31502438,18890128,12612310,11855800,7938627,65741840,130815312,19,781,11790873,5992122,5994740,5994913,5994835,5994891,5994873,5994857,5994837,5994899,23487999,11920226,11925663,11925977,11925874,11925969,11925887,11925883,11925894,11925940,13,1,1,1,0,1,0,1,1,0,88,79,77,78,77,76,77,76,76,77,846015,2004065,2004970,2005019,2005005,2005020,2005007,2005003,2005005,2005019,647443,1328874,1329472,1329509,1329496,1329508,1329501,1329500,1329499,1329508,169203,536175,829934,1064951,1252961,1403372,1523699,1619959,1696968,1758578,129488,369365,561386,715010,837907,936227,1014881,1077804,1128143,1168416,
LR_v2,80631830,48367829,32264001,51368762,34261256,149597456,298154556,24,882,5553397,5992429,12000115,18006228,18007203,18007389,18007485,18007543,18007440,18008227,11039769,11920969,23909785,35894325,35896905,35898030,35898477,35898748,35898660,35898888,13,2,2,1,1,1,1,1,1,1,85,76,80,100,108,93,87,84,83,86,348848,2004186,4002977,6001166,6001600,6001737,6001803,6001832,6001810,6001870,312717,1328952,2661704,3994029,3994314,3994408,3994442,3994471,3994450,3994514,523272,2831855,5002372,7000260,6001817,6001805,6001836,6001846,6001799,6001900,469075,1837069,3328080,4660191,3994456,3994455,3994459,3994485,3994440,3994546,
AMBP_v2,30432199,18248033,12184166,8584175,5744180,71821672,142949249,15,789,17870809,5992141,5994771,5994793,5994881,5994828,5994914,5994827,5994795,5994913,35622392,11920175,11925546,11925712,11925871,11925850,11925973,11925856,11925892,11925982,13,1,1,0,0,0,0,0,0,0,86,81,81,79,78,77,77,77,76,77,203961,2004068,2004967,2004985,2005010,2005003,2005020,2004995,2005002,2005022,219305,1328888,1329474,1329484,1329505,1329500,1329514,1329491,1329493,1329512,36784,387216,639689,821473,952362,1046601,1114455,1163306,1198480,1223809,39546,267672,432028,550367,635574,696923,741096,772897,795794,812283,
PIC_v2,91752479,55040072,36712407,13852994682,13841646864,168040741,334968749,15,823,5975284,18005106,18007316,18007549,18007570,18007577,18007584,18007595,18007580,18007580,11883786,35893764,35898372,35898833,35898984,35898982,35898979,35899052,35899013,35898984,13,1,1,0,0,0,0,0,0,0,80,87,83,83,82,81,82,82,81,82,1024275,6001005,6001768,6001847,6001862,6001856,6001857,6001870,6001868,6001864,762628,3993918,3994438,3994489,3994483,3994492,3994485,3994495,3994497,3994482,429201584,774558197,1050843640,1271872011,1448694710,1590152868,1703319395,1793852619,1866279198,1924220460,429149255,774114917,1050087550,1270865667,1447488159,1588786155,1701824550,1792255268,1864599843,1922475500,
EWMA,20814475,12515530,8298945,8529721,5655996,59944929,119250895,3,783,5991679,5994164,5994751,5994899,5994904,5994857,5994955,5994911,5994868,5994941,11919148,11924402,11925600,11926000,11925928,11925865,11926108,11925928,11925907,11926009,1,1,1,0,0,0,0,0,0,0,84,79,78,77,78,77,77,78,77,78,2003889,1603995,1363551,1219183,1132507,1080497,1049339,1030584,1019352,1012633,1328780,1063605,904152,808430,750948,716463,695811,683373,675921,671462,400777,641420,785846,872513,924511,955708,974434,985664,992401,996447,265756,425325,521090,578558,613036,633721,646139,653585,658052,660734,
SW,20093757,12082863,8010894,8608606,5709775,59926608,119214095,3,782,5994470,5993130,5993487,5993237,5993040,5992605,5992038,5991707,5991542,5991352,11924959,11922293,11923003,11922598,11922184,11921344,11920126,11919556,11919196,11918836,1,1,1,0,0,0,0,0,0,0,80,79,79,78,77,78,78,78,77,78,2004861,370404,544915,1031071,1355597,1355459,1355254,1355163,1355099,1355040,1329411,248162,360469,683121,898511,898409,898285,898213,898177,898136,1634015,1459619,973393,648797,648797,648797,648797,648797,648797,648797,1080955,968718,646014,430584,430584,430584,430584,430584,430584,430584,
AFC,20197818,12147159,8050659,8167222,5411651,59668853,118667787,16,865,5718107,5991534,5994779,5994845,5994924,5994876,5994961,5994869,5994967,5994991,11340960,11919097,11925700,11925922,11925964,11925973,11926060,11925958,11926054,11926099,14,1,1,0,0,0,0,0,0,0,165,80,78,78,78,77,77,77,77,78,1275320,1748820,1451165,1271730,1164051,1099439,1060681,1037400,1023460,1015093,837727,1161202,963204,843838,772216,729229,703456,687962,678697,673128,255064,553815,733285,840974,905589,944359,967623,981578,989954,994981,167545,366276,485661,557296,600280,626069,641546,650829,656402,659747,
AMBP,19862850,11945719,7917131,7969489,5280722,59512371,118354668,15,868,5563377,5990659,5994785,5994709,5994925,5994750,5994823,5994769,5994795,5994779,11031661,11917299,11925604,11925577,11925967,11925685,11925779,11925708,11925698,11925690,13,1,1,0,0,0,0,0,0,0,166,79,79,78,78,77,77,78,78,78,877586,1827995,1498899,1300323,1181249,1109707,1066837,1041090,1025648,1016385,574199,1213647,994822,862770,783602,736036,707531,690406,680143,673975,175597,506076,704640,823776,895270,938157,963893,979332,988595,994153,114919,334664,466695,545910,593448,621965,639078,649343,655503,659197,
PIC,14529230,8782710,5746520,4283549760,4287496800,167628796,334115094,14,890,5562922,18004607,18007497,18007653,18007646,18007729,18007672,18007708,18007694,18007668,11030844,35892695,35898631,35899206,35898879,35899002,35898903,35899013,35898937,35898984,12,1,1,0,0,0,0,0,0,0,164,87,85,79,79,79,80,79,80,78,878271,878271,878271,878271,878271,878271,878271,878271,878271,878271,574652,574652,574652,574652,574652,574652,574652,574652,574652,574652,428354976,428354976,428354976,428354976,428354976,428354976,428354976,428354976,428354976,428354976,428749680,428749680,428749680,428749680,428749680,428749680,428749680,428749680,428749680,428749680,
end--> Completion message received. Exiting.
