--> Waiting for autoboot prompt...
NOTICE:  BL31: v2.9(release):8a3945e
NOTICE:  BL31: Built : 17:27:52, May  1 2024


U-Boot 2022.10 (May 01 2024 - 17:26:49 -0300)

DRAM:  7.1 GiB
RPI 4 Model B (0xd03115)
Core:  202 devices, 16 uclasses, devicetree: board
MMC:   mmcnr@7e300000: 1, emmc2@7e340000: 0
Loading Environment from FAT... ** No partition table - mmc 0 **
In:    serial
Out:   serial
Err:   serial
Net:   eth0: ethernet@7d580000
PCIe BRCM: link up, 5.0 Gbps x1 (SSC)
starting USB...
Bus xhci_pci: Register 5000420 NbrPorts 5
Starting the controller
USB XHCI 1.00
scanning bus xhci_pci for devices... 2 USB Device(s) found
       scanning usb for storage devices... 0 Storage Device(s) found
Hit any key to stop autoboot:--> Autoboot stopped. Waiting for U-Boot prompt...
 0 
U-Boot>--> Benchmark command sent. Waiting for completion...
fatload mmc 0 0x200000 bao-87.bin; go 0x200000
1417216 bytes read in 104 ms (13 MiB/s)
## Starting application at 0x00200000 ...
BENCH_ARRAY_INDEX 86
budget_function,PMU_counter_used_budget,PMU_counter_used_budget_r,PMU_counter_used_budget_w,total_calc_r,total_calc_w,used_budget_read[0],used_budget_read[1],used_budget_read[2],used_budget_read[3],used_budget_read[4],used_budget_read[5],used_budget_read[6],used_budget_read[7],used_budget_read[8],used_budget_read[9],used_budget_write[0],used_budget_write[1],used_budget_write[2],used_budget_write[3],used_budget_write[4],used_budget_write[5],used_budget_write[6],used_budget_write[7],used_budget_write[8],used_budget_write[9],calculated_read[0],calculated_read[1],calculated_read[2],calculated_read[3],calculated_read[4],calculated_read[5],calculated_read[6],calculated_read[7],calculated_read[8],calculated_read[9],calculated_write[0],calculated_write[1],calculated_write[2],calculated_write[3],calculated_write[4],calculated_write[5],calculated_write[6],calculated_write[7],calculated_write[8],calculated_write[9],
got dijkstra_wrapper (688)
got disparity_wrapper (689)
EWMA,24893284,21883460,3009824,15112317,1912868,3213571,2991941,2535287,2314113,2086461,1998280,1939945,1911737,1093846,1798279,207594,407689,326947,290169,253201,250177,236192,229382,656810,151663,642714,1112559,1397104,1580505,1681696,1745012,1783998,1809545,1666405,1692779,41518,114752,157191,183786,197669,208170,213774,216895,304878,274235,
SW,24225733,21176903,3048830,15931464,1920853,3639854,702392,1024666,1898721,2472855,1802920,2255494,2440788,2438691,2500522,443443,103637,115282,221119,299835,656273,309702,304112,294608,300819,2997189,2685153,1788971,1208593,1208593,1208593,1208593,1208593,1208593,1208593,342473,330840,220787,146679,146679,146679,146679,146679,146679,146679,
AFC,24628736,21742061,2886675,14505440,1985523,2199214,3275835,2686365,2326388,1465926,1947173,2037780,1957636,1960602,1885142,265787,393330,323769,281286,628011,183807,194058,197945,213321,205361,439842,1007040,1342905,1539601,1524866,1609327,1695017,1747540,1790152,1809150,53157,121191,161706,185622,274099,256041,243645,234505,230269,225288,
AMBP,24241013,21446421,2794592,14193316,153028816,1640221,3363317,2731889,1709797,2090881,2124169,2010264,1996834,1901070,1877979,198234,404965,329898,659905,200265,200265,200265,200265,200265,200265,328124,935162,1294507,1377565,1520228,1641016,1714865,1771258,1797220,1813371,39726,112773,156198,256939,25410530,25410530,25410530,25410530,25410530,25410530,
PIC,20278380,15798000,4480380,4274429880,4289142780,1579800,1579800,1579800,1579800,1579800,1579800,1579800,1579800,1579800,1579800,448038,448038,448038,448038,448038,448038,448038,448038,448038,448038,427442988,427442988,427442988,427442988,427442988,427442988,427442988,427442988,427442988,427442988,428914278,428914278,428914278,428914278,428914278,428914278,428914278,428914278,428914278,428914278,
end--> Completion message received. Exiting.
