--> Waiting for autoboot prompt...
NOTICE:  BL31: v2.9(release):8a3945e
NOTICE:  BL31: Built : 17:27:52, May  1 2024


U-Boot 2022.10 (May 01 2024 - 17:26:49 -0300)

DRAM:  7.1 GiB
RPI 4 Model B (0xd03115)
Core:  202 devices, 16 uclasses, devicetree: board
MMC:   mmcnr@7e300000: 1, emmc2@7e340000: 0
Loading Environment from FAT... ** No partition table - mmc 0 **
In:    serial
Out:   serial
Err:   serial
Net:   eth0: ethernet@7d580000
PCIe BRCM: link up, 5.0 Gbps x1 (SSC)
starting USB...
Bus xhci_pci: Register 5000420 NbrPorts 5
Starting the controller
USB XHCI 1.00
scanning bus xhci_pci for devices... 2 USB Device(s) found
       scanning usb for storage devices... 0 Storage Device(s) found
Hit any key to stop autoboot:--> Autoboot stopped. Waiting for U-Boot prompt...
 0 
U-Boot>--> Benchmark command sent. Waiting for completion...
fatload mmc 0 0x200000 bao-80.bin; go 0x200000
1421312 bytes read in 105 ms (12.9 MiB/s)
## Starting application at 0x00200000 ...
BENCH_ARRAY_INDEX 79
budget_function,PMU_counter_used_budget,PMU_counter_used_budget_r,PMU_counter_used_budget_w,total_calc_r,total_calc_w,used_budget_read[0],used_budget_read[1],used_budget_read[2],used_budget_read[3],used_budget_read[4],used_budget_read[5],used_budget_read[6],used_budget_read[7],used_budget_read[8],used_budget_read[9],used_budget_write[0],used_budget_write[1],used_budget_write[2],used_budget_write[3],used_budget_write[4],used_budget_write[5],used_budget_write[6],used_budget_write[7],used_budget_write[8],used_budget_write[9],calculated_read[0],calculated_read[1],calculated_read[2],calculated_read[3],calculated_read[4],calculated_read[5],calculated_read[6],calculated_read[7],calculated_read[8],calculated_read[9],calculated_write[0],calculated_write[1],calculated_write[2],calculated_write[3],calculated_write[4],calculated_write[5],calculated_write[6],calculated_write[7],calculated_write[8],calculated_write[9],
got dijkstra_wrapper (632)
got dijkstra_wrapper (633)
EWMA,20482882,12313263,8169619,8353643,5529734,1745268,1640625,1384980,1229734,1136502,1080505,1046931,1026697,1014641,1007380,1081268,1110611,933505,826027,761462,722707,699439,685438,677091,672071,349053,607367,762889,856258,912306,945945,966142,978253,985530,989900,216253,395124,502800,567445,606248,629539,643519,651902,656939,659965,
SW,20040333,12022716,8017617,8539311,5694536,1992653,339089,551327,1031335,1351711,1351578,1351428,1351256,1351135,1351204,1328851,226042,367672,687792,901427,901341,901235,901122,901043,901092,1653133,1441067,961023,640584,640584,640584,640584,640584,640584,640584,1102508,960990,640855,427169,427169,427169,427169,427169,427169,427169,
AFC,20034680,12019328,8015352,8064310,5377869,1159581,1760050,1455384,1271817,1161659,1095592,1055925,1032148,1017846,1009326,773374,1173716,970535,848125,774665,730615,704170,688294,678768,673090,231916,537542,721110,831251,897332,936984,960772,975047,983606,988750,154674,358482,480892,554338,598403,624845,640710,650226,655934,659365,
AMBP,19741226,11843331,7897895,7891582,5262732,812324,1829063,1497045,1296750,1176624,1104565,1061309,1035385,1019799,1010467,541784,1219702,998309,864733,784642,736586,707755,690467,680069,673848,162544,495847,696086,816218,888299,931552,957503,973079,982423,988031,108436,330689,464213,544317,592382,621222,638528,648915,655145,658885,
PIC,13555970,8132280,5423690,4284395310,4287916480,813228,813228,813228,813228,813228,813228,813228,813228,813228,813228,542369,542369,542369,542369,542369,542369,542369,542369,542369,542369,428439531,428439531,428439531,428439531,428439531,428439531,428439531,428439531,428439531,428439531,428791648,428791648,428791648,428791648,428791648,428791648,428791648,428791648,428791648,428791648,
end--> Completion message received. Exiting.
