--> Waiting for autoboot prompt...
NOTICE:  BL31: v2.9(release):8a3945e
NOTICE:  BL31: Built : 17:27:52, May  1 2024


U-Boot 2022.10 (May 01 2024 - 17:26:49 -0300)

DRAM:  7.1 GiB
RPI 4 Model B (0xd03115)
Core:  202 devices, 16 uclasses, devicetree: board
MMC:   mmcnr@7e300000: 1, emmc2@7e340000: 0
Loading Environment from FAT... ** No partition table - mmc 0 **
In:    serial
Out:   serial
Err:   serial
Net:   eth0: ethernet@7d580000
PCIe BRCM: link up, 5.0 Gbps x1 (SSC)
starting USB...
Bus xhci_pci: Register 5000420 NbrPorts 5
Starting the controller
USB XHCI 1.00
scanning bus xhci_pci for devices... 2 USB Device(s) found
       scanning usb for storage devices... 0 Storage Device(s) found
Hit any key to stop autoboot:--> Autoboot stopped. Waiting for U-Boot prompt...
 0 
U-Boot>--> Benchmark command sent. Waiting for completion...
fatload mmc 0 0x200000 bao-51.bin; go 0x200000
1392640 bytes read in 102 ms (13 MiB/s)
## Starting application at 0x00200000 ...
BENCH_ARRAY_INDEX 50
budget_function,PMU_counter_used_budget,PMU_counter_used_budget_r,PMU_counter_used_budget_w,total_calc_r,total_calc_w,used_budget_read[0],used_budget_read[1],used_budget_read[2],used_budget_read[3],used_budget_read[4],used_budget_read[5],used_budget_read[6],used_budget_read[7],used_budget_read[8],used_budget_read[9],used_budget_write[0],used_budget_write[1],used_budget_write[2],used_budget_write[3],used_budget_write[4],used_budget_write[5],used_budget_write[6],used_budget_write[7],used_budget_write[8],used_budget_write[9],calculated_read[0],calculated_read[1],calculated_read[2],calculated_read[3],calculated_read[4],calculated_read[5],calculated_read[6],calculated_read[7],calculated_read[8],calculated_read[9],calculated_write[0],calculated_write[1],calculated_write[2],calculated_write[3],calculated_write[4],calculated_write[5],calculated_write[6],calculated_write[7],calculated_write[8],calculated_write[9],
got fft_wrapper (400)
got sorting_wrapper (401)
EWMA,21245729,13394475,7851254,9088172,5310574,1913746,1775058,1504631,1336426,1234861,1175008,1138845,1116194,1103810,1095896,1025943,1066661,899931,796027,733320,696250,673948,659766,652134,647274,382749,661210,829894,931200,991932,1028547,1050606,1063723,1071740,1076571,205188,377482,481971,544782,582489,605241,618982,627138,632137,635164,
SW,20771063,13062237,7708826,9304703,5493879,2167648,396335,590720,1115940,1465182,1466255,1466120,1464498,1464730,1464809,1279533,236615,347882,658069,864411,865075,864985,863913,864223,864120,1769349,1576800,1051568,700998,700998,700998,700998,700998,700998,700998,1041575,931638,621343,414189,414189,414189,414189,414189,414189,414189,
AFC,20946597,13171263,7775334,8868062,5234827,1455035,1875738,1560051,1368495,1255841,1186974,1144924,1121447,1106478,1096280,857710,1107574,921226,807865,741525,700849,676018,662186,653217,647164,291007,607953,798372,912396,981085,1022262,1046794,1061724,1070674,1075795,171542,358748,471243,538567,579158,603496,618000,626837,632113,635123,
AMBP,20590783,12948905,7641878,8648764,5103283,1013207,1963948,1611947,1401805,1274672,1197734,1152658,1125280,1108363,1099291,592331,1160553,952300,828057,752836,707312,680627,664361,654462,649039,202721,554966,766362,893450,969694,1015302,1042773,1059274,1069091,1075131,118546,326947,452017,527225,572347,599340,615597,625349,631171,634744,
PIC,15781260,9969040,5812220,4282007530,4287411390,996904,996904,996904,996904,996904,996904,996904,996904,996904,996904,581222,581222,581222,581222,581222,581222,581222,581222,581222,581222,428200753,428200753,428200753,428200753,428200753,428200753,428200753,428200753,428200753,428200753,428741139,428741139,428741139,428741139,428741139,428741139,428741139,428741139,428741139,428741139,
end--> Completion message received. Exiting.
