--> Waiting for autoboot prompt...
NOTICE:  BL31: v2.9(release):8a3945e
NOTICE:  BL31: Built : 17:27:52, May  1 2024


U-Boot 2022.10 (May 01 2024 - 17:26:49 -0300)

DRAM:  7.1 GiB
RPI 4 Model B (0xd03115)
Core:  202 devices, 16 uclasses, devicetree: board
MMC:   mmcnr@7e300000: 1, emmc2@7e340000: 0
Loading Environment from FAT... ** No partition table - mmc 0 **
In:    serial
Out:   serial
Err:   serial
Net:   eth0: ethernet@7d580000
PCIe BRCM: link up, 5.0 Gbps x1 (SSC)
starting USB...
Bus xhci_pci: Register 5000420 NbrPorts 5
Starting the controller
USB XHCI 1.00
scanning bus xhci_pci for devices... 2 USB Device(s) found
       scanning usb for storage devices... 0 Storage Device(s) found
Hit any key to stop autoboot:--> Autoboot stopped. Waiting for U-Boot prompt...
 0 
U-Boot>--> Benchmark command sent. Waiting for completion...
fatload mmc 0 0x200000 bao-129.bin; go 0x200000
1437696 bytes read in 109 ms (12.6 MiB/s)
## Starting application at 0x00200000 ...
BENCH_ARRAY_INDEX 128
budget_function,PMU_counter_used_budget,PMU_counter_used_budget_r,PMU_counter_used_budget_w,total_calc_r,total_calc_w,total_cycles,total_instructions,total_cache_misses,total_mispredicts,cycles[0],cycles[1],cycles[2],cycles[3],cycles[4],cycles[5],cycles[6],cycles[7],cycles[8],cycles[9],instructions[0],instructions[1],instructions[2],instructions[3],instructions[4],instructions[5],instructions[6],instructions[7],instructions[8],instructions[9],cache_misses[0],cache_misses[1],cache_misses[2],cache_misses[3],cache_misses[4],cache_misses[5],cache_misses[6],cache_misses[7],cache_misses[8],cache_misses[9],mispredicts[0],mispredicts[1],mispredicts[2],mispredicts[3],mispredicts[4],mispredicts[5],mispredicts[6],mispredicts[7],mispredicts[8],mispredicts[9],used_budget_read[0],used_budget_read[1],used_budget_read[2],used_budget_read[3],used_budget_read[4],used_budget_read[5],used_budget_read[6],used_budget_read[7],used_budget_read[8],used_budget_read[9],used_budget_write[0],used_budget_write[1],used_budget_write[2],used_budget_write[3],used_budget_write[4],used_budget_write[5],used_budget_write[6],used_budget_write[7],used_budget_write[8],used_budget_write[9],calculated_read[0],calculated_read[1],calculated_read[2],calculated_read[3],calculated_read[4],calculated_read[5],calculated_read[6],calculated_read[7],calculated_read[8],calculated_read[9],calculated_write[0],calculated_write[1],calculated_write[2],calculated_write[3],calculated_write[4],calculated_write[5],calculated_write[6],calculated_write[7],calculated_write[8],calculated_write[9],
got dijkstra_wrapper (1024)
got sha_wrapper (1025)
EWMA_v2,34529901,21283077,13246824,13682981,8516573,59961941,118300664,372,5789,6023692,5983361,5993453,5994545,5993311,5994437,5995328,5993995,5994775,5995044,11832869,11807097,11830960,11833183,11829205,11833633,11833988,11831127,11834335,11834267,150,29,25,24,24,24,24,24,24,24,708,595,569,563,557,557,565,563,556,556,2129551,2124464,2128394,2128727,2128079,2128795,2128867,2128389,2128918,2128893,1326122,1322061,1324699,1324897,1324442,1324947,1324970,1324652,1325023,1325011,425910,765620,1038174,1256284,1430643,1570273,1681991,1771270,1842799,1900017,265224,476591,646212,781949,890447,977347,1046871,1102427,1146946,1182559,
SW_v2,41635870,25445385,16190485,21915222,13976427,77397051,153189307,294,4378,5432850,5989312,5994189,5995403,5994719,5995149,5996855,11998125,11999923,12000526,10707403,11825807,11837895,11837728,11837008,11840659,11841403,23817729,23820921,23822754,66,34,25,24,24,24,24,25,24,24,453,445,447,429,428,434,438,439,431,434,290959,2127160,2129191,2129107,2128997,2129591,2129736,4126431,4126959,4127254,267373,1323982,1325331,1325272,1325201,1325596,1325682,2657047,2657403,2657598,290959,1209060,1515770,2128486,2129098,2129232,2129441,2795253,3461042,4126881,267373,795678,972229,1324862,1325268,1325356,1325493,1769442,2213377,2657349,
AFC_v2,34857281,21372516,13484765,13761166,8727531,71839868,142118259,288,4289,17891566,5991703,5994601,5994523,5994159,5994562,5994763,5994609,5994762,5994620,35573142,11831731,11839528,11839323,11836733,11839675,11840095,11838693,11839865,11839474,64,27,26,25,24,24,24,25,25,24,456,432,423,424,433,429,423,421,421,427,2209715,2128107,2129397,2129361,2128948,2129432,2129477,2129233,2129442,2129404,1556739,1324606,1325475,1325454,1325144,1325497,1325527,1325345,1325504,1325474,441943,779175,1049219,1265247,1437987,1576276,1686916,1775379,1846191,1902833,311347,513998,676293,806125,909928,993041,1059538,1112699,1155260,1189302,
LR_v2,81630935,49443860,32187075,52506878,34182239,149531042,297149903,304,4307,5491273,5991679,12000082,18006144,18007502,18007366,18008223,18004979,18005806,18007988,10827719,11831849,23823171,35807574,35811149,35811232,35811890,35806495,35807436,35811388,65,29,30,27,25,24,26,25,26,27,424,423,433,447,438,430,433,427,426,426,308125,2128097,4127325,6125468,6126023,6126008,6126165,6125216,6125393,6126040,273939,1324600,2657646,3989930,3990299,3990283,3990401,3989766,3989880,3990331,462187,3038083,5126939,7124539,6126300,6126001,6126243,6124742,6125481,6126363,410908,1849930,3324169,4656072,3990483,3990275,3990460,3989449,3989937,3990556,
AMBP_v2,31294360,19234897,12059463,9026869,5672470,71425355,141290048,288,4242,17475444,5991889,5994475,5994809,5994614,5994688,5994799,5995321,5994708,5994608,34741819,11832370,11839404,11839818,11839089,11839841,11839884,11838218,11839857,11839748,60,36,24,24,24,24,24,24,24,24,441,425,428,427,419,420,422,420,419,421,71615,2128230,2129393,2129449,2129293,2129438,2129451,2129152,2129450,2129426,131093,1324696,1325470,1325523,1325376,1325497,1325510,1325298,1325515,1325485,12962,392413,665828,862696,1004413,1106476,1179963,1232820,1270931,1298367,23668,255485,422533,542817,629395,691753,736653,768943,792231,808992,
PIC_v2,92601484,56039468,36562016,13853577180,13841523376,167541121,333085384,268,4286,5474671,18005163,18007946,18007663,18007761,18007835,18007393,18007543,18007783,18007363,10794043,35806806,35811954,35811369,35810469,35810055,35809985,35809958,35810672,35810073,64,27,23,22,22,22,22,22,22,22,426,430,431,428,425,434,427,428,426,431,906971,6125275,6126151,6126041,6125881,6125824,6125787,6125788,6125918,6125832,650502,3989792,3990394,3990322,3990196,3990143,3990130,3990142,3990232,3990163,429178123,774564283,1050873386,1271920646,1448758422,1590228632,1703404792,1793945720,1866378489,1924324687,429126830,774096152,1050071730,1270852178,1447476511,1588775967,1701815529,1792247181,1864592520,1922468778,
EWMA,21564650,13291331,8273319,9058602,5638618,59942923,118382130,243,4242,5991919,5993771,5994615,5994833,5994822,5994752,5994228,5994642,5994766,5994575,11832154,11838025,11839363,11838372,11840194,11839737,11837382,11839701,11839798,11837404,25,24,25,24,25,24,24,24,24,24,430,424,426,417,424,423,427,423,425,423,2128165,1703520,1448156,1294591,1202906,1147566,1114054,1094607,1082678,1075088,1324665,1060390,901450,805810,748778,714322,693431,681366,673918,669189,425633,681210,834599,926597,981858,1014999,1034810,1046769,1053950,1058177,264933,424024,519509,576769,611170,631800,644126,651574,656042,658671,
SW,20843842,12847283,7996559,9120945,5677426,59925429,118338553,241,4235,5995838,5990836,5993319,5994071,5991559,5992586,5992943,5990524,5991338,5992415,11838286,11830498,11837033,11836666,11831205,11835652,11834094,11829293,11833219,11832607,24,24,25,24,24,24,24,24,24,24,426,422,422,421,423,423,424,430,421,423,2129169,357664,590631,1103089,1444210,1444948,1444685,1443920,1444535,1444432,1325311,222847,367579,686550,898888,899383,899194,898677,899107,899023,1770216,1538343,1025821,683795,683795,683795,683795,683795,683795,683795,1101620,957614,638579,425659,425659,425659,425659,425659,425659,425659,
AFC,20906666,12887384,8019282,8661015,5388583,59602364,117684037,293,4249,5654245,5988760,5994707,5995767,5993682,5994657,5995926,5993355,5994706,5996559,11149793,11825803,11839685,11839584,11835328,11839600,11838988,11835964,11839627,11839665,62,38,25,24,24,24,24,24,24,24,428,427,421,419,422,431,429,425,424,423,1330848,1860949,1544301,1352436,1236629,1168459,1126828,1101468,1087242,1078224,823387,1159276,961917,842205,769946,727453,701468,685639,676818,671173,266169,585125,776960,892055,960969,1002467,1027339,1042164,1051179,1056588,164677,363596,483260,555049,598028,623913,639424,648667,654297,657672,
AMBP,20544294,12665021,7879273,8442550,5251191,59393926,117280765,292,4254,5446521,5990588,5994570,5994735,5994732,5994520,5994433,5994564,5994593,5994670,10736421,11831077,11839667,11839056,11840108,11839764,11836714,11839609,11840149,11838200,61,38,25,24,24,24,24,24,24,24,425,426,426,424,423,421,425,427,424,433,889149,1950087,1597092,1384009,1256467,1179704,1133206,1106208,1089688,1079411,545425,1215378,995089,862058,782439,734531,705466,688656,678329,671902,177909,532344,745293,873036,949722,995718,1023215,1039813,1049788,1055712,109165,330407,463343,543086,590956,619671,636830,647195,653421,657117,
PIC,14665510,9083630,5581880,4283158560,4287710830,167569582,333151207,256,4285,5501645,18004698,18007719,18007953,18007980,18007927,18007941,18007754,18007768,18008197,10846396,35805919,35812024,35811875,35812604,35812533,35812944,35812296,35812458,35812158,61,26,22,21,21,21,21,21,21,21,422,428,431,427,430,431,428,424,428,436,908363,908363,908363,908363,908363,908363,908363,908363,908363,908363,558188,558188,558188,558188,558188,558188,558188,558188,558188,558188,428315856,428315856,428315856,428315856,428315856,428315856,428315856,428315856,428315856,428315856,428771083,428771083,428771083,428771083,428771083,428771083,428771083,428771083,428771083,428771083,
end--> Completion message received. Exiting.
