--> Waiting for autoboot prompt...
NOTICE:  BL31: v2.9(release):8a3945e
NOTICE:  BL31: Built : 17:27:52, May  1 2024


U-Boot 2022.10 (May 01 2024 - 17:26:49 -0300)

DRAM:  7.1 GiB
RPI 4 Model B (0xd03115)
Core:  202 devices, 16 uclasses, devicetree: board
MMC:   mmcnr@7e300000: 1, emmc2@7e340000: 0
Loading Environment from FAT... ** No partition table - mmc 0 **
In:    serial
Out:   serial
Err:   serial
Net:   eth0: ethernet@7d580000
PCIe BRCM: link up, 5.0 Gbps x1 (SSC)
starting USB...
Bus xhci_pci: Register 5000420 NbrPorts 5
Starting the controller
USB XHCI 1.00
scanning bus xhci_pci for devices... 2 USB Device(s) found
       scanning usb for storage devices... 0 Storage Device(s) found
Hit any key to stop autoboot:--> Autoboot stopped. Waiting for U-Boot prompt...
 0 
U-Boot>--> Benchmark command sent. Waiting for completion...
fatload mmc 0 0x200000 bao-136.bin; go 0x200000
1437696 bytes read in 105 ms (13.1 MiB/s)
## Starting application at 0x00200000 ...
BENCH_ARRAY_INDEX 135
budget_function,PMU_counter_used_budget,PMU_counter_used_budget_r,PMU_counter_used_budget_w,total_calc_r,total_calc_w,total_cycles,total_instructions,total_cache_misses,total_mispredicts,cycles[0],cycles[1],cycles[2],cycles[3],cycles[4],cycles[5],cycles[6],cycles[7],cycles[8],cycles[9],instructions[0],instructions[1],instructions[2],instructions[3],instructions[4],instructions[5],instructions[6],instructions[7],instructions[8],instructions[9],cache_misses[0],cache_misses[1],cache_misses[2],cache_misses[3],cache_misses[4],cache_misses[5],cache_misses[6],cache_misses[7],cache_misses[8],cache_misses[9],mispredicts[0],mispredicts[1],mispredicts[2],mispredicts[3],mispredicts[4],mispredicts[5],mispredicts[6],mispredicts[7],mispredicts[8],mispredicts[9],used_budget_read[0],used_budget_read[1],used_budget_read[2],used_budget_read[3],used_budget_read[4],used_budget_read[5],used_budget_read[6],used_budget_read[7],used_budget_read[8],used_budget_read[9],used_budget_write[0],used_budget_write[1],used_budget_write[2],used_budget_write[3],used_budget_write[4],used_budget_write[5],used_budget_write[6],used_budget_write[7],used_budget_write[8],used_budget_write[9],calculated_read[0],calculated_read[1],calculated_read[2],calculated_read[3],calculated_read[4],calculated_read[5],calculated_read[6],calculated_read[7],calculated_read[8],calculated_read[9],calculated_write[0],calculated_write[1],calculated_write[2],calculated_write[3],calculated_write[4],calculated_write[5],calculated_write[6],calculated_write[7],calculated_write[8],calculated_write[9],
got dijkstra_wrapper (1080)
got sorting_wrapper (1081)
EWMA_v2,34293604,21526924,12766680,13838712,8206342,59963918,116493861,242,28885,6023288,5986881,5993434,5994085,5994074,5994225,5994466,5994501,5994472,5994492,11618440,11618376,11641637,11650285,11654651,11659596,11660221,11661851,11664372,11664432,114,15,15,14,14,14,14,14,14,14,4008,3264,3015,2868,2748,2646,2653,2600,2544,2539,2151954,2149020,2152076,2152793,2153132,2153359,2153471,2153564,2153774,2153781,1275589,1273716,1275932,1276635,1277018,1277358,1277382,1277534,1277774,1277742,430390,774116,1049708,1270325,1446886,1588180,1701238,1791703,1864117,1922049,255117,458836,622255,753131,857908,941798,1008914,1062638,1105665,1140080,
SW_v2,44765954,27671427,17094527,24129776,14920211,83422772,163475952,164,25686,5456568,5991068,5994035,5993991,5996032,5996252,11996923,11999368,11999292,11999243,10580824,11653722,11663403,11662935,11662953,11664664,23640998,23646601,23648586,23651266,29,21,15,14,14,14,15,14,14,14,2605,2603,2542,2547,2660,2615,2578,2555,2516,2465,301319,2152159,2153448,2153338,2153466,2153605,4150210,4151090,4151254,4151538,267575,1276735,1277655,1277677,1277730,1277948,2609238,2609874,2609933,2610162,301319,1226739,1535642,2152982,2153417,2153470,2819094,3484968,4150851,4151294,267575,772155,940655,1277356,1277687,1277785,1721639,2165687,2609682,2609990,
AFC_v2,34635121,21582893,13052228,13887874,8459627,71809304,140355839,161,24534,17860239,5991768,5994516,5994746,5994758,5994601,5994682,5994663,5994667,5994664,35339851,11661001,11669159,11669505,11669705,11668967,11670473,11670245,11668729,11668204,31,15,16,14,14,14,15,14,14,14,2512,2485,2441,2448,2442,2448,2421,2428,2454,2455,2199395,2152682,2153826,2153847,2153947,2153847,2153904,2153938,2153779,2153728,1549823,1277324,1278136,1278179,1278166,1278095,1278201,1278219,1278044,1278041,439879,782439,1056716,1276142,1451703,1592131,1704485,1794375,1866255,1923749,309964,503436,658376,782336,881502,960820,1024296,1075080,1115672,1148145,
LR_v2,81438434,49676860,31761574,52751762,33732860,149551533,295512804,152,24280,5512299,5991870,11999981,18005940,18007083,18007169,18007220,18007307,18007963,18004701,10698900,11663397,23654928,35638793,35643443,35644019,35644343,35642752,35643945,35638284,28,15,16,14,13,13,13,13,14,13,2476,2445,2414,2441,2421,2409,2404,2433,2418,2419,318489,2152946,4151882,6150031,6150668,6150789,6150735,6150692,6150820,6149808,272346,1277484,2610480,3942726,3943145,3943244,3943241,3943085,3943250,3942573,477733,3070174,5151350,7149105,6150986,6150849,6150708,6150671,6150884,6149302,408519,1780053,3276978,4608849,3943354,3943293,3943240,3943007,3943332,3942235,
AMBP_v2,31105029,19464575,11640454,9135734,5476873,71442382,139647310,163,24048,17494172,5991620,5994528,5994475,5994521,5994592,5994624,5994592,5994595,5994663,34612246,11663850,11670758,11670484,11671908,11671935,11672034,11670960,11671200,11671935,28,22,15,14,14,14,14,14,14,14,2432,2427,2413,2420,2387,2391,2384,2407,2398,2389,79739,2152817,2153904,2153965,2154066,2154066,2154050,2153988,2153953,2154027,136597,1277475,1278266,1278246,1278335,1278320,1278309,1278274,1278297,1278335,14424,397891,674183,873125,1016381,1119526,1193787,1247244,1285726,1313447,24659,247699,408430,524153,607490,667490,710687,741783,764176,780306,
PIC_v2,92402898,56278275,36124623,13853728025,13841250007,167553907,331456042,148,23981,5490830,18004850,18007147,18007296,18007247,18007316,18007336,18007269,18007332,18007284,10657696,35638775,35644179,35645666,35645473,35644826,35644386,35644901,35645531,35644609,28,15,14,13,13,13,13,13,13,13,2435,2404,2403,2379,2382,2399,2405,2393,2382,2399,921796,6149882,6150731,6150940,6150849,6150781,6150802,6150867,6150864,6150763,635560,3942619,3943213,3943413,3943365,3943261,3943295,3943314,3943321,3943262,429181088,774571576,1050884136,1271934226,1448774280,1590246309,1703423937,1793966052,1866399744,1924346677,429123841,774084326,1050052833,1270827678,1447447545,1588743417,1701780122,1792209490,1864552985,1922427770,
EWMA,21424670,13445324,7979346,9163431,5438185,59940813,116714361,142,23734,5991676,5993611,5994289,5994387,5994493,5994444,5994493,5994479,5994486,5994455,11665078,11671478,11671348,11672534,11672088,11672358,11672574,11672526,11672527,11671850,14,15,15,14,14,14,14,14,14,14,2395,2355,2380,2365,2381,2375,2362,2370,2370,2381,2152883,1723193,1464729,1309744,1216587,1160832,1127302,1107152,1095074,1087828,1277600,1022697,869283,777328,722008,688890,668990,657057,649924,645569,430576,689099,844225,937328,993179,1026709,1046827,1058892,1066128,1070468,255520,408955,501020,556281,589426,609318,621252,628413,632715,635285,
SW,20710893,12997633,7713260,9226115,5475124,59924141,116672296,142,23911,5994079,5992974,5993324,5993025,5992772,5992335,5991886,5991411,5991097,5991238,11670318,11667732,11669093,11667385,11668617,11667313,11666940,11664749,11664512,11665637,14,15,15,14,14,14,14,14,14,14,2400,2404,2388,2415,2376,2388,2378,2399,2385,2378,2153704,360320,598100,1115945,1461966,1461798,1461653,1461331,1461328,1461488,1278144,214038,354822,662181,867579,867519,867387,867176,867159,867255,1793064,1555491,1037375,691455,691455,691455,691455,691455,691455,691455,1063855,923172,615668,410347,410347,410347,410347,410347,410347,410347,
AFC,20778310,13042130,7736180,8766643,5198837,59623939,116065260,164,23941,5676405,5991141,5994386,5994549,5994575,5994562,5994591,5994542,5994638,5994550,11028951,11663178,11671527,11671933,11671994,11670405,11672218,11670968,11671854,11672232,30,21,15,14,14,14,14,14,14,14,2429,2412,2380,2382,2377,2423,2378,2392,2389,2379,1355624,1881560,1560700,1367250,1251153,1181420,1139652,1114573,1099571,1090627,796769,1118067,927199,812033,742840,701320,676515,661532,652601,647304,271124,593211,786708,902816,972483,1014270,1039346,1054391,1063427,1068867,159353,351095,466315,535458,576934,601811,616751,625707,631085,634328,
AMBP,20416251,12816581,7599670,8545090,5064961,59415474,115653151,163,23882,5469399,5990380,5994365,5994433,5994492,5994490,5994469,5994483,5994497,5994466,10615504,11661819,11672623,11671683,11671721,11672149,11671161,11672927,11672271,11671293,27,23,15,14,14,14,14,14,14,14,2419,2404,2367,2388,2386,2383,2400,2366,2377,2392,909356,1970467,1614353,1399368,1270447,1193101,1146545,1118877,1102067,1092000,526839,1171844,959693,831427,754506,708410,680627,664157,654125,648042,181951,539654,754593,883548,960927,1007361,1035197,1051933,1061959,1067967,105447,318726,446919,523820,569957,597647,614243,624225,630205,633772,
PIC,14370550,9099080,5271470,4283138470,4288114370,167531564,331415956,147,23928,5468575,18004438,18007227,18007219,18007369,18007350,18007369,18007357,18007312,18007348,10613311,35637803,35644924,35645178,35645002,35645929,35645470,35646416,35645913,35646010,27,15,14,13,13,13,13,13,13,13,2426,2406,2393,2387,2394,2382,2400,2377,2382,2381,909908,909908,909908,909908,909908,909908,909908,909908,909908,909908,527147,527147,527147,527147,527147,527147,527147,527147,527147,527147,428313847,428313847,428313847,428313847,428313847,428313847,428313847,428313847,428313847,428313847,428811437,428811437,428811437,428811437,428811437,428811437,428811437,428811437,428811437,428811437,
end--> Completion message received. Exiting.
