--> Waiting for autoboot prompt...
NOTICE:  BL31: v2.9(release):8a3945e
NOTICE:  BL31: Built : 17:27:52, May  1 2024


U-Boot 2022.10 (May 01 2024 - 17:26:49 -0300)

DRAM:  7.1 GiB
RPI 4 Model B (0xd03115)
Core:  202 devices, 16 uclasses, devicetree: board
MMC:   mmcnr@7e300000: 1, emmc2@7e340000: 0
Loading Environment from FAT... ** No partition table - mmc 0 **
In:    serial
Out:   serial
Err:   serial
Net:   eth0: ethernet@7d580000
PCIe BRCM: link up, 5.0 Gbps x1 (SSC)
starting USB...
Bus xhci_pci: Register 5000420 NbrPorts 5
Starting the controller
USB XHCI 1.00
scanning bus xhci_pci for devices... 2 USB Device(s) found
       scanning usb for storage devices... 0 Storage Device(s) found
Hit any key to stop autoboot:--> Autoboot stopped. Waiting for U-Boot prompt...
 0 
U-Boot>--> Benchmark command sent. Waiting for completion...
fatload mmc 0 0x200000 bao-90.bin; go 0x200000
1392640 bytes read in 103 ms (12.9 MiB/s)
## Starting application at 0x00200000 ...
BENCH_ARRAY_INDEX 89
budget_function,PMU_counter_used_budget,PMU_counter_used_budget_r,PMU_counter_used_budget_w,total_calc_r,total_calc_w,used_budget_read[0],used_budget_read[1],used_budget_read[2],used_budget_read[3],used_budget_read[4],used_budget_read[5],used_budget_read[6],used_budget_read[7],used_budget_read[8],used_budget_read[9],used_budget_write[0],used_budget_write[1],used_budget_write[2],used_budget_write[3],used_budget_write[4],used_budget_write[5],used_budget_write[6],used_budget_write[7],used_budget_write[8],used_budget_write[9],calculated_read[0],calculated_read[1],calculated_read[2],calculated_read[3],calculated_read[4],calculated_read[5],calculated_read[6],calculated_read[7],calculated_read[8],calculated_read[9],calculated_write[0],calculated_write[1],calculated_write[2],calculated_write[3],calculated_write[4],calculated_write[5],calculated_write[6],calculated_write[7],calculated_write[8],calculated_write[9],
got mser_wrapper (712)
got qsort_wrapper (713)
EWMA,24583567,18523603,6059964,12648910,4105673,2892819,2842902,1349765,2039647,2142677,917911,1790187,1997749,813958,1735988,680609,874091,770307,546274,601700,604741,446366,541850,570566,423460,578563,1031430,1095097,1284007,1455741,1348175,1436577,1548811,1401840,1468669,136121,283715,381033,414081,451604,482231,475058,488416,504846,488568,
SW,24098504,18147033,5951471,12742333,4310655,3138234,987322,161240,1708990,2476400,1414620,2185814,2479165,1411356,2183892,928355,209158,335512,437330,687931,731799,601151,688445,731239,600551,2440257,2205525,1428932,952517,952517,952517,952517,952517,952517,952517,805475,722841,491008,327333,327333,327333,327333,327333,327333,327333,
AFC,24294813,18334819,5959994,12697147,3948988,2475553,2265177,2632431,1859679,1809336,2001747,793905,1748159,1958576,790256,687596,670995,783273,545115,540031,595263,590444,447185,538271,561821,495110,849123,1205784,1336563,1431117,1545243,1394976,1465612,1564204,1409415,137519,244214,352025,390643,420520,455468,482463,475408,487980,502748,
AMBP,20783037,15071595,5711442,705258706,190973565,1566613,3094156,1560898,2137402,2200276,902450,902450,902450,902450,902450,377954,943476,774034,576352,617855,596631,456285,456285,456285,456285,313402,869552,1007821,1233737,1427044,140081430,140081430,140081430,140081430,140081430,75670,249231,354191,398623,442469,473301,47245020,47245020,47245020,47245020,
PIC,40671630,31385720,9285910,4254165840,4282895600,3138572,3138572,3138572,3138572,3138572,3138572,3138572,3138572,3138572,3138572,928591,928591,928591,928591,928591,928591,928591,928591,928591,928591,425416584,425416584,425416584,425416584,425416584,425416584,425416584,425416584,425416584,425416584,428289560,428289560,428289560,428289560,428289560,428289560,428289560,428289560,428289560,428289560,
end--> Completion message received. Exiting.
