--> Waiting for autoboot prompt...
NOTICE:  BL31: v2.9(release):8a3945e
NOTICE:  BL31: Built : 17:27:52, May  1 2024


U-Boot 2022.10 (May 01 2024 - 17:26:49 -0300)

DRAM:  7.1 GiB
RPI 4 Model B (0xd03115)
Core:  202 devices, 16 uclasses, devicetree: board
MMC:   mmcnr@7e300000: 1, emmc2@7e340000: 0
Loading Environment from FAT... ** No partition table - mmc 0 **
In:    serial
Out:   serial
Err:   serial
Net:   eth0: ethernet@7d580000
PCIe BRCM: link up, 5.0 Gbps x1 (SSC)
starting USB...
Bus xhci_pci: Register 5000420 NbrPorts 5
Starting the controller
USB XHCI 1.00
scanning bus xhci_pci for devices... 2 USB Device(s) found
       scanning usb for storage devices... 0 Storage Device(s) found
Hit any key to stop autoboot:--> Autoboot stopped. Waiting for U-Boot prompt...
 0 
U-Boot>--> Benchmark command sent. Waiting for completion...
fatload mmc 0 0x200000 bao-142.bin; go 0x200000
1421312 bytes read in 105 ms (12.9 MiB/s)
## Starting application at 0x00200000 ...
BENCH_ARRAY_INDEX 141
budget_function,PMU_counter_used_budget,PMU_counter_used_budget_r,PMU_counter_used_budget_w,total_calc_r,total_calc_w,used_budget_read[0],used_budget_read[1],used_budget_read[2],used_budget_read[3],used_budget_read[4],used_budget_read[5],used_budget_read[6],used_budget_read[7],used_budget_read[8],used_budget_read[9],used_budget_write[0],used_budget_write[1],used_budget_write[2],used_budget_write[3],used_budget_write[4],used_budget_write[5],used_budget_write[6],used_budget_write[7],used_budget_write[8],used_budget_write[9],calculated_read[0],calculated_read[1],calculated_read[2],calculated_read[3],calculated_read[4],calculated_read[5],calculated_read[6],calculated_read[7],calculated_read[8],calculated_read[9],calculated_write[0],calculated_write[1],calculated_write[2],calculated_write[3],calculated_write[4],calculated_write[5],calculated_write[6],calculated_write[7],calculated_write[8],calculated_write[9],
got dijkstra_wrapper (1128)
got sorting_wrapper (1129)
EWMA,21163376,13315697,7847679,9034966,5308438,1901646,1767831,1494556,1327835,1227349,1168258,1131805,1110018,1097174,1089225,1025590,1068147,898550,795114,732703,696020,673333,659711,651737,646774,380329,657829,825174,925706,986034,1022478,1044343,1057478,1065417,1070178,205118,377723,481888,544533,582167,604937,618616,626835,631815,634806,
SW,20691598,12986590,7705008,9247976,5489065,2154309,393721,587368,1109206,1456492,1457437,1457066,1456887,1457008,1457096,1278370,236259,347724,657559,863767,864473,864224,864053,864240,864339,1758476,1567012,1045133,696765,696765,696765,696765,696765,696765,696765,1040673,930679,620784,413847,413847,413847,413847,413847,413847,413847,
AFC,20862806,13093004,7769802,8815240,5231033,1446768,1864547,1550536,1360528,1247907,1179865,1138252,1114559,1099860,1090182,857470,1106652,920386,807555,740665,700302,675535,661438,652801,646998,289353,604391,793620,907001,975182,1016118,1040544,1055347,1064249,1069435,171494,358525,470897,538228,578715,603032,617532,626313,631610,634687,
AMBP,20507616,12871459,7636157,8597318,5099665,1006764,1952248,1603120,1392990,1267158,1190988,1145833,1118535,1101556,1092267,591779,1159676,952138,827121,752331,706977,680218,663850,653751,648316,201432,551595,761900,888118,963926,1009338,1036637,1053016,1062724,1068632,118435,326683,451774,526843,571940,598947,615201,624930,630694,634218,
PIC,15708220,9901070,5807150,4282095890,4287417980,990107,990107,990107,990107,990107,990107,990107,990107,990107,990107,580715,580715,580715,580715,580715,580715,580715,580715,580715,580715,428209589,428209589,428209589,428209589,428209589,428209589,428209589,428209589,428209589,428209589,428741798,428741798,428741798,428741798,428741798,428741798,428741798,428741798,428741798,428741798,
end--> Completion message received. Exiting.
