--> Waiting for autoboot prompt...
NOTICE:  BL31: v2.9(release):8a3945e
NOTICE:  BL31: Built : 17:27:52, May  1 2024


U-Boot 2022.10 (May 01 2024 - 17:26:49 -0300)

DRAM:  7.1 GiB
RPI 4 Model B (0xd03115)
Core:  202 devices, 16 uclasses, devicetree: board
MMC:   mmcnr@7e300000: 1, emmc2@7e340000: 0
Loading Environment from FAT... ** No partition table - mmc 0 **
In:    serial
Out:   serial
Err:   serial
Net:   eth0: ethernet@7d580000
PCIe BRCM: link up, 5.0 Gbps x1 (SSC)
starting USB...
Bus xhci_pci: Register 5000420 NbrPorts 5
Starting the controller
USB XHCI 1.00
scanning bus xhci_pci for devices... 2 USB Device(s) found
       scanning usb for storage devices... 0 Storage Device(s) found
Hit any key to stop autoboot:--> Autoboot stopped. Waiting for U-Boot prompt...
 0 
U-Boot>--> Benchmark command sent. Waiting for completion...
fatload mmc 0 0x200000 bao-57.bin; go 0x200000
1417216 bytes read in 105 ms (12.9 MiB/s)
## Starting application at 0x00200000 ...
BENCH_ARRAY_INDEX 56
budget_function,PMU_counter_used_budget,PMU_counter_used_budget_r,PMU_counter_used_budget_w,total_calc_r,total_calc_w,used_budget_read[0],used_budget_read[1],used_budget_read[2],used_budget_read[3],used_budget_read[4],used_budget_read[5],used_budget_read[6],used_budget_read[7],used_budget_read[8],used_budget_read[9],used_budget_write[0],used_budget_write[1],used_budget_write[2],used_budget_write[3],used_budget_write[4],used_budget_write[5],used_budget_write[6],used_budget_write[7],used_budget_write[8],used_budget_write[9],calculated_read[0],calculated_read[1],calculated_read[2],calculated_read[3],calculated_read[4],calculated_read[5],calculated_read[6],calculated_read[7],calculated_read[8],calculated_read[9],calculated_write[0],calculated_write[1],calculated_write[2],calculated_write[3],calculated_write[4],calculated_write[5],calculated_write[6],calculated_write[7],calculated_write[8],calculated_write[9],
got bandwidth_wrapper (448)
got sha_wrapper (449)
EWMA,15896952,10170722,5726230,6887932,3860813,1382816,1372541,1156593,1022323,939122,900539,860880,853524,844785,837599,677054,801828,670670,588902,538023,515065,490345,486402,481195,476746,276563,495758,627925,706804,753267,782721,798352,809386,816465,820691,135410,268693,349088,397050,425244,443208,452635,459388,463749,466348,
SW,15594923,9944514,5650409,7059767,4011596,1645523,295741,446545,849821,1113996,1112291,1119645,1118243,1120400,1122309,934791,170143,252615,482455,632533,631377,636298,635344,636795,638058,1349892,1199025,795936,530702,530702,530702,530702,530702,530702,530702,764693,682221,452516,301738,301738,301738,301738,301738,301738,301738,
AFC,15639072,9975168,5663904,6692286,3797329,992997,1458026,1194026,1043891,961533,901909,870236,864805,848216,839529,551932,831844,679472,593523,547132,512533,494456,492681,482728,477603,198599,450484,599192,688131,742811,774630,793751,807961,816012,820715,110386,254677,339636,390413,421756,439911,450820,459192,463899,466639,
AMBP,15475542,9869155,5606387,6592796,3744534,793530,1483417,1224342,1058753,962574,916384,894226,863006,838311,834612,447344,843067,696252,601160,546429,521284,509878,491070,475817,474086,158786,423712,583838,678821,735571,771733,796231,809586,815331,819187,89548,240251,331451,385392,417599,438336,452644,460329,463426,465558,
PIC,12480900,7979650,4501250,4284593730,4289115650,797965,797965,797965,797965,797965,797965,797965,797965,797965,797965,450125,450125,450125,450125,450125,450125,450125,450125,450125,450125,428459373,428459373,428459373,428459373,428459373,428459373,428459373,428459373,428459373,428459373,428911565,428911565,428911565,428911565,428911565,428911565,428911565,428911565,428911565,428911565,
end--> Completion message received. Exiting.
