--> Waiting for autoboot prompt...
NOTICE:  BL31: v2.9(release):8a3945e
NOTICE:  BL31: Built : 17:27:52, May  1 2024


U-Boot 2022.10 (May 01 2024 - 17:26:49 -0300)

DRAM:  7.1 GiB
RPI 4 Model B (0xd03115)
Core:  202 devices, 16 uclasses, devicetree: board
MMC:   mmcnr@7e300000: 1, emmc2@7e340000: 0
Loading Environment from FAT... ** No partition table - mmc 0 **
In:    serial
Out:   serial
Err:   serial
Net:   eth0: ethernet@7d580000
PCIe BRCM: link up, 5.0 Gbps x1 (SSC)
starting USB...
Bus xhci_pci: Register 5000420 NbrPorts 5
Starting the controller
USB XHCI 1.00
scanning bus xhci_pci for devices... 2 USB Device(s) found
       scanning usb for storage devices... 0 Storage Device(s) found
Hit any key to stop autoboot:--> Autoboot stopped. Waiting for U-Boot prompt...
 0 
U-Boot>--> Benchmark command sent. Waiting for completion...
fatload mmc 0 0x200000 bao-156.bin; go 0x200000
1417216 bytes read in 105 ms (12.9 MiB/s)
## Starting application at 0x00200000 ...
BENCH_ARRAY_INDEX 155
budget_function,PMU_counter_used_budget,PMU_counter_used_budget_r,PMU_counter_used_budget_w,total_calc_r,total_calc_w,used_budget_read[0],used_budget_read[1],used_budget_read[2],used_budget_read[3],used_budget_read[4],used_budget_read[5],used_budget_read[6],used_budget_read[7],used_budget_read[8],used_budget_read[9],used_budget_write[0],used_budget_write[1],used_budget_write[2],used_budget_write[3],used_budget_write[4],used_budget_write[5],used_budget_write[6],used_budget_write[7],used_budget_write[8],used_budget_write[9],calculated_read[0],calculated_read[1],calculated_read[2],calculated_read[3],calculated_read[4],calculated_read[5],calculated_read[6],calculated_read[7],calculated_read[8],calculated_read[9],calculated_write[0],calculated_write[1],calculated_write[2],calculated_write[3],calculated_write[4],calculated_write[5],calculated_write[6],calculated_write[7],calculated_write[8],calculated_write[9],
got disparity_wrapper (1240)
got bandwidth_wrapper (1241)
EWMA,17903158,15556040,2347118,10504097,1560594,2032500,2018786,1772558,1638495,1463029,1368615,1388552,1293789,1282510,1297206,157464,355253,294675,266299,227713,225239,213672,196578,207594,202631,406500,728957,937677,1077840,1154877,1197624,1235809,1247405,1254426,1262982,31492,96244,135930,162003,175145,185163,190864,192006,195123,196624,
SW,16763057,14183158,2579899,11500917,2041857,2542706,476282,476282,493558,1308328,1795548,1736253,1829857,1746742,1777602,396087,73652,641166,126376,112099,112189,281298,283349,273594,280089,2072306,1850714,1850714,1170849,759389,759389,759389,759389,759389,759389,321239,287691,287691,280398,280398,116888,116888,116888,116888,116888,
AFC,17242737,14484420,2758317,9849165,1814967,1448068,2292762,1873621,1615501,1446475,1414292,1357604,353798,1292433,1389866,238532,350372,283905,249818,231415,218727,208961,729124,115811,131652,289613,690242,926917,1064633,1141001,1195659,1228048,1053198,1101045,1158809,47706,108239,143372,164661,178011,186154,190715,298396,261879,235834,
AMBP,17580312,15235160,2345152,10181778,1559821,1262370,2285397,1905843,1612299,1520452,1385828,1332198,1324123,1300340,1306310,143294,371830,292575,265425,235656,209130,216422,207062,202127,201631,252554,659122,908466,1049232,1143476,1191946,1219996,1240821,1252724,1263441,28738,97356,136399,162204,176894,183341,189957,193378,195127,196427,
PIC,12911330,11195660,1715670,4280412920,4292736910,1119566,1119566,1119566,1119566,1119566,1119566,1119566,1119566,1119566,1119566,171567,171567,171567,171567,171567,171567,171567,171567,171567,171567,428041292,428041292,428041292,428041292,428041292,428041292,428041292,428041292,428041292,428041292,429273691,429273691,429273691,429273691,429273691,429273691,429273691,429273691,429273691,429273691,
end--> Completion message received. Exiting.
