--> Waiting for autoboot prompt...
NOTICE:  BL31: v2.9(release):8a3945e
NOTICE:  BL31: Built : 17:27:52, May  1 2024


U-Boot 2022.10 (May 01 2024 - 17:26:49 -0300)

DRAM:  7.1 GiB
RPI 4 Model B (0xd03115)
Core:  202 devices, 16 uclasses, devicetree: board
MMC:   mmcnr@7e300000: 1, emmc2@7e340000: 0
Loading Environment from FAT... ** No partition table - mmc 0 **
In:    serial
Out:   serial
Err:   serial
Net:   eth0: ethernet@7d580000
PCIe BRCM: link up, 5.0 Gbps x1 (SSC)
starting USB...
Bus xhci_pci: Register 5000420 NbrPorts 5
Starting the controller
USB XHCI 1.00
scanning bus xhci_pci for devices... 2 USB Device(s) found
       scanning usb for storage devices... 0 Storage Device(s) found
Hit any key to stop autoboot:--> Autoboot stopped. Waiting for U-Boot prompt...
 0 
U-Boot>--> Benchmark command sent. Waiting for completion...
fatload mmc 0 0x200000 bao-14.bin; go 0x200000
1388544 bytes read in 102 ms (13 MiB/s)
## Starting application at 0x00200000 ...
BENCH_ARRAY_INDEX 13
budget_function,PMU_counter_used_budget,PMU_counter_used_budget_r,PMU_counter_used_budget_w,total_calc_r,total_calc_w,used_budget_read[0],used_budget_read[1],used_budget_read[2],used_budget_read[3],used_budget_read[4],used_budget_read[5],used_budget_read[6],used_budget_read[7],used_budget_read[8],used_budget_read[9],used_budget_write[0],used_budget_write[1],used_budget_write[2],used_budget_write[3],used_budget_write[4],used_budget_write[5],used_budget_write[6],used_budget_write[7],used_budget_write[8],used_budget_write[9],calculated_read[0],calculated_read[1],calculated_read[2],calculated_read[3],calculated_read[4],calculated_read[5],calculated_read[6],calculated_read[7],calculated_read[8],calculated_read[9],calculated_write[0],calculated_write[1],calculated_write[2],calculated_write[3],calculated_write[4],calculated_write[5],calculated_write[6],calculated_write[7],calculated_write[8],calculated_write[9],
got bandwidth_wrapper (104)
got disparity_wrapper (105)
EWMA,18111245,15743757,2367488,10640156,1577229,2093101,2084429,1825181,1566755,1499570,1404851,1313568,1313329,1337467,1305506,165251,361985,302913,255452,239421,212781,216122,206856,204731,201976,418620,751781,966461,1086519,1169129,1216273,1235732,1251251,1268494,1275896,33050,98837,139652,162812,178133,185062,191274,194390,196458,197561,
SW,17982281,15624091,2358190,10384322,1848442,2563747,413748,516321,1345769,1813154,1781162,1800898,1824584,1762890,1801818,397445,143779,103749,179918,259095,252874,257130,250167,256956,257077,2063966,1845460,1164605,758613,758613,758613,758613,758613,758613,758613,323151,312926,214991,142482,142482,142482,142482,142482,142482,142482,
AFC,17696536,15275507,2421029,10251247,1625887,1442744,2290245,1892878,1640835,1493166,1365613,1168254,1340903,1352495,1288374,211331,357470,294058,255342,232584,251548,223852,197447,203230,194167,288548,688887,929685,1071915,1156165,1198054,1192094,1221855,1247983,1256061,42266,105306,143056,165513,178927,193451,199531,199115,199938,198784,
AMBP,17616184,15151813,2464371,134998967,1602299,1148631,2277920,1936129,1694853,1511438,1424984,1343330,1347617,1311062,1155849,176191,362542,299596,259471,225963,224875,212935,207901,202160,292737,229806,639428,898768,1057985,1148675,1203936,1231814,1254974,1266191,126067390,35318,100762,140528,164316,176645,186291,191619,194875,196332,215613,
PIC,27140330,25561370,1578960,4261737500,4292914630,2556137,2556137,2556137,2556137,2556137,2556137,2556137,2556137,2556137,2556137,157896,157896,157896,157896,157896,157896,157896,157896,157896,157896,426173750,426173750,426173750,426173750,426173750,426173750,426173750,426173750,426173750,426173750,429291463,429291463,429291463,429291463,429291463,429291463,429291463,429291463,429291463,429291463,
end--> Completion message received. Exiting.
