--> Waiting for autoboot prompt...
NOTICE:  BL31: v2.9(release):8a3945e
NOTICE:  BL31: Built : 17:27:52, May  1 2024


U-Boot 2022.10 (May 01 2024 - 17:26:49 -0300)

DRAM:  7.1 GiB
RPI 4 Model B (0xd03115)
Core:  202 devices, 16 uclasses, devicetree: board
MMC:   mmcnr@7e300000: 1, emmc2@7e340000: 0
Loading Environment from FAT... ** No partition table - mmc 0 **
In:    serial
Out:   serial
Err:   serial
Net:   eth0: ethernet@7d580000
PCIe BRCM: link up, 5.0 Gbps x1 (SSC)
starting USB...
Bus xhci_pci: Register 5000420 NbrPorts 5
Starting the controller
USB XHCI 1.00
scanning bus xhci_pci for devices... 2 USB Device(s) found
       scanning usb for storage devices... 0 Storage Device(s) found
Hit any key to stop autoboot:--> Autoboot stopped. Waiting for U-Boot prompt...
 0 
U-Boot>--> Benchmark command sent. Waiting for completion...
fatload mmc 0 0x200000 bao-46.bin; go 0x200000
1441792 bytes read in 106 ms (13 MiB/s)
## Starting application at 0x00200000 ...
BENCH_ARRAY_INDEX 45
budget_function,PMU_counter_used_budget,PMU_counter_used_budget_r,PMU_counter_used_budget_w,total_calc_r,total_calc_w,total_cycles,total_instructions,total_cache_misses,total_mispredicts,cycles[0],cycles[1],cycles[2],cycles[3],cycles[4],cycles[5],cycles[6],cycles[7],cycles[8],cycles[9],instructions[0],instructions[1],instructions[2],instructions[3],instructions[4],instructions[5],instructions[6],instructions[7],instructions[8],instructions[9],cache_misses[0],cache_misses[1],cache_misses[2],cache_misses[3],cache_misses[4],cache_misses[5],cache_misses[6],cache_misses[7],cache_misses[8],cache_misses[9],mispredicts[0],mispredicts[1],mispredicts[2],mispredicts[3],mispredicts[4],mispredicts[5],mispredicts[6],mispredicts[7],mispredicts[8],mispredicts[9],used_budget_read[0],used_budget_read[1],used_budget_read[2],used_budget_read[3],used_budget_read[4],used_budget_read[5],used_budget_read[6],used_budget_read[7],used_budget_read[8],used_budget_read[9],used_budget_write[0],used_budget_write[1],used_budget_write[2],used_budget_write[3],used_budget_write[4],used_budget_write[5],used_budget_write[6],used_budget_write[7],used_budget_write[8],used_budget_write[9],calculated_read[0],calculated_read[1],calculated_read[2],calculated_read[3],calculated_read[4],calculated_read[5],calculated_read[6],calculated_read[7],calculated_read[8],calculated_read[9],calculated_write[0],calculated_write[1],calculated_write[2],calculated_write[3],calculated_write[4],calculated_write[5],calculated_write[6],calculated_write[7],calculated_write[8],calculated_write[9],
got bandwidth_wrapper (360)
got sha_wrapper (361)
EWMA_v2,29294046,18549727,10744319,10860035,6197001,71999491,94892186,499214,6988,6036079,5971839,5995265,6000028,5995129,5996224,5997721,12005046,5997494,12004666,8233636,5220091,8308522,8278282,5349814,8253309,8321637,17220803,8331844,17374248,49204,51301,49042,49081,51250,49114,49077,51178,49044,50923,726,629,714,714,704,694,706,706,695,700,1646243,1143545,1657867,1652813,1165066,1648572,1659994,3144184,1661663,3169780,935684,600023,942913,939517,614464,936711,944303,1934122,945416,1951166,329248,492107,725259,910769,961628,1099016,1211211,1597805,1610576,1922416,187136,269713,404353,511385,532000,612942,679214,930195,933239,1136824,
SW_v2,76429596,46692745,29736851,43145512,27561958,155509830,273743449,490891,7105,11464220,11998311,12002288,12001049,18007201,18006950,18006967,18008378,18006990,18007476,19179313,20316385,20313168,20290634,32273265,32220871,32309646,32271141,32275053,32293973,49120,49033,49038,49031,49146,49091,49065,49150,49069,49148,719,717,711,701,709,716,702,702,725,703,1798109,3659825,3659250,3655449,5653208,5644522,5659301,5652853,5653571,5656657,1264824,2277752,2277371,2274836,3606913,3601112,3610974,3606678,3607163,3609228,1798109,2728967,3039061,3658175,4322636,4984393,5652344,5652225,5655242,5654360,1264824,1771288,1939982,2276653,2719707,3160954,3606333,3606255,3608272,3607690,
AFC_v2,23399036,14865896,8533140,9165259,5285872,71785477,105240667,492596,6007,17823188,5988788,5996026,5998518,5994116,5996348,5999121,5994060,5996841,5998471,31717400,7781083,8310138,8332291,7904179,8333249,8331060,7877164,8267761,8386342,49351,49706,49059,49035,49769,49052,49063,49410,49129,49022,706,706,653,570,566,562,564,560,560,560,156425,1570094,1658010,1661500,1590115,1661627,1661277,1585638,1650713,1670497,187629,884427,943010,945349,897784,945445,945211,894781,938166,951338,31285,339046,602838,814570,969679,1108068,1218709,1292094,1363817,1425153,37525,206905,354126,472370,557452,635050,697082,736621,776930,811811,
LR_v2,83792326,51113822,32678504,53941434,34482645,168061318,297297672,490877,5673,11989172,11999414,18008895,18009319,18009886,18008522,18009931,18008638,18009577,18007964,18795620,20275832,32286730,32279100,32264242,32284433,32271864,32334502,32218253,32287096,49160,49079,49096,49114,49026,49034,49118,49032,49120,49098,566,566,569,568,570,563,572,562,574,563,2231067,3652723,5655190,5653880,5651412,5654787,5652667,5663120,5643748,5655228,1546980,2273070,3608282,3607393,3605746,3607986,3606587,3613572,3600609,3608279,3346600,4363551,6656423,5653225,5650178,5656474,5651607,5668346,5634062,5660968,2320470,2636115,4275888,3606949,3604923,3609106,3605888,3617064,3594128,3612114,
AMBP_v2,22692273,14441731,8250542,6834953,3923622,71792837,102739652,493216,5649,17824097,5992212,5995413,5996973,5996219,5997064,5998019,5996659,5997147,5999034,31955588,8314645,8264181,6913780,8349445,8289685,6988338,8340296,8369036,6954658,49103,49092,49148,49897,49049,49103,49699,49073,49222,49830,564,564,562,571,561,577,565,565,561,559,189075,1658564,1650116,1425210,1664333,1654398,1437607,1662836,1667617,1431975,209394,943411,937783,787859,947269,940613,796135,946247,949433,792398,34105,323096,529650,637885,758856,844167,866569,923239,964902,952484,37762,197001,310641,365475,433649,481536,490009,523130,547551,536868,
PIC_v2,84520324,51574739,32945585,13850773246,13839252990,167683274,297227844,492044,5679,5598552,18006974,18010146,18008786,18010607,18009706,18009368,18009750,18010089,18009296,6680474,32274589,32323040,32321595,32307593,32228969,32267519,32313472,32251755,32258838,50446,49036,49034,49020,49097,49065,49083,49081,49043,49139,573,570,570,564,563,560,564,579,562,574,683957,5653122,5661219,5660960,5658615,5645490,5651938,5659608,5649324,5650506,475175,3606910,3612271,3612099,3610550,3601813,3606094,3611203,3604346,3605124,429133521,774434170,1050676309,1271669968,1448464427,1589897369,1703045012,1793564660,1865978322,1923909488,429091764,773991522,1049912401,1270649070,1447238095,1588507568,1701524002,1791938171,1864268135,1922132262,
EWMA,16028992,10225483,5803509,6954376,3945526,59964100,81811978,490961,4539,5993469,5996205,5995564,5995894,5996861,5997625,5997642,5997618,5996657,5996565,8317715,7856906,8253368,8376486,7889396,8286819,8336899,7908247,8227027,8359115,49177,49124,49055,49047,49170,49024,49107,49137,49088,49032,574,522,434,432,426,430,428,431,428,434,1659093,1250422,1132706,1029782,870409,905994,882681,790601,845600,858195,943761,703737,644719,587798,488548,516523,503496,443601,481208,490118,331818,515538,638971,717133,747788,779429,800079,798183,807666,817771,188752,291749,362343,407434,423656,442229,454482,452305,458085,464491,
SW,14795523,9465376,5330147,6706880,3775969,59947577,77629830,492733,4280,5995858,5994449,5999592,5995192,5994330,5995805,5992704,5993346,5993599,5992702,8383402,8384586,6474266,8311793,8311614,6520298,8289636,8296280,6353018,8304937,49091,49066,49537,49065,49127,49503,49126,49125,49992,49101,427,425,429,428,427,432,428,428,427,429,1669849,435894,192478,891855,1151182,852887,1147543,1148611,825008,1150069,950879,263651,83225,510367,657175,458384,654742,655483,439793,656448,1234164,1159448,766074,506742,506742,506742,506742,506742,506742,506742,687368,655780,432585,285748,285748,285748,285748,285748,285748,285748,
AFC,15022041,9605481,5416560,6448848,3634453,59493501,78268886,495759,4309,5521147,5994585,5995914,5995295,6000550,5998662,5997282,5996846,5996679,5996541,7362175,8308902,6994899,8277450,8353814,7012260,8307676,8329308,7074234,8248168,49064,49101,50820,49106,49048,50788,49088,49143,50548,49053,428,433,431,428,431,430,422,438,439,429,993156,1458842,987947,1094075,999635,709325,929636,892881,658837,881147,551918,832241,542010,626929,572474,384066,533963,511277,356424,505258,198631,450673,558127,665316,732179,727609,768014,792987,766157,789155,110383,254754,312205,375149,414614,408505,433596,449132,430591,445524,
AMBP,15486264,9875847,5610417,6591827,3743559,59650599,82237229,491228,5238,5683336,5992109,5996513,5995370,5997902,5997108,5997460,5997228,5996729,5996844,7701861,8158530,8302369,8293267,8323531,8325152,8284845,8210263,8332223,8305188,49129,49071,49091,49258,49070,49106,49273,49093,49062,49075,424,433,439,559,560,562,561,576,560,564,767365,1478851,1237801,1072832,979755,920170,877520,844883,855511,841159,429865,839846,705100,610558,557874,523793,498710,478944,487290,478437,153553,418612,582449,680525,740371,776330,796568,806231,816087,821101,86053,236811,330468,386486,420763,441369,452837,458058,463904,466810,
PIC,11170980,7193720,3977260,4285615440,4289796840,167727858,285891876,495296,5664,5630437,18007545,18010322,18010539,18010948,18011144,18011872,18012625,18010967,18011459,7603196,30888994,30909593,30900141,30899126,30932446,30928419,30995759,30952309,30881893,49055,49434,49576,49645,49606,49780,49406,49649,49431,49714,561,567,580,573,563,567,563,564,561,565,719372,719372,719372,719372,719372,719372,719372,719372,719372,719372,397726,397726,397726,397726,397726,397726,397726,397726,397726,397726,428561544,428561544,428561544,428561544,428561544,428561544,428561544,428561544,428561544,428561544,428979684,428979684,428979684,428979684,428979684,428979684,428979684,428979684,428979684,428979684,
end--> Completion message received. Exiting.
