--> Waiting for autoboot prompt...
NOTICE:  BL31: v2.9(release):8a3945e
NOTICE:  BL31: Built : 17:27:52, May  1 2024


U-Boot 2022.10 (May 01 2024 - 17:26:49 -0300)

DRAM:  7.1 GiB
RPI 4 Model B (0xd03115)
Core:  202 devices, 16 uclasses, devicetree: board
MMC:   mmcnr@7e300000: 1, emmc2@7e340000: 0
Loading Environment from FAT... ** No partition table - mmc 0 **
In:    serial
Out:   serial
Err:   serial
Net:   eth0: ethernet@7d580000
PCIe BRCM: link up, 5.0 Gbps x1 (SSC)
starting USB...
Bus xhci_pci: Register 5000420 NbrPorts 5
Starting the controller
USB XHCI 1.00
scanning bus xhci_pci for devices... 2 USB Device(s) found
       scanning usb for storage devices... 0 Storage Device(s) found
Hit any key to stop autoboot:--> Autoboot stopped. Waiting for U-Boot prompt...
 0 
U-Boot>--> Benchmark command sent. Waiting for completion...
fatload mmc 0 0x200000 bao-50.bin; go 0x200000
1417216 bytes read in 105 ms (12.9 MiB/s)
## Starting application at 0x00200000 ...
BENCH_ARRAY_INDEX 49
budget_function,PMU_counter_used_budget,PMU_counter_used_budget_r,PMU_counter_used_budget_w,total_calc_r,total_calc_w,used_budget_read[0],used_budget_read[1],used_budget_read[2],used_budget_read[3],used_budget_read[4],used_budget_read[5],used_budget_read[6],used_budget_read[7],used_budget_read[8],used_budget_read[9],used_budget_write[0],used_budget_write[1],used_budget_write[2],used_budget_write[3],used_budget_write[4],used_budget_write[5],used_budget_write[6],used_budget_write[7],used_budget_write[8],used_budget_write[9],calculated_read[0],calculated_read[1],calculated_read[2],calculated_read[3],calculated_read[4],calculated_read[5],calculated_read[6],calculated_read[7],calculated_read[8],calculated_read[9],calculated_write[0],calculated_write[1],calculated_write[2],calculated_write[3],calculated_write[4],calculated_write[5],calculated_write[6],calculated_write[7],calculated_write[8],calculated_write[9],
got bandwidth_wrapper (392)
got sha_wrapper (393)
EWMA,15904175,10174990,5729185,6899076,3868335,1394891,1373798,1155670,1017066,943259,898153,870597,857056,837695,826805,685201,802697,670042,585358,540792,513484,496819,488753,476465,469574,278978,497942,629487,707002,754253,783033,800545,811847,817016,818973,137040,270171,350145,397187,425908,443423,454102,461032,464118,465209,
SW,15608893,9952838,5656055,7077502,4023413,1653061,297062,443536,852936,1109399,1115670,1120582,1114010,1120445,1126137,939834,171065,250569,484513,629475,633651,636897,632571,636841,640639,1357090,1204280,797886,531178,531178,531178,531178,531178,531178,531178,769494,685753,453823,302049,302049,302049,302049,302049,302049,302049,
AFC,15667917,9994194,5673723,6705139,3804046,994845,1448078,1206655,1051362,959521,900544,871040,878743,844446,838960,553177,824787,687447,598186,545495,511304,494722,501709,479947,476949,198969,448790,600363,690562,744353,775591,794680,811492,818082,822257,110635,253465,340261,391846,422575,440320,451200,461301,465030,467413,
AMBP,15507601,9889550,5618051,6607694,3753078,792336,1493751,1227460,1058946,973666,905719,890130,869604,847424,830514,446288,849488,697964,601190,553715,514031,507019,495364,481771,471221,158547,425587,585961,680558,739179,772487,796015,810732,818070,820558,89337,241367,332686,386386,419851,438687,452353,460955,465118,466338,
PIC,12533760,8012140,4521620,4284551500,4289089170,801214,801214,801214,801214,801214,801214,801214,801214,801214,801214,452162,452162,452162,452162,452162,452162,452162,452162,452162,452162,428455150,428455150,428455150,428455150,428455150,428455150,428455150,428455150,428455150,428455150,428908917,428908917,428908917,428908917,428908917,428908917,428908917,428908917,428908917,428908917,
end--> Completion message received. Exiting.
