--> Waiting for autoboot prompt...
NOTICE:  BL31: v2.9(release):8a3945e
NOTICE:  BL31: Built : 17:27:52, May  1 2024


U-Boot 2022.10 (May 01 2024 - 17:26:49 -0300)

DRAM:  7.1 GiB
RPI 4 Model B (0xd03115)
Core:  202 devices, 16 uclasses, devicetree: board
MMC:   mmcnr@7e300000: 1, emmc2@7e340000: 0
Loading Environment from FAT... ** No partition table - mmc 0 **
In:    serial
Out:   serial
Err:   serial
Net:   eth0: ethernet@7d580000
PCIe BRCM: link up, 5.0 Gbps x1 (SSC)
starting USB...
Bus xhci_pci: Register 5000420 NbrPorts 5
Starting the controller
USB XHCI 1.00
scanning bus xhci_pci for devices... 2 USB Device(s) found
       scanning usb for storage devices... 0 Storage Device(s) found
Hit any key to stop autoboot:--> Autoboot stopped. Waiting for U-Boot prompt...
 0 
U-Boot>--> Benchmark command sent. Waiting for completion...
fatload mmc 0 0x200000 bao-32.bin; go 0x200000
1392640 bytes read in 103 ms (12.9 MiB/s)
## Starting application at 0x00200000 ...
BENCH_ARRAY_INDEX 31
budget_function,PMU_counter_used_budget,PMU_counter_used_budget_r,PMU_counter_used_budget_w,total_calc_r,total_calc_w,used_budget_read[0],used_budget_read[1],used_budget_read[2],used_budget_read[3],used_budget_read[4],used_budget_read[5],used_budget_read[6],used_budget_read[7],used_budget_read[8],used_budget_read[9],used_budget_write[0],used_budget_write[1],used_budget_write[2],used_budget_write[3],used_budget_write[4],used_budget_write[5],used_budget_write[6],used_budget_write[7],used_budget_write[8],used_budget_write[9],calculated_read[0],calculated_read[1],calculated_read[2],calculated_read[3],calculated_read[4],calculated_read[5],calculated_read[6],calculated_read[7],calculated_read[8],calculated_read[9],calculated_write[0],calculated_write[1],calculated_write[2],calculated_write[3],calculated_write[4],calculated_write[5],calculated_write[6],calculated_write[7],calculated_write[8],calculated_write[9],
got bandwidth_wrapper (248)
got qsort_wrapper (249)
EWMA,15074129,9331162,5742967,6309147,3868037,1222809,1262267,1063781,947091,879203,826740,793625,789219,771786,774641,663034,802396,671681,594816,550151,515533,493730,490925,479371,481330,244561,448102,571237,646407,692966,719720,734501,745444,750712,755497,132606,266564,347587,397032,427655,445230,454930,462129,465577,468727,
SW,14758956,9108762,5650194,6518218,4045705,1500621,274934,426981,773124,1016305,1024748,1018041,1027369,1034715,1011924,930524,171588,265215,479124,630040,635673,631201,637418,642301,627110,1244507,1097772,734179,491680,491680,491680,491680,491680,491680,491680,771426,681340,455776,305309,305309,305309,305309,305309,305309,305309,
AFC,14807299,9139572,5667727,6135381,3803817,901174,1329374,1099268,968941,885370,823337,804591,801635,757653,768229,553395,825777,682580,601793,549741,510595,499436,498235,469429,476746,180234,410062,547903,632110,682762,710877,729619,744022,746748,751044,110679,253698,339474,391937,423497,440916,452620,461743,463280,465973,
AMBP,14715258,9080650,5634608,6073277,3768607,752651,1366151,1120852,981066,890662,838307,802040,784651,775650,768620,466559,847898,695518,608999,552720,520253,497549,486818,481324,476970,150610,393718,539144,627528,680154,711784,729835,740798,747768,751938,93391,244292,334537,389429,422087,441720,452885,459671,464001,466594,
PIC,12289740,7585400,4704340,4285106260,4288851640,758540,758540,758540,758540,758540,758540,758540,758540,758540,758540,470434,470434,470434,470434,470434,470434,470434,470434,470434,470434,428510626,428510626,428510626,428510626,428510626,428510626,428510626,428510626,428510626,428510626,428885164,428885164,428885164,428885164,428885164,428885164,428885164,428885164,428885164,428885164,
end--> Completion message received. Exiting.
