--> Waiting for autoboot prompt...
NOTICE:  BL31: v2.9(release):8a3945e
NOTICE:  BL31: Built : 17:27:52, May  1 2024


U-Boot 2022.10 (May 01 2024 - 17:26:49 -0300)

DRAM:  7.1 GiB
RPI 4 Model B (0xd03115)
Core:  202 devices, 16 uclasses, devicetree: board
MMC:   mmcnr@7e300000: 1, emmc2@7e340000: 0
Loading Environment from FAT... ** No partition table - mmc 0 **
In:    serial
Out:   serial
Err:   serial
Net:   eth0: ethernet@7d580000
PCIe BRCM: link up, 5.0 Gbps x1 (SSC)
starting USB...
Bus xhci_pci: Register 5000420 NbrPorts 5
Starting the controller
USB XHCI 1.00
scanning bus xhci_pci for devices... 2 USB Device(s) found
       scanning usb for storage devices... 0 Storage Device(s) found
Hit any key to stop autoboot:--> Autoboot stopped. Waiting for U-Boot prompt...
 0 
U-Boot>--> Benchmark command sent. Waiting for completion...
fatload mmc 0 0x200000 bao-113.bin; go 0x200000
1421312 bytes read in 105 ms (12.9 MiB/s)
## Starting application at 0x00200000 ...
BENCH_ARRAY_INDEX 112
budget_function,PMU_counter_used_budget,PMU_counter_used_budget_r,PMU_counter_used_budget_w,total_calc_r,total_calc_w,used_budget_read[0],used_budget_read[1],used_budget_read[2],used_budget_read[3],used_budget_read[4],used_budget_read[5],used_budget_read[6],used_budget_read[7],used_budget_read[8],used_budget_read[9],used_budget_write[0],used_budget_write[1],used_budget_write[2],used_budget_write[3],used_budget_write[4],used_budget_write[5],used_budget_write[6],used_budget_write[7],used_budget_write[8],used_budget_write[9],calculated_read[0],calculated_read[1],calculated_read[2],calculated_read[3],calculated_read[4],calculated_read[5],calculated_read[6],calculated_read[7],calculated_read[8],calculated_read[9],calculated_write[0],calculated_write[1],calculated_write[2],calculated_write[3],calculated_write[4],calculated_write[5],calculated_write[6],calculated_write[7],calculated_write[8],calculated_write[9],
got dijkstra_wrapper (896)
got mser_wrapper (897)
EWMA,24638394,18554426,6083968,12670561,4122347,2920216,2858782,1308365,2064923,2157495,877507,1814562,2013834,777462,1761280,685122,873517,779981,546828,600748,609833,446507,541464,575875,424093,584043,1038990,1092865,1287276,1461319,1344556,1438557,1553612,1398382,1470961,137024,284322,383453,416128,453052,484408,476827,489754,506978,490401,
SW,24170095,18194034,5976061,12743950,4326520,3163059,1007865,116437,1728753,2502383,1379639,2208364,2499458,1382380,2205696,932051,207741,338356,437834,690440,737169,602530,689620,738281,602039,2445245,2212459,1429120,951018,951018,951018,951018,951018,951018,951018,810546,727419,492716,327977,327977,327977,327977,327977,327977,327977,
AFC,24352886,18353764,5999122,12712866,3968952,2477433,2240480,2649238,1857859,1823512,2020814,779808,1761249,1974973,768398,683474,676967,783038,554582,538030,596595,609358,442991,537343,576744,495486,844484,1205434,1335919,1433437,1550912,1396692,1469603,1570677,1410222,136694,244748,352406,392841,421878,456821,487328,478461,490237,507538,
AMBP,20825375,15095267,5730108,708391305,193587632,1578468,3118736,1544993,2151427,2215923,897144,897144,897144,897144,897144,372777,942835,803406,572215,616659,623052,449791,449791,449791,449791,315773,876365,1010090,1238357,1433870,140703370,140703370,140703370,140703370,140703370,74635,248275,359301,401883,444838,480480,47894555,47894555,47894555,47894555,
PIC,40922750,31612070,9310680,4253871590,4282863390,3161207,3161207,3161207,3161207,3161207,3161207,3161207,3161207,3161207,3161207,931068,931068,931068,931068,931068,931068,931068,931068,931068,931068,425387159,425387159,425387159,425387159,425387159,425387159,425387159,425387159,425387159,425387159,428286339,428286339,428286339,428286339,428286339,428286339,428286339,428286339,428286339,428286339,
end--> Completion message received. Exiting.
