--> Waiting for autoboot prompt...
NOTICE:  BL31: v2.9(release):8a3945e
NOTICE:  BL31: Built : 17:27:52, May  1 2024


U-Boot 2022.10 (May 01 2024 - 17:26:49 -0300)

DRAM:  7.1 GiB
RPI 4 Model B (0xd03115)
Core:  202 devices, 16 uclasses, devicetree: board
MMC:   mmcnr@7e300000: 1, emmc2@7e340000: 0
Loading Environment from FAT... ** No partition table - mmc 0 **
In:    serial
Out:   serial
Err:   serial
Net:   eth0: ethernet@7d580000
PCIe BRCM: link up, 5.0 Gbps x1 (SSC)
starting USB...
Bus xhci_pci: Register 5000420 NbrPorts 5
Starting the controller
USB XHCI 1.00
scanning bus xhci_pci for devices... 2 USB Device(s) found
       scanning usb for storage devices... 0 Storage Device(s) found
Hit any key to stop autoboot:--> Autoboot stopped. Waiting for U-Boot prompt...
 0 
U-Boot>--> Benchmark command sent. Waiting for completion...
fatload mmc 0 0x200000 bao-112.bin; go 0x200000
1437696 bytes read in 105 ms (13.1 MiB/s)
## Starting application at 0x00200000 ...
BENCH_ARRAY_INDEX 111
budget_function,PMU_counter_used_budget,PMU_counter_used_budget_r,PMU_counter_used_budget_w,total_calc_r,total_calc_w,total_cycles,total_instructions,total_cache_misses,total_mispredicts,cycles[0],cycles[1],cycles[2],cycles[3],cycles[4],cycles[5],cycles[6],cycles[7],cycles[8],cycles[9],instructions[0],instructions[1],instructions[2],instructions[3],instructions[4],instructions[5],instructions[6],instructions[7],instructions[8],instructions[9],cache_misses[0],cache_misses[1],cache_misses[2],cache_misses[3],cache_misses[4],cache_misses[5],cache_misses[6],cache_misses[7],cache_misses[8],cache_misses[9],mispredicts[0],mispredicts[1],mispredicts[2],mispredicts[3],mispredicts[4],mispredicts[5],mispredicts[6],mispredicts[7],mispredicts[8],mispredicts[9],used_budget_read[0],used_budget_read[1],used_budget_read[2],used_budget_read[3],used_budget_read[4],used_budget_read[5],used_budget_read[6],used_budget_read[7],used_budget_read[8],used_budget_read[9],used_budget_write[0],used_budget_write[1],used_budget_write[2],used_budget_write[3],used_budget_write[4],used_budget_write[5],used_budget_write[6],used_budget_write[7],used_budget_write[8],used_budget_write[9],calculated_read[0],calculated_read[1],calculated_read[2],calculated_read[3],calculated_read[4],calculated_read[5],calculated_read[6],calculated_read[7],calculated_read[8],calculated_read[9],calculated_write[0],calculated_write[1],calculated_write[2],calculated_write[3],calculated_write[4],calculated_write[5],calculated_write[6],calculated_write[7],calculated_write[8],calculated_write[9],
got dijkstra_wrapper (888)
got mser_wrapper (889)
EWMA_v2,39937018,29985259,9951759,19381522,6403390,59966549,81825235,156537,145086,6024809,5987050,5993442,5994142,5994682,5994325,5994595,5994486,5994364,5994654,7353115,8028991,9452055,7327113,8026041,9450260,7333288,8045151,9474547,7334674,10218,7944,30699,9907,8016,31083,9866,8117,30821,9866,18613,24379,493,17412,24527,477,17298,24134,463,17290,3166285,3442652,2347589,3152251,3433458,2352016,3153795,3439529,2343750,3153934,933765,1010365,1063100,929082,1014139,1063010,929094,1015188,1065241,928775,633257,1195136,1425626,1770951,2103452,2153164,2353290,2570537,2525179,2650930,186753,351475,493800,580856,667512,746611,783107,829523,876666,887087,
SW_v2,36913825,27648687,9265138,25283517,8682958,59366709,81385571,154812,149990,5423593,5990790,5993661,5993970,5994108,5994192,5994352,5994017,5994077,5993949,7234775,9081803,7326892,8036091,9467471,7338245,8045887,9472270,7335779,8046358,7024,32065,9855,8093,30884,9868,8143,30891,9856,8133,21903,2941,17379,24246,468,17186,24088,458,17240,24081,672915,2511029,3151091,3436288,2347010,3154614,3439774,2342275,3154070,3439621,278257,1030800,927766,1012635,1064780,929060,1013560,1064936,929103,1014241,672915,1591972,2111678,3032803,2978130,2979304,2980466,2978888,2978706,2978655,278257,654529,745608,990400,1001727,1002158,1002467,1002519,1002533,1002760,
AFC_v2,4330644147,4321341151,9302996,4311292988,5766648,59816805,83782578,177369,125282,5868324,5990954,5994890,5994178,5994729,5994956,5994508,5995006,5994910,5994350,9202599,7332652,8040146,9472798,7340843,8048124,9477771,7339623,8049821,9478201,30863,9867,8095,30859,9861,8123,30840,9890,8133,30838,462,17152,24051,455,17128,24029,454,17145,23953,453,4294536866,3151459,3435534,2345387,3154840,3439229,2342106,3154391,3439338,2342001,282502,928091,1011892,1065212,929444,1012987,1065586,929000,1012766,1065516,4294881210,561423,1136245,1378073,1733426,2074586,2128090,2333350,2554547,2512038,56500,230818,387032,522668,604023,685815,761769,795215,838725,884083,
LR_v2,66779456,48698779,18080677,51061634,19155131,107599026,156841593,250009,214081,5606090,5990548,11999698,12000886,11999483,12001085,12000170,12000575,12000570,11999921,6794817,8032649,21215666,15411761,21467130,15416059,18657001,15768505,15417446,18660559,9491,7700,31787,18029,30772,18026,36722,42745,18016,36721,15684,23889,2112,41271,454,41279,6240,35771,41121,6260,662414,3408223,4467597,6604974,4334406,6606330,4725820,6557225,6606077,4725713,227862,1014015,2375493,1944483,2398351,1945004,2148377,1933028,1945156,2148908,993621,4781127,4997284,7673662,3199122,7742292,3785565,7472927,6630503,3785531,341793,1407091,3056232,1728978,2625285,1718331,2250063,1825354,1951220,2250784,
AMBP_v2,4333347543,29287756,4304059787,13923322,60656580,65393363,91690128,158707,159694,11444718,5990940,5994778,5994943,5994426,5994817,5994637,5994414,5994835,5994855,14831500,11733403,7338823,8052145,9475419,7339482,8051228,9476270,7338466,8053392,39921,2956,9855,8147,30898,9882,8152,30859,9868,8169,35705,31,17162,23839,452,17148,23922,449,17132,23854,2829748,1992596,3153716,3439377,2341324,3154639,3440169,2341620,3154126,3440441,4294794839,1305693,928463,1013461,1065348,929325,1014069,1065494,929137,1013958,509426,725454,1089995,1403883,1432233,1599042,1770540,1696280,1789064,1907405,42918702,2183345,2120600,2065243,2015248,1960951,1913606,1871200,1824096,1783589,
PIC_v2,4381975141,65146119,4316829022,13855618382,3543782689,137555040,195041610,372394,291292,5522452,5991302,5994624,11999887,18006840,18006396,18008438,18008349,18008367,18008385,8512382,7335894,8050939,21457780,24944226,24938085,24950525,24956712,24948390,24946677,30886,9871,8142,30881,48786,48738,48776,48769,48800,48745,452,17093,23912,454,41514,41720,41542,41425,41557,41623,523559,3152624,3439264,4340064,8947856,8948349,8948409,8948911,8948209,8948874,4294392279,928339,1013313,2397417,3016445,3015409,3016485,3017295,3015881,3016159,429101441,773908407,1049811308,1270713788,1448357331,1590472264,1704164222,1795117889,1867880682,1926091050,384996,993664,1497593,2177557,2845334,3379349,432303505,776442992,1051754299,1272003400,
EWMA,24859513,18658093,6201420,12775241,4240872,59941074,81935580,156565,141950,5991041,5993649,5994020,5994456,5994720,5994213,5994657,5995041,5994127,5995150,7342088,8045483,9473220,7337007,8051215,9477693,7339199,8049388,9478266,7342021,9858,8134,30935,9875,8135,30857,9883,8143,30854,9891,17167,24003,450,17197,23945,448,17159,24006,449,17126,3155565,2806715,1275808,2045374,2144117,876963,1806650,2000501,790594,1755806,929142,826621,751278,527182,586822,606906,440788,535000,575603,422078,631113,1066233,1108148,1295593,1465297,1347630,1439434,1551647,1399436,1470710,185828,313986,401444,426591,458637,488290,478789,490031,507145,490131,
SW,24125293,18171682,5953611,12736263,4324748,59923756,81903580,156555,142049,5994383,5993208,5992750,5993448,5992625,5991804,5991823,5991827,5990579,5991309,7346893,8052651,9476051,7337350,8043037,9465905,7335315,8043829,9466866,7335683,9853,8150,30817,9881,8124,30898,9927,8124,30862,9919,17227,23835,451,17166,24067,451,17210,24027,451,17164,3157761,1011721,115947,1725071,2486869,1391670,2201741,2486992,1391851,2202059,930088,214923,338772,434013,683351,735258,598846,683829,735231,599300,2428077,2223319,1428476,950913,950913,950913,950913,950913,950913,950913,798995,726507,494594,329236,329236,329236,329236,329236,329236,329236,
AFC,24600145,18529855,6070290,12271892,4091102,59772432,82267546,154983,148973,5824284,5990618,5994750,5994671,5994127,5994683,5995011,5994497,5994788,5995003,7796965,9349937,7336651,8049999,9475992,7339820,8052244,9478518,7339312,8048108,7809,31368,9877,8132,30855,9897,8152,30849,9879,8165,23342,1181,17214,23985,450,17166,23974,447,17175,24039,2379795,1913683,2390105,2351449,1001073,1881652,2045983,816404,1771008,1978703,652798,924342,639422,654525,647000,465209,549643,584339,426843,526169,475959,763503,1088823,1341348,1273293,1394964,1525167,1383415,1460933,1564487,130559,289315,359336,418373,464098,464320,481384,501975,486949,494793,
AMBP,20992919,15220045,5772874,583613399,149397246,83432635,119956955,226036,166888,5457735,5990440,5994989,5994134,5994837,5995010,5994287,5994465,18008073,18008665,8389250,7334444,8047886,9473910,7338814,8047673,9475376,7340338,29559697,24949567,30757,9893,8130,30873,9883,8158,30879,9868,38847,48748,454,17115,24015,449,17167,24045,448,17145,24458,41592,596879,3032759,2737546,1233999,2020077,2128453,867583,867583,867583,867583,450078,838121,773742,718717,507821,575092,599674,436543,436543,436543,119455,702115,1109201,1134160,1311343,1474765,144440590,144440590,144440590,144440590,90095,239700,346508,420949,438323,465676,492475,48967840,48967840,48967840,
PIC,40853100,31559540,9293560,4253939880,4282885650,168067088,236498897,438765,374586,5991475,18007208,18008649,18008586,18008713,18008531,18008421,18008415,18008601,18008489,7341793,29547837,24954372,24941566,24951839,24957279,24949760,24948995,24953252,24952204,9852,38932,48815,48701,48747,48767,48723,48680,48790,48758,17201,24499,41531,41734,41569,41539,41653,41704,41562,41594,3155954,3155954,3155954,3155954,3155954,3155954,3155954,3155954,3155954,3155954,929356,929356,929356,929356,929356,929356,929356,929356,929356,929356,425393988,425393988,425393988,425393988,425393988,425393988,425393988,425393988,425393988,425393988,428288565,428288565,428288565,428288565,428288565,428288565,428288565,428288565,428288565,428288565,
end--> Completion message received. Exiting.
