--> Waiting for autoboot prompt...
NOTICE:  BL31: v2.9(release):8a3945e
NOTICE:  BL31: Built : 17:27:52, May  1 2024


U-Boot 2022.10 (May 01 2024 - 17:26:49 -0300)

DRAM:  7.1 GiB
RPI 4 Model B (0xd03115)
Core:  202 devices, 16 uclasses, devicetree: board
MMC:   mmcnr@7e300000: 1, emmc2@7e340000: 0
Loading Environment from FAT... ** No partition table - mmc 0 **
In:    serial
Out:   serial
Err:   serial
Net:   eth0: ethernet@7d580000
PCIe BRCM: link up, 5.0 Gbps x1 (SSC)
starting USB...
Bus xhci_pci: Register 5000420 NbrPorts 5
Starting the controller
USB XHCI 1.00
scanning bus xhci_pci for devices... 2 USB Device(s) found
       scanning usb for storage devices... 0 Storage Device(s) found
Hit any key to stop autoboot:--> Autoboot stopped. Waiting for U-Boot prompt...
 0 
U-Boot>--> Benchmark command sent. Waiting for completion...
fatload mmc 0 0x200000 bao-85.bin; go 0x200000
1441792 bytes read in 106 ms (13 MiB/s)
## Starting application at 0x00200000 ...
BENCH_ARRAY_INDEX 84
budget_function,PMU_counter_used_budget,PMU_counter_used_budget_r,PMU_counter_used_budget_w,total_calc_r,total_calc_w,total_cycles,total_instructions,total_cache_misses,total_mispredicts,cycles[0],cycles[1],cycles[2],cycles[3],cycles[4],cycles[5],cycles[6],cycles[7],cycles[8],cycles[9],instructions[0],instructions[1],instructions[2],instructions[3],instructions[4],instructions[5],instructions[6],instructions[7],instructions[8],instructions[9],cache_misses[0],cache_misses[1],cache_misses[2],cache_misses[3],cache_misses[4],cache_misses[5],cache_misses[6],cache_misses[7],cache_misses[8],cache_misses[9],mispredicts[0],mispredicts[1],mispredicts[2],mispredicts[3],mispredicts[4],mispredicts[5],mispredicts[6],mispredicts[7],mispredicts[8],mispredicts[9],used_budget_read[0],used_budget_read[1],used_budget_read[2],used_budget_read[3],used_budget_read[4],used_budget_read[5],used_budget_read[6],used_budget_read[7],used_budget_read[8],used_budget_read[9],used_budget_write[0],used_budget_write[1],used_budget_write[2],used_budget_write[3],used_budget_write[4],used_budget_write[5],used_budget_write[6],used_budget_write[7],used_budget_write[8],used_budget_write[9],calculated_read[0],calculated_read[1],calculated_read[2],calculated_read[3],calculated_read[4],calculated_read[5],calculated_read[6],calculated_read[7],calculated_read[8],calculated_read[9],calculated_write[0],calculated_write[1],calculated_write[2],calculated_write[3],calculated_write[4],calculated_write[5],calculated_write[6],calculated_write[7],calculated_write[8],calculated_write[9],
got dijkstra_wrapper (672)
got dijkstra_wrapper (673)
EWMA_v2,33200740,19917532,13283208,12805924,8540576,59965826,119424219,84,239,6023286,5986022,5993651,5994168,5994493,5994723,5994839,5994868,5994913,5994863,11958605,11923603,11940477,11941905,11942739,11943135,11943396,11943477,11943555,11943327,73,2,2,1,1,1,1,1,1,1,114,39,19,12,9,10,9,9,10,8,1995124,1988617,1991365,1991587,1991718,1991792,1991817,1991841,1991847,1991824,1331191,1326169,1327998,1328146,1328223,1328271,1328286,1328316,1328307,1328301,399024,716942,971826,1175778,1338966,1469531,1573988,1657558,1724415,1777896,266238,478224,648178,784171,892981,980039,1049688,1105413,1149991,1185653,
SW_v2,37176903,22253595,14923308,18873253,12738668,71563377,142603907,14,158,5602609,5991525,5994372,5994259,5994784,5995811,5996362,5996663,11997272,11999720,11155072,11935949,11941713,11941992,11942943,11945289,11946422,11946868,23921483,23926176,12,1,1,0,0,0,0,0,0,0,34,21,19,9,13,11,11,12,16,12,332687,1990613,1991587,1991609,1991776,1992150,1992334,1992405,3988816,3989618,305179,1327502,1328146,1328149,1328266,1328516,1328637,1328687,2659836,2660390,332687,1161650,1438296,1991270,1991657,1991845,1992087,1992296,2657852,3323613,305179,816341,986942,1327932,1328187,1328310,1328473,1328613,1772387,2216304,
AFC_v2,31431568,18806629,12624939,11814134,7952866,65847014,131200741,19,96,11895780,5992264,5994810,5994819,5994939,5994923,5994836,5994873,5994905,5994865,23715311,11937920,11943213,11943363,11943544,11943527,11943414,11943510,11943475,11943464,12,2,1,0,0,1,1,1,0,1,20,13,9,10,8,7,7,7,8,7,880965,1990930,1991810,1991829,1991858,1991853,1991830,1991857,1991850,1991847,670758,1327700,1328285,1328296,1328321,1328323,1328304,1328316,1328317,1328319,176193,539140,829674,1062105,1248055,1396814,1515817,1611025,1687190,1748121,134151,372860,563945,716815,839116,936957,1015226,1077844,1127938,1168014,
LR_v2,80730680,48385600,32345080,51379896,34341688,150015370,299164085,23,188,5975141,5992274,12000257,18006212,18007261,18007343,18008151,18005052,18005918,18007761,11900910,11938136,23927520,35911787,35914751,35915507,35916332,35911412,35911833,35915897,12,2,2,1,1,1,1,1,1,1,15,9,10,31,37,24,22,12,15,13,486731,1990962,3989841,5987981,5988460,5988557,5988699,5987825,5987947,5988597,405648,1327718,2660546,3992816,3993133,3993197,3993299,3992705,3992801,3993217,730096,2743077,4989280,6987051,5988699,5988605,5988770,5987388,5988008,5988922,608472,1788753,3326960,4658951,3993291,3993229,3993350,3992408,3992849,3993425,
AMBP_v2,30057552,17982242,12075310,8437494,5678444,71381403,142241080,14,120,17430668,5991932,5994839,5994825,5994791,5994853,5994905,5994904,5994817,5994869,34757341,11937300,11943193,11943245,11943183,11943342,11943380,11943322,11943400,11943374,12,1,1,0,0,0,0,0,0,0,33,12,12,9,10,9,9,9,9,8,56779,1990828,1991816,1991827,1991803,1991837,1991840,1991841,1991831,1991840,121283,1327644,1328295,1328292,1328276,1328300,1328312,1328311,1328285,1328312,10291,365758,621872,806276,939042,1034640,1103472,1153030,1188711,1214402,21902,254745,422509,543298,630263,692883,737971,770435,793804,810634,
PIC_v2,91490568,54840245,36650323,13852849233,13841594470,167808463,334678977,14,141,5743251,18004808,18007373,18007615,18007550,18007553,18007545,18007628,18007527,18007613,11437104,35910604,35916038,35916443,35916431,35916419,35916539,35916527,35916452,35916420,12,1,1,0,0,0,0,0,0,0,14,19,16,14,13,14,11,14,13,13,943145,5987728,5988615,5988687,5988669,5988670,5988686,5988693,5988672,5988680,711488,3992639,3993229,3993299,3993268,3993273,3993280,3993295,3993268,3993284,429185358,774542561,1050828501,1271857267,1448680277,1590138685,1703305414,1793838799,1866265503,1924206868,429139027,774106479,1050080558,1270859835,1447483251,1588781985,1701820973,1792252167,1864597116,1922473079,
EWMA,20724568,12433195,8291373,8473598,5650830,59944493,119424747,3,99,5991969,5993846,5994725,5994785,5994829,5994745,5994872,5994951,5994950,5994821,11937261,11941186,11943028,11943154,11943156,11943161,11943347,11943564,11943586,11943304,1,1,1,0,0,0,0,0,0,0,17,12,9,9,9,9,9,8,8,9,1990818,1593326,1354591,1211132,1125042,1073377,1042425,1023859,1012686,1005939,1327641,1062555,903341,807664,750265,715798,695164,682784,675330,670831,398163,637195,780674,866765,918420,949411,968013,979182,985882,989893,265528,424933,520614,578024,612472,633137,645542,652990,657458,660132,
SW,19994246,11995034,7999212,8563338,5710627,59926969,119389657,3,90,5994358,5993389,5993561,5993318,5993056,5992454,5992002,5991685,5991467,5991679,11942393,11940318,11940659,11940148,11939680,11938501,11937490,11937079,11936494,11936895,1,1,1,0,0,0,0,0,0,0,9,10,10,9,8,9,9,9,9,8,1991668,386768,535100,1020121,1343894,1343697,1343535,1343452,1343365,1343434,1328185,257850,356866,680312,896224,896094,895978,895913,895868,895922,1604558,1456291,971179,647330,647330,647330,647330,647330,647330,647330,1070120,971141,647634,431676,431676,431676,431676,431676,431676,431676,
AFC,20065301,12037597,8027704,8084310,5391342,59541456,118604739,14,107,5590611,5991585,5994942,5994814,5994906,5994867,5994954,5994913,5994897,5994967,11120928,11936548,11943397,11943203,11943456,11943437,11943429,11943469,11943478,11943394,12,1,1,0,0,0,0,0,0,0,24,13,10,10,8,8,9,8,8,9,1208096,1749101,1448731,1267573,1158951,1093735,1054613,1031143,1017056,1008598,805903,1166389,966091,845286,772864,729379,703290,687641,678252,672609,241619,543115,724238,832905,898114,937238,960713,974799,983250,988319,161180,362221,482995,555453,598935,625023,640676,650069,655705,659085,
AMBP,19873177,11922366,7950811,7971335,5316097,59881404,119285432,14,103,5932113,5990671,5994861,5994797,5994848,5994790,5994675,5994919,5994838,5994892,11804210,11934793,11943406,11943284,11943327,11943229,11943050,11943402,11943358,11943373,12,1,1,0,0,0,0,0,0,0,26,10,8,9,9,9,8,8,8,8,980814,1794184,1476015,1283944,1168753,1099598,1058086,1033278,1018325,1009369,654412,1196410,984259,856183,779389,733279,705594,689072,679096,673117,196242,515830,707867,823082,892216,933692,958570,973511,982473,987852,130962,344051,472092,548910,595005,622659,639246,649211,655188,658773,
PIC,13607050,8161680,5445370,4284357090,4287888300,167501977,334055012,13,149,5436348,18004475,18007406,18007484,18007590,18007698,18007741,18007765,18007726,18007744,10812563,35909897,35915930,35916335,35916555,35916592,35916753,35916823,35916783,35916781,11,1,1,0,0,0,0,0,0,0,22,20,16,12,14,14,14,12,13,12,816168,816168,816168,816168,816168,816168,816168,816168,816168,816168,544537,544537,544537,544537,544537,544537,544537,544537,544537,544537,428435709,428435709,428435709,428435709,428435709,428435709,428435709,428435709,428435709,428435709,428788830,428788830,428788830,428788830,428788830,428788830,428788830,428788830,428788830,428788830,
end--> Completion message received. Exiting.
