--> Waiting for autoboot prompt...
NOTICE:  BL31: v2.9(release):8a3945e
NOTICE:  BL31: Built : 17:27:52, May  1 2024


U-Boot 2022.10 (May 01 2024 - 17:26:49 -0300)

DRAM:  7.1 GiB
RPI 4 Model B (0xd03115)
Core:  202 devices, 16 uclasses, devicetree: board
MMC:   mmcnr@7e300000: 1, emmc2@7e340000: 0
Loading Environment from FAT... ** No partition table - mmc 0 **
In:    serial
Out:   serial
Err:   serial
Net:   eth0: ethernet@7d580000
PCIe BRCM: link up, 5.0 Gbps x1 (SSC)
starting USB...
Bus xhci_pci: Register 5000420 NbrPorts 5
Starting the controller
USB XHCI 1.00
scanning bus xhci_pci for devices... 2 USB Device(s) found
       scanning usb for storage devices... 0 Storage Device(s) found
Hit any key to stop autoboot:--> Autoboot stopped. Waiting for U-Boot prompt...
 0 
U-Boot>--> Benchmark command sent. Waiting for completion...
fatload mmc 0 0x200000 bao-83.bin; go 0x200000
1441792 bytes read in 106 ms (13 MiB/s)
## Starting application at 0x00200000 ...
BENCH_ARRAY_INDEX 82
budget_function,PMU_counter_used_budget,PMU_counter_used_budget_r,PMU_counter_used_budget_w,total_calc_r,total_calc_w,total_cycles,total_instructions,total_cache_misses,total_mispredicts,cycles[0],cycles[1],cycles[2],cycles[3],cycles[4],cycles[5],cycles[6],cycles[7],cycles[8],cycles[9],instructions[0],instructions[1],instructions[2],instructions[3],instructions[4],instructions[5],instructions[6],instructions[7],instructions[8],instructions[9],cache_misses[0],cache_misses[1],cache_misses[2],cache_misses[3],cache_misses[4],cache_misses[5],cache_misses[6],cache_misses[7],cache_misses[8],cache_misses[9],mispredicts[0],mispredicts[1],mispredicts[2],mispredicts[3],mispredicts[4],mispredicts[5],mispredicts[6],mispredicts[7],mispredicts[8],mispredicts[9],used_budget_read[0],used_budget_read[1],used_budget_read[2],used_budget_read[3],used_budget_read[4],used_budget_read[5],used_budget_read[6],used_budget_read[7],used_budget_read[8],used_budget_read[9],used_budget_write[0],used_budget_write[1],used_budget_write[2],used_budget_write[3],used_budget_write[4],used_budget_write[5],used_budget_write[6],used_budget_write[7],used_budget_write[8],used_budget_write[9],calculated_read[0],calculated_read[1],calculated_read[2],calculated_read[3],calculated_read[4],calculated_read[5],calculated_read[6],calculated_read[7],calculated_read[8],calculated_read[9],calculated_write[0],calculated_write[1],calculated_write[2],calculated_write[3],calculated_write[4],calculated_write[5],calculated_write[6],calculated_write[7],calculated_write[8],calculated_write[9],
got dijkstra_wrapper (656)
got dijkstra_wrapper (657)
EWMA_v2,33201207,19917798,13283409,12806139,8540726,59966471,119425696,83,246,6023637,5986494,5993483,5994087,5994587,5994573,5994960,5994866,5994885,5994899,11958954,11924899,11940145,11941709,11942916,11942928,11943601,11943497,11943489,11943558,72,2,2,1,1,1,1,1,1,1,115,41,18,12,10,10,11,9,10,10,1995194,1988842,1991313,1991554,1991750,1991745,1991866,1991846,1991838,1991850,1331229,1326323,1327973,1328129,1328246,1328242,1328322,1328313,1328312,1328320,399038,716998,971861,1175799,1338989,1469540,1574005,1657573,1724426,1777910,266245,478260,648202,784187,892998,980046,1049701,1105423,1150000,1185664,
SW_v2,37089063,22200828,14888235,18776280,12674130,71404916,142287769,32,148,5443651,5991566,5994463,5994377,5994805,5995833,5996381,5996657,11997349,11999834,10837309,11936354,11942010,11942010,11943135,11945409,11946486,11946930,23921544,23926582,12,3,3,2,2,2,2,2,2,2,30,15,20,14,10,10,11,12,14,12,279694,1990662,1991616,1991622,1991788,1992161,1992345,1992414,3988843,3989683,269871,1327535,1328168,1328169,1328299,1328532,1328648,1328695,2659878,2660440,279694,1135178,1420657,1991300,1991675,1991857,1992098,1992307,2657867,3323647,269871,798703,975191,1327957,1328212,1328333,1328493,1328625,1772407,2216338,
AFC_v2,31402232,18789024,12613208,11798381,7942375,65794020,131095255,21,89,11842702,5992105,5994937,5994850,5994905,5994864,5994962,5994884,5994913,5994898,23609407,11937683,11943439,11943479,11943504,11943493,11943643,11943504,11943581,11943522,13,2,1,1,0,0,1,1,1,1,17,10,11,7,8,8,7,7,7,7,863269,1990894,1991849,1991850,1991856,1991851,1991876,1991857,1991866,1991856,658947,1327686,1328314,1328318,1328324,1328318,1328336,1328317,1328328,1328320,172653,536301,827410,1060298,1246609,1395657,1514900,1610291,1686606,1747656,131789,370968,562437,715613,838155,936187,1014616,1077356,1127550,1167704,
LR_v2,80733266,48387137,32346129,51381058,34342483,150017269,299170083,23,192,5975215,5992368,12000332,18006367,18007251,18007348,18007545,18007539,18008251,18005053,11901119,11938350,23927718,35912102,35914679,35915795,35916112,35916294,35916507,35911407,12,2,2,1,1,1,1,1,1,1,13,9,10,33,38,18,18,16,22,15,487232,1990995,3989876,5988058,5988468,5988600,5988648,5988684,5988731,5987845,405988,1327747,2660571,3992867,3993142,3993224,3993271,3993263,3993344,3992712,730848,2742876,4989316,6987149,5988673,5988666,5988672,5988702,5988754,5987402,608982,1788626,3326983,4659015,3993279,3993265,3993294,3993259,3993384,3992396,
AMBP_v2,30059735,17983532,12076203,8438283,5678988,71380468,142239489,15,127,17429650,5992053,5994824,5994845,5994727,5994881,5994845,5994873,5994940,5994830,34757721,11935162,11943160,11943169,11943126,11943418,11943331,11943421,11943594,11943387,13,1,1,0,0,0,0,0,0,0,33,19,12,12,9,8,9,9,8,8,58251,1990617,1991814,1991816,1991800,1991845,1991833,1991847,1991871,1991838,122234,1327539,1328296,1328294,1328283,1328312,1328303,1328310,1328329,1328303,10557,365912,621982,806353,939097,1034681,1103499,1153051,1188733,1214418,22073,254849,422584,543353,630305,692915,737992,770449,793822,810646,
PIC_v2,91490305,54840004,36650301,13852849002,13841594404,167807494,334677321,14,140,5742178,18004925,18007413,18007494,18007583,18007573,18007577,18007619,18007589,18007543,11435066,35910918,35916009,35916333,35916443,35916542,35916524,35916551,35916497,35916438,12,1,1,0,0,0,0,0,0,0,13,17,16,14,14,12,13,14,14,13,942789,5987780,5988635,5988660,5988684,5988699,5988692,5988702,5988688,5988675,711263,3992689,3993267,3993274,3993297,3993306,3993303,3993309,3993301,3993292,429185287,774542515,1050828468,1271857236,1448680255,1590138673,1703305406,1793838794,1866265502,1924206866,429138982,774106453,1050080545,1270859820,1447483245,1588781986,1701820979,1792252174,1864597129,1922473091,
EWMA,20724603,12433198,8291405,8473603,5650848,59944334,119424682,3,101,5991708,5993983,5994708,5994769,5994835,5994862,5994861,5994860,5994899,5994849,11936820,11941428,11942988,11943219,11943242,11943428,11943408,11943395,11943433,11943321,1,1,1,0,0,0,0,0,0,0,16,13,10,9,10,8,8,9,9,9,1990744,1593386,1354582,1211141,1125055,1073425,1042423,1023820,1012670,1005952,1327598,1062604,903328,807677,750267,715843,695162,682759,675322,670845,398148,637195,780672,866765,918423,949423,968023,979182,985879,989893,265519,424936,520614,578026,612474,633147,645550,652991,657457,660134,
SW,20030833,12016964,8013869,8534252,5691212,59927126,119390287,3,91,5994449,5993275,5993557,5993324,5993026,5992584,5992018,5991708,5991525,5991660,11942487,11940206,11940625,11940265,11939635,11938816,11937664,11937007,11936685,11936897,1,1,1,0,0,0,0,0,0,0,10,9,10,9,9,9,8,9,9,9,1991693,337676,551456,1031046,1351157,1351022,1350828,1350720,1350665,1350701,1328215,225070,367785,687607,901071,900975,900855,900777,900743,900771,1653638,1439926,960275,640059,640059,640059,640059,640059,640059,640059,1102889,960219,640357,426821,426821,426821,426821,426821,426821,426821,
AFC,20071391,12041254,8030137,8087902,5393739,59541034,118604510,14,108,5590365,5991454,5994850,5994929,5994895,5994862,5994939,5994927,5994929,5994884,11120426,11936401,11943400,11943493,11943449,11943444,11943508,11943505,11943487,11943397,12,1,1,0,0,0,0,0,0,0,27,11,9,9,8,8,9,9,9,9,1215295,1747630,1447874,1267107,1158630,1093550,1054509,1031077,1017017,1008565,810702,1165404,965513,844983,772651,729253,703225,687600,678216,672590,243059,543973,724753,833223,898304,937353,960784,974842,983277,988334,162140,362792,483336,555665,599062,625100,640725,650100,655723,659096,
AMBP,19734026,11838899,7895127,7889215,5261301,59385206,118292678,14,113,5436043,5990762,5994716,5994801,5994743,5994830,5994742,5994908,5994837,5994824,10811798,11934919,11943097,11943184,11943167,11943262,11943168,11943451,11943338,11943294,12,1,1,0,0,0,0,0,0,0,28,12,9,10,9,9,9,9,9,9,815588,1827255,1495788,1295850,1175864,1103900,1060685,1034819,1019242,1009908,544134,1218484,997460,864142,784139,736154,707338,690091,679708,673477,163197,496008,695964,815941,887925,931120,957033,972590,981920,987517,108906,330821,464148,544146,592144,620946,638224,648597,654819,658550,
PIC,16656990,9990950,6666040,4281979040,4286301430,168050645,335152626,13,167,5984459,18004582,18007548,18007662,18007721,18007758,18007737,18007732,18007707,18007739,11909129,35910086,35916337,35916567,35916695,35916821,35916713,35916803,35916663,35916812,11,1,1,0,0,0,0,0,0,0,30,19,16,15,15,14,15,14,15,14,999095,999095,999095,999095,999095,999095,999095,999095,999095,999095,666604,666604,666604,666604,666604,666604,666604,666604,666604,666604,428197904,428197904,428197904,428197904,428197904,428197904,428197904,428197904,428197904,428197904,428630143,428630143,428630143,428630143,428630143,428630143,428630143,428630143,428630143,428630143,
end--> Completion message received. Exiting.
