--> Waiting for autoboot prompt...
NOTICE:  BL31: v2.9(release):8a3945e
NOTICE:  BL31: Built : 17:27:52, May  1 2024


U-Boot 2022.10 (May 01 2024 - 17:26:49 -0300)

DRAM:  7.1 GiB
RPI 4 Model B (0xd03115)
Core:  202 devices, 16 uclasses, devicetree: board
MMC:   mmcnr@7e300000: 1, emmc2@7e340000: 0
Loading Environment from FAT... ** No partition table - mmc 0 **
In:    serial
Out:   serial
Err:   serial
Net:   eth0: ethernet@7d580000
PCIe BRCM: link up, 5.0 Gbps x1 (SSC)
starting USB...
Bus xhci_pci: Register 5000420 NbrPorts 5
Starting the controller
USB XHCI 1.00
scanning bus xhci_pci for devices... 2 USB Device(s) found
       scanning usb for storage devices... 0 Storage Device(s) found
Hit any key to stop autoboot:--> Autoboot stopped. Waiting for U-Boot prompt...
 0 
U-Boot>--> Benchmark command sent. Waiting for completion...
fatload mmc 0 0x200000 bao-13.bin; go 0x200000
1388544 bytes read in 102 ms (13 MiB/s)
## Starting application at 0x00200000 ...
BENCH_ARRAY_INDEX 12
budget_function,PMU_counter_used_budget,PMU_counter_used_budget_r,PMU_counter_used_budget_w,total_calc_r,total_calc_w,used_budget_read[0],used_budget_read[1],used_budget_read[2],used_budget_read[3],used_budget_read[4],used_budget_read[5],used_budget_read[6],used_budget_read[7],used_budget_read[8],used_budget_read[9],used_budget_write[0],used_budget_write[1],used_budget_write[2],used_budget_write[3],used_budget_write[4],used_budget_write[5],used_budget_write[6],used_budget_write[7],used_budget_write[8],used_budget_write[9],calculated_read[0],calculated_read[1],calculated_read[2],calculated_read[3],calculated_read[4],calculated_read[5],calculated_read[6],calculated_read[7],calculated_read[8],calculated_read[9],calculated_write[0],calculated_write[1],calculated_write[2],calculated_write[3],calculated_write[4],calculated_write[5],calculated_write[6],calculated_write[7],calculated_write[8],calculated_write[9],
got bandwidth_wrapper (96)
got disparity_wrapper (97)
EWMA,18073001,15715223,2357778,10620310,1573604,2086779,2069199,1828816,1546424,1519152,1373607,1334905,1339776,1327245,1289320,164342,360836,298716,258832,239617,212327,216593,208341,203904,194270,417355,747723,963941,1080437,1168180,1209265,1234393,1255469,1269824,1273723,32868,98461,138512,162576,177984,184852,191200,194628,196483,196040,
SW,17943763,15580035,2363728,10386142,1808229,2545792,452559,495973,1328753,1815627,1752653,1818519,1786510,1776933,1806716,395656,120451,110059,185107,262453,254903,261262,252208,262143,259486,2055591,1852111,1164775,759095,759095,759095,759095,759095,759095,759095,325203,304531,208722,138539,138539,138539,138539,138539,138539,138539,
AFC,17330178,14600519,2729659,9778185,1840310,1438471,2286429,1866357,1644846,1494047,1380417,321835,1333699,1395514,1438904,215730,354647,286635,255089,233252,215909,757199,115880,128974,166344,287694,687441,923224,1067548,1152847,1198361,1023056,1085184,1147250,1205580,43146,105446,141683,164364,178141,185694,299995,263172,236333,222336,
AMBP,17606739,15251313,2355426,10173844,1567359,1203203,2307234,1869161,1677122,1499294,1385117,1361862,1313903,1320891,1313526,159814,354589,305657,260963,226047,222210,213896,205279,204471,202500,240720,654022,897049,1053063,1142309,1190870,1225068,1242835,1258446,1269462,32042,96551,138372,162890,175521,184858,190665,193587,195763,197110,
PIC,12942000,11117660,1824340,4280514320,4292595640,1111766,1111766,1111766,1111766,1111766,1111766,1111766,1111766,1111766,1111766,182434,182434,182434,182434,182434,182434,182434,182434,182434,182434,428051432,428051432,428051432,428051432,428051432,428051432,428051432,428051432,428051432,428051432,429259564,429259564,429259564,429259564,429259564,429259564,429259564,429259564,429259564,429259564,
end--> Completion message received. Exiting.
