--> Waiting for autoboot prompt...
NOTICE:  BL31: v2.9(release):8a3945e
NOTICE:  BL31: Built : 17:27:52, May  1 2024


U-Boot 2022.10 (May 01 2024 - 17:26:49 -0300)

DRAM:  7.1 GiB
RPI 4 Model B (0xd03115)
Core:  202 devices, 16 uclasses, devicetree: board
MMC:   mmcnr@7e300000: 1, emmc2@7e340000: 0
Loading Environment from FAT... ** No partition table - mmc 0 **
In:    serial
Out:   serial
Err:   serial
Net:   eth0: ethernet@7d580000
PCIe BRCM: link up, 5.0 Gbps x1 (SSC)
starting USB...
Bus xhci_pci: Register 5000420 NbrPorts 5
Starting the controller
USB XHCI 1.00
scanning bus xhci_pci for devices... 2 USB Device(s) found
       scanning usb for storage devices... 0 Storage Device(s) found
Hit any key to stop autoboot:--> Autoboot stopped. Waiting for U-Boot prompt...
 0 
U-Boot>--> Benchmark command sent. Waiting for completion...
fatload mmc 0 0x200000 bao-48.bin; go 0x200000
1392640 bytes read in 102 ms (13 MiB/s)
## Starting application at 0x00200000 ...
BENCH_ARRAY_INDEX 47
budget_function,PMU_counter_used_budget,PMU_counter_used_budget_r,PMU_counter_used_budget_w,total_calc_r,total_calc_w,used_budget_read[0],used_budget_read[1],used_budget_read[2],used_budget_read[3],used_budget_read[4],used_budget_read[5],used_budget_read[6],used_budget_read[7],used_budget_read[8],used_budget_read[9],used_budget_write[0],used_budget_write[1],used_budget_write[2],used_budget_write[3],used_budget_write[4],used_budget_write[5],used_budget_write[6],used_budget_write[7],used_budget_write[8],used_budget_write[9],calculated_read[0],calculated_read[1],calculated_read[2],calculated_read[3],calculated_read[4],calculated_read[5],calculated_read[6],calculated_read[7],calculated_read[8],calculated_read[9],calculated_write[0],calculated_write[1],calculated_write[2],calculated_write[3],calculated_write[4],calculated_write[5],calculated_write[6],calculated_write[7],calculated_write[8],calculated_write[9],
got sha_wrapper (376)
got fft_wrapper (377)
EWMA,21399428,13246041,8153387,8988391,5518026,1891838,1758417,1488174,1321529,1220875,1161823,1125677,1103199,1091249,1083260,1076939,1107281,932753,825053,759966,721828,698444,683899,676194,671030,378367,654377,821136,921214,981146,1017281,1038960,1051807,1059695,1064408,215387,393765,501562,566260,605001,628366,642381,650684,655786,658834,
SW,20909008,12914224,7994784,9197650,5695530,2142775,392540,583571,1102820,1448228,1449284,1449102,1448018,1448971,1448915,1326702,244733,360738,682418,896353,897054,896922,896209,896854,896801,1748189,1558993,1039629,692977,692977,692977,692977,692977,692977,692977,1080595,965805,644058,429296,429296,429296,429296,429296,429296,429296,
AFC,21081800,13020538,8061262,8766571,5427437,1438981,1854075,1541991,1353164,1241011,1173230,1132123,1108236,1093550,1084177,890228,1148044,954824,837860,768432,726420,700939,686191,677076,671248,287796,601051,789239,902024,969821,1010502,1034826,1049508,1058316,1063488,178045,372044,488600,558452,600448,625642,640701,649799,655254,658452,
AMBP,20719369,12797707,7921662,8547768,5290515,1000342,1941245,1593433,1385519,1259983,1183854,1139483,1112347,1095323,1086178,615665,1202555,986974,858118,780295,733034,705587,688760,678163,672511,200148,548367,757380,883007,958402,1003492,1030690,1047021,1056681,1062580,123213,339081,468659,546550,593299,621246,638114,648243,654227,657883,
PIC,15884150,9837380,6046770,4282178680,4287106480,983738,983738,983738,983738,983738,983738,983738,983738,983738,983738,604677,604677,604677,604677,604677,604677,604677,604677,604677,604677,428217868,428217868,428217868,428217868,428217868,428217868,428217868,428217868,428217868,428217868,428710648,428710648,428710648,428710648,428710648,428710648,428710648,428710648,428710648,428710648,
end--> Completion message received. Exiting.
