--> Waiting for autoboot prompt...
NOTICE:  BL31: v2.9(release):8a3945e
NOTICE:  BL31: Built : 17:27:52, May  1 2024


U-Boot 2022.10 (May 01 2024 - 17:26:49 -0300)

DRAM:  7.1 GiB
RPI 4 Model B (0xd03115)
Core:  202 devices, 16 uclasses, devicetree: board
MMC:   mmcnr@7e300000: 1, emmc2@7e340000: 0
Loading Environment from FAT... ** No partition table - mmc 0 **
In:    serial
Out:   serial
Err:   serial
Net:   eth0: ethernet@7d580000
PCIe BRCM: link up, 5.0 Gbps x1 (SSC)
starting USB...
Bus xhci_pci: Register 5000420 NbrPorts 5
Starting the controller
USB XHCI 1.00
scanning bus xhci_pci for devices... 2 USB Device(s) found
       scanning usb for storage devices... 0 Storage Device(s) found
Hit any key to stop autoboot:--> Autoboot stopped. Waiting for U-Boot prompt...
 0 
U-Boot>--> Benchmark command sent. Waiting for completion...
fatload mmc 0 0x200000 bao-33.bin; go 0x200000
1421312 bytes read in 105 ms (12.9 MiB/s)
## Starting application at 0x00200000 ...
BENCH_ARRAY_INDEX 32
budget_function,PMU_counter_used_budget,PMU_counter_used_budget_r,PMU_counter_used_budget_w,total_calc_r,total_calc_w,used_budget_read[0],used_budget_read[1],used_budget_read[2],used_budget_read[3],used_budget_read[4],used_budget_read[5],used_budget_read[6],used_budget_read[7],used_budget_read[8],used_budget_read[9],used_budget_write[0],used_budget_write[1],used_budget_write[2],used_budget_write[3],used_budget_write[4],used_budget_write[5],used_budget_write[6],used_budget_write[7],used_budget_write[8],used_budget_write[9],calculated_read[0],calculated_read[1],calculated_read[2],calculated_read[3],calculated_read[4],calculated_read[5],calculated_read[6],calculated_read[7],calculated_read[8],calculated_read[9],calculated_write[0],calculated_write[1],calculated_write[2],calculated_write[3],calculated_write[4],calculated_write[5],calculated_write[6],calculated_write[7],calculated_write[8],calculated_write[9],
got bandwidth_wrapper (256)
got fft_wrapper (257)
EWMA,13627609,8484090,5143519,5627333,3389620,1254727,802904,1172666,1007596,208577,1001194,899655,378824,908504,849443,678353,491526,740389,631794,100169,628911,561551,214624,567745,528457,250945,361336,523602,620400,538035,630666,684463,623335,680368,714183,135670,206841,313550,377198,321792,383215,418882,378030,415973,438469,
SW,11504996,7175947,4329049,5116028,3087577,695209,140637,746241,142766,1185397,1193225,431058,1193371,1191923,256120,388232,80982,476535,56223,739064,744255,236307,744373,743388,119690,1396352,789809,527362,343215,343215,343215,343215,343215,343215,343215,868217,472050,315250,204580,204580,204580,204580,204580,204580,204580,
AFC,12822047,7968275,4853772,5395853,3288496,1122586,1305046,572472,802341,999691,409647,740425,918647,221565,875855,697227,804818,327516,487334,622775,231895,453751,573393,109357,545706,224517,440622,466992,534061,627187,583679,615028,675751,584914,643102,139445,272519,283518,324281,383979,353563,373600,413558,352718,391315,
AMBP,13660595,8468401,5192194,214659006,131980795,868633,1188221,952517,1046428,733242,801102,872899,668453,668453,668453,541118,724296,579245,649019,444615,492474,541843,406528,406528,406528,173806,376689,491854,602768,628862,663310,705227,70338830,70338830,70338830,108303,231501,301049,370643,385437,406844,433843,43247725,43247725,43247725,
PIC,20270370,12614250,7656120,4278568750,4285014320,1261425,1261425,1261425,1261425,1261425,1261425,1261425,1261425,1261425,1261425,765612,765612,765612,765612,765612,765612,765612,765612,765612,765612,427856875,427856875,427856875,427856875,427856875,427856875,427856875,427856875,427856875,427856875,428501432,428501432,428501432,428501432,428501432,428501432,428501432,428501432,428501432,428501432,
end--> Completion message received. Exiting.
