--> Waiting for autoboot prompt...
NOTICE:  BL31: v2.9(release):8a3945e
NOTICE:  BL31: Built : 17:27:52, May  1 2024


U-Boot 2022.10 (May 01 2024 - 17:26:49 -0300)

DRAM:  7.1 GiB
RPI 4 Model B (0xd03115)
Core:  202 devices, 16 uclasses, devicetree: board
MMC:   mmcnr@7e300000: 1, emmc2@7e340000: 0
Loading Environment from FAT... ** No partition table - mmc 0 **
In:    serial
Out:   serial
Err:   serial
Net:   eth0: ethernet@7d580000
PCIe BRCM: link up, 5.0 Gbps x1 (SSC)
starting USB...
Bus xhci_pci: Register 5000420 NbrPorts 5
Starting the controller
USB XHCI 1.00
scanning bus xhci_pci for devices... 2 USB Device(s) found
       scanning usb for storage devices... 0 Storage Device(s) found
Hit any key to stop autoboot:--> Autoboot stopped. Waiting for U-Boot prompt...
 0 
U-Boot>--> Benchmark command sent. Waiting for completion...
fatload mmc 0 0x200000 bao-39.bin; go 0x200000
1392640 bytes read in 102 ms (13 MiB/s)
## Starting application at 0x00200000 ...
BENCH_ARRAY_INDEX 38
budget_function,PMU_counter_used_budget,PMU_counter_used_budget_r,PMU_counter_used_budget_w,total_calc_r,total_calc_w,used_budget_read[0],used_budget_read[1],used_budget_read[2],used_budget_read[3],used_budget_read[4],used_budget_read[5],used_budget_read[6],used_budget_read[7],used_budget_read[8],used_budget_read[9],used_budget_write[0],used_budget_write[1],used_budget_write[2],used_budget_write[3],used_budget_write[4],used_budget_write[5],used_budget_write[6],used_budget_write[7],used_budget_write[8],used_budget_write[9],calculated_read[0],calculated_read[1],calculated_read[2],calculated_read[3],calculated_read[4],calculated_read[5],calculated_read[6],calculated_read[7],calculated_read[8],calculated_read[9],calculated_write[0],calculated_write[1],calculated_write[2],calculated_write[3],calculated_write[4],calculated_write[5],calculated_write[6],calculated_write[7],calculated_write[8],calculated_write[9],
got bandwidth_wrapper (304)
got disparity_wrapper (305)
EWMA,18049257,15695000,2354257,10603755,1571161,2065053,2065969,1828924,1553579,1509491,1370625,1343955,1356043,1319675,1281686,161295,361567,295041,263832,237450,215054,214708,208966,201995,194349,413010,743601,960665,1079247,1165295,1206361,1233879,1258311,1270583,1272803,32259,98120,137504,162769,177705,185174,191080,194657,196124,195769,
SW,17977833,15612501,2365332,10392013,1817628,2575171,437859,495127,1334449,1811364,1756134,1820234,1787264,1790460,1804439,398586,124153,108541,184095,261912,253933,261127,250891,263064,259030,2071551,1860392,1169386,755812,755812,755812,755812,755812,755812,755812,327591,307100,210427,138930,138930,138930,138930,138930,138930,138930,
AFC,17591317,15196186,2395131,10213058,1606364,1434745,2302113,1862334,1639064,1496269,1383530,1149245,1331818,1324848,1272220,214338,357082,289544,251286,234731,221303,227768,201442,200340,197297,286949,689981,924451,1067373,1153152,1199227,1189231,1217748,1239168,1245778,42867,105710,142476,164238,178336,186929,195096,196365,197160,197187,
AMBP,17597668,15187289,2410379,10150955,1588709,1150521,2276548,1980284,1649256,1449965,1420178,1368415,1320448,1311855,1259819,175936,363045,301865,247616,236163,221047,212184,204638,203195,244690,230184,639456,907621,1055948,1134751,1191836,1227151,1245810,1259019,1259179,35267,100822,141030,162347,177110,185897,191154,193850,195719,205513,
PIC,10584440,8838230,1746210,4283477580,4292697210,883823,883823,883823,883823,883823,883823,883823,883823,883823,883823,174621,174621,174621,174621,174621,174621,174621,174621,174621,174621,428347758,428347758,428347758,428347758,428347758,428347758,428347758,428347758,428347758,428347758,429269721,429269721,429269721,429269721,429269721,429269721,429269721,429269721,429269721,429269721,
end--> Completion message received. Exiting.
