--> Waiting for autoboot prompt...
NOTICE:  BL31: v2.9(release):8a3945e
NOTICE:  BL31: Built : 17:27:52, May  1 2024


U-Boot 2022.10 (May 01 2024 - 17:26:49 -0300)

DRAM:  7.1 GiB
RPI 4 Model B (0xd03115)
Core:  202 devices, 16 uclasses, devicetree: board
MMC:   mmcnr@7e300000: 1, emmc2@7e340000: 0
Loading Environment from FAT... ** No partition table - mmc 0 **
In:    serial
Out:   serial
Err:   serial
Net:   eth0: ethernet@7d580000
PCIe BRCM: link up, 5.0 Gbps x1 (SSC)
starting USB...
Bus xhci_pci: Register 5000420 NbrPorts 5
Starting the controller
USB XHCI 1.00
scanning bus xhci_pci for devices... 2 USB Device(s) found
       scanning usb for storage devices... 0 Storage Device(s) found
Hit any key to stop autoboot:--> Autoboot stopped. Waiting for U-Boot prompt...
 0 
U-Boot>--> Benchmark command sent. Waiting for completion...
fatload mmc 0 0x200000 bao-158.bin; go 0x200000
1417216 bytes read in 104 ms (13 MiB/s)
## Starting application at 0x00200000 ...
BENCH_ARRAY_INDEX 157
budget_function,PMU_counter_used_budget,PMU_counter_used_budget_r,PMU_counter_used_budget_w,total_calc_r,total_calc_w,used_budget_read[0],used_budget_read[1],used_budget_read[2],used_budget_read[3],used_budget_read[4],used_budget_read[5],used_budget_read[6],used_budget_read[7],used_budget_read[8],used_budget_read[9],used_budget_write[0],used_budget_write[1],used_budget_write[2],used_budget_write[3],used_budget_write[4],used_budget_write[5],used_budget_write[6],used_budget_write[7],used_budget_write[8],used_budget_write[9],calculated_read[0],calculated_read[1],calculated_read[2],calculated_read[3],calculated_read[4],calculated_read[5],calculated_read[6],calculated_read[7],calculated_read[8],calculated_read[9],calculated_write[0],calculated_write[1],calculated_write[2],calculated_write[3],calculated_write[4],calculated_write[5],calculated_write[6],calculated_write[7],calculated_write[8],calculated_write[9],
got disparity_wrapper (1256)
got bandwidth_wrapper (1257)
EWMA,17898146,15551190,2346956,10513017,1561530,2038589,2029424,1809642,1584265,1481561,1363885,1376337,1308282,1282660,1276545,158163,357092,295325,264024,227381,226431,212896,196101,209082,200461,407717,732058,947574,1074912,1156241,1197769,1233482,1248442,1255285,1259537,31632,96724,136444,161960,175044,185321,190836,191889,195327,196353,
SW,16783530,14199839,2583691,11501432,2044208,2549580,469006,469006,478603,1324335,1805432,1742915,1827639,1751692,1781631,395527,75540,643026,124333,113062,113071,281267,283086,273931,280848,2082064,1854874,1854874,1165730,757315,757315,757315,757315,757315,757315,321770,288198,288198,280966,280966,116822,116822,116822,116822,116822,
AFC,17203917,14451581,2752336,9833331,1811605,1453151,2283767,1851830,1623161,1477408,1377966,1370641,355762,1275663,1382232,238925,349387,280240,252819,233051,216736,209661,724905,114319,132293,290630,689257,921771,1062049,1145120,1191689,1227479,1053136,1097641,1154559,47785,108105,142532,164589,178281,185972,190709,297548,260903,235181,
AMBP,17570826,15228015,2342811,10167683,1557754,1280162,2263945,1873768,1627394,1515107,1378776,1347304,1315208,1322477,1303874,146035,367397,294150,262980,231223,217220,213419,204979,203591,201817,256112,657678,900896,1046195,1139977,1187736,1219649,1238760,1255503,1265177,29287,96909,136357,161681,175589,183915,189815,192847,194995,196359,
PIC,12061700,10361720,1699980,4281497040,4292757300,1036172,1036172,1036172,1036172,1036172,1036172,1036172,1036172,1036172,1036172,169998,169998,169998,169998,169998,169998,169998,169998,169998,169998,428149704,428149704,428149704,428149704,428149704,428149704,428149704,428149704,428149704,428149704,429275730,429275730,429275730,429275730,429275730,429275730,429275730,429275730,429275730,429275730,
end--> Completion message received. Exiting.
