--> Waiting for autoboot prompt...
NOTICE:  BL31: v2.9(release):8a3945e
NOTICE:  BL31: Built : 17:27:52, May  1 2024


U-Boot 2022.10 (May 01 2024 - 17:26:49 -0300)

DRAM:  7.1 GiB
RPI 4 Model B (0xd03115)
Core:  202 devices, 16 uclasses, devicetree: board
MMC:   mmcnr@7e300000: 1, emmc2@7e340000: 0
Loading Environment from FAT... ** No partition table - mmc 0 **
In:    serial
Out:   serial
Err:   serial
Net:   eth0: ethernet@7d580000
PCIe BRCM: link up, 5.0 Gbps x1 (SSC)
starting USB...
Bus xhci_pci: Register 5000420 NbrPorts 5
Starting the controller
USB XHCI 1.00
scanning bus xhci_pci for devices... 2 USB Device(s) found
       scanning usb for storage devices... 0 Storage Device(s) found
Hit any key to stop autoboot:--> Autoboot stopped. Waiting for U-Boot prompt...
 0 
U-Boot>--> Benchmark command sent. Waiting for completion...
fatload mmc 0 0x200000 bao-45.bin; go 0x200000
1421312 bytes read in 105 ms (12.9 MiB/s)
## Starting application at 0x00200000 ...
BENCH_ARRAY_INDEX 44
budget_function,PMU_counter_used_budget,PMU_counter_used_budget_r,PMU_counter_used_budget_w,total_calc_r,total_calc_w,used_budget_read[0],used_budget_read[1],used_budget_read[2],used_budget_read[3],used_budget_read[4],used_budget_read[5],used_budget_read[6],used_budget_read[7],used_budget_read[8],used_budget_read[9],used_budget_write[0],used_budget_write[1],used_budget_write[2],used_budget_write[3],used_budget_write[4],used_budget_write[5],used_budget_write[6],used_budget_write[7],used_budget_write[8],used_budget_write[9],calculated_read[0],calculated_read[1],calculated_read[2],calculated_read[3],calculated_read[4],calculated_read[5],calculated_read[6],calculated_read[7],calculated_read[8],calculated_read[9],calculated_write[0],calculated_write[1],calculated_write[2],calculated_write[3],calculated_write[4],calculated_write[5],calculated_write[6],calculated_write[7],calculated_write[8],calculated_write[9],
got bandwidth_wrapper (352)
got sha_wrapper (353)
EWMA,14251622,9183399,5068223,6121380,3349945,1386414,836789,1276954,1090896,383655,1037307,962185,298433,988667,922099,679439,444766,750919,634567,167835,606262,557846,116454,577074,533061,277282,389183,566737,671568,613985,698649,751356,660771,726350,765499,135887,197662,308313,373563,332417,387186,421318,360345,403690,429564,
SW,12112866,7489197,4623669,5467073,3630393,636402,242263,811679,81916,1279434,1274974,273298,1273209,1269122,346900,262239,134375,496024,496024,645646,642659,642659,641458,638706,23879,1407855,845437,563448,378619,378619,378619,378619,378619,378619,378619,803516,446509,297546,297546,297546,297546,297546,297546,297546,297546,
AFC,19130287,11677979,7452308,7253806,4269331,1251903,1400120,104653,1115063,1109057,1916341,740763,1756325,611967,1671787,627066,812476,812476,588266,613795,1170155,396562,1080416,320903,1030193,250380,480328,405193,547167,659545,910904,876876,1052765,964606,1106042,125413,262825,262825,327913,385089,542102,512994,626478,565363,658329,
AMBP,11440621,7478955,3961666,375384259,208879586,535075,1073227,1244467,1171368,575803,575803,575803,575803,575803,575803,273326,569825,709699,676418,288733,288733,288733,288733,288733,288733,107095,300321,489150,625593,62310350,62310350,62310350,62310350,62310350,62310350,54745,157761,268148,349802,34674855,34674855,34674855,34674855,34674855,34674855,
PIC,25872260,16498020,9374240,4273519850,4282780770,1649802,1649802,1649802,1649802,1649802,1649802,1649802,1649802,1649802,1649802,937424,937424,937424,937424,937424,937424,937424,937424,937424,937424,427351985,427351985,427351985,427351985,427351985,427351985,427351985,427351985,427351985,427351985,428278077,428278077,428278077,428278077,428278077,428278077,428278077,428278077,428278077,428278077,
end--> Completion message received. Exiting.
