--> Waiting for autoboot prompt...
NOTICE:  BL31: v2.9(release):8a3945e
NOTICE:  BL31: Built : 17:27:52, May  1 2024


U-Boot 2022.10 (May 01 2024 - 17:26:49 -0300)

DRAM:  7.1 GiB
RPI 4 Model B (0xd03115)
Core:  202 devices, 16 uclasses, devicetree: board
MMC:   mmcnr@7e300000: 1, emmc2@7e340000: 0
Loading Environment from FAT... ** No partition table - mmc 0 **
In:    serial
Out:   serial
Err:   serial
Net:   eth0: ethernet@7d580000
PCIe BRCM: link up, 5.0 Gbps x1 (SSC)
starting USB...
Bus xhci_pci: Register 5000420 NbrPorts 5
Starting the controller
USB XHCI 1.00
scanning bus xhci_pci for devices... 2 USB Device(s) found
       scanning usb for storage devices... 0 Storage Device(s) found
Hit any key to stop autoboot:--> Autoboot stopped. Waiting for U-Boot prompt...
 0 
U-Boot>--> Benchmark command sent. Waiting for completion...
fatload mmc 0 0x200000 bao-145.bin; go 0x200000
1421312 bytes read in 104 ms (13 MiB/s)
## Starting application at 0x00200000 ...
BENCH_ARRAY_INDEX 144
budget_function,PMU_counter_used_budget,PMU_counter_used_budget_r,PMU_counter_used_budget_w,total_calc_r,total_calc_w,used_budget_read[0],used_budget_read[1],used_budget_read[2],used_budget_read[3],used_budget_read[4],used_budget_read[5],used_budget_read[6],used_budget_read[7],used_budget_read[8],used_budget_read[9],used_budget_write[0],used_budget_write[1],used_budget_write[2],used_budget_write[3],used_budget_write[4],used_budget_write[5],used_budget_write[6],used_budget_write[7],used_budget_write[8],used_budget_write[9],calculated_read[0],calculated_read[1],calculated_read[2],calculated_read[3],calculated_read[4],calculated_read[5],calculated_read[6],calculated_read[7],calculated_read[8],calculated_read[9],calculated_write[0],calculated_write[1],calculated_write[2],calculated_write[3],calculated_write[4],calculated_write[5],calculated_write[6],calculated_write[7],calculated_write[8],calculated_write[9],
got dijkstra_wrapper (1152)
got sorting_wrapper (1153)
EWMA,21166335,13317425,7848910,9036527,5309541,1901664,1768627,1494783,1328363,1228199,1167926,1131647,1110016,1097065,1089135,1025420,1068773,898935,795494,733127,695806,673210,659771,651717,646657,380332,657991,825349,925951,986400,1022705,1044493,1057597,1065490,1070219,205084,377821,482043,544733,582411,605090,618714,626925,631883,634837,
SW,20691710,12986199,7705511,9250340,5490954,2154079,395780,586653,1108586,1457246,1457106,1457108,1456389,1456571,1456681,1278379,237634,347239,657175,864373,864328,864349,863846,864061,864127,1758189,1567605,1045504,697006,697006,697006,697006,697006,697006,697006,1040587,931171,621084,414016,414016,414016,414016,414016,414016,414016,
AFC,20865844,13094591,7771253,8816313,5232017,1447543,1864511,1550448,1361116,1247708,1179661,1138985,1114206,1099645,1090768,858065,1106726,920384,807926,740587,700166,676031,661261,652660,647447,289508,604508,793696,907180,975285,1016160,1040725,1055421,1064265,1069565,171613,358635,470984,538372,578815,603085,617674,626391,631644,634804,
AMBP,20508585,12871939,7636646,8597310,5099774,1005746,1952288,1603661,1393206,1267003,1191240,1145796,1118509,1102148,1092342,591172,1159746,952522,827235,752182,707155,680173,663931,654160,648370,201229,551440,761884,888148,963919,1009383,1036665,1053033,1062856,1068753,118314,326600,451784,526874,571935,598979,615217,624959,630799,634313,
PIC,15694540,9893180,5801360,4282106140,4287425510,989318,989318,989318,989318,989318,989318,989318,989318,989318,989318,580136,580136,580136,580136,580136,580136,580136,580136,580136,580136,428210614,428210614,428210614,428210614,428210614,428210614,428210614,428210614,428210614,428210614,428742551,428742551,428742551,428742551,428742551,428742551,428742551,428742551,428742551,428742551,
end--> Completion message received. Exiting.
