--> Waiting for autoboot prompt...
NOTICE:  BL31: v2.9(release):8a3945e
NOTICE:  BL31: Built : 17:27:52, May  1 2024


U-Boot 2022.10 (May 01 2024 - 17:26:49 -0300)

DRAM:  7.1 GiB
RPI 4 Model B (0xd03115)
Core:  202 devices, 16 uclasses, devicetree: board
MMC:   mmcnr@7e300000: 1, emmc2@7e340000: 0
Loading Environment from FAT... ** No partition table - mmc 0 **
In:    serial
Out:   serial
Err:   serial
Net:   eth0: ethernet@7d580000
PCIe BRCM: link up, 5.0 Gbps x1 (SSC)
starting USB...
Bus xhci_pci: Register 5000420 NbrPorts 5
Starting the controller
USB XHCI 1.00
scanning bus xhci_pci for devices... 2 USB Device(s) found
       scanning usb for storage devices... 0 Storage Device(s) found
Hit any key to stop autoboot:--> Autoboot stopped. Waiting for U-Boot prompt...
 0 
U-Boot>--> Benchmark command sent. Waiting for completion...
fatload mmc 0 0x200000 bao-157.bin; go 0x200000
1421312 bytes read in 105 ms (12.9 MiB/s)
## Starting application at 0x00200000 ...
BENCH_ARRAY_INDEX 156
budget_function,PMU_counter_used_budget,PMU_counter_used_budget_r,PMU_counter_used_budget_w,total_calc_r,total_calc_w,used_budget_read[0],used_budget_read[1],used_budget_read[2],used_budget_read[3],used_budget_read[4],used_budget_read[5],used_budget_read[6],used_budget_read[7],used_budget_read[8],used_budget_read[9],used_budget_write[0],used_budget_write[1],used_budget_write[2],used_budget_write[3],used_budget_write[4],used_budget_write[5],used_budget_write[6],used_budget_write[7],used_budget_write[8],used_budget_write[9],calculated_read[0],calculated_read[1],calculated_read[2],calculated_read[3],calculated_read[4],calculated_read[5],calculated_read[6],calculated_read[7],calculated_read[8],calculated_read[9],calculated_write[0],calculated_write[1],calculated_write[2],calculated_write[3],calculated_write[4],calculated_write[5],calculated_write[6],calculated_write[7],calculated_write[8],calculated_write[9],
got disparity_wrapper (1248)
got bandwidth_wrapper (1249)
EWMA,17836640,15497091,2339549,10476489,1557741,2051095,2035048,1814371,1566844,1468848,1328041,1382487,1278173,1277738,1294446,159714,358195,293438,264541,225264,222836,212528,197996,204145,200892,410219,735184,951021,1074185,1153117,1188101,1226978,1237217,1245321,1255146,31942,97192,136441,162061,174701,184328,189968,191573,194087,195448,
SW,16665921,14150445,2515476,11395095,2049314,2524890,475140,475140,485097,1287184,1784849,1743833,1807963,1740593,1825756,393631,72299,591254,125129,127119,124930,273367,262838,273021,271888,2047176,1845685,1845685,1161709,749140,749140,749140,749140,749140,749140,320646,287125,287125,262894,262894,125726,125726,125726,125726,125726,
AFC,17158464,14457867,2700597,9813178,1778306,1444150,2224159,1843896,1605468,1490250,1408887,1342883,460428,1270351,1367395,227822,340555,293190,251370,230685,217814,208742,662722,128833,138864,288830,675895,909495,1048689,1137001,1191378,1221679,1069429,1109613,1161169,45564,104562,142287,164103,177419,185498,190146,284661,253496,230570,
AMBP,17533109,15196657,2336452,10137423,1555678,1249931,2284633,1836365,1636848,1508951,1362926,1344820,1364536,1314971,1292676,148952,367624,291452,259983,226894,223056,210757,209023,203269,195442,250066,656979,892856,1041654,1135113,1180675,1213504,1243710,1257962,1264904,29870,97420,136226,160977,174160,183939,189302,193246,195250,195288,
PIC,12204070,10423890,1780180,4281416220,4292653040,1042389,1042389,1042389,1042389,1042389,1042389,1042389,1042389,1042389,1042389,178018,178018,178018,178018,178018,178018,178018,178018,178018,178018,428141622,428141622,428141622,428141622,428141622,428141622,428141622,428141622,428141622,428141622,429265304,429265304,429265304,429265304,429265304,429265304,429265304,429265304,429265304,429265304,
end--> Completion message received. Exiting.
