--> Waiting for autoboot prompt...
NOTICE:  BL31: v2.9(release):8a3945e
NOTICE:  BL31: Built : 17:27:52, May  1 2024


U-Boot 2022.10 (May 01 2024 - 17:26:49 -0300)

DRAM:  7.1 GiB
RPI 4 Model B (0xd03115)
Core:  202 devices, 16 uclasses, devicetree: board
MMC:   mmcnr@7e300000: 1, emmc2@7e340000: 0
Loading Environment from FAT... ** No partition table - mmc 0 **
In:    serial
Out:   serial
Err:   serial
Net:   eth0: ethernet@7d580000
PCIe BRCM: link up, 5.0 Gbps x1 (SSC)
starting USB...
Bus xhci_pci: Register 5000420 NbrPorts 5
Starting the controller
USB XHCI 1.00
scanning bus xhci_pci for devices... 2 USB Device(s) found
       scanning usb for storage devices... 0 Storage Device(s) found
Hit any key to stop autoboot:--> Autoboot stopped. Waiting for U-Boot prompt...
 0 
U-Boot>--> Benchmark command sent. Waiting for completion...
fatload mmc 0 0x200000 bao-100.bin; go 0x200000
1437696 bytes read in 102 ms (13.4 MiB/s)
## Starting application at 0x00200000 ...
BENCH_ARRAY_INDEX 99
budget_function,PMU_counter_used_budget,PMU_counter_used_budget_r,PMU_counter_used_budget_w,total_calc_r,total_calc_w,total_cycles,total_instructions,total_cache_misses,total_mispredicts,cycles[0],cycles[1],cycles[2],cycles[3],cycles[4],cycles[5],cycles[6],cycles[7],cycles[8],cycles[9],instructions[0],instructions[1],instructions[2],instructions[3],instructions[4],instructions[5],instructions[6],instructions[7],instructions[8],instructions[9],cache_misses[0],cache_misses[1],cache_misses[2],cache_misses[3],cache_misses[4],cache_misses[5],cache_misses[6],cache_misses[7],cache_misses[8],cache_misses[9],mispredicts[0],mispredicts[1],mispredicts[2],mispredicts[3],mispredicts[4],mispredicts[5],mispredicts[6],mispredicts[7],mispredicts[8],mispredicts[9],used_budget_read[0],used_budget_read[1],used_budget_read[2],used_budget_read[3],used_budget_read[4],used_budget_read[5],used_budget_read[6],used_budget_read[7],used_budget_read[8],used_budget_read[9],used_budget_write[0],used_budget_write[1],used_budget_write[2],used_budget_write[3],used_budget_write[4],used_budget_write[5],used_budget_write[6],used_budget_write[7],used_budget_write[8],used_budget_write[9],calculated_read[0],calculated_read[1],calculated_read[2],calculated_read[3],calculated_read[4],calculated_read[5],calculated_read[6],calculated_read[7],calculated_read[8],calculated_read[9],calculated_write[0],calculated_write[1],calculated_write[2],calculated_write[3],calculated_write[4],calculated_write[5],calculated_write[6],calculated_write[7],calculated_write[8],calculated_write[9],
got dijkstra_wrapper (792)
got fft_wrapper (793)
EWMA_v2,33342754,20048285,13294469,12889832,8547698,59967054,119240122,107,1071,6024019,5986584,5993523,5994342,5994481,5994791,5994783,5994904,5994817,5994810,11936752,11905288,11921170,11923441,11924864,11925573,11925734,11925951,11925680,11925669,87,3,3,2,2,2,2,2,2,2,237,140,110,96,84,81,80,80,82,81,2007693,2001797,2004380,2004692,2004849,2004957,2004978,2005014,2004958,2004967,1331986,1327333,1329069,1329284,1329393,1329471,1329486,1329506,1329473,1329468,401538,721589,978147,1183456,1347734,1479178,1584338,1668473,1735770,1789609,266397,478584,648681,784801,893719,980869,1050592,1106374,1150993,1186688,
SW_v2,40737305,24431138,16306167,21090575,14153701,77748369,154769445,24,889,5781717,5991763,5994482,5994435,5994957,5995894,5996503,11999485,11999552,11999581,11495478,11918890,11924139,11924283,11925516,11927760,11928891,23908022,23908281,23908185,13,2,2,1,1,1,1,1,1,1,105,87,94,89,85,85,83,92,85,84,393816,2003882,2004744,2004765,2004964,2005321,2005517,4002678,4002730,4002721,345134,1328747,1329340,1329347,1329481,1329715,1329836,2661496,2661538,2661533,393816,1198849,1467481,2004464,2004824,2005017,2005267,2671172,3336975,4002710,345134,836941,1001074,1329145,1329389,1329514,1329677,1773682,2217623,2661522,
AFC_v2,33663493,20186690,13476803,13013210,8710341,71641497,142585755,25,827,17691330,5991811,5994602,5994746,5994791,5994889,5994838,5994805,5994837,5994848,35261139,11918800,11925166,11925723,11925827,11925941,11925879,11925775,11925757,11925748,13,2,2,1,1,1,2,1,1,1,109,95,82,79,78,77,76,77,77,77,2143040,2003875,2004875,2004951,2004981,2005015,2005005,2004981,2004983,2004984,1512240,1328757,1329424,1329440,1329481,1329507,1329499,1329482,1329490,1329483,428608,743661,995903,1197712,1359165,1488335,1591669,1674331,1740461,1793365,302448,507709,672052,803529,908719,992876,1060200,1114056,1157142,1191610,
LR_v2,80819869,48480669,32339200,51481602,34336454,150040346,299040995,19,865,5996395,5992284,12000175,18006184,18007198,18007423,18007562,18007492,18007444,18008189,11925816,11920630,23909629,35894112,35897359,35898419,35898717,35898651,35898761,35898901,13,2,2,1,0,0,0,0,0,1,84,79,84,103,94,85,85,83,82,86,461741,2004136,4002949,6001114,6001631,6001788,6001831,6001803,6001803,6001873,387980,1328926,2661700,3993978,3994327,3994446,3994463,3994436,3994434,3994510,692611,2775333,5002355,7000196,6001889,6001866,6001852,6001789,6001803,6001908,581970,1799399,3328087,4660117,3994501,3994505,3994471,3994423,3994433,3994548,
AMBP_v2,30460983,18265292,12195691,8594883,5751335,71874126,143052837,24,796,17923469,5992044,5994773,5994819,5994890,5994760,5994823,5994815,5994845,5994888,35727537,11919700,11925460,11925782,11925687,11925539,11925771,11925707,11925795,11925859,12,3,2,1,1,1,1,1,1,1,88,83,82,78,80,78,77,76,77,77,221467,2004004,2004952,2004990,2004983,2004953,2004978,2004975,2004983,2005007,230975,1328854,1329478,1329490,1329482,1329468,1329475,1329485,1329486,1329498,39935,389473,641311,822641,953198,1047194,1114875,1163605,1198692,1223959,41647,269179,433114,551150,636134,697320,741375,773097,795936,812383,
PIC_v2,91751605,55039561,36712044,13852994315,13841646598,168040354,334967185,15,819,5974933,18005079,18007486,18007477,18007580,18007594,18007513,18007476,18007586,18007630,11883060,35893896,35898525,35898664,35898899,35898864,35898681,35898837,35898917,35898842,13,1,1,0,0,0,0,0,0,0,80,84,83,82,81,80,83,83,81,82,1023997,6000994,6001794,6001799,6001843,6001835,6001797,6001825,6001839,6001838,762452,3993892,3994465,3994450,3994481,3994468,3994429,3994451,3994482,3994474,429201529,774558151,1050843609,1271871976,1448694679,1590152839,1703319360,1793852582,1866279163,1924220427,429149220,774114884,1050087529,1270865642,1447488139,1588786134,1701824522,1792255237,1864599815,1922475476,
EWMA,20814167,12515340,8298827,8529585,5655905,59944407,119249328,14,781,5991852,5993796,5994740,5994851,5994853,5994877,5994851,5994906,5994854,5994827,11919123,11923552,11925528,11925737,11925829,11925961,11925886,11926056,11925854,11925802,3,2,2,1,1,1,1,1,1,1,90,78,77,77,77,77,76,76,77,76,2003906,1603843,1363554,1219157,1132502,1080521,1049306,1030613,1019342,1012596,1328800,1063498,904158,808407,750946,716477,695792,683393,675920,671436,400781,641393,785825,872491,924493,955698,974419,985657,992394,996434,265760,425307,521077,578543,613023,633713,646128,653581,658048,660725,
SW,20089087,12080084,8009003,8612035,5712104,59926232,119213444,13,771,5994318,5993192,5993491,5993215,5992886,5992493,5991984,5991706,5991527,5991420,11924605,11922464,11923061,11922508,11921847,11921196,11920152,11919567,11919145,11918899,2,2,2,1,1,1,1,1,1,1,79,78,78,76,77,76,77,77,77,76,2004799,376256,542933,1029778,1354678,1354552,1354382,1354293,1354227,1354186,1329370,252074,359154,682260,897894,897799,897689,897619,897585,897559,1628178,1461602,974663,649656,649656,649656,649656,649656,649656,649656,1077057,970040,646866,431163,431163,431163,431163,431163,431163,431163,
AFC,20182102,12137732,8044370,8157979,5405482,59615920,118561488,25,859,5665304,5991540,5994792,5994893,5994839,5994920,5994933,5994885,5994953,5994861,11235286,11919219,11925592,11925863,11925861,11925941,11925885,11925834,11926079,11925928,14,2,2,1,1,1,1,1,1,1,164,78,79,77,77,76,77,77,77,77,1256847,1752519,1453363,1273053,1164825,1099919,1060944,1037566,1023571,1015125,825399,1163675,964676,844717,772724,729559,703623,688072,678771,673154,251369,551599,731951,840171,905101,944064,967440,981465,989886,994933,165079,364798,484773,556761,599953,625874,641423,650752,656355,659714,
AMBP,19862513,11945521,7916992,7969334,5280618,59511586,118352721,24,858,5562461,5990999,5994782,5994750,5994789,5994749,5994776,5994767,5994758,5994755,11029701,11918020,11925482,11925618,11925703,11925718,11925710,11925624,11925616,11925529,13,2,2,1,1,1,1,1,1,1,164,78,78,77,77,77,77,76,77,77,877319,1828150,1498882,1300326,1181214,1109722,1066827,1041078,1025645,1016358,574014,1213739,994818,862781,783580,736039,707523,690404,680133,673961,175543,506064,704627,823766,895255,938148,963883,979322,988586,994140,114882,334653,466686,545905,593440,621959,639071,649337,655496,659189,
PIC,14527890,8781970,5745920,4283550720,4287497580,167628572,334115250,14,900,5562613,18004814,18007541,18007549,18007691,18007701,18007711,18007608,18007708,18007636,11030346,35893101,35898462,35898858,35899117,35899112,35899056,35898996,35899159,35899043,12,1,1,0,0,0,0,0,0,0,160,84,84,81,81,82,82,82,82,82,878197,878197,878197,878197,878197,878197,878197,878197,878197,878197,574592,574592,574592,574592,574592,574592,574592,574592,574592,574592,428355072,428355072,428355072,428355072,428355072,428355072,428355072,428355072,428355072,428355072,428749758,428749758,428749758,428749758,428749758,428749758,428749758,428749758,428749758,428749758,
end--> Completion message received. Exiting.
