--> Waiting for autoboot prompt...
NOTICE:  BL31: v2.9(release):8a3945e
NOTICE:  BL31: Built : 17:27:52, May  1 2024


U-Boot 2022.10 (May 01 2024 - 17:26:49 -0300)

DRAM:  7.1 GiB
RPI 4 Model B (0xd03115)
Core:  202 devices, 16 uclasses, devicetree: board
MMC:   mmcnr@7e300000: 1, emmc2@7e340000: 0
Loading Environment from FAT... ** No partition table - mmc 0 **
In:    serial
Out:   serial
Err:   serial
Net:   eth0: ethernet@7d580000
PCIe BRCM: link up, 5.0 Gbps x1 (SSC)
starting USB...
Bus xhci_pci: Register 5000420 NbrPorts 5
Starting the controller
USB XHCI 1.00
scanning bus xhci_pci for devices... 2 USB Device(s) found
       scanning usb for storage devices... 0 Storage Device(s) found
Hit any key to stop autoboot:--> Autoboot stopped. Waiting for U-Boot prompt...
 0 
U-Boot>--> Benchmark command sent. Waiting for completion...
fatload mmc 0 0x200000 bao-54.bin; go 0x200000
1441792 bytes read in 106 ms (13 MiB/s)
## Starting application at 0x00200000 ...
BENCH_ARRAY_INDEX 53
budget_function,PMU_counter_used_budget,PMU_counter_used_budget_r,PMU_counter_used_budget_w,total_calc_r,total_calc_w,total_cycles,total_instructions,total_cache_misses,total_mispredicts,cycles[0],cycles[1],cycles[2],cycles[3],cycles[4],cycles[5],cycles[6],cycles[7],cycles[8],cycles[9],instructions[0],instructions[1],instructions[2],instructions[3],instructions[4],instructions[5],instructions[6],instructions[7],instructions[8],instructions[9],cache_misses[0],cache_misses[1],cache_misses[2],cache_misses[3],cache_misses[4],cache_misses[5],cache_misses[6],cache_misses[7],cache_misses[8],cache_misses[9],mispredicts[0],mispredicts[1],mispredicts[2],mispredicts[3],mispredicts[4],mispredicts[5],mispredicts[6],mispredicts[7],mispredicts[8],mispredicts[9],used_budget_read[0],used_budget_read[1],used_budget_read[2],used_budget_read[3],used_budget_read[4],used_budget_read[5],used_budget_read[6],used_budget_read[7],used_budget_read[8],used_budget_read[9],used_budget_write[0],used_budget_write[1],used_budget_write[2],used_budget_write[3],used_budget_write[4],used_budget_write[5],used_budget_write[6],used_budget_write[7],used_budget_write[8],used_budget_write[9],calculated_read[0],calculated_read[1],calculated_read[2],calculated_read[3],calculated_read[4],calculated_read[5],calculated_read[6],calculated_read[7],calculated_read[8],calculated_read[9],calculated_write[0],calculated_write[1],calculated_write[2],calculated_write[3],calculated_write[4],calculated_write[5],calculated_write[6],calculated_write[7],calculated_write[8],calculated_write[9],
got bandwidth_wrapper (424)
got sha_wrapper (425)
EWMA_v2,25810382,16460699,9349683,10577116,6007358,59988019,82374484,492402,5912,6025753,5989482,5994702,5996657,5996067,5996876,5996715,5997444,5996302,5998021,8144122,8223673,8252744,8227527,8285878,8206588,8278795,8237743,8255533,8261881,49444,49261,49170,49291,49344,49298,49158,49053,49142,49241,729,623,587,575,562,561,580,564,557,574,1631370,1643823,1648553,1644337,1653995,1640794,1652865,1645999,1648905,1650058,925755,933397,936591,933752,940177,931387,939430,934853,936802,937539,326274,589783,801537,970097,1106876,1213659,1301500,1370399,1426100,1470891,185151,334800,455158,550876,628736,689266,739298,778409,810087,835577,
SW_v2,47359375,29252514,18106861,24182041,14916399,101827245,166429309,491757,5724,5826560,5993402,5996673,5996459,5996054,12002088,12001485,12001607,18006425,18006492,7864158,8306839,8331589,8290060,8334373,20243256,20304073,20260892,32240472,32253597,49212,49217,49063,49174,49044,49264,49149,49164,49279,49191,586,572,571,580,565,564,575,562,572,577,363007,1657542,1661639,1654796,1662089,3647551,3657705,3650472,5647718,5649995,307911,942544,945291,940682,945573,2269457,2276228,2271386,3603144,3604645,363007,1010275,1227396,1657992,1659508,2321479,2989115,3651909,4318632,4982728,307911,625228,731915,942839,943849,1385237,1830419,2272357,2716919,3159725,
AFC_v2,24737635,15668957,9068678,9872043,5757195,71744726,106032473,492037,5664,17777317,5993496,5995266,5996959,5997032,5997185,5996578,5997138,5997648,5996107,31651187,8334810,8378855,8226496,8199034,8228728,8230936,8278678,8258617,8245132,49408,49065,49002,49239,49228,49227,49239,49239,49165,49225,581,567,564,572,562,560,559,568,564,567,817042,1661974,1669224,1643888,1639301,1644222,1644560,1652561,1649211,1646974,628186,945676,950520,933611,930555,933825,934069,939384,937170,935682,163408,463121,704341,892250,1041660,1162172,1258649,1337431,1399787,1449224,125637,289644,421819,524177,605452,671126,723714,766848,800912,827866,
LR_v2,73952916,45210598,28742318,48033382,30543246,149887044,262033814,491777,5683,5829555,5993047,12001570,18008375,18009337,18008143,18009573,18009893,18008071,18009480,7893759,8249612,20295084,32221070,32153324,32227400,32241075,32245504,32277740,32229246,49232,49242,49268,49102,49252,49022,49191,49215,49082,49171,560,562,561,580,572,570,574,570,571,563,389245,1647702,3655906,5644304,5632942,5645301,5647596,5648318,5653711,5645573,318820,936163,2275206,3601012,3593429,3601664,3603195,3603682,3607288,3601859,583867,2276930,4660008,6638503,5627261,5651480,5648743,5648679,5656407,5641504,478230,1244834,2944727,4263915,3589638,3605781,3603960,3603925,3609091,3599145,
AMBP_v2,23650196,15016561,8633635,7057680,4072083,71662933,106072192,491943,5651,17697220,5993552,5997030,5995317,5995976,5996844,5996533,5996407,5997333,5996721,31623034,8241028,8243209,8254410,8264993,8294584,8264008,8260588,8321603,8304735,49067,49322,49206,49128,49234,49116,49233,49247,49304,49086,565,568,565,565,574,561,559,572,559,563,153267,1646338,1646664,1648530,1650313,1655207,1650080,1649546,1659712,1656904,185581,935278,935460,936714,937890,941155,937746,937374,944154,942283,27659,316254,524102,674088,782399,861264,917124,957247,987966,1009577,33476,192452,306947,389610,449339,492931,523704,545794,562919,574911,
PIC_v2,84487547,51555024,32932523,13850765108,13839247608,167629410,297451763,492332,5666,5544605,18006141,18009704,18009776,18010874,18009701,18009505,18010336,18009418,18009350,7303751,32184525,32192787,32291049,32204667,32287071,32213925,32283640,32239205,32251143,49326,49262,49273,49138,49257,49266,49266,49000,49295,49249,567,568,565,568,564,566,562,577,561,568,730728,5638105,5639499,5655887,5641465,5655217,5643019,5654689,5647210,5649205,506361,3596894,3597815,3608744,3599118,3608285,3600152,3607919,3602963,3604272,429142875,774438650,1050675549,1271668346,1448459699,1589895532,1703041759,1793561074,1865975030,1923906594,429098001,773994509,1049911899,1270647997,1447234950,1588506346,1701521836,1791935782,1864265947,1922130341,
EWMA,16178273,10315011,5863262,7032257,3997486,59961797,82779307,491646,6739,5993933,5994648,5996039,5995472,5997183,5997403,5997343,5997016,5996137,5996623,8214037,8278588,8245387,8328565,8312545,8363647,8259553,8231329,8287079,8258577,49281,49194,49156,49052,49073,49017,49329,49246,49046,49252,568,611,691,694,694,695,694,694,699,699,1641815,1324322,1119739,1015117,938651,903392,858083,840058,842327,831507,932250,753028,636051,578032,534078,514771,487096,476604,479003,472349,328363,527554,645991,719816,763583,791544,804851,811892,817979,820684,186450,299765,367022,409224,434194,450309,457666,461453,464963,466440,
SW,15601837,9949216,5652621,7101326,4038770,59942120,82690781,491817,6974,5996889,5994249,5995850,5995578,5994240,5993394,5994220,5993542,5992035,5992123,8258104,8259748,8236588,8279650,8264116,8164648,8298212,8259873,8356181,8313661,49116,49162,49292,49082,49242,49322,49227,49248,49041,49085,700,694,709,691,693,694,697,697,701,698,1649409,330850,436433,847390,1112187,1095598,1117879,1111481,1127534,1120455,937256,193653,245793,480720,631214,620152,634992,630713,641428,636700,1318791,1209403,805564,538224,538224,538224,538224,538224,538224,538224,743755,689060,458901,306722,306722,306722,306722,306722,306722,306722,
AFC,15728429,10029205,5699224,6749071,3834701,59933407,82630499,491430,5793,5962243,5992698,5996803,5996487,5997521,5997520,5997536,5997205,5997646,5997748,8175578,8215795,8207944,8300974,8289005,8345670,8278444,8262046,8271865,8283178,49211,49210,49168,49140,49135,49040,49080,49098,49227,49121,694,601,557,562,568,560,567,560,565,559,1097492,1422376,1180310,1051733,960234,916359,871301,850453,841794,837153,621434,807964,670252,598725,546228,522104,495111,483069,478389,475948,219498,460073,604120,693642,746960,780839,798931,809235,815746,820027,124286,261021,342867,394038,424476,444001,454223,459992,463671,466126,
AMBP,15346470,9791425,5555045,6531771,3704078,59485008,81625652,491673,5663,5522477,5991233,5995709,5993557,5997205,5997034,5997081,5996709,5996551,5997452,7272197,8310790,8288647,8326783,8236878,8255699,8270047,8236839,8210874,8216898,49257,49002,49097,49147,49096,49301,49170,49210,49117,49276,564,564,577,567,559,562,563,566,564,577,664586,1524531,1242538,1082626,966585,912148,879328,852217,836021,830845,361367,870343,708281,617248,549256,518532,500032,483957,474372,471657,132997,411303,577550,678565,736169,771364,792956,804808,811050,815009,72353,231951,327217,385223,418029,438129,450509,457198,460632,462837,
PIC,11014950,7099460,3915490,4285737980,4289877140,167714845,297491945,492226,5652,5629793,18006444,18009048,18010443,18009936,18010168,18009614,18009467,18010014,18009918,7514144,32189681,32178605,32253488,32296325,32205308,32188042,32242854,32232232,32191266,49225,49200,49287,49356,49139,49182,49226,49280,49070,49261,564,572,565,564,561,563,562,564,567,570,709946,709946,709946,709946,709946,709946,709946,709946,709946,709946,391549,391549,391549,391549,391549,391549,391549,391549,391549,391549,428573798,428573798,428573798,428573798,428573798,428573798,428573798,428573798,428573798,428573798,428987714,428987714,428987714,428987714,428987714,428987714,428987714,428987714,428987714,428987714,
end--> Completion message received. Exiting.
