--> Waiting for autoboot prompt...
NOTICE:  BL31: v2.9(release):8a3945e
NOTICE:  BL31: Built : 17:27:52, May  1 2024


U-Boot 2022.10 (May 01 2024 - 17:26:49 -0300)

DRAM:  7.1 GiB
RPI 4 Model B (0xd03115)
Core:  202 devices, 16 uclasses, devicetree: board
MMC:   mmcnr@7e300000: 1, emmc2@7e340000: 0
Loading Environment from FAT... ** No partition table - mmc 0 **
In:    serial
Out:   serial
Err:   serial
Net:   eth0: ethernet@7d580000
PCIe BRCM: link up, 5.0 Gbps x1 (SSC)
starting USB...
Bus xhci_pci: Register 5000420 NbrPorts 5
Starting the controller
USB XHCI 1.00
scanning bus xhci_pci for devices... 2 USB Device(s) found
       scanning usb for storage devices... 0 Storage Device(s) found
Hit any key to stop autoboot:--> Autoboot stopped. Waiting for U-Boot prompt...
 0 
U-Boot>--> Benchmark command sent. Waiting for completion...
fatload mmc 0 0x200000 bao-58.bin; go 0x200000
1441792 bytes read in 106 ms (13 MiB/s)
## Starting application at 0x00200000 ...
BENCH_ARRAY_INDEX 57
budget_function,PMU_counter_used_budget,PMU_counter_used_budget_r,PMU_counter_used_budget_w,total_calc_r,total_calc_w,total_cycles,total_instructions,total_cache_misses,total_mispredicts,cycles[0],cycles[1],cycles[2],cycles[3],cycles[4],cycles[5],cycles[6],cycles[7],cycles[8],cycles[9],instructions[0],instructions[1],instructions[2],instructions[3],instructions[4],instructions[5],instructions[6],instructions[7],instructions[8],instructions[9],cache_misses[0],cache_misses[1],cache_misses[2],cache_misses[3],cache_misses[4],cache_misses[5],cache_misses[6],cache_misses[7],cache_misses[8],cache_misses[9],mispredicts[0],mispredicts[1],mispredicts[2],mispredicts[3],mispredicts[4],mispredicts[5],mispredicts[6],mispredicts[7],mispredicts[8],mispredicts[9],used_budget_read[0],used_budget_read[1],used_budget_read[2],used_budget_read[3],used_budget_read[4],used_budget_read[5],used_budget_read[6],used_budget_read[7],used_budget_read[8],used_budget_read[9],used_budget_write[0],used_budget_write[1],used_budget_write[2],used_budget_write[3],used_budget_write[4],used_budget_write[5],used_budget_write[6],used_budget_write[7],used_budget_write[8],used_budget_write[9],calculated_read[0],calculated_read[1],calculated_read[2],calculated_read[3],calculated_read[4],calculated_read[5],calculated_read[6],calculated_read[7],calculated_read[8],calculated_read[9],calculated_write[0],calculated_write[1],calculated_write[2],calculated_write[3],calculated_write[4],calculated_write[5],calculated_write[6],calculated_write[7],calculated_write[8],calculated_write[9],
got bandwidth_wrapper (456)
got sorting_wrapper (457)
EWMA_v2,25498621,16659016,8839605,10694605,5671727,59986807,80296590,493211,29029,6027393,5987930,5994119,5996598,5996888,5997147,5996394,5997280,5996315,5996743,7777737,7958889,7955481,8094237,8096409,8130309,8042970,8080119,8100231,8060208,49494,49351,49433,49169,49295,49205,49455,49303,49238,49268,4008,3338,3039,2858,2760,2680,2640,2637,2535,2534,1628337,1656185,1654339,1676556,1676407,1681693,1666941,1673111,1676079,1669368,858347,876741,875852,890983,890959,894624,884988,889132,891200,886779,325667,591770,804283,978737,1118271,1230955,1318152,1389143,1446530,1491097,171669,312683,425316,518449,592951,653285,699625,737526,768260,791963,
SW_v2,47031932,29403544,17628388,24322304,14478256,101845323,164278555,492560,25582,5847028,5993956,5995614,5995307,5995921,12000404,12001849,12001190,18006938,18007116,7680199,8024538,8041104,8142783,8120595,20070002,20055266,20121820,32000657,32021591,49362,49348,49313,49106,49213,49092,49202,49220,49427,49277,2606,2566,2522,2534,2503,2517,2508,2677,2596,2553,365495,1663528,1666074,1683060,1679299,3671592,3669027,3680456,5660806,5664207,302937,882860,884631,895967,893448,2221782,2220221,2227854,3548203,3550485,365495,1014512,1231699,1670887,1676144,2344650,3006639,3673692,4336763,5001823,302937,592899,690143,887819,891349,1337066,1778484,2223286,2665426,3108847,
AFC_v2,24504198,15873369,8630829,10009130,5495308,71763658,104191463,493178,25090,17797769,5994004,5995895,5995593,5995686,5996267,5997148,5997060,5996631,5997605,31565014,8067021,8132208,8178517,8110280,8036126,8009851,8067129,7975284,8050033,49501,49338,49107,49131,49181,49336,49392,49286,49466,49440,2580,2526,2533,2510,2511,2485,2497,2482,2497,2469,836547,1670403,1681418,1688921,1677559,1665113,1660721,1670314,1655006,1667367,641130,887466,894804,899804,892308,883973,881064,887433,877297,885550,167309,467927,710625,906284,1060539,1181453,1277306,1355907,1415726,1466054,128226,280074,403020,502376,580362,641084,689080,728750,758459,783877,
LR_v2,73655783,45381132,28274651,48211795,30048984,149852220,259996287,493417,24466,5797859,5992258,12001913,18007538,18009240,18009462,18007763,18009038,18009522,18007627,7691247,8049367,20087027,32004236,32076959,31975346,32034485,32058958,32012268,32006394,49157,49256,49240,49268,49265,49393,49494,49409,49575,49360,2470,2461,2428,2433,2451,2453,2438,2437,2426,2469,391520,1667101,3673819,5660692,5672920,5655981,5665807,5669882,5662082,5661328,311966,885404,2223526,3548344,3556393,3545118,3551718,3554370,3549147,3548665,587280,2304891,4677178,6654128,5679034,5647512,5670720,5671919,5658182,5660951,467949,1172123,2892587,4210753,3560417,3539481,3555018,3555696,3546536,3548424,
AMBP_v2,23324717,15165200,8159517,7133362,3853846,71688249,103913750,493333,24519,17718928,5994428,5996232,5996873,5995548,5997427,5997414,5996709,5997537,5997153,31382819,8096544,8113108,8033231,8078318,8041789,8035139,8035235,8043506,8054061,49393,49349,49157,49343,49281,49527,49413,49222,49298,49350,2505,2484,2444,2461,2453,2431,2431,2439,2443,2428,146705,1675215,1677782,1664492,1671961,1665756,1664648,1664755,1666049,1667837,181201,890810,892475,883671,888653,884512,883768,883850,884684,885893,26478,320602,532834,683248,792891,870717,926552,966772,995964,1017304,32688,183880,293039,370048,426392,466214,494751,515313,530268,541253,
PIC_v2,84166744,51721519,32445225,13850875273,13838946120,167647640,295330929,493714,24473,5566832,18005659,18008713,18009614,18009754,18009928,18009429,18008955,18009180,18009576,7149766,32019458,31945430,32041182,32020091,32006092,32089535,32045054,31993775,32020546,49543,49412,49453,49126,49479,49513,49092,49311,49414,49371,2439,2452,2439,2471,2450,2435,2428,2466,2443,2450,749982,5663416,5651038,5667137,5663455,5661123,5674921,5667746,5659153,5663548,494383,3550061,3541800,3552483,3550102,3548496,3557774,3552856,3547149,3550121,429146726,774446793,1050684371,1271677653,1448471543,1589906188,1703056664,1793575610,1865989048,1923920677,429095606,773983226,1049891670,1270620562,1447203199,1588468988,1701483474,1791894080,1864221423,1922083892,
EWMA,15962579,10424049,5538530,7105293,3775292,59960242,80669115,492896,24303,5993704,5994901,5995415,5996190,5996378,5996666,5996814,5996960,5996274,5996940,8128616,8012215,8053602,8007437,8060125,8112378,8076735,8101149,8083527,8033331,49138,49457,49377,49414,49347,49199,49280,49173,49271,49240,2460,2432,2439,2420,2426,2430,2425,2422,2409,2440,1680460,1324814,1133952,1006123,944503,909166,875070,863298,850196,836467,894233,702401,602282,533371,502034,484299,465085,459465,451892,443468,336092,533836,653859,724311,768349,796512,812223,822438,827989,829684,178846,283557,347302,384515,408018,423274,431636,437201,440139,440804,
SW,15394265,10055004,5339261,7193737,3828027,59940110,80718452,493087,24225,5995571,5994782,5995138,5995536,5994632,5994069,5993342,5991897,5992850,5992293,8180156,8158872,8101739,8043034,8024829,8084202,8027596,8029662,8018581,8049781,49042,49106,49090,49273,49439,49315,49391,49397,49500,49534,2435,2430,2407,2442,2433,2417,2401,2427,2408,2425,1688853,342570,440499,842061,1121230,1130992,1121574,1121924,1120019,1125282,899887,190982,230880,444118,594009,600599,594273,594519,593239,596755,1342685,1235108,823974,541710,541710,541710,541710,541710,541710,541710,706564,660260,440583,288660,288660,288660,288660,288660,288660,288660,
AFC,15564297,10162920,5401377,6834876,3631270,59895995,80719757,492726,24208,5930236,5993930,5995541,5995496,5997228,5996123,5997138,5996109,5996857,5997337,7909640,8014884,8068701,8048526,8149925,8099311,8056824,8155623,8125146,8091177,49419,49517,49349,49506,49118,49076,49241,49089,49146,49265,2427,2434,2425,2421,2419,2420,2417,2429,2413,2403,1102031,1440904,1205703,1054050,982744,917943,878802,877378,858173,845192,581291,765297,641461,560088,524411,488296,466455,468113,456883,449082,220406,464505,612744,701005,757352,789470,807336,821344,828709,832005,116258,246065,325144,372132,402587,419728,429073,436881,440881,442521,
AMBP,15196022,9930042,5265980,6619403,3507276,59507014,79794481,492802,24260,5544053,5991966,5997493,5995921,5997260,5995046,5996312,5995510,5996746,5996707,7146922,7999473,8045025,8130897,8128851,8078169,8077308,8048252,8098910,8040674,49337,49406,49323,49203,49234,49238,49206,49400,49244,49211,2473,2404,2440,2428,2429,2432,2415,2429,2415,2395,684985,1521433,1252485,1098959,995180,924764,888896,862901,859512,840927,342840,811119,667757,587080,530955,491804,472643,458107,457510,446165,137077,413948,581655,685115,747128,782655,803903,815702,824464,827756,68648,217142,307265,363228,396773,415779,427151,433342,438175,439773,
PIC,11104470,7345970,3758500,4285417520,4290081230,167732834,295663069,493295,24411,5649560,18005828,18009325,18009611,18008776,18010290,18009365,18010940,18009542,18009597,7418717,31993711,31996757,32050355,31959753,32115820,31980871,32028207,31989614,32129264,49238,49282,49307,49263,49394,49162,49434,49335,49602,49278,2474,2445,2429,2447,2443,2441,2428,2446,2427,2431,734597,734597,734597,734597,734597,734597,734597,734597,734597,734597,375850,375850,375850,375850,375850,375850,375850,375850,375850,375850,428541752,428541752,428541752,428541752,428541752,428541752,428541752,428541752,428541752,428541752,429008123,429008123,429008123,429008123,429008123,429008123,429008123,429008123,429008123,429008123,
end--> Completion message received. Exiting.
