--> Waiting for autoboot prompt...
NOTICE:  BL31: v2.9(release):8a3945e
NOTICE:  BL31: Built : 17:27:52, May  1 2024


U-Boot 2022.10 (May 01 2024 - 17:26:49 -0300)

DRAM:  7.1 GiB
RPI 4 Model B (0xd03115)
Core:  202 devices, 16 uclasses, devicetree: board
MMC:   mmcnr@7e300000: 1, emmc2@7e340000: 0
Loading Environment from FAT... ** No partition table - mmc 0 **
In:    serial
Out:   serial
Err:   serial
Net:   eth0: ethernet@7d580000
PCIe BRCM: link up, 5.0 Gbps x1 (SSC)
starting USB...
Bus xhci_pci: Register 5000420 NbrPorts 5
Starting the controller
USB XHCI 1.00
scanning bus xhci_pci for devices... 2 USB Device(s) found
       scanning usb for storage devices... 0 Storage Device(s) found
Hit any key to stop autoboot:--> Autoboot stopped. Waiting for U-Boot prompt...
 0 
U-Boot>--> Benchmark command sent. Waiting for completion...
fatload mmc 0 0x200000 bao-154.bin; go 0x200000
1437696 bytes read in 105 ms (13.1 MiB/s)
## Starting application at 0x00200000 ...
BENCH_ARRAY_INDEX 153
budget_function,PMU_counter_used_budget,PMU_counter_used_budget_r,PMU_counter_used_budget_w,total_calc_r,total_calc_w,total_cycles,total_instructions,total_cache_misses,total_mispredicts,cycles[0],cycles[1],cycles[2],cycles[3],cycles[4],cycles[5],cycles[6],cycles[7],cycles[8],cycles[9],instructions[0],instructions[1],instructions[2],instructions[3],instructions[4],instructions[5],instructions[6],instructions[7],instructions[8],instructions[9],cache_misses[0],cache_misses[1],cache_misses[2],cache_misses[3],cache_misses[4],cache_misses[5],cache_misses[6],cache_misses[7],cache_misses[8],cache_misses[9],mispredicts[0],mispredicts[1],mispredicts[2],mispredicts[3],mispredicts[4],mispredicts[5],mispredicts[6],mispredicts[7],mispredicts[8],mispredicts[9],used_budget_read[0],used_budget_read[1],used_budget_read[2],used_budget_read[3],used_budget_read[4],used_budget_read[5],used_budget_read[6],used_budget_read[7],used_budget_read[8],used_budget_read[9],used_budget_write[0],used_budget_write[1],used_budget_write[2],used_budget_write[3],used_budget_write[4],used_budget_write[5],used_budget_write[6],used_budget_write[7],used_budget_write[8],used_budget_write[9],calculated_read[0],calculated_read[1],calculated_read[2],calculated_read[3],calculated_read[4],calculated_read[5],calculated_read[6],calculated_read[7],calculated_read[8],calculated_read[9],calculated_write[0],calculated_write[1],calculated_write[2],calculated_write[3],calculated_write[4],calculated_write[5],calculated_write[6],calculated_write[7],calculated_write[8],calculated_write[9],
got disparity_wrapper (1224)
got bandwidth_wrapper (1225)
EWMA_v2,28837225,24895667,3941558,15860931,2529196,59983885,56375119,801855,27277,6027050,5987742,5996013,5995607,5996620,5997027,5995435,5996384,5995852,5996155,5118123,5431480,5476699,5711737,5698096,5828939,5721480,5734475,5825374,5828716,72374,77488,83059,77673,84358,77956,83137,84679,80213,80918,5769,4271,2887,2414,2351,2158,1934,1934,1890,1669,2252324,2411125,2419509,2524801,2518205,2575490,2525673,2528843,2570394,2569303,403619,384162,384439,385096,402443,398127,390840,397533,397716,397583,450464,842596,1157978,1431342,1648714,1834069,1972389,2083679,2181022,2258678,80723,141410,190015,229031,263713,290595,310644,328021,341960,353084,
SW_v2,26437608,22092593,4345015,20283244,4240770,59751460,59089752,779765,24156,5792994,5992637,5996069,5994950,5995931,5995804,5996258,5995707,5995915,5995195,5437240,5756475,5772821,5769726,8239043,5287665,5584238,5779641,5650614,5812289,82953,83700,83871,83581,49436,73471,82557,78107,84165,77924,1448,1552,1537,1517,203,5750,4302,3181,2354,2312,376086,2533534,2540532,2538478,1653701,2336872,2483069,2564917,2495782,2569622,272837,395105,395223,394593,891673,413224,393242,394037,397782,397299,376086,1454810,1816717,2537515,2244237,2176350,2157881,2461619,2514589,2543440,272837,333971,354388,394974,560496,566497,566046,400168,395020,396373,
AFC_v2,30488809,25827717,4661092,17138739,3004128,65871196,66721506,849332,25421,11907884,5994756,5995337,5995354,5996106,5995906,5995747,5997298,5996572,5996236,13361190,5817236,5763129,5782474,5799141,5792153,5770122,7752788,5307578,5575695,137862,81714,83355,83964,83483,83219,83184,56520,73937,82094,5211,1891,1689,1580,1561,1544,1508,460,5716,4261,3870935,2568910,2538721,2547756,2554062,2550003,2538671,1834181,2345822,2478656,686678,392283,394649,399969,397453,396286,394704,792279,414471,392320,774187,1133131,1414249,1640950,1823572,1968858,2082820,2033093,2095638,2172241,137335,188324,229589,263665,290422,311594,328216,421028,419717,414238,
LR_v2,74987978,64355474,10632504,65528458,4305807005,131680164,156426720,1371600,62261,5638178,5993238,12002587,18010178,18008619,18009039,18009005,18008659,12002391,5998270,5245365,5784056,13498895,21281470,24488711,20555779,21268419,21339565,17656750,5307710,77159,78049,136818,196312,154702,181294,192174,197518,83797,73777,2801,2602,5598,7512,4749,16176,8634,6783,1667,5739,386240,2559680,6234701,9922524,8733474,9653358,9931121,9936949,4651457,2345970,205312,396813,842639,1281884,1931796,1299117,1286286,1285961,1688287,414409,579360,3646400,8072211,11766435,8138949,10113300,10070002,9939863,2008711,1193227,307968,492563,1065552,1501506,2256752,982778,1279871,1285799,1889450,4294744766,
AMBP_v2,28674784,24265946,4408838,11583599,2194320,59737428,57082565,815215,23002,5774316,5993004,5996411,5995592,5997069,5996698,5994820,5995609,5996398,5997511,5312923,5720023,5752739,5734341,5712869,5834106,5714981,5754031,5753331,5793221,78518,81433,80000,81567,83753,78347,83814,83872,83539,80372,4210,2960,2616,2158,2144,2003,1866,1872,1627,1546,1409885,2535444,2545732,2533475,2521911,2576165,2521012,2537355,2533616,2551351,850016,394033,399607,389660,399695,397474,388501,398921,395973,394958,253851,639152,918421,1117287,1258389,1369749,1440000,1493523,1531386,1561841,153074,181138,202347,215828,227340,235229,239294,244097,247024,248949,
PIC_v2,97759663,81085265,16674398,13869582577,13828896896,167882437,218370115,1509562,70896,5794727,18006080,18010184,18010699,18010305,18009562,18011652,18010966,18009687,18008575,5551051,27142840,20583494,21245004,21350697,29627189,20563101,21260424,21343598,29702717,80580,119070,181148,192734,197741,83950,180689,192257,197834,83559,1483,3095,16077,8619,6784,1666,16102,8626,6779,1665,1124869,7610332,9665157,9919999,9942163,6642207,9656098,9927381,9938494,6658565,374984,2508768,1299686,1285623,1286517,3019954,1299263,1286090,1285950,3027563,429221703,774896158,1051846687,1273458079,1450751625,1591926471,1705469126,1796357506,1869070433,1926584789,429071726,773755864,1049261358,1269662940,1445984385,1587388228,1700167164,1790387678,1862564062,1920653491,
EWMA,18218260,15596467,2621793,10755726,1711602,59957276,58461657,812283,17250,5992692,5995313,5995882,5996126,5995579,5996306,5996612,5996801,5995818,5996147,5812999,5682986,5757653,5823106,5734562,5726378,5778170,5757694,5791900,6596209,77668,83452,82464,80441,83606,83536,83651,83708,83228,70529,2280,1965,2002,1899,1817,1573,1543,1538,1516,1117,2570985,1992623,1730378,1576034,1417839,1349401,1336757,1300485,1302534,1019431,394264,315600,270537,240506,217525,216383,208123,202596,201598,354661,514197,809882,993981,1110391,1171880,1207384,1233258,1246703,1257869,1210181,78852,126201,155068,172155,181229,188259,192231,194304,195762,227541,
SW,17709195,15331844,2377351,10871800,1704195,59939862,57515494,821009,20343,5996105,5994891,5994918,5994167,5993761,5993798,5993710,5994150,5992406,5991956,5778212,5646449,5846920,5691995,5780885,5830906,5710483,5722259,5748570,5758815,78230,83835,78009,83395,83911,78574,83837,83404,84198,83616,3143,2403,2319,2017,2006,1930,1802,1630,1531,1562,2563648,440632,759179,1258848,1731885,1753964,1697775,1700414,1710496,1715003,392902,75227,112593,197995,270264,268457,257752,269312,266381,266468,2053836,1826607,1254486,819553,819553,819553,819553,819553,819553,819553,323477,286909,193574,128605,128605,128605,128605,128605,128605,128605,
AFC,17698669,15285614,2413055,10230986,1626010,59783320,56877333,802663,26690,5821035,5991469,5995995,5996218,5995879,5997210,5996146,5996596,5996389,5996383,5603692,5844596,5294306,5588848,5791044,5665544,5816219,5710483,5731090,5831511,77896,82966,73729,82430,77871,84044,77899,83797,83735,78296,1461,1495,5680,4255,3231,2315,2314,2017,1989,1933,1639720,2192904,1638431,1596644,1540500,1370390,1391498,1299741,1290193,1325593,254842,352705,302030,243801,227575,216968,210974,199495,203215,201450,327944,700936,888435,1030076,1132160,1179806,1222144,1237663,1248169,1263653,50968,111315,149458,168326,180175,187533,192221,193675,195583,196756,
AMBP,14080528,11465531,2614997,463345284,86156946,83449050,89786850,1001289,35942,5455189,5991284,5999903,5995458,5995219,5995100,5996351,5997781,18010713,18012052,5046266,5733763,5771520,5754914,5790651,5747953,8279660,5310714,21022909,21328500,77271,83280,83527,83401,83393,83568,49497,74095,190333,192924,1592,1614,1556,1554,1532,1495,145,5727,12630,8097,937034,2338111,1924366,1654604,1514945,1397627,424711,424711,424711,424711,157545,353623,302305,260044,234598,217200,722209,122491,122491,122491,187486,617611,878962,1034090,1130261,1183734,114578285,114578285,114578285,114578285,31589,95995,137257,161814,176370,184536,292070,28359105,28359105,28359105,
PIC,25539870,16875670,8664200,4273028910,4283703820,168085272,214423996,1541462,82648,5993131,18009344,18010363,18011007,18009339,18010753,18009807,18010368,18009648,18011512,8108818,20584757,21251287,21338237,29623043,20597917,21264514,21356719,29714490,20584214,50297,181097,192465,197412,83961,181159,192496,197396,83745,181434,263,16113,8622,6781,1667,16046,8621,6782,1650,16103,1687567,1687567,1687567,1687567,1687567,1687567,1687567,1687567,1687567,1687567,866420,866420,866420,866420,866420,866420,866420,866420,866420,866420,427302891,427302891,427302891,427302891,427302891,427302891,427302891,427302891,427302891,427302891,428370382,428370382,428370382,428370382,428370382,428370382,428370382,428370382,428370382,428370382,
end--> Completion message received. Exiting.
