--> Waiting for autoboot prompt...
NOTICE:  BL31: v2.9(release):8a3945e
NOTICE:  BL31: Built : 17:27:52, May  1 2024


U-Boot 2022.10 (May 01 2024 - 17:26:49 -0300)

DRAM:  7.1 GiB
RPI 4 Model B (0xd03115)
Core:  202 devices, 16 uclasses, devicetree: board
MMC:   mmcnr@7e300000: 1, emmc2@7e340000: 0
Loading Environment from FAT... ** No partition table - mmc 0 **
In:    serial
Out:   serial
Err:   serial
Net:   eth0: ethernet@7d580000
PCIe BRCM: link up, 5.0 Gbps x1 (SSC)
starting USB...
Bus xhci_pci: Register 5000420 NbrPorts 5
Starting the controller
USB XHCI 1.00
scanning bus xhci_pci for devices... 2 USB Device(s) found
       scanning usb for storage devices... 0 Storage Device(s) found
Hit any key to stop autoboot:--> Autoboot stopped. Waiting for U-Boot prompt...
 0 
U-Boot>--> Benchmark command sent. Waiting for completion...
fatload mmc 0 0x200000 bao-153.bin; go 0x200000
1441792 bytes read in 106 ms (13 MiB/s)
## Starting application at 0x00200000 ...
BENCH_ARRAY_INDEX 152
budget_function,PMU_counter_used_budget,PMU_counter_used_budget_r,PMU_counter_used_budget_w,total_calc_r,total_calc_w,total_cycles,total_instructions,total_cache_misses,total_mispredicts,cycles[0],cycles[1],cycles[2],cycles[3],cycles[4],cycles[5],cycles[6],cycles[7],cycles[8],cycles[9],instructions[0],instructions[1],instructions[2],instructions[3],instructions[4],instructions[5],instructions[6],instructions[7],instructions[8],instructions[9],cache_misses[0],cache_misses[1],cache_misses[2],cache_misses[3],cache_misses[4],cache_misses[5],cache_misses[6],cache_misses[7],cache_misses[8],cache_misses[9],mispredicts[0],mispredicts[1],mispredicts[2],mispredicts[3],mispredicts[4],mispredicts[5],mispredicts[6],mispredicts[7],mispredicts[8],mispredicts[9],used_budget_read[0],used_budget_read[1],used_budget_read[2],used_budget_read[3],used_budget_read[4],used_budget_read[5],used_budget_read[6],used_budget_read[7],used_budget_read[8],used_budget_read[9],used_budget_write[0],used_budget_write[1],used_budget_write[2],used_budget_write[3],used_budget_write[4],used_budget_write[5],used_budget_write[6],used_budget_write[7],used_budget_write[8],used_budget_write[9],calculated_read[0],calculated_read[1],calculated_read[2],calculated_read[3],calculated_read[4],calculated_read[5],calculated_read[6],calculated_read[7],calculated_read[8],calculated_read[9],calculated_write[0],calculated_write[1],calculated_write[2],calculated_write[3],calculated_write[4],calculated_write[5],calculated_write[6],calculated_write[7],calculated_write[8],calculated_write[9],
got disparity_wrapper (1216)
got bandwidth_wrapper (1217)
EWMA_v2,30350061,26482647,3867414,16847877,2480877,59979997,58451216,699598,28954,6026169,5987888,5992154,5996777,5997150,5993194,5997443,5997960,5994147,5997115,4993353,4634905,7612548,5370032,4793064,7789689,5315672,4892009,7711882,5338062,72480,75329,52692,77490,76794,51365,81207,72565,56647,83029,5197,4065,4880,2202,1826,3357,1752,1556,2716,1403,2190538,2032231,3643502,2361567,2086884,3709809,2328860,2130587,3663357,2335312,388482,346542,441758,371967,344524,440511,376335,343458,434703,379134,438107,756931,1334245,1539709,1649144,2061277,2114793,2117951,2427032,2408688,77696,131465,193523,229211,252273,289920,307203,314454,338503,346629,
SW_v2,79590449,68607628,10982821,62739773,10632700,143851926,163940723,1441616,68498,11802304,11997585,12002350,12004544,12002503,12002297,18010206,18009632,18011057,18009448,12334737,18539347,12688448,12378456,13246767,13264983,21306751,19601003,20259509,20320722,128050,67364,122864,127856,134355,139399,174875,172960,184838,189055,3678,907,12088,5848,5159,4485,5733,15646,8340,6614,3496445,4038547,5894334,5708043,6110064,6108845,9146536,9196353,9452973,9455488,672457,1919576,847198,779257,825032,824782,1411746,1241618,1231018,1230137,3496445,3767496,4476442,5213641,5904147,5975651,7121815,8150578,9265287,9368271,672457,1296017,1146410,1182010,817162,809690,1020520,1159382,1294794,1234258,
AFC_v2,4321985790,4317027409,4958381,4307807430,3447637,71649434,79156843,720815,30103,17685017,5993382,5992955,5996601,6000589,5993501,5996300,6000680,5992990,5997419,25846109,4356168,7490303,5458544,4824494,7615376,5544687,4815410,7642108,5563644,104541,70023,51983,77511,72433,54792,77827,75241,57675,78789,2636,4372,7124,2555,2023,3421,1934,1503,3024,1511,4292785509,1888015,3603140,2407724,2108918,3624348,2438018,2096615,3632845,2442277,1452435,358170,442306,378546,343635,437282,383733,332970,445997,383307,4294530939,28517,743441,1076297,1282821,1751126,1888504,1930126,2270669,2304990,290487,304023,331679,341052,341568,360710,365314,358846,376276,377682,
LR_v2,76474871,65278223,11196648,68208606,11593530,137656900,161404040,1369026,65084,11615197,12000708,12000753,12003781,12003394,18009963,18008988,18008218,12001084,12004814,12318463,16354710,12697218,12581444,13229501,21129760,26779997,20304293,13269159,12739495,131542,97200,123003,131359,135853,190635,118543,178516,133786,128589,3676,2188,11997,5902,5128,7028,3132,16021,5420,4592,3595779,4942858,5897820,5805463,6101063,9842900,7575150,9533533,6122889,5860768,635409,1460288,847565,792343,824394,1266106,2461366,1288066,827347,793764,5393668,5616397,6375301,5759285,6248863,11713818,6441275,10512724,4417567,5729708,953113,1872727,541204,764732,840419,1486962,3058996,701416,596988,776973,
AMBP_v2,25395188,21266184,4129004,9980850,2027796,65743787,63856957,817099,26423,11785528,5986520,5995328,5997676,5994808,5996024,5999652,5993167,5996695,5998389,12909097,5606085,5597123,7482708,5164483,5460355,5130201,5613922,5787998,5104985,137617,78276,80919,55979,72059,79567,74473,83279,77986,76944,3904,1480,1464,342,5669,4255,2739,2387,2348,1835,452938,2460641,2458075,1669370,2276848,2424495,2253022,2480319,2558612,2231864,277586,384154,377991,789825,405512,386475,361910,389434,397664,358453,81600,501667,803653,879116,1042795,1187221,1260342,1353903,1435359,1435194,50037,105174,143763,245677,249879,249478,244767,246330,248936,243755,
PIC_v2,99589488,85304234,14285254,13871423358,13827828656,168045881,206324421,1641741,78533,5952730,18006028,18009891,18011866,18011195,18010677,18009617,18011234,18011055,18011588,5042965,21196937,24344737,20538107,21236921,21304380,29601590,20506583,21232481,21319720,77385,195559,153627,179178,190752,195925,83796,178761,190944,195814,1689,7490,4825,16010,8616,6767,1697,16066,8611,6762,1016318,9882205,8786510,9643557,9916126,9920133,6668941,9629555,9913634,9927255,359181,1281515,1900358,1298322,1284834,1283872,3010797,1297903,1283893,1284579,429199993,775333165,1052020563,1273541891,1450813467,1592631529,1705435741,1796271233,1868996442,1927179334,429068565,773507884,1049183108,1269602880,1445936000,1587002304,1700200732,1790416895,1862587024,1920323264,
EWMA,19495938,17032830,2463108,11483444,1672339,59962354,59808194,704429,29145,5994005,5998765,5993097,5996659,5998626,5993464,5997802,5999071,5993694,5997171,5281868,4695238,7623684,5638832,4898959,7600836,5758133,4891026,7702499,5717119,72924,73462,52386,82943,70047,58154,81373,72029,57429,83682,5703,3479,4866,2428,1824,3203,1937,1546,2637,1522,2333447,1594030,2951655,1346960,954848,2478283,1133006,780985,2417728,1041888,412708,255881,319989,242046,169393,263939,204319,148892,249462,196479,466689,692157,1144056,1184636,1138678,1406599,1351880,1237701,1473706,1387342,82541,117209,157765,174621,173575,191647,194181,185123,197990,197687,
SW,17192540,14849375,2343165,10067572,1651808,59943243,55035828,790654,26228,5996610,5993537,5996469,5995177,5994595,5995163,5993925,5994366,5990354,5993047,5932916,5215397,5037307,5632460,5679892,5180291,5712828,5755780,5198315,5690642,79582,72258,77032,80799,80688,77621,82055,79376,78235,83008,1470,5647,3550,3433,2410,2034,2170,1953,1733,1828,2512384,456822,485303,1346214,1748269,1507355,1759082,1777888,1510107,1745951,416595,97143,58399,211489,266930,240590,275467,264201,247762,264589,1844551,1732058,1151503,762780,762780,762780,762780,762780,762780,762780,311301,293387,190712,122344,122344,122344,122344,122344,122344,122344,
AFC,18536252,15691169,2845083,10382289,1967820,59839441,63364591,658114,24982,5877868,5994964,5993402,5996399,5999006,5992725,5997182,5998869,5993076,5995950,5570955,4847355,7703245,5757803,4823255,11440252,5285857,4688278,7584778,5662813,83623,73040,57089,81913,74793,6208,73182,72633,52907,82726,1673,1269,2508,1508,1214,282,5730,3497,4866,2435,1685382,1774406,3024791,1428611,928986,1026557,1232982,932589,2532748,1124117,267437,287576,340704,245131,172179,1055362,66792,47303,195228,167371,337076,624542,1104591,1169395,1121314,1102363,1128486,1089307,1377995,1327220,53487,100304,148384,167733,168622,345970,290135,241569,232301,219315,
AMBP,16401227,14164324,2236903,361511579,56778497,83602334,91641009,934794,32889,5614770,5989643,5995243,5996942,5996386,5995396,5997036,5995885,18008618,18012415,5179043,5221340,5809112,5686247,5275155,5767358,5659178,5295964,27281623,20465989,78157,77452,78598,82662,77437,82662,83690,77605,116844,179687,1928,1806,2010,1813,1690,1594,1513,1412,3018,16105,940924,2098752,1994359,1650854,1293781,1471375,1338565,1125238,1125238,1125238,144135,335097,307029,251268,215736,218339,216590,182903,182903,182903,188264,570361,855160,1014298,1070194,1150430,1188057,118491605,118491605,118491605,28907,90145,133521,157070,168803,178710,186286,18611685,18611685,18611685,
PIC,29057890,25197450,3860440,4262210590,4289948710,168088651,213998366,1553828,73361,5992095,18009605,18009481,18011749,18011745,18011149,18008486,18011636,18010854,18011851,5717553,21307620,31706634,20458321,21172106,21269999,29460191,20457888,21162694,21285360,83494,196156,56499,179702,191438,195545,84527,179558,191307,195602,1729,6566,379,16117,8594,6758,1751,16127,8579,6761,2519745,2519745,2519745,2519745,2519745,2519745,2519745,2519745,2519745,2519745,386044,386044,386044,386044,386044,386044,386044,386044,386044,386044,426221059,426221059,426221059,426221059,426221059,426221059,426221059,426221059,426221059,426221059,428994871,428994871,428994871,428994871,428994871,428994871,428994871,428994871,428994871,428994871,
end--> Completion message received. Exiting.
