--> Waiting for autoboot prompt...
NOTICE:  BL31: v2.9(release):8a3945e
NOTICE:  BL31: Built : 17:27:52, May  1 2024


U-Boot 2022.10 (May 01 2024 - 17:26:49 -0300)

DRAM:  7.1 GiB
RPI 4 Model B (0xd03115)
Core:  202 devices, 16 uclasses, devicetree: board
MMC:   mmcnr@7e300000: 1, emmc2@7e340000: 0
Loading Environment from FAT... ** No partition table - mmc 0 **
In:    serial
Out:   serial
Err:   serial
Net:   eth0: ethernet@7d580000
PCIe BRCM: link up, 5.0 Gbps x1 (SSC)
starting USB...
Bus xhci_pci: Register 5000420 NbrPorts 5
Starting the controller
USB XHCI 1.00
scanning bus xhci_pci for devices... 2 USB Device(s) found
       scanning usb for storage devices... 0 Storage Device(s) found
Hit any key to stop autoboot:--> Autoboot stopped. Waiting for U-Boot prompt...
 0 
U-Boot>--> Benchmark command sent. Waiting for completion...
fatload mmc 0 0x200000 bao-65.bin; go 0x200000
1441792 bytes read in 107 ms (12.8 MiB/s)
## Starting application at 0x00200000 ...
BENCH_ARRAY_INDEX 64
budget_function,PMU_counter_used_budget,PMU_counter_used_budget_r,PMU_counter_used_budget_w,total_calc_r,total_calc_w,total_cycles,total_instructions,total_cache_misses,total_mispredicts,cycles[0],cycles[1],cycles[2],cycles[3],cycles[4],cycles[5],cycles[6],cycles[7],cycles[8],cycles[9],instructions[0],instructions[1],instructions[2],instructions[3],instructions[4],instructions[5],instructions[6],instructions[7],instructions[8],instructions[9],cache_misses[0],cache_misses[1],cache_misses[2],cache_misses[3],cache_misses[4],cache_misses[5],cache_misses[6],cache_misses[7],cache_misses[8],cache_misses[9],mispredicts[0],mispredicts[1],mispredicts[2],mispredicts[3],mispredicts[4],mispredicts[5],mispredicts[6],mispredicts[7],mispredicts[8],mispredicts[9],used_budget_read[0],used_budget_read[1],used_budget_read[2],used_budget_read[3],used_budget_read[4],used_budget_read[5],used_budget_read[6],used_budget_read[7],used_budget_read[8],used_budget_read[9],used_budget_write[0],used_budget_write[1],used_budget_write[2],used_budget_write[3],used_budget_write[4],used_budget_write[5],used_budget_write[6],used_budget_write[7],used_budget_write[8],used_budget_write[9],calculated_read[0],calculated_read[1],calculated_read[2],calculated_read[3],calculated_read[4],calculated_read[5],calculated_read[6],calculated_read[7],calculated_read[8],calculated_read[9],calculated_write[0],calculated_write[1],calculated_write[2],calculated_write[3],calculated_write[4],calculated_write[5],calculated_write[6],calculated_write[7],calculated_write[8],calculated_write[9],
got bandwidth_wrapper (512)
got sorting_wrapper (513)
EWMA_v2,25599084,16719074,8880010,10731076,5696374,59984735,80661535,492658,29030,6027171,5988406,5994652,5995480,5995620,5996971,5996510,5996436,5996982,5996507,7928775,8003040,7982165,8076595,8062120,8081462,8109510,8153421,8116566,8147881,49407,49302,49420,49307,49331,49348,49337,49120,49060,49026,4022,3370,3088,2883,2755,2661,2633,2575,2533,2510,1653410,1663423,1658887,1673534,1670523,1673429,1678139,1685107,1678711,1683911,875105,881664,878922,889054,887172,889207,892375,897117,892982,896412,330682,597230,809561,982355,1119988,1230676,1320168,1393155,1450266,1496995,175021,316349,428863,520901,594155,653165,701007,740229,770779,795905,
SW_v2,51308693,31969064,19339629,27113411,16339694,113865030,179700320,498337,25438,5850160,5991860,5995487,5996379,12001746,12001494,12002052,18009786,18008518,18007548,7718897,6274979,8108579,8160940,18366175,20037196,20035706,30295459,30286222,30416167,49329,50836,49149,49065,49876,49378,49492,50559,50795,49858,2582,2528,2540,2679,2614,2543,2518,2497,2472,2465,365850,1372154,1677390,1686244,3388126,3666052,3665532,5376482,5374803,5396431,303177,688594,892102,898014,2032850,2218226,2217967,3358799,3357750,3372150,365850,869002,1138465,1578596,2250587,2913474,3573237,4236022,4805606,5382572,303177,495886,627958,826237,1274322,1716363,2156348,2598331,2978172,3362900,
AFC_v2,4315842350,4308661692,7180658,4303274214,4361979,71622799,93427526,496056,24245,17645174,5997546,5996205,5996770,5999193,5996398,5997540,5999513,5996719,5997741,28403711,5490670,8077671,8137729,5575185,8071836,8107037,5472614,8054002,8037071,50501,49572,49335,49266,50003,49223,49377,50050,49447,49282,2508,2484,2442,2418,2414,2409,2399,2414,2381,2376,4294896094,1241082,1671652,1681676,1254722,1670559,1676313,1237594,1667399,1664601,35968,601448,888589,895196,610711,887854,891715,599330,885868,883979,4294953056,236824,523789,755366,855237,1018301,1149903,1167441,1267432,1346865,7193,126044,278553,401881,443647,532488,604333,603333,659840,704667,
LR_v2,73860360,45503054,28357306,48339049,30135269,149989389,260031220,492826,24063,5929670,5993937,12002067,18008655,18009065,18010652,18008308,18009515,18007487,18010033,7309087,8010406,20086892,32056186,32158524,32043750,32090984,32088359,32113267,32073765,49506,49301,49333,49394,49045,49360,49143,49258,49053,49433,2399,2407,2412,2435,2407,2410,2406,2384,2409,2394,446657,1660233,3673693,5669310,5686084,5667121,5674904,5674343,5678719,5671990,348616,881027,2223571,3554180,3565436,3552698,3557897,3557544,3560409,3555928,669985,2267021,4680423,6667118,5694471,5657640,5678795,5674063,5680907,5668626,522924,1147232,2894843,4219484,3571064,3546329,3560496,3557368,3561841,3553688,
AMBP_v2,23396925,15207427,8189498,7147831,3864350,71685687,104245038,492663,23704,17719582,5993519,5996518,5995693,5996866,5996157,5997293,5996075,5996620,5997364,31519533,8056866,8041121,8060203,8081172,8098264,8098172,8060829,8074149,8154729,49137,49470,49271,49370,49255,49294,49310,49210,49246,49100,2410,2384,2363,2342,2342,2363,2380,2377,2366,2377,161165,1667967,1665249,1668265,1671820,1674731,1674718,1668532,1670733,1684247,190863,886139,884355,886468,888715,890707,890680,886530,888020,897021,29081,321172,530988,682598,792397,871976,929271,969410,998706,1022232,34426,184291,291872,369711,426159,467161,496677,517182,532214,544657,
PIC_v2,83774686,51485137,32289549,13850637740,13838788884,167650506,293965070,493925,23902,5568889,18005804,18009076,18009078,18009417,18010092,18009289,18009161,18010076,18009624,5255554,32065594,32064727,32060579,32070806,32063309,32051137,32145864,32077594,32109906,50516,49455,49249,49139,49291,49198,49407,49098,49252,49320,2430,2400,2406,2388,2402,2390,2370,2353,2403,2360,429579,5670702,5670607,5669855,5671554,5670283,5668101,5683861,5672740,5677855,280748,3555115,3555035,3554495,3555671,3554818,3553434,3563912,3556410,3559911,429082645,774396986,1050648439,1271649451,1448450601,1589891267,1703043363,1793568192,1865985831,1923920965,429052879,773950055,1049867780,1270601852,1447189345,1588459169,1701474751,1791889312,1864219461,1922084280,
EWMA,16054899,10479010,5575889,7142625,3800695,59960308,81205342,492497,24181,5994525,5995680,5995211,5995397,5996746,5996242,5996869,5996232,5997194,5996212,8102734,8100949,8104794,8154706,8153790,8164713,8062818,8130015,8110776,8120047,49324,49249,49320,49062,49110,49210,49360,49229,49280,49353,2433,2424,2414,2408,2425,2417,2404,2442,2395,2419,1675775,1340372,1139927,1027408,953352,910596,866542,865127,851767,848144,891327,712868,606320,547644,507935,485323,459528,460593,453029,451322,335155,536198,656943,731036,775499,802518,815322,825283,830579,834092,178265,285185,349412,389058,412833,427331,433770,439134,441913,443794,
SW,13664809,9273275,4391534,6510819,4155339,59957095,72211376,496034,24122,5995573,5994520,5999539,5995675,5993575,5997043,5994857,5993371,5999512,5993430,8111774,8063304,5231815,8044235,8041884,5255808,8071266,8054280,5233239,8103771,49339,49520,50257,49449,49240,50296,49288,49318,50205,49122,2425,2409,2406,2419,2411,2416,2423,2393,2421,2399,1677294,487379,77221,918804,1171123,707209,1176105,1173162,703540,1181438,892335,287423,287423,300950,390957,248894,574221,572288,259238,577805,1181799,1120446,747298,494468,494468,494468,494468,494468,494468,494468,599479,583924,583924,493569,326443,313600,313600,313600,313600,313600,
AFC,15319226,10032655,5286571,6740898,3540951,59503612,79151294,493434,24042,5541485,5993162,5993906,5994104,5997768,5995063,5996982,5998369,5996286,5996487,7162669,8092842,7698608,8092898,8156677,7843447,8149956,8141309,7720277,8092611,49443,49240,49609,49260,49260,49126,49079,49071,49844,49502,2430,2408,2389,2410,2403,2398,2418,2383,2407,2396,1024735,1469134,1150718,1077735,992065,879982,905734,878508,793603,860441,473452,795451,611637,579963,533148,464538,485308,469416,414126,459532,204947,457784,596370,692643,752527,778018,803561,818550,813561,822937,94690,234842,310201,364153,397952,411269,426076,434744,430621,436403,
AMBP,13688628,9027742,4660886,236872277,124600737,83590697,123616869,492746,23949,5600235,5992966,5995635,5995992,5996374,5996668,5997405,5995666,18009548,18010208,7285180,6663317,8096264,8091132,6577977,8094480,8107026,6613520,32032283,32055690,49363,49074,49142,49162,49309,49290,49360,49387,49343,49316,2410,2372,2391,2395,2389,2384,2410,2398,2396,2404,716792,1292378,1301416,1114912,751611,987890,929867,644292,644292,644292,364261,658492,700502,597843,368688,533981,499925,312398,312398,312398,143438,373226,558864,670073,686380,746682,783319,77636765,77636765,77636765,72932,190044,292135,353276,356358,391882,413490,40843540,40843540,40843540,
PIC,24790800,16229700,8561100,4273868670,4283837850,168074572,296616033,493393,23903,5990567,18008730,18009958,18009415,18009497,18009690,18009600,18008411,18009326,18009378,7785872,32128673,32147042,32028065,32076222,32097199,32155986,32021272,32091277,32084425,49592,49355,49049,49348,49387,49359,49168,49474,49299,49362,2394,2386,2387,2402,2394,2390,2387,2378,2394,2391,1622970,1622970,1622970,1622970,1622970,1622970,1622970,1622970,1622970,1622970,856110,856110,856110,856110,856110,856110,856110,856110,856110,856110,427386867,427386867,427386867,427386867,427386867,427386867,427386867,427386867,427386867,427386867,428383785,428383785,428383785,428383785,428383785,428383785,428383785,428383785,428383785,428383785,
end--> Completion message received. Exiting.
