--> Waiting for autoboot prompt...
NOTICE:  BL31: v2.9(release):8a3945e
NOTICE:  BL31: Built : 17:27:52, May  1 2024


U-Boot 2022.10 (May 01 2024 - 17:26:49 -0300)

DRAM:  7.1 GiB
RPI 4 Model B (0xd03115)
Core:  202 devices, 16 uclasses, devicetree: board
MMC:   mmcnr@7e300000: 1, emmc2@7e340000: 0
Loading Environment from FAT... ** No partition table - mmc 0 **
In:    serial
Out:   serial
Err:   serial
Net:   eth0: ethernet@7d580000
PCIe BRCM: link up, 5.0 Gbps x1 (SSC)
starting USB...
Bus xhci_pci: Register 5000420 NbrPorts 5
Starting the controller
USB XHCI 1.00
scanning bus xhci_pci for devices... 2 USB Device(s) found
       scanning usb for storage devices... 0 Storage Device(s) found
Hit any key to stop autoboot:--> Autoboot stopped. Waiting for U-Boot prompt...
 0 
U-Boot>--> Benchmark command sent. Waiting for completion...
fatload mmc 0 0x200000 bao-121.bin; go 0x200000
1417216 bytes read in 104 ms (13 MiB/s)
## Starting application at 0x00200000 ...
BENCH_ARRAY_INDEX 120
budget_function,PMU_counter_used_budget,PMU_counter_used_budget_r,PMU_counter_used_budget_w,total_calc_r,total_calc_w,used_budget_read[0],used_budget_read[1],used_budget_read[2],used_budget_read[3],used_budget_read[4],used_budget_read[5],used_budget_read[6],used_budget_read[7],used_budget_read[8],used_budget_read[9],used_budget_write[0],used_budget_write[1],used_budget_write[2],used_budget_write[3],used_budget_write[4],used_budget_write[5],used_budget_write[6],used_budget_write[7],used_budget_write[8],used_budget_write[9],calculated_read[0],calculated_read[1],calculated_read[2],calculated_read[3],calculated_read[4],calculated_read[5],calculated_read[6],calculated_read[7],calculated_read[8],calculated_read[9],calculated_write[0],calculated_write[1],calculated_write[2],calculated_write[3],calculated_write[4],calculated_write[5],calculated_write[6],calculated_write[7],calculated_write[8],calculated_write[9],
got dijkstra_wrapper (960)
got sha_wrapper (961)
EWMA,21313807,13165622,8148185,8934129,5514850,1878883,1750768,1478575,1312882,1213967,1154335,1118471,1097176,1084164,1076401,1075950,1108464,931671,823986,759752,721003,697701,683882,675392,670384,375776,650774,816334,915643,975307,1011112,1032583,1045501,1053233,1057866,215190,393844,501409,565924,604689,627951,641901,650297,655316,658329,
SW,20823548,12834840,7988708,9141672,5691438,2129463,390320,579839,1096039,1439596,1440354,1439934,1439494,1440027,1439774,1325599,244542,360395,681923,895876,896380,896056,895805,896173,895959,1737862,1549472,1033207,688733,688733,688733,688733,688733,688733,688733,1080184,965071,643512,428953,428953,428953,428953,428953,428953,428953,
AFC,20996335,12940429,8055906,8712771,5423903,1430300,1842648,1532641,1344731,1233632,1166150,1124510,1101576,1086924,1077317,889699,1147139,954356,837261,768110,726064,700085,685818,676705,670669,286060,597377,784429,896489,963917,1004363,1028392,1043028,1051807,1056909,177939,371779,488294,558087,600091,625285,640245,649359,654828,657996,
AMBP,20642925,12724180,7918745,8498642,5288592,994051,1930538,1584581,1377487,1252586,1177157,1132861,1105868,1089041,1080010,615395,1202326,986730,857710,779862,732827,705252,688416,677915,672312,198890,545219,753091,877970,952893,997745,1024768,1040988,1050598,1056480,123159,338992,468539,546373,593070,621021,637867,647976,653963,657632,
PIC,16400290,10124420,6275870,4281805530,4286808650,1012442,1012442,1012442,1012442,1012442,1012442,1012442,1012442,1012442,1012442,627587,627587,627587,627587,627587,627587,627587,627587,627587,627587,428180553,428180553,428180553,428180553,428180553,428180553,428180553,428180553,428180553,428180553,428680865,428680865,428680865,428680865,428680865,428680865,428680865,428680865,428680865,428680865,
end--> Completion message received. Exiting.
