--> Waiting for autoboot prompt...
NOTICE:  BL31: v2.9(release):8a3945e
NOTICE:  BL31: Built : 17:27:52, May  1 2024


U-Boot 2022.10 (May 01 2024 - 17:26:49 -0300)

DRAM:  7.1 GiB
RPI 4 Model B (0xd03115)
Core:  202 devices, 16 uclasses, devicetree: board
MMC:   mmcnr@7e300000: 1, emmc2@7e340000: 0
Loading Environment from FAT... ** No partition table - mmc 0 **
In:    serial
Out:   serial
Err:   serial
Net:   eth0: ethernet@7d580000
PCIe BRCM: link up, 5.0 Gbps x1 (SSC)
starting USB...
Bus xhci_pci: Register 5000420 NbrPorts 5
Starting the controller
USB XHCI 1.00
scanning bus xhci_pci for devices... 2 USB Device(s) found
       scanning usb for storage devices... 0 Storage Device(s) found
Hit any key to stop autoboot:--> Autoboot stopped. Waiting for U-Boot prompt...
 0 
U-Boot>--> Benchmark command sent. Waiting for completion...
fatload mmc 0 0x200000 bao-116.bin; go 0x200000
1441792 bytes read in 106 ms (13 MiB/s)
## Starting application at 0x00200000 ...
BENCH_ARRAY_INDEX 115
budget_function,PMU_counter_used_budget,PMU_counter_used_budget_r,PMU_counter_used_budget_w,total_calc_r,total_calc_w,total_cycles,total_instructions,total_cache_misses,total_mispredicts,cycles[0],cycles[1],cycles[2],cycles[3],cycles[4],cycles[5],cycles[6],cycles[7],cycles[8],cycles[9],instructions[0],instructions[1],instructions[2],instructions[3],instructions[4],instructions[5],instructions[6],instructions[7],instructions[8],instructions[9],cache_misses[0],cache_misses[1],cache_misses[2],cache_misses[3],cache_misses[4],cache_misses[5],cache_misses[6],cache_misses[7],cache_misses[8],cache_misses[9],mispredicts[0],mispredicts[1],mispredicts[2],mispredicts[3],mispredicts[4],mispredicts[5],mispredicts[6],mispredicts[7],mispredicts[8],mispredicts[9],used_budget_read[0],used_budget_read[1],used_budget_read[2],used_budget_read[3],used_budget_read[4],used_budget_read[5],used_budget_read[6],used_budget_read[7],used_budget_read[8],used_budget_read[9],used_budget_write[0],used_budget_write[1],used_budget_write[2],used_budget_write[3],used_budget_write[4],used_budget_write[5],used_budget_write[6],used_budget_write[7],used_budget_write[8],used_budget_write[9],calculated_read[0],calculated_read[1],calculated_read[2],calculated_read[3],calculated_read[4],calculated_read[5],calculated_read[6],calculated_read[7],calculated_read[8],calculated_read[9],calculated_write[0],calculated_write[1],calculated_write[2],calculated_write[3],calculated_write[4],calculated_write[5],calculated_write[6],calculated_write[7],calculated_write[8],calculated_write[9],
got dijkstra_wrapper (920)
got mser_wrapper (921)
EWMA_v2,39923983,29975668,9948315,19375190,6400834,59965792,81827080,156630,144533,6024698,5987826,5993102,5994076,5993836,5994038,5994683,5994195,5994424,5994914,7373264,8016850,9432158,7346096,8037355,9427556,7344832,8042974,9460458,7345537,10204,8008,30637,9879,8076,31067,9886,8152,30846,9875,18478,24380,493,17310,24355,461,17237,24110,465,17244,3172819,3436417,2341976,3157673,3435550,2340531,3156585,3437915,2339015,3157187,935646,1008443,1060748,930513,1014375,1060185,930025,1014678,1063642,930060,634563,1194933,1424341,1771007,2103915,2151238,2352307,2569428,2523345,2650113,187129,351391,493262,580712,667444,745992,782798,829174,876067,886865,
SW_v2,36891918,27631101,9260817,25262309,8677926,59366951,81336000,154835,149399,5424570,5990142,5993557,5994556,5994089,5994244,5994071,5993890,5994107,5993725,7250043,9015363,7339235,8051118,9405491,7348716,8046172,9468651,7346473,8064738,7068,32004,9869,8173,30828,9876,8158,30783,9883,8193,21815,2825,17301,24045,462,17278,24091,461,17219,23902,677048,2492584,3155083,3439872,2329481,3157825,3439001,2338910,3157305,3443992,280827,1022791,929521,1015006,1057576,929956,1014680,1064433,929916,1016111,677048,1584816,2108238,3029180,2974812,2975726,2975436,2978579,2978405,2980069,280827,651809,744380,989106,1000701,1000846,1000737,1003023,1003010,1003487,
AFC_v2,4330515194,4321255613,9259581,4311242823,5740511,59821073,83375924,177283,125070,5872269,5991004,5995796,5992860,5994858,5996570,5993056,5994912,5995830,5993918,9075761,7347193,8081554,9322679,7351745,8065160,9366534,7356167,8080720,9328411,30844,9852,8208,30708,9883,8205,30665,9878,8234,30806,456,17164,23973,447,17137,23909,449,17155,23935,445,4294506629,3156693,3450557,2305994,3158598,3444697,2316792,3160212,3450316,2305125,267318,929656,1018045,1047907,930065,1016229,1053180,930850,1017751,1048580,4294875163,557632,1136217,1370172,1727857,2071225,2120338,2328312,2552712,2503195,53463,228701,386569,518836,601081,684110,757924,792509,837557,879761,
LR_v2,66734448,48667845,18066603,51025938,19139959,107603253,156696767,250417,213563,5608340,5990946,12000074,12000843,11999684,12001724,11999779,12000717,12001100,12000046,6809722,8057962,20936157,15439661,21459753,15446858,18646732,15815090,15441749,18643083,9500,7961,31669,18063,30746,18100,36700,42822,18072,36784,15676,23804,2069,41109,454,41203,6140,35832,41097,6179,676893,3420060,4407586,6613288,4325958,6615817,4715838,6561489,6614726,4716190,233522,1019098,2342788,1947546,2397116,1947653,2146772,1937708,1947687,2146713,1015339,4791643,4901349,7716139,3182293,7760746,3765849,7484314,6641344,3766922,350283,1411886,3004633,1749925,2621901,1722922,2246331,1833176,1952676,2246226,
AMBP_v2,4333767523,29841738,4303925785,14594234,60700054,65944910,90382802,189333,160732,11995783,5991337,5994450,5994055,5994859,5994877,5994879,5995320,5994927,5994423,15759749,7326106,8069730,9468191,7331667,8072793,9470637,7337262,8079321,9467346,42785,9874,8181,30830,9857,8197,30769,9866,8246,30728,35890,17155,24060,454,17135,24050,457,17125,23960,446,3036420,3149254,3445904,2338541,3151474,3447602,2336824,3153264,3449207,2333248,4294902074,927384,1014939,1064337,927978,1015755,1064545,928635,1016044,1064094,546627,960436,1311776,1365416,1550364,1736829,1671145,1770811,1895841,1784989,42938004,2182767,2124375,2071373,2014203,1964280,1919293,1869760,1827074,1788925,
PIC_v2,4378569259,62853140,4315716119,13854124838,3542938395,131503346,185269049,341788,290118,5473174,5991174,5994643,12001512,12000092,18006661,18009034,18009089,18008893,18009074,6593286,8065127,9149923,15445681,21446881,24939573,24850097,24901967,24941694,24934820,9308,7723,31834,18077,30777,48827,48801,48808,48768,48865,15177,23885,2491,41131,441,41300,41336,41624,41350,41383,1305244,3420220,2498378,6615579,4322008,8941035,8930067,8938017,8941448,8941144,4294264967,1017404,1036523,1947670,2395522,3013744,3004932,3009304,3012935,3013118,429257778,774086996,1049766002,1271132647,1447767248,1589998735,1703781731,1794809717,1867632792,1925891192,359534,991108,1500191,2089686,2650853,3223431,432176460,776339758,1051671123,1271936251,
EWMA,24790870,18615804,6175066,12747381,4223454,59943529,81592053,156666,141633,5991072,5993942,5994456,5994755,5994825,5994858,5994819,5995157,5994541,5995104,7358590,8078572,9344460,7349197,8067648,9270056,7353517,8076375,9341532,7352106,9868,8235,30864,9881,8215,30732,9888,8217,30885,9881,17119,23888,442,17161,23915,443,17163,23915,439,17148,3161299,2816111,1238484,2055081,2151977,835460,1820497,2012357,758073,1766465,930871,829970,735332,531094,589595,584141,447133,539436,561214,426280,632259,1069029,1102920,1293352,1465077,1339153,1435421,1550808,1392261,1467101,186174,314933,399012,425428,458261,483437,476176,488828,503305,487900,
SW,24094277,18148496,5945781,12731208,4315964,59921390,81805669,156569,141731,5992014,5993079,5992037,5993406,5992652,5993404,5990867,5991628,5991846,5990457,7349189,8072312,9396843,7352700,8083609,9395225,7344197,8077933,9391917,7341744,9868,8213,30797,9883,8221,30797,9916,8223,30725,9926,17111,23979,439,17186,23885,439,17165,23945,443,17139,3157926,1021328,100045,1732513,2499226,1364799,2204127,2497353,1367949,2203230,930075,217101,331575,437341,687784,727199,600296,687372,727007,600031,2425534,2220176,1426433,951295,951295,951295,951295,951295,951295,951295,797710,724633,492917,328672,328672,328672,328672,328672,328672,328672,
AFC,24618089,18541539,6076550,12273865,4093737,59774634,82382012,155019,148164,5825506,5990093,5995199,5994945,5994408,5995588,5995004,5994628,5994279,5994984,7813702,9349036,7339778,8087477,9457413,7340462,8082547,9476328,7347145,8088124,7801,31362,9859,8245,30751,9888,8224,30773,9857,8259,23411,1009,17147,23858,442,17070,23852,442,17045,23888,2385273,1904563,2391406,2363302,985482,1882842,2056988,806616,1773762,1991305,655645,922025,639337,657304,643919,465108,553053,583139,427367,529653,477054,762555,1088325,1343320,1271753,1393970,1526573,1382582,1460818,1566915,131129,289308,359313,418911,463912,464151,481931,502172,487211,495699,
AMBP,20962038,15187820,5774218,583756583,149306581,83486120,120035765,226260,166392,5513360,5990556,5991238,5994065,5996135,5993243,5994353,5995913,18007147,18010110,8480870,7322851,8054636,9463336,7338111,8067059,9457316,7339074,29563895,24948617,30776,9891,8157,30922,9905,8204,30823,9876,38945,48761,445,17117,23987,449,17095,23950,452,17056,24396,41445,597491,3028717,2738854,1233563,2020072,2133711,858853,858853,858853,858853,458836,835275,772656,717130,507615,576162,597227,436439,436439,436439,119578,701405,1108894,1133827,1311076,1475603,144476550,144476550,144476550,144476550,91847,240532,346956,420990,438315,465884,492152,48936635,48936635,48936635,
PIC,40845520,31554580,9290940,4253946320,4282889060,168066119,236037673,438887,373261,5985507,18007070,18009437,18008711,18009231,18009173,18009145,18009352,18009381,18009112,7344512,29583709,24882001,24890990,24907355,24891356,24877454,24884855,24922661,24852780,9849,38949,48778,48777,48791,48765,48819,48685,48759,48715,17094,24301,41499,41431,41459,41474,41518,41402,41483,41600,3155458,3155458,3155458,3155458,3155458,3155458,3155458,3155458,3155458,3155458,929094,929094,929094,929094,929094,929094,929094,929094,929094,929094,425394632,425394632,425394632,425394632,425394632,425394632,425394632,425394632,425394632,425394632,428288906,428288906,428288906,428288906,428288906,428288906,428288906,428288906,428288906,428288906,
end--> Completion message received. Exiting.
