--> Waiting for autoboot prompt...
NOTICE:  BL31: v2.9(release):8a3945e
NOTICE:  BL31: Built : 17:27:52, May  1 2024


U-Boot 2022.10 (May 01 2024 - 17:26:49 -0300)

DRAM:  7.1 GiB
RPI 4 Model B (0xd03115)
Core:  202 devices, 16 uclasses, devicetree: board
MMC:   mmcnr@7e300000: 1, emmc2@7e340000: 0
Loading Environment from FAT... ** No partition table - mmc 0 **
In:    serial
Out:   serial
Err:   serial
Net:   eth0: ethernet@7d580000
PCIe BRCM: link up, 5.0 Gbps x1 (SSC)
starting USB...
Bus xhci_pci: Register 5000420 NbrPorts 5
Starting the controller
USB XHCI 1.00
scanning bus xhci_pci for devices... 2 USB Device(s) found
       scanning usb for storage devices... 0 Storage Device(s) found
Hit any key to stop autoboot:--> Autoboot stopped. Waiting for U-Boot prompt...
 0 
U-Boot>--> Benchmark command sent. Waiting for completion...
fatload mmc 0 0x200000 bao-42.bin; go 0x200000
1421312 bytes read in 105 ms (12.9 MiB/s)
## Starting application at 0x00200000 ...
BENCH_ARRAY_INDEX 41
budget_function,PMU_counter_used_budget,PMU_counter_used_budget_r,PMU_counter_used_budget_w,total_calc_r,total_calc_w,used_budget_read[0],used_budget_read[1],used_budget_read[2],used_budget_read[3],used_budget_read[4],used_budget_read[5],used_budget_read[6],used_budget_read[7],used_budget_read[8],used_budget_read[9],used_budget_write[0],used_budget_write[1],used_budget_write[2],used_budget_write[3],used_budget_write[4],used_budget_write[5],used_budget_write[6],used_budget_write[7],used_budget_write[8],used_budget_write[9],calculated_read[0],calculated_read[1],calculated_read[2],calculated_read[3],calculated_read[4],calculated_read[5],calculated_read[6],calculated_read[7],calculated_read[8],calculated_read[9],calculated_write[0],calculated_write[1],calculated_write[2],calculated_write[3],calculated_write[4],calculated_write[5],calculated_write[6],calculated_write[7],calculated_write[8],calculated_write[9],
got bandwidth_wrapper (328)
got mser_wrapper (329)
EWMA,17178226,12682791,4495435,8870644,2946526,1789320,2042129,1617634,1276605,549783,1166643,1479060,1278051,1041509,442057,395117,663963,532604,358164,620136,296013,408160,378524,261647,581107,357864,694717,879300,958761,876965,934900,1043732,1090595,1080777,953033,79023,196011,263329,282296,349864,339093,352906,358029,338752,387223,
SW,16123377,11681060,4442317,10499987,3051417,2309513,389769,389769,327943,1410199,1617055,1417251,796245,1325951,1697365,728015,109975,314930,258776,520554,504220,389930,683237,415873,516807,1823236,1705926,1705926,1009075,709304,709304,709304,709304,709304,709304,543933,527919,384307,227894,227894,227894,227894,227894,227894,227894,
AFC,17000812,12617452,4383360,8370023,2931580,1303617,1943815,968512,1382125,1615147,1331371,1078344,446762,1088115,1459644,411980,567746,670373,371233,454722,397768,274508,581129,260169,393732,260723,597341,671575,813685,973977,1045455,1052032,930978,962405,1061852,82396,179466,277647,296364,328035,341981,328487,379015,355246,362943,
AMBP,14657210,10737246,3919964,311522170,136324408,961980,1983886,1031396,1394124,1603254,1373734,1096370,430834,430834,430834,280070,586907,691342,377234,452888,411095,280107,280107,280107,280107,192476,550758,646885,796332,957716,1040919,1052009,102095025,102095025,102095025,56094,162256,268073,289905,322501,340219,33721340,33721340,33721340,33721340,
PIC,27048950,20554600,6494350,4268246300,4286524620,2055460,2055460,2055460,2055460,2055460,2055460,2055460,2055460,2055460,2055460,649435,649435,649435,649435,649435,649435,649435,649435,649435,649435,426824630,426824630,426824630,426824630,426824630,426824630,426824630,426824630,426824630,426824630,428652462,428652462,428652462,428652462,428652462,428652462,428652462,428652462,428652462,428652462,
end--> Completion message received. Exiting.
