--> Waiting for autoboot prompt...
NOTICE:  BL31: v2.9(release):8a3945e
NOTICE:  BL31: Built : 17:27:52, May  1 2024


U-Boot 2022.10 (May 01 2024 - 17:26:49 -0300)

DRAM:  7.1 GiB
RPI 4 Model B (0xd03115)
Core:  202 devices, 16 uclasses, devicetree: board
MMC:   mmcnr@7e300000: 1, emmc2@7e340000: 0
Loading Environment from FAT... ** No partition table - mmc 0 **
In:    serial
Out:   serial
Err:   serial
Net:   eth0: ethernet@7d580000
PCIe BRCM: link up, 5.0 Gbps x1 (SSC)
starting USB...
Bus xhci_pci: Register 5000420 NbrPorts 5
Starting the controller
USB XHCI 1.00
scanning bus xhci_pci for devices... 2 USB Device(s) found
       scanning usb for storage devices... 0 Storage Device(s) found
Hit any key to stop autoboot:--> Autoboot stopped. Waiting for U-Boot prompt...
 0 
U-Boot>--> Benchmark command sent. Waiting for completion...
fatload mmc 0 0x200000 bao-41.bin; go 0x200000
1417216 bytes read in 104 ms (13 MiB/s)
## Starting application at 0x00200000 ...
BENCH_ARRAY_INDEX 40
budget_function,PMU_counter_used_budget,PMU_counter_used_budget_r,PMU_counter_used_budget_w,total_calc_r,total_calc_w,used_budget_read[0],used_budget_read[1],used_budget_read[2],used_budget_read[3],used_budget_read[4],used_budget_read[5],used_budget_read[6],used_budget_read[7],used_budget_read[8],used_budget_read[9],used_budget_write[0],used_budget_write[1],used_budget_write[2],used_budget_write[3],used_budget_write[4],used_budget_write[5],used_budget_write[6],used_budget_write[7],used_budget_write[8],used_budget_write[9],calculated_read[0],calculated_read[1],calculated_read[2],calculated_read[3],calculated_read[4],calculated_read[5],calculated_read[6],calculated_read[7],calculated_read[8],calculated_read[9],calculated_write[0],calculated_write[1],calculated_write[2],calculated_write[3],calculated_write[4],calculated_write[5],calculated_write[6],calculated_write[7],calculated_write[8],calculated_write[9],
got bandwidth_wrapper (320)
got mser_wrapper (321)
EWMA,16832806,12491166,4341640,8674535,2830035,1664869,1957099,1687964,1213032,564269,1216048,1366608,1204373,1117056,499848,359104,637695,552765,352287,501838,333053,388642,363574,295931,556751,332973,657798,863831,933671,859790,931041,1018154,1055397,1067728,954152,71820,184995,258549,277296,322204,324373,337226,342495,333182,377895,
SW,17776188,13464231,4311957,7638602,2886989,2340950,200959,14930,1214624,1675164,1857838,1657530,945220,1598127,1958889,736890,63735,273232,294861,458877,523682,418175,555071,444621,542813,1799801,1648655,852280,476838,476838,476838,476838,476838,476838,476838,540152,514622,357952,210609,210609,210609,210609,210609,210609,210609,
AFC,18080275,13709725,4370550,9562411,3032984,1440547,2414408,1359542,1172242,2418274,554771,588381,2446915,1041380,273265,395022,840577,423174,357714,689027,340533,173216,685170,315921,150196,288109,713368,842602,908530,1210478,1079337,981146,1274299,1227716,1036826,79004,231318,269689,287294,367640,362219,324419,396569,380440,334392,
AMBP,16430249,12521719,3908530,515714539,163080078,693843,2293549,1375051,2166650,1060301,986465,986465,986465,986465,986465,221483,705629,440844,697928,332971,301935,301935,301935,301935,301935,138848,569788,730840,1018002,1026461,102446120,102446120,102446120,102446120,102446120,44376,176626,229469,323160,325122,32396265,32396265,32396265,32396265,32396265,
PIC,27001830,20518310,6483520,4268293480,4286538700,2051831,2051831,2051831,2051831,2051831,2051831,2051831,2051831,2051831,2051831,648352,648352,648352,648352,648352,648352,648352,648352,648352,648352,426829348,426829348,426829348,426829348,426829348,426829348,426829348,426829348,426829348,426829348,428653870,428653870,428653870,428653870,428653870,428653870,428653870,428653870,428653870,428653870,
end--> Completion message received. Exiting.
