--> Waiting for autoboot prompt...
NOTICE:  BL31: v2.9(release):8a3945e
NOTICE:  BL31: Built : 17:27:52, May  1 2024


U-Boot 2022.10 (May 01 2024 - 17:26:49 -0300)

DRAM:  7.1 GiB
RPI 4 Model B (0xd03115)
Core:  202 devices, 16 uclasses, devicetree: board
MMC:   mmcnr@7e300000: 1, emmc2@7e340000: 0
Loading Environment from FAT... ** No partition table - mmc 0 **
In:    serial
Out:   serial
Err:   serial
Net:   eth0: ethernet@7d580000
PCIe BRCM: link up, 5.0 Gbps x1 (SSC)
starting USB...
Bus xhci_pci: Register 5000420 NbrPorts 5
Starting the controller
USB XHCI 1.00
scanning bus xhci_pci for devices... 2 USB Device(s) found
       scanning usb for storage devices... 0 Storage Device(s) found
Hit any key to stop autoboot:--> Autoboot stopped. Waiting for U-Boot prompt...
 0 
U-Boot>--> Benchmark command sent. Waiting for completion...
fatload mmc 0 0x200000 bao-124.bin; go 0x200000
1437696 bytes read in 106 ms (12.9 MiB/s)
## Starting application at 0x00200000 ...
BENCH_ARRAY_INDEX 123
budget_function,PMU_counter_used_budget,PMU_counter_used_budget_r,PMU_counter_used_budget_w,total_calc_r,total_calc_w,total_cycles,total_instructions,total_cache_misses,total_mispredicts,cycles[0],cycles[1],cycles[2],cycles[3],cycles[4],cycles[5],cycles[6],cycles[7],cycles[8],cycles[9],instructions[0],instructions[1],instructions[2],instructions[3],instructions[4],instructions[5],instructions[6],instructions[7],instructions[8],instructions[9],cache_misses[0],cache_misses[1],cache_misses[2],cache_misses[3],cache_misses[4],cache_misses[5],cache_misses[6],cache_misses[7],cache_misses[8],cache_misses[9],mispredicts[0],mispredicts[1],mispredicts[2],mispredicts[3],mispredicts[4],mispredicts[5],mispredicts[6],mispredicts[7],mispredicts[8],mispredicts[9],used_budget_read[0],used_budget_read[1],used_budget_read[2],used_budget_read[3],used_budget_read[4],used_budget_read[5],used_budget_read[6],used_budget_read[7],used_budget_read[8],used_budget_read[9],used_budget_write[0],used_budget_write[1],used_budget_write[2],used_budget_write[3],used_budget_write[4],used_budget_write[5],used_budget_write[6],used_budget_write[7],used_budget_write[8],used_budget_write[9],calculated_read[0],calculated_read[1],calculated_read[2],calculated_read[3],calculated_read[4],calculated_read[5],calculated_read[6],calculated_read[7],calculated_read[8],calculated_read[9],calculated_write[0],calculated_write[1],calculated_write[2],calculated_write[3],calculated_write[4],calculated_write[5],calculated_write[6],calculated_write[7],calculated_write[8],calculated_write[9],
got dijkstra_wrapper (984)
got sha_wrapper (985)
EWMA_v2,34534544,21285833,13248711,13685020,8517955,59965170,118316810,361,5823,6022992,5986531,5993450,5993907,5994516,5994738,5994735,5994833,5994709,5994759,11832190,11815588,11831014,11832413,11833669,11834160,11834731,11834317,11834314,11834414,148,28,24,23,23,23,23,23,23,23,714,604,585,561,564,564,562,558,556,555,2129438,2125920,2128434,2128604,2128825,2128900,2128984,2128907,2128901,2128920,1326057,1323029,1324702,1324817,1324963,1325014,1325071,1325021,1325019,1325018,425887,765893,1038401,1256441,1430917,1570513,1682207,1771547,1843017,1900197,265211,476774,646359,782050,890632,977508,1047020,1102620,1147099,1182682,
SW_v2,38301488,23445642,14855846,19916444,12642415,71393575,141172859,285,5662,5434165,5991455,5994172,5994151,5994585,5995599,5996244,5996645,11997153,11999406,10707094,11826082,11832463,11833102,11833764,11836130,11837362,11837748,23812183,23816931,66,33,24,23,23,23,23,23,24,23,584,592,569,558,558,558,557,565,561,560,291121,2127646,2128630,2128729,2128830,2129219,2129414,2129501,4125885,4126667,267335,1324171,1324831,1324890,1324974,1325227,1325361,1325417,2656566,2657074,291121,1209384,1515799,2128335,2128730,2128926,2129154,2129378,2794933,3460684,267335,795753,972112,1324631,1324898,1325030,1325187,1325335,1769115,2213019,
AFC_v2,32659366,20054558,12604808,12585825,7943125,65888708,130194557,277,5584,11939051,5991811,5994649,5994704,5994705,5994702,5994810,5994763,5994703,5994810,23692915,11827522,11834252,11834359,11834023,11834263,11834438,11834155,11834218,11834412,52,37,24,23,23,23,24,23,24,24,568,563,555,554,561,556,553,561,555,558,895428,2127810,2128914,2128924,2128882,2128907,2128936,2128906,2128901,2128950,680387,1324283,1325027,1325017,1324981,1325010,1325039,1325014,1325008,1325042,179085,568830,880846,1130461,1330145,1489897,1617704,1719944,1801735,1867178,136077,373718,563979,716186,837945,935358,1013294,1075638,1125512,1165418,
LR_v2,81771100,49528678,32242422,52591188,34237169,149688548,297419945,285,5684,5649555,5992313,12000177,18005924,18007179,18007294,18007398,18008224,18004765,18005719,11138633,11829241,23818336,35802165,35805438,35806558,35807063,35807662,35802207,35802642,59,28,28,26,24,23,23,25,24,25,565,559,561,585,590,573,566,563,558,564,396000,2128074,4126896,6124978,6125551,6125679,6125722,6125869,6124886,6125023,332503,1324459,2657245,3989469,3989855,3989940,3989985,3990071,3989398,3989497,594000,2994111,5126307,7124019,6125837,6125743,6125743,6125942,6124395,6125091,498754,1820437,3323638,4655581,3990048,3989982,3990007,3990114,3989062,3989546,
AMBP_v2,31297114,19236412,12060702,9027719,5673185,71422733,141290887,278,4283,17473389,5991881,5994742,5994544,5994693,5994698,5994661,5994756,5994609,5994760,34738983,11833266,11839660,11839697,11840016,11839627,11839927,11840059,11839816,11839836,59,35,23,23,23,23,23,23,23,23,455,429,430,429,423,426,426,422,419,424,72467,2128381,2129430,2129452,2129469,2129404,2129461,2129486,2129427,2129435,131865,1324815,1325494,1325515,1325520,1325466,1325510,1325531,1325489,1325497,13115,392551,665933,862772,1004499,1106532,1180005,1232910,1270991,1298411,23807,255607,422625,542882,629468,691800,736687,769009,792274,809026,
PIC_v2,92605054,56041549,36563505,13853577781,13841523825,167534553,333097929,255,4291,5469483,18005047,18007444,18007516,18007472,18007472,18007522,18007507,18007502,18007588,10784382,35807806,35812852,35812719,35813221,35813232,35813682,35813391,35813208,35813436,60,26,22,21,21,21,21,21,21,21,422,443,431,433,425,428,425,425,430,429,905320,6125470,6126300,6126280,6126326,6126329,6126415,6126362,6126352,6126395,649404,3989918,3990521,3990479,3990503,3990505,3990576,3990531,3990513,3990555,429177793,774564058,1050873236,1271920574,1448758454,1590228758,1703405019,1793946017,1866378813,1924325059,429126610,774096001,1050071634,1270852132,1447476535,1588776058,1701815691,1792247388,1864592742,1922469034,
EWMA,21566179,13292252,8273927,9059101,5638947,59943021,118390215,232,4236,5991872,5993647,5994490,5994721,5994687,5994721,5994729,5994728,5994735,5994691,11833779,11837710,11839573,11840068,11839861,11839784,11839852,11839830,11839726,11840032,24,23,24,23,23,23,23,23,23,23,433,424,422,421,422,426,423,423,422,420,2128464,1703393,1448172,1294854,1202769,1147565,1114415,1094530,1082598,1075492,1324856,1060299,901448,806003,748677,714319,693689,681303,673886,669447,425692,681232,834620,926666,981886,1015021,1034899,1046825,1053979,1058281,264971,424036,519518,576815,611187,631813,644188,651611,656066,658742,
SW,20846130,12848615,7997515,9122452,5678373,59925014,118354681,231,4235,5994324,5993089,5993272,5993012,5992582,5992377,5992081,5991573,5991362,5991342,11838907,11836801,11837131,11836624,11835437,11835278,11834504,11833549,11833163,11833287,23,23,24,23,23,23,23,23,23,23,429,419,421,425,434,422,422,423,421,419,2129303,358498,590352,1102868,1444834,1444776,1444644,1444480,1444420,1444440,1325413,223384,367377,686415,899305,899276,899188,899072,899037,899048,1770428,1538631,1026051,683906,683906,683906,683906,683906,683906,683906,1101767,957806,638725,425725,425725,425725,425725,425725,425725,425725,
AFC,20910580,12889732,8020848,8662984,5389892,59605446,117709961,282,4238,5655942,5991322,5994693,5994833,5994815,5994775,5994754,5994787,5994792,5994733,11157132,11832711,11839681,11840344,11840113,11840194,11839969,11840050,11839870,11839897,60,37,24,23,23,23,23,23,23,23,424,423,428,421,429,418,427,421,428,419,1331952,1861875,1543950,1352336,1237293,1168262,1126850,1101998,1087087,1078129,824125,1159893,961665,842140,770384,727332,701493,686007,676699,671110,266390,585487,777179,892210,961226,1002633,1027476,1042380,1051321,1056682,164825,363838,483403,555150,598196,624023,639517,648815,654391,657734,
AMBP,20545973,12665993,7879980,8443212,5251662,59395888,117290450,281,4254,5447859,5990699,5994553,5994652,5994727,5994587,5994711,5994692,5994711,5994697,10740912,11831010,11839566,11839778,11839843,11839804,11839999,11839825,11839813,11839900,59,37,24,23,23,23,23,23,23,23,423,426,422,430,427,421,426,426,427,426,889808,1949939,1596987,1384120,1256372,1179682,1133758,1106122,1089559,1079646,545866,1215287,995029,862127,782389,734517,705839,688602,678248,672076,178041,532420,745333,873090,949746,995733,1023338,1039894,1049827,1055790,109253,330459,463373,543123,590976,619684,636915,647252,653451,657176,
PIC,14665430,9083570,5581860,4283158640,4287710860,167566594,333162587,244,4290,5500734,18004726,18007467,18007593,18007634,18007689,18007701,18007651,18007735,18007664,10846943,35807460,35812914,35813268,35813543,35813783,35813738,35813851,35813495,35813592,58,25,21,20,20,20,20,20,20,20,423,429,433,427,425,429,435,428,436,425,908357,908357,908357,908357,908357,908357,908357,908357,908357,908357,558186,558186,558186,558186,558186,558186,558186,558186,558186,558186,428315864,428315864,428315864,428315864,428315864,428315864,428315864,428315864,428315864,428315864,428771086,428771086,428771086,428771086,428771086,428771086,428771086,428771086,428771086,428771086,
end--> Completion message received. Exiting.
