--> Waiting for autoboot prompt...
NOTICE:  BL31: v2.9(release):8a3945e
NOTICE:  BL31: Built : 17:27:52, May  1 2024


U-Boot 2022.10 (May 01 2024 - 17:26:49 -0300)

DRAM:  7.1 GiB
RPI 4 Model B (0xd03115)
Core:  202 devices, 16 uclasses, devicetree: board
MMC:   mmcnr@7e300000: 1, emmc2@7e340000: 0
Loading Environment from FAT... ** No partition table - mmc 0 **
In:    serial
Out:   serial
Err:   serial
Net:   eth0: ethernet@7d580000
PCIe BRCM: link up, 5.0 Gbps x1 (SSC)
starting USB...
Bus xhci_pci: Register 5000420 NbrPorts 5
Starting the controller
USB XHCI 1.00
scanning bus xhci_pci for devices... 2 USB Device(s) found
       scanning usb for storage devices... 0 Storage Device(s) found
Hit any key to stop autoboot:--> Autoboot stopped. Waiting for U-Boot prompt...
 0 
U-Boot>--> Benchmark command sent. Waiting for completion...
fatload mmc 0 0x200000 bao-160.bin; go 0x200000
1421312 bytes read in 109 ms (12.4 MiB/s)
## Starting application at 0x00200000 ...
BENCH_ARRAY_INDEX 159
budget_function,PMU_counter_used_budget,PMU_counter_used_budget_r,PMU_counter_used_budget_w,total_calc_r,total_calc_w,used_budget_read[0],used_budget_read[1],used_budget_read[2],used_budget_read[3],used_budget_read[4],used_budget_read[5],used_budget_read[6],used_budget_read[7],used_budget_read[8],used_budget_read[9],used_budget_write[0],used_budget_write[1],used_budget_write[2],used_budget_write[3],used_budget_write[4],used_budget_write[5],used_budget_write[6],used_budget_write[7],used_budget_write[8],used_budget_write[9],calculated_read[0],calculated_read[1],calculated_read[2],calculated_read[3],calculated_read[4],calculated_read[5],calculated_read[6],calculated_read[7],calculated_read[8],calculated_read[9],calculated_write[0],calculated_write[1],calculated_write[2],calculated_write[3],calculated_write[4],calculated_write[5],calculated_write[6],calculated_write[7],calculated_write[8],calculated_write[9],
got disparity_wrapper (1272)
got bandwidth_wrapper (1273)
EWMA,17828328,15491126,2337202,10427043,1551580,2016162,1998596,1725109,1636698,1437101,1417935,1319433,1305866,1319401,1314825,155387,351922,291858,258023,237660,221999,203774,210075,204083,202421,403232,722304,922865,1065631,1139925,1195527,1220308,1237419,1253815,1266017,31077,95246,134568,159259,174939,184351,188235,192603,194899,196403,
SW,16717464,14205789,2511675,11494998,2068262,2543446,495912,495912,478544,1304023,1811292,1730648,1823416,1749008,1773588,395485,73511,588188,124844,130313,132473,267978,270237,261608,267038,2047532,1858937,1858937,1172634,759493,759493,759493,759493,759493,759493,321538,288156,288156,262181,262181,129210,129210,129210,129210,129210,
AFC,17196504,14459301,2737203,9830751,1800120,1440048,2273744,1849716,1629335,1489301,1396899,1339096,376325,1277962,1386875,225083,350869,280709,258492,233667,217390,208098,710773,117730,134392,288009,685156,918068,1060321,1146117,1196273,1224837,1055135,1099700,1157135,45016,106186,141090,164570,178389,186189,190570,294610,259234,234266,
AMBP,17574243,15230056,2344187,10178238,1559850,1275503,2274232,1893302,1613855,1519517,1386434,1325434,1332343,1321102,1288334,146271,369513,293122,263897,234709,211683,214010,207952,203682,199348,255180,658990,905852,1047452,1141865,1190778,1217709,1240635,1256728,1263049,29334,97369,136519,161994,176537,183566,189654,193313,195386,196178,
PIC,12628950,10903140,1725810,4280793200,4292723730,1090314,1090314,1090314,1090314,1090314,1090314,1090314,1090314,1090314,1090314,172581,172581,172581,172581,172581,172581,172581,172581,172581,172581,428079320,428079320,428079320,428079320,428079320,428079320,428079320,428079320,428079320,428079320,429272373,429272373,429272373,429272373,429272373,429272373,429272373,429272373,429272373,429272373,
end--> Completion message received. Exiting.
