--> Waiting for autoboot prompt...
NOTICE:  BL31: v2.9(release):8a3945e
NOTICE:  BL31: Built : 17:27:52, May  1 2024


U-Boot 2022.10 (May 01 2024 - 17:26:49 -0300)

DRAM:  7.1 GiB
RPI 4 Model B (0xd03115)
Core:  202 devices, 16 uclasses, devicetree: board
MMC:   mmcnr@7e300000: 1, emmc2@7e340000: 0
Loading Environment from FAT... ** No partition table - mmc 0 **
In:    serial
Out:   serial
Err:   serial
Net:   eth0: ethernet@7d580000
PCIe BRCM: link up, 5.0 Gbps x1 (SSC)
starting USB...
Bus xhci_pci: Register 5000420 NbrPorts 5
Starting the controller
USB XHCI 1.00
scanning bus xhci_pci for devices... 2 USB Device(s) found
       scanning usb for storage devices... 0 Storage Device(s) found
Hit any key to stop autoboot:--> Autoboot stopped. Waiting for U-Boot prompt...
 0 
U-Boot>--> Benchmark command sent. Waiting for completion...
fatload mmc 0 0x200000 bao-111.bin; go 0x200000
1421312 bytes read in 105 ms (12.9 MiB/s)
## Starting application at 0x00200000 ...
BENCH_ARRAY_INDEX 110
budget_function,PMU_counter_used_budget,PMU_counter_used_budget_r,PMU_counter_used_budget_w,total_calc_r,total_calc_w,used_budget_read[0],used_budget_read[1],used_budget_read[2],used_budget_read[3],used_budget_read[4],used_budget_read[5],used_budget_read[6],used_budget_read[7],used_budget_read[8],used_budget_read[9],used_budget_write[0],used_budget_write[1],used_budget_write[2],used_budget_write[3],used_budget_write[4],used_budget_write[5],used_budget_write[6],used_budget_write[7],used_budget_write[8],used_budget_write[9],calculated_read[0],calculated_read[1],calculated_read[2],calculated_read[3],calculated_read[4],calculated_read[5],calculated_read[6],calculated_read[7],calculated_read[8],calculated_read[9],calculated_write[0],calculated_write[1],calculated_write[2],calculated_write[3],calculated_write[4],calculated_write[5],calculated_write[6],calculated_write[7],calculated_write[8],calculated_write[9],
got dijkstra_wrapper (880)
got mser_wrapper (881)
EWMA,24560848,18509113,6051735,12634589,4098957,2909047,2828907,1333621,2051723,2127339,913436,1800669,1986047,810057,1748267,681513,864496,777030,545369,593221,611492,444879,535202,575830,422703,581809,1031228,1091706,1283709,1452435,1344635,1435841,1545882,1398717,1468627,136302,281940,380958,413840,449716,482071,474632,486746,504562,488190,
SW,24093612,18148042,5945570,12722872,4307945,3153343,977979,152095,1720614,2467505,1406211,2199477,2464200,1407093,2199525,929180,202791,341182,436858,681641,735586,601160,680758,735210,601204,2438798,2204665,1427806,950229,950229,950229,950229,950229,950229,950229,805475,722811,491051,326944,326944,326944,326944,326944,326944,326944,
AFC,24220046,18420672,5799374,12330349,3906937,2098146,2422442,2609425,1949821,990508,2171003,1656730,841831,2075536,1605230,581971,711633,773649,541311,694842,565635,408265,617552,521338,383178,419629,820191,1178037,1332393,1264016,1445413,1487676,1358507,1501912,1522575,116394,235441,343082,382727,445150,469247,457051,489151,495588,473106,
AMBP,20984066,15077581,5906485,579968871,149073787,392794,3079703,2730532,1255314,2033885,2108065,869322,869322,869322,869322,738924,782889,730932,689413,499162,562709,581067,440463,440463,440463,78638,678851,1089187,1122412,1304706,1465377,143557425,143557425,143557425,143557425,147864,274869,366081,430747,444430,468085,490681,48817010,48817010,48817010,
PIC,40635290,31387220,9248070,4254163890,4282944790,3138722,3138722,3138722,3138722,3138722,3138722,3138722,3138722,3138722,3138722,924807,924807,924807,924807,924807,924807,924807,924807,924807,924807,425416389,425416389,425416389,425416389,425416389,425416389,425416389,425416389,425416389,425416389,428294479,428294479,428294479,428294479,428294479,428294479,428294479,428294479,428294479,428294479,
end--> Completion message received. Exiting.
