--> Waiting for autoboot prompt...
NOTICE:  BL31: v2.9(release):8a3945e
NOTICE:  BL31: Built : 17:27:52, May  1 2024


U-Boot 2022.10 (May 01 2024 - 17:26:49 -0300)

DRAM:  7.1 GiB
RPI 4 Model B (0xd03115)
Core:  202 devices, 16 uclasses, devicetree: board
MMC:   mmcnr@7e300000: 1, emmc2@7e340000: 0
Loading Environment from FAT... ** No partition table - mmc 0 **
In:    serial
Out:   serial
Err:   serial
Net:   eth0: ethernet@7d580000
PCIe BRCM: link up, 5.0 Gbps x1 (SSC)
starting USB...
Bus xhci_pci: Register 5000420 NbrPorts 5
Starting the controller
USB XHCI 1.00
scanning bus xhci_pci for devices... 2 USB Device(s) found
       scanning usb for storage devices... 0 Storage Device(s) found
Hit any key to stop autoboot:--> Autoboot stopped. Waiting for U-Boot prompt...
 0 
U-Boot>--> Benchmark command sent. Waiting for completion...
fatload mmc 0 0x200000 bao-155.bin; go 0x200000
1421312 bytes read in 104 ms (13 MiB/s)
## Starting application at 0x00200000 ...
BENCH_ARRAY_INDEX 154
budget_function,PMU_counter_used_budget,PMU_counter_used_budget_r,PMU_counter_used_budget_w,total_calc_r,total_calc_w,used_budget_read[0],used_budget_read[1],used_budget_read[2],used_budget_read[3],used_budget_read[4],used_budget_read[5],used_budget_read[6],used_budget_read[7],used_budget_read[8],used_budget_read[9],used_budget_write[0],used_budget_write[1],used_budget_write[2],used_budget_write[3],used_budget_write[4],used_budget_write[5],used_budget_write[6],used_budget_write[7],used_budget_write[8],used_budget_write[9],calculated_read[0],calculated_read[1],calculated_read[2],calculated_read[3],calculated_read[4],calculated_read[5],calculated_read[6],calculated_read[7],calculated_read[8],calculated_read[9],calculated_write[0],calculated_write[1],calculated_write[2],calculated_write[3],calculated_write[4],calculated_write[5],calculated_write[6],calculated_write[7],calculated_write[8],calculated_write[9],
got disparity_wrapper (1232)
got bandwidth_wrapper (1233)
EWMA,17765580,15440448,2325132,10414440,1548876,2021200,2009391,1746452,1626861,1413164,1413869,1328870,1278781,1307380,1294480,156066,353619,293243,262992,228183,222451,203837,208504,201729,194508,404240,725270,929506,1068977,1137814,1193025,1220194,1231911,1247004,1256499,31213,95694,135203,160760,174244,183885,187875,192000,193945,194057,
SW,16592744,14136956,2455788,11363355,2065284,2519998,486498,486498,471466,1276819,1776590,1763542,1744745,1788290,1822510,391545,70246,553672,125058,139595,138752,263434,252493,263649,257344,2040758,1846854,1846854,1159321,744928,744928,744928,744928,744928,744928,322952,285337,285337,249659,249659,134468,134468,134468,134468,134468,
AFC,17084375,14421083,2663292,9784515,1753324,1441007,2199656,1812061,1652059,1481307,1357121,1339056,546643,1243707,1348466,216981,350639,285600,253858,227811,206292,211179,634569,133530,142833,288201,670492,898805,1049455,1135825,1180084,1211878,1078831,1111806,1159138,43396,104844,140995,163567,176415,182390,188147,277431,248651,227488,
AMBP,17398933,15069677,2329256,10077056,1549902,1232235,2274626,1823930,1663738,1421559,1418260,1405009,1299542,1265146,1265632,150405,363209,292911,259965,224435,223534,214684,195277,204545,200291,246527,652146,886502,1041949,1117871,1177948,1223360,1238596,1243906,1248251,30161,96770,135998,160791,173519,183522,189754,190858,193595,194934,
PIC,12555530,10831890,1723640,4280885820,4292726550,1083189,1083189,1083189,1083189,1083189,1083189,1083189,1083189,1083189,1083189,172364,172364,172364,172364,172364,172364,172364,172364,172364,172364,428088582,428088582,428088582,428088582,428088582,428088582,428088582,428088582,428088582,428088582,429272655,429272655,429272655,429272655,429272655,429272655,429272655,429272655,429272655,429272655,
end--> Completion message received. Exiting.
