--> Waiting for autoboot prompt...
NOTICE:  BL31: v2.9(release):8a3945e
NOTICE:  BL31: Built : 17:27:52, May  1 2024


U-Boot 2022.10 (May 01 2024 - 17:26:49 -0300)

DRAM:  7.1 GiB
RPI 4 Model B (0xd03115)
Core:  202 devices, 16 uclasses, devicetree: board
MMC:   mmcnr@7e300000: 1, emmc2@7e340000: 0
Loading Environment from FAT... ** No partition table - mmc 0 **
In:    serial
Out:   serial
Err:   serial
Net:   eth0: ethernet@7d580000
PCIe BRCM: link up, 5.0 Gbps x1 (SSC)
starting USB...
Bus xhci_pci: Register 5000420 NbrPorts 5
Starting the controller
USB XHCI 1.00
scanning bus xhci_pci for devices... 2 USB Device(s) found
       scanning usb for storage devices... 0 Storage Device(s) found
Hit any key to stop autoboot:--> Autoboot stopped. Waiting for U-Boot prompt...
 0 
U-Boot>--> Benchmark command sent. Waiting for completion...
fatload mmc 0 0x200000 bao-26.bin; go 0x200000
1421312 bytes read in 105 ms (12.9 MiB/s)
## Starting application at 0x00200000 ...
BENCH_ARRAY_INDEX 25
budget_function,PMU_counter_used_budget,PMU_counter_used_budget_r,PMU_counter_used_budget_w,total_calc_r,total_calc_w,used_budget_read[0],used_budget_read[1],used_budget_read[2],used_budget_read[3],used_budget_read[4],used_budget_read[5],used_budget_read[6],used_budget_read[7],used_budget_read[8],used_budget_read[9],used_budget_write[0],used_budget_write[1],used_budget_write[2],used_budget_write[3],used_budget_write[4],used_budget_write[5],used_budget_write[6],used_budget_write[7],used_budget_write[8],used_budget_write[9],calculated_read[0],calculated_read[1],calculated_read[2],calculated_read[3],calculated_read[4],calculated_read[5],calculated_read[6],calculated_read[7],calculated_read[8],calculated_read[9],calculated_write[0],calculated_write[1],calculated_write[2],calculated_write[3],calculated_write[4],calculated_write[5],calculated_write[6],calculated_write[7],calculated_write[8],calculated_write[9],
got bandwidth_wrapper (200)
got fft_wrapper (201)
EWMA,14955711,9281047,5674664,6272170,3819383,1274813,1185583,1089175,964184,806504,847848,818300,710863,796771,787006,691715,746608,684735,602870,498652,526702,507325,435938,493289,486830,254962,441086,570703,649399,680820,714225,735040,730204,743517,752214,138343,259996,344943,396528,416952,438902,452586,449256,458062,463815,
SW,16479211,10090849,6388362,8074966,4927996,1530271,1978883,378492,1978437,367545,230298,667015,1102625,744652,1112631,944752,1306956,239735,1306658,232434,90647,398497,700198,461619,706866,1155393,1155393,1155393,1155393,908158,858760,421619,421619,421619,421619,707426,707426,707426,707426,592942,543246,240526,240526,240526,240526,
AFC,13877676,8596755,5280921,5693263,3494848,941112,942888,1186376,1015921,541120,930792,877509,454968,876828,829241,592584,560209,734725,628490,316446,578806,544895,264210,545962,514594,188222,339155,508599,610063,596275,663178,706044,655829,700028,725870,118516,206854,312428,375640,363802,406802,434420,400378,429494,446514,
AMBP,13900008,8613704,5286304,285485667,175926427,649705,1394641,1153818,850608,928974,872210,690937,690937,690937,690937,395154,861886,713397,518532,575079,539836,420605,420605,420605,420605,130021,382945,537119,599816,665647,706959,70615790,70615790,70615790,70615790,79110,235665,331211,368675,409955,435931,43516470,43516470,43516470,43516470,
PIC,24849270,15362160,9487110,4274996470,4282634040,1536216,1536216,1536216,1536216,1536216,1536216,1536216,1536216,1536216,1536216,948711,948711,948711,948711,948711,948711,948711,948711,948711,948711,427499647,427499647,427499647,427499647,427499647,427499647,427499647,427499647,427499647,427499647,428263404,428263404,428263404,428263404,428263404,428263404,428263404,428263404,428263404,428263404,
end--> Completion message received. Exiting.
