--> Waiting for autoboot prompt...
NOTICE:  BL31: v2.9(release):8a3945e
NOTICE:  BL31: Built : 17:27:52, May  1 2024


U-Boot 2022.10 (May 01 2024 - 17:26:49 -0300)

DRAM:  7.1 GiB
RPI 4 Model B (0xd03115)
Core:  202 devices, 16 uclasses, devicetree: board
MMC:   mmcnr@7e300000: 1, emmc2@7e340000: 0
Loading Environment from FAT... ** No partition table - mmc 0 **
In:    serial
Out:   serial
Err:   serial
Net:   eth0: ethernet@7d580000
PCIe BRCM: link up, 5.0 Gbps x1 (SSC)
starting USB...
Bus xhci_pci: Register 5000420 NbrPorts 5
Starting the controller
USB XHCI 1.00
scanning bus xhci_pci for devices... 2 USB Device(s) found
       scanning usb for storage devices... 0 Storage Device(s) found
Hit any key to stop autoboot:--> Autoboot stopped. Waiting for U-Boot prompt...
 0 
U-Boot>--> Benchmark command sent. Waiting for completion...
fatload mmc 0 0x200000 bao-49.bin; go 0x200000
1421312 bytes read in 105 ms (12.9 MiB/s)
## Starting application at 0x00200000 ...
BENCH_ARRAY_INDEX 48
budget_function,PMU_counter_used_budget,PMU_counter_used_budget_r,PMU_counter_used_budget_w,total_calc_r,total_calc_w,used_budget_read[0],used_budget_read[1],used_budget_read[2],used_budget_read[3],used_budget_read[4],used_budget_read[5],used_budget_read[6],used_budget_read[7],used_budget_read[8],used_budget_read[9],used_budget_write[0],used_budget_write[1],used_budget_write[2],used_budget_write[3],used_budget_write[4],used_budget_write[5],used_budget_write[6],used_budget_write[7],used_budget_write[8],used_budget_write[9],calculated_read[0],calculated_read[1],calculated_read[2],calculated_read[3],calculated_read[4],calculated_read[5],calculated_read[6],calculated_read[7],calculated_read[8],calculated_read[9],calculated_write[0],calculated_write[1],calculated_write[2],calculated_write[3],calculated_write[4],calculated_write[5],calculated_write[6],calculated_write[7],calculated_write[8],calculated_write[9],
got bandwidth_wrapper (384)
got sha_wrapper (385)
EWMA,15455514,9906494,5549020,6698461,3733716,1385734,1220816,1197593,1040873,854646,904929,886002,692511,878693,844697,678657,700421,697958,601178,481689,517948,507003,379035,503717,481414,277146,465880,612222,697952,729290,764417,788734,769489,791329,802002,135731,248669,338526,391056,409182,430935,446148,432725,446923,453821,
SW,15143639,9674208,5469431,6621947,3719190,1650370,56701,539264,886207,979207,1145634,1144262,986691,1137834,1148038,937912,10883,314320,506594,542606,653519,652610,547582,648300,655105,1297929,1116841,748778,494057,494057,494057,494057,494057,494057,494057,729920,627370,421038,277266,277266,277266,277266,277266,277266,277266,
AFC,14810177,9478333,5331844,6332071,3556632,605403,1523190,1253671,917216,1003179,926422,748970,905061,867327,727894,293481,875134,719130,509026,574825,528739,413584,519440,495374,403111,121080,401502,571935,640991,713428,756026,754615,784704,801228,786562,58696,221983,321412,358934,402112,427437,424667,443621,453971,443799,
AMBP,14922855,9537771,5385084,163190692,92396648,837783,1477939,1007426,1092437,989214,816994,889978,882344,771828,771828,476792,839263,551552,623757,564308,455101,507101,504028,431591,431591,167636,429696,545242,654681,721587,740668,770530,792892,79183880,79183880,95438,244203,305672,369289,408292,417653,435542,449239,44835660,44835660,
PIC,24250990,15524380,8726610,4274785580,4283622690,1552438,1552438,1552438,1552438,1552438,1552438,1552438,1552438,1552438,1552438,872661,872661,872661,872661,872661,872661,872661,872661,872661,872661,427478558,427478558,427478558,427478558,427478558,427478558,427478558,427478558,427478558,427478558,428362269,428362269,428362269,428362269,428362269,428362269,428362269,428362269,428362269,428362269,
end--> Completion message received. Exiting.
