--> Waiting for autoboot prompt...
NOTICE:  BL31: v2.9(release):8a3945e
NOTICE:  BL31: Built : 17:27:52, May  1 2024


U-Boot 2022.10 (May 01 2024 - 17:26:49 -0300)

DRAM:  7.1 GiB
RPI 4 Model B (0xd03115)
Core:  202 devices, 16 uclasses, devicetree: board
MMC:   mmcnr@7e300000: 1, emmc2@7e340000: 0
Loading Environment from FAT... ** No partition table - mmc 0 **
In:    serial
Out:   serial
Err:   serial
Net:   eth0: ethernet@7d580000
PCIe BRCM: link up, 5.0 Gbps x1 (SSC)
starting USB...
Bus xhci_pci: Register 5000420 NbrPorts 5
Starting the controller
USB XHCI 1.00
scanning bus xhci_pci for devices... 2 USB Device(s) found
       scanning usb for storage devices... 0 Storage Device(s) found
Hit any key to stop autoboot:--> Autoboot stopped. Waiting for U-Boot prompt...
 0 
U-Boot>--> Benchmark command sent. Waiting for completion...
fatload mmc 0 0x200000 bao-118.bin; go 0x200000
1417216 bytes read in 105 ms (12.9 MiB/s)
## Starting application at 0x00200000 ...
BENCH_ARRAY_INDEX 117
budget_function,PMU_counter_used_budget,PMU_counter_used_budget_r,PMU_counter_used_budget_w,total_calc_r,total_calc_w,used_budget_read[0],used_budget_read[1],used_budget_read[2],used_budget_read[3],used_budget_read[4],used_budget_read[5],used_budget_read[6],used_budget_read[7],used_budget_read[8],used_budget_read[9],used_budget_write[0],used_budget_write[1],used_budget_write[2],used_budget_write[3],used_budget_write[4],used_budget_write[5],used_budget_write[6],used_budget_write[7],used_budget_write[8],used_budget_write[9],calculated_read[0],calculated_read[1],calculated_read[2],calculated_read[3],calculated_read[4],calculated_read[5],calculated_read[6],calculated_read[7],calculated_read[8],calculated_read[9],calculated_write[0],calculated_write[1],calculated_write[2],calculated_write[3],calculated_write[4],calculated_write[5],calculated_write[6],calculated_write[7],calculated_write[8],calculated_write[9],
got dijkstra_wrapper (936)
got mser_wrapper (937)
EWMA,24624738,18547436,6077302,12665015,4118031,2915236,2860903,1310021,2059996,2151093,890937,1807861,2004422,791048,1755919,683512,873825,779929,545613,598973,611659,444856,538962,576752,423221,583047,1038618,1092898,1286317,1459272,1345605,1438056,1551329,1399272,1470601,136702,284126,383286,415751,452395,484247,476368,488886,506459,489811,
SW,24149620,18179776,5969844,12747865,4323294,3157973,997941,132601,1726038,2489788,1390138,2202680,2489350,1390454,2202813,930507,205828,340158,437496,687958,738397,601748,687868,737990,601894,2444779,2208230,1429505,952193,952193,952193,952193,952193,952193,952193,810168,726173,492164,327827,327827,327827,327827,327827,327827,327827,
AFC,24475536,18593367,5882169,12417353,3957623,2122809,2406846,2607876,2020707,965931,2159456,1750781,803748,2061917,1693296,589239,716122,770979,557547,714422,556629,428516,637750,510121,400844,424561,821018,1178389,1346852,1270668,1448425,1508896,1367867,1506677,1544000,117847,237502,344197,386867,452378,473228,464286,498978,501206,481134,
AMBP,21034016,15101815,5932201,582606690,150561570,352037,3085577,2769724,1248533,2032203,2139553,868547,868547,868547,868547,755219,778625,739001,697323,495167,569523,595337,434002,434002,434002,70487,673505,1092748,1123905,1305564,1472361,144217030,144217030,144217030,144217030,151123,276623,369098,434743,446827,471366,496160,49305210,49305210,49305210,
PIC,40847660,31550450,9297210,4253951690,4282880910,3155045,3155045,3155045,3155045,3155045,3155045,3155045,3155045,3155045,3155045,929721,929721,929721,929721,929721,929721,929721,929721,929721,929721,425395169,425395169,425395169,425395169,425395169,425395169,425395169,425395169,425395169,425395169,428288091,428288091,428288091,428288091,428288091,428288091,428288091,428288091,428288091,428288091,
end--> Completion message received. Exiting.
