--> Waiting for autoboot prompt...
NOTICE:  BL31: v2.9(release):8a3945e
NOTICE:  BL31: Built : 17:27:52, May  1 2024


U-Boot 2022.10 (May 01 2024 - 17:26:49 -0300)

DRAM:  7.1 GiB
RPI 4 Model B (0xd03115)
Core:  202 devices, 16 uclasses, devicetree: board
MMC:   mmcnr@7e300000: 1, emmc2@7e340000: 0
Loading Environment from FAT... ** No partition table - mmc 0 **
In:    serial
Out:   serial
Err:   serial
Net:   eth0: ethernet@7d580000
PCIe BRCM: link up, 5.0 Gbps x1 (SSC)
starting USB...
Bus xhci_pci: Register 5000420 NbrPorts 5
Starting the controller
USB XHCI 1.00
scanning bus xhci_pci for devices... 2 USB Device(s) found
       scanning usb for storage devices... 0 Storage Device(s) found
Hit any key to stop autoboot:--> Autoboot stopped. Waiting for U-Boot prompt...
 0 
U-Boot>--> Benchmark command sent. Waiting for completion...
fatload mmc 0 0x200000 bao-146.bin; go 0x200000
1441792 bytes read in 106 ms (13 MiB/s)
## Starting application at 0x00200000 ...
BENCH_ARRAY_INDEX 145
budget_function,PMU_counter_used_budget,PMU_counter_used_budget_r,PMU_counter_used_budget_w,total_calc_r,total_calc_w,total_cycles,total_instructions,total_cache_misses,total_mispredicts,cycles[0],cycles[1],cycles[2],cycles[3],cycles[4],cycles[5],cycles[6],cycles[7],cycles[8],cycles[9],instructions[0],instructions[1],instructions[2],instructions[3],instructions[4],instructions[5],instructions[6],instructions[7],instructions[8],instructions[9],cache_misses[0],cache_misses[1],cache_misses[2],cache_misses[3],cache_misses[4],cache_misses[5],cache_misses[6],cache_misses[7],cache_misses[8],cache_misses[9],mispredicts[0],mispredicts[1],mispredicts[2],mispredicts[3],mispredicts[4],mispredicts[5],mispredicts[6],mispredicts[7],mispredicts[8],mispredicts[9],used_budget_read[0],used_budget_read[1],used_budget_read[2],used_budget_read[3],used_budget_read[4],used_budget_read[5],used_budget_read[6],used_budget_read[7],used_budget_read[8],used_budget_read[9],used_budget_write[0],used_budget_write[1],used_budget_write[2],used_budget_write[3],used_budget_write[4],used_budget_write[5],used_budget_write[6],used_budget_write[7],used_budget_write[8],used_budget_write[9],calculated_read[0],calculated_read[1],calculated_read[2],calculated_read[3],calculated_read[4],calculated_read[5],calculated_read[6],calculated_read[7],calculated_read[8],calculated_read[9],calculated_write[0],calculated_write[1],calculated_write[2],calculated_write[3],calculated_write[4],calculated_write[5],calculated_write[6],calculated_write[7],calculated_write[8],calculated_write[9],
got dijkstra_wrapper (1160)
got sorting_wrapper (1161)
EWMA_v2,34284465,21520988,12763477,13834373,8204007,59962204,116456812,208,29360,6023108,5984370,5993648,5994543,5993357,5994381,5994876,5994127,5994595,5995199,11621973,11605852,11636786,11645259,11647621,11656518,11659610,11657730,11661876,11663587,107,12,12,11,11,11,11,11,11,11,3864,3411,3140,2948,2820,2713,2650,2642,2607,2565,2151696,2147171,2151437,2152189,2152158,2153055,2153268,2152934,2153457,2153623,1275757,1272525,1275600,1276229,1276293,1277213,1277441,1277185,1277581,1277653,430339,773705,1049251,1269838,1446302,1587652,1700775,1791206,1863656,1921649,255151,458625,622020,752861,857547,941480,1008672,1062374,1105415,1139862,
SW_v2,34779906,21680850,13099056,18806330,11369625,65411719,127538342,133,25393,5459056,5990379,5993947,5993781,5994331,5995161,5995879,5995754,5996486,11996945,10584567,11650767,11663286,11661495,11662631,11665691,11666930,11668652,11669894,23644429,26,16,12,11,11,11,11,11,12,12,2621,2602,2540,2559,2550,2532,2517,2496,2506,2470,302426,2151646,2153436,2153157,2153364,2153824,2153897,2154200,2154354,4150546,268217,1276387,1277666,1277420,1277590,1277918,1278013,1278173,1278313,2609359,302426,1227036,1535836,2152746,2153319,2153448,2153695,2153974,2154150,2819700,268217,772302,940757,1277158,1277559,1277643,1277840,1278035,1278166,1721948,
AFC_v2,33609852,20967941,12641911,13339141,8093548,65963492,128673250,130,24646,12015159,5991535,5994512,5995487,5993553,5994695,5994646,5994702,5994653,5994550,23674777,11660113,11667377,11668146,11659812,11667945,11669616,11666771,11669696,11668997,26,13,12,12,11,12,11,11,11,11,2512,2468,2480,2469,2474,2470,2429,2473,2433,2438,1586190,2152473,2153809,2153866,2152497,2153782,2153859,2153672,2153916,2153877,1141053,1277185,1277998,1278044,1277156,1278062,1278163,1277923,1278213,1278114,317238,684285,978189,1213324,1401158,1551682,1672117,1768428,1845525,1907195,228210,438005,606003,740411,847760,933820,1002688,1057735,1101830,1137086,
LR_v2,81484718,49704886,31779832,52779731,33751026,149607013,295568386,137,24610,5567366,5992144,12001132,18005443,18006649,18005504,18008151,18007495,18006888,18006241,10807831,11664283,23651684,35629226,35634152,35635197,35639640,35634690,35635809,35635874,26,13,14,12,12,12,12,12,12,12,2464,2438,2462,2497,2467,2460,2455,2464,2445,2458,353416,2153033,4151588,6148752,6149434,6149602,6150264,6149551,6149554,6149692,295624,1277601,2610213,3941787,3942307,3942388,3942828,3942287,3942409,3942388,530124,3052841,5150865,7147334,6149775,6149686,6150595,6149195,6149555,6149761,443436,1768589,3276519,4607574,3942567,3942428,3943048,3942017,3942470,3942378,
AMBP_v2,31098465,19460834,11637631,9133693,5475339,71440506,139615168,131,24337,17493269,5990568,5994428,5995077,5993354,5994628,5995665,5993822,5994677,5995018,34606582,11659503,11669004,11669646,11664585,11668434,11670450,11665059,11670819,11671086,26,16,12,11,11,11,11,11,11,11,2477,2444,2439,2433,2449,2463,2417,2409,2409,2397,78487,2152299,2153911,2153964,2153185,2153898,2153995,2153095,2153975,2154025,135874,1277092,1278136,1278145,1277697,1278138,1278285,1277629,1278300,1278335,14199,397637,674001,872993,1016127,1119312,1193623,1246965,1285530,1313306,24528,247536,408290,524034,607289,667312,710555,741572,764025,780198,
PIC_v2,92389669,56270918,36118751,13853723787,13841246538,167554879,331393117,128,24435,5493906,18002310,18008279,18007109,18007791,18005585,18007924,18007650,18007482,18006843,10658239,35628923,35640563,35637512,35636600,35637771,35642743,35637427,35636799,35636540,26,13,12,11,11,11,11,11,11,11,2466,2450,2470,2440,2457,2426,2432,2444,2421,2429,922268,6148502,6150517,6149971,6149877,6149888,6150689,6149877,6149627,6149702,635838,3941626,3942986,3942580,3942532,3942572,3943144,3942567,3942450,3942456,429181183,774571376,1050883933,1271933870,1448773801,1590245748,1703423465,1793965477,1866399036,1924345898,429123897,774084172,1050052664,1270827376,1447447136,1588742952,1701779720,1792209019,1864552434,1922427168,
EWMA,21419457,13442386,7977071,9161773,5436866,59937716,116670284,111,24196,5989377,5993507,5996266,5992886,5994633,5994108,5994626,5994607,5995330,5992376,11656385,11668764,11669989,11665730,11670117,11668038,11669295,11670174,11668362,11663430,10,12,12,11,11,11,11,11,11,11,2425,2408,2409,2434,2421,2419,2436,2421,2408,2415,2151654,1723372,1464827,1309184,1216823,1160483,1127293,1107189,1094832,1086729,1276752,1022733,869361,776858,722139,688643,668990,657078,649704,644813,430330,688938,844115,937128,993067,1026550,1046698,1058796,1066003,1070148,255350,408826,500933,556118,589322,609186,621146,628332,632606,635047,
SW,20706368,12995224,7711144,9224478,5474034,59920718,116632491,112,24267,5992001,5992845,5993882,5991842,5992791,5993014,5990893,5991635,5991420,5990395,11661552,11665038,11667168,11661463,11665514,11665650,11660928,11664132,11662593,11658453,11,12,12,11,11,11,11,11,11,11,2430,2447,2423,2436,2429,2420,2409,2418,2425,2430,2152564,359924,598419,1115583,1461934,1461906,1461077,1461620,1461460,1460737,1277336,213780,355104,661912,867505,867469,866893,867331,867136,866678,1793318,1555028,1036969,691309,691309,691309,691309,691309,691309,691309,1063961,922811,615407,410265,410265,410265,410265,410265,410265,410265,
AFC,20777584,13041884,7735700,8766655,5198538,59626390,116050774,131,24228,5678667,5991203,5994356,5994011,5994576,5994797,5994775,5994664,5994731,5994610,11031331,11662377,11669791,11666553,11670437,11669772,11669526,11670207,11670416,11670364,26,16,12,11,11,11,11,11,11,11,2447,2435,2412,2438,2420,2422,2426,2419,2407,2402,1356460,1881445,1560500,1366643,1251224,1181450,1139610,1114648,1099459,1090445,797175,1117945,926963,811572,742865,701361,676412,661582,652607,647218,271292,593322,786757,902734,972432,1014235,1039310,1054377,1063393,1068803,159435,351137,466302,535356,576857,601757,616688,625666,631054,634286,
AMBP,20415065,12815864,7599201,8544770,5064696,59421103,115638509,132,24105,5472922,5990771,5995180,5995521,5994531,5995734,5992845,5994526,5994552,5994521,10622434,11661905,11668738,11670650,11670909,11669683,11662770,11670444,11669748,11671228,26,17,12,11,11,11,11,11,11,11,2422,2418,2413,2419,2402,2415,2406,2416,2399,2395,910579,1970351,1613825,1399359,1270393,1192796,1145376,1118999,1102013,1092173,527732,1171741,959208,831382,754523,708190,679830,664237,654082,648276,182195,539826,754625,883571,960935,1007307,1034920,1051735,1061790,1067866,105626,318849,446920,523812,569954,597601,614046,624084,630083,633721,
PIC,14401160,9117060,5284100,4283115100,4288097950,167540179,331398960,127,24257,5473866,18004809,18007257,18008009,18007523,18007658,18008000,18007844,18007660,18007553,10622493,35634926,35639849,35641841,35643515,35642663,35643254,35642176,35643180,35645063,25,13,12,11,11,11,11,11,11,11,2451,2450,2440,2440,2404,2422,2408,2437,2411,2394,911706,911706,911706,911706,911706,911706,911706,911706,911706,911706,528410,528410,528410,528410,528410,528410,528410,528410,528410,528410,428311510,428311510,428311510,428311510,428311510,428311510,428311510,428311510,428311510,428311510,428809795,428809795,428809795,428809795,428809795,428809795,428809795,428809795,428809795,428809795,
end--> Completion message received. Exiting.
