--> Waiting for autoboot prompt...
NOTICE:  BL31: v2.9(release):8a3945e
NOTICE:  BL31: Built : 17:27:52, May  1 2024


U-Boot 2022.10 (May 01 2024 - 17:26:49 -0300)

DRAM:  7.1 GiB
RPI 4 Model B (0xd03115)
Core:  202 devices, 16 uclasses, devicetree: board
MMC:   mmcnr@7e300000: 1, emmc2@7e340000: 0
Loading Environment from FAT... ** No partition table - mmc 0 **
In:    serial
Out:   serial
Err:   serial
Net:   eth0: ethernet@7d580000
PCIe BRCM: link up, 5.0 Gbps x1 (SSC)
starting USB...
Bus xhci_pci: Register 5000420 NbrPorts 5
Starting the controller
USB XHCI 1.00
scanning bus xhci_pci for devices... 2 USB Device(s) found
       scanning usb for storage devices... 0 Storage Device(s) found
Hit any key to stop autoboot:--> Autoboot stopped. Waiting for U-Boot prompt...
 0 
U-Boot>--> Benchmark command sent. Waiting for completion...
fatload mmc 0 0x200000 bao-84.bin; go 0x200000
1441792 bytes read in 106 ms (13 MiB/s)
## Starting application at 0x00200000 ...
BENCH_ARRAY_INDEX 83
budget_function,PMU_counter_used_budget,PMU_counter_used_budget_r,PMU_counter_used_budget_w,total_calc_r,total_calc_w,total_cycles,total_instructions,total_cache_misses,total_mispredicts,cycles[0],cycles[1],cycles[2],cycles[3],cycles[4],cycles[5],cycles[6],cycles[7],cycles[8],cycles[9],instructions[0],instructions[1],instructions[2],instructions[3],instructions[4],instructions[5],instructions[6],instructions[7],instructions[8],instructions[9],cache_misses[0],cache_misses[1],cache_misses[2],cache_misses[3],cache_misses[4],cache_misses[5],cache_misses[6],cache_misses[7],cache_misses[8],cache_misses[9],mispredicts[0],mispredicts[1],mispredicts[2],mispredicts[3],mispredicts[4],mispredicts[5],mispredicts[6],mispredicts[7],mispredicts[8],mispredicts[9],used_budget_read[0],used_budget_read[1],used_budget_read[2],used_budget_read[3],used_budget_read[4],used_budget_read[5],used_budget_read[6],used_budget_read[7],used_budget_read[8],used_budget_read[9],used_budget_write[0],used_budget_write[1],used_budget_write[2],used_budget_write[3],used_budget_write[4],used_budget_write[5],used_budget_write[6],used_budget_write[7],used_budget_write[8],used_budget_write[9],calculated_read[0],calculated_read[1],calculated_read[2],calculated_read[3],calculated_read[4],calculated_read[5],calculated_read[6],calculated_read[7],calculated_read[8],calculated_read[9],calculated_write[0],calculated_write[1],calculated_write[2],calculated_write[3],calculated_write[4],calculated_write[5],calculated_write[6],calculated_write[7],calculated_write[8],calculated_write[9],
got dijkstra_wrapper (664)
got dijkstra_wrapper (665)
EWMA_v2,33196928,19915285,13281643,12804252,8539415,59965388,119410693,83,254,6024225,5983775,5993552,5994653,5993822,5994595,5995567,5994909,5994896,5995394,11958675,11917072,11940228,11941515,11939433,11942823,11943468,11940639,11943468,11943372,72,2,2,1,1,1,1,1,1,1,119,38,20,15,10,9,12,10,11,10,1995133,1987526,1991331,1991517,1991176,1991741,1991836,1991369,1991843,1991813,1331172,1325431,1327984,1328096,1327843,1328237,1328307,1327980,1328308,1328285,399026,716726,971647,1175621,1338732,1469333,1573833,1657340,1724240,1777754,266234,478073,648055,784063,892819,979902,1049583,1105262,1149871,1185553,
SW_v2,40411241,24194062,16217179,20769420,14002999,77407629,154241853,14,159,5446982,5986358,5994367,5995839,5993698,5995139,5996510,11998396,11999694,12000646,10839231,11921337,11941839,11941584,11938273,11943599,11944152,23921258,23924705,23925875,12,1,1,0,0,0,0,0,0,0,31,20,18,11,9,13,14,19,15,9,280179,1988185,1991603,1991542,1990982,1991876,1991975,3988804,3989363,3989553,270178,1325876,1328149,1328096,1327739,1328345,1328391,2659833,2660219,2660353,280179,1134182,1419989,1990443,1991376,1991467,1991611,2657552,3323381,3989240,270178,798027,974734,1327374,1327995,1328060,1328158,1772190,2216148,2660135,
AFC_v2,33651189,20138377,13512812,13002999,8745510,71854081,143180551,21,121,17902949,5992133,5994802,5994776,5994826,5994829,5994955,5994997,5994962,5994852,35699974,11936247,11942907,11943144,11941581,11943463,11943644,11942631,11943587,11943373,12,2,2,1,1,1,1,0,1,0,36,21,13,7,7,7,7,8,7,8,2213507,1990671,1991778,1991789,1991524,1991841,1991876,1991697,1991864,1991830,1559203,1327526,1328263,1328279,1328091,1328298,1328332,1328204,1328327,1328289,442701,752295,1000191,1198510,1357112,1484057,1585620,1666835,1731840,1783838,311840,514977,677634,807763,911828,995122,1061764,1115052,1157707,1191823,
LR_v2,80554502,48279960,32274542,51273799,34270833,149809892,298745174,23,175,5766008,5992839,12000233,18006438,18007402,18007750,18007709,18007793,18008456,18005264,11482409,11937035,23927500,35911229,35914186,35915239,35915721,35915473,35915897,35910485,12,2,2,1,1,1,1,1,1,1,19,9,13,34,22,19,14,15,17,13,381269,1990759,3989836,5987863,5988337,5988504,5988560,5988521,5988630,5987681,335350,1327567,2660534,3992726,3993030,3993151,3993194,3993140,3993264,3992586,571903,2795504,4989374,6986876,5988574,5988587,5988588,5988502,5988684,5987207,503025,1823675,3327017,4658822,3993182,3993211,3993215,3993113,3993326,3992247,
AMBP_v2,30058404,17982766,12075638,8438039,5678804,71383106,142233910,14,124,17432557,5992444,5994100,5994896,5995263,5994239,5994910,5995421,5994327,5994949,34759354,11937205,11939965,11943385,11943207,11940372,11943452,11943403,11940196,11943371,12,1,1,0,0,0,0,0,0,0,36,15,11,9,9,9,9,9,8,9,58843,1990824,1991273,1991841,1991805,1991338,1991852,1991845,1991302,1991843,122670,1327651,1327933,1328298,1328272,1327960,1328318,1328312,1327923,1328301,10663,366025,621966,806346,939093,1034587,1103436,1153005,1188597,1214321,22152,254925,422573,543346,630297,692846,737946,770417,793726,810576,
PIC_v2,91518937,54857330,36661607,13852864931,13841604860,167866760,334781090,14,148,5798705,18004988,18007552,18008334,18008201,18007645,18007534,18007794,18007636,18008371,11548111,35910165,35915111,35915450,35915555,35915102,35915268,35915471,35915406,35915451,12,1,1,0,0,0,0,0,0,0,13,18,17,14,15,13,15,15,14,14,961728,5987635,5988468,5988515,5988529,5988453,5988481,5988498,5988513,5988510,723885,3992576,3993130,3993138,3993174,3993129,3993110,3993136,3993165,3993164,429189075,774545516,1050830836,1271859101,1448681716,1590139793,1703306260,1793839437,1866265981,1924207216,429141506,774108449,1050082114,1270861048,1447484202,1588782717,1701821525,1792252576,1864597423,1922473300,
EWMA,20723001,12432272,8290729,8472829,5650288,59944353,119414814,3,104,5992440,5992697,5994764,5994941,5994940,5994842,5995246,5994522,5994868,5995093,11936926,11936348,11942922,11942911,11940960,11943305,11943348,11941444,11943376,11943274,1,1,1,0,0,0,0,0,0,0,20,13,10,9,10,8,8,8,9,9,1990774,1592521,1354746,1211181,1124745,1073519,1042495,1023546,1012746,1005999,1327617,1062006,903436,807696,750050,715906,695217,682556,675373,670872,398154,637027,780570,866692,918302,949345,967975,979089,985820,989855,265523,424819,520542,577972,612387,633090,645515,652923,657413,660104,
SW,20028515,12015605,8012910,8533502,5690647,59925538,119378279,3,91,5994330,5993765,5993006,5993240,5993321,5991800,5992028,5992064,5990297,5991687,11942271,11940051,11937961,11940019,11939449,11934721,11937691,11936968,11932312,11936836,1,1,1,0,0,0,0,0,0,0,9,10,10,9,8,9,9,9,9,9,1991650,337512,551406,1031087,1351176,1350388,1350890,1350761,1349987,1350748,1328166,224959,367746,687629,901088,900536,900900,900802,900287,900797,1653773,1439526,960189,640002,640002,640002,640002,640002,640002,640002,1102969,959942,640290,426778,426778,426778,426778,426778,426778,426778,
AFC,20070973,12041027,8029946,8087870,5393705,59542201,118602998,14,109,5592247,5991874,5994496,5994887,5994923,5994519,5995022,5994860,5994502,5994871,11124098,11937079,11941491,11943404,11943478,11941705,11943586,11943325,11941518,11943314,12,1,1,0,0,0,0,0,0,0,26,14,9,9,8,9,9,8,8,9,1215962,1747619,1447446,1267097,1158635,1093251,1054588,1031073,1016708,1008648,811153,1165396,965224,844972,772657,729042,703275,687591,678004,672632,243192,544077,724750,833219,898302,937291,960750,974814,983192,988283,162230,362863,483335,555662,599061,625057,640700,650078,655663,659056,
AMBP,19733965,11838886,7895079,7889421,5261424,59387926,118294397,14,102,5439150,5990907,5994806,5994756,5994774,5994741,5994905,5994696,5994468,5994723,10818296,11935162,11942098,11943112,11943205,11941564,11943343,11943037,11941504,11943076,12,1,1,0,0,0,0,0,0,0,21,12,8,8,8,9,9,9,9,9,816689,1827069,1495471,1295785,1175840,1103595,1060764,1034766,1018962,1009945,544877,1218361,997226,864092,784119,735951,707391,690047,679508,673507,163417,496147,696011,815965,887940,931071,957009,972560,981840,987461,109055,330916,464178,544160,592151,620911,638207,648575,654761,658510,
PIC,13631960,8176670,5455290,4284337610,4287875400,167507593,334052993,13,146,5439701,18004709,18007463,18007685,18007856,18007853,18007911,18007829,18008102,18008484,10819250,35908367,35915214,35915755,35915887,35915829,35915934,35915854,35914922,35915981,11,1,1,0,0,0,0,0,0,0,20,21,15,11,14,13,12,13,14,13,817667,817667,817667,817667,817667,817667,817667,817667,817667,817667,545529,545529,545529,545529,545529,545529,545529,545529,545529,545529,428433761,428433761,428433761,428433761,428433761,428433761,428433761,428433761,428433761,428433761,428787540,428787540,428787540,428787540,428787540,428787540,428787540,428787540,428787540,428787540,
end--> Completion message received. Exiting.
