--> Waiting for autoboot prompt...
NOTICE:  BL31: v2.9(release):8a3945e
NOTICE:  BL31: Built : 17:27:52, May  1 2024


U-Boot 2022.10 (May 01 2024 - 17:26:49 -0300)

DRAM:  7.1 GiB
RPI 4 Model B (0xd03115)
Core:  202 devices, 16 uclasses, devicetree: board
MMC:   mmcnr@7e300000: 1, emmc2@7e340000: 0
Loading Environment from FAT... ** No partition table - mmc 0 **
In:    serial
Out:   serial
Err:   serial
Net:   eth0: ethernet@7d580000
PCIe BRCM: link up, 5.0 Gbps x1 (SSC)
starting USB...
Bus xhci_pci: Register 5000420 NbrPorts 5
Starting the controller
USB XHCI 1.00
scanning bus xhci_pci for devices... 2 USB Device(s) found
       scanning usb for storage devices... 0 Storage Device(s) found
Hit any key to stop autoboot:--> Autoboot stopped. Waiting for U-Boot prompt...
 0 
U-Boot>--> Benchmark command sent. Waiting for completion...
fatload mmc 0 0x200000 bao-55.bin; go 0x200000
1392640 bytes read in 103 ms (12.9 MiB/s)
## Starting application at 0x00200000 ...
BENCH_ARRAY_INDEX 54
budget_function,PMU_counter_used_budget,PMU_counter_used_budget_r,PMU_counter_used_budget_w,total_calc_r,total_calc_w,used_budget_read[0],used_budget_read[1],used_budget_read[2],used_budget_read[3],used_budget_read[4],used_budget_read[5],used_budget_read[6],used_budget_read[7],used_budget_read[8],used_budget_read[9],used_budget_write[0],used_budget_write[1],used_budget_write[2],used_budget_write[3],used_budget_write[4],used_budget_write[5],used_budget_write[6],used_budget_write[7],used_budget_write[8],used_budget_write[9],calculated_read[0],calculated_read[1],calculated_read[2],calculated_read[3],calculated_read[4],calculated_read[5],calculated_read[6],calculated_read[7],calculated_read[8],calculated_read[9],calculated_write[0],calculated_write[1],calculated_write[2],calculated_write[3],calculated_write[4],calculated_write[5],calculated_write[6],calculated_write[7],calculated_write[8],calculated_write[9],
got disparity_wrapper (432)
got mser_wrapper (433)
EWMA,28893752,24834566,4059186,16389285,2757500,2752591,3022345,2440906,2273297,2748674,2517282,2395635,2296946,2215076,2171814,403158,642865,542034,450453,347516,346817,337816,330079,326106,332342,550518,1044883,1324087,1513929,1760878,1912158,2008853,2066471,2096192,2111316,80631,193077,262868,300385,309811,317212,321332,323081,323686,325417,
SW,26338664,22450016,3888648,18445434,2801949,4282504,786225,1180839,2211637,2903176,3350514,1641195,2152006,1797675,2144245,654502,121168,177561,334057,443392,600314,389171,233060,420136,515287,3495295,3116650,2083189,1392900,1392900,1392900,1392900,1392900,1392900,1392900,532298,475404,317744,210929,210929,210929,210929,210929,210929,210929,
AFC,24524818,20433035,4091783,13666384,2748324,1880220,3159725,2267319,2006594,2196618,1994157,1890310,1543269,1563130,1931693,482677,623914,368826,390434,463773,422384,387429,228161,316979,407206,376044,932780,1199687,1361068,1528178,1621373,1675160,1648782,1631652,1691660,96535,202010,235373,266385,305862,329166,340818,318287,318026,335862,
AMBP,23299589,19431226,3868363,502512509,104206614,1664096,3186174,1810864,1928200,2320008,1998604,1979294,1514662,1514662,1514662,369486,643500,640372,374356,426070,405532,381837,209070,209070,209070,332899,903554,1085016,1253652,1466923,1573259,1654466,164747580,164747580,164747580,73977,187881,278379,297574,323273,339724,348146,34119220,34119220,34119220,
PIC,42329120,35187750,7141370,4249223200,4285683500,3518775,3518775,3518775,3518775,3518775,3518775,3518775,3518775,3518775,3518775,714137,714137,714137,714137,714137,714137,714137,714137,714137,714137,424922320,424922320,424922320,424922320,424922320,424922320,424922320,424922320,424922320,424922320,428568350,428568350,428568350,428568350,428568350,428568350,428568350,428568350,428568350,428568350,
end--> Completion message received. Exiting.
