--> Waiting for autoboot prompt...
NOTICE:  BL31: v2.9(release):8a3945e
NOTICE:  BL31: Built : 17:27:52, May  1 2024


U-Boot 2022.10 (May 01 2024 - 17:26:49 -0300)

DRAM:  7.1 GiB
RPI 4 Model B (0xd03115)
Core:  202 devices, 16 uclasses, devicetree: board
MMC:   mmcnr@7e300000: 1, emmc2@7e340000: 0
Loading Environment from FAT... ** No partition table - mmc 0 **
In:    serial
Out:   serial
Err:   serial
Net:   eth0: ethernet@7d580000
PCIe BRCM: link up, 5.0 Gbps x1 (SSC)
starting USB...
Bus xhci_pci: Register 5000420 NbrPorts 5
Starting the controller
USB XHCI 1.00
scanning bus xhci_pci for devices... 2 USB Device(s) found
       scanning usb for storage devices... 0 Storage Device(s) found
Hit any key to stop autoboot:--> Autoboot stopped. Waiting for U-Boot prompt...
 0 
U-Boot>--> Benchmark command sent. Waiting for completion...
fatload mmc 0 0x200000 bao-31.bin; go 0x200000
1417216 bytes read in 105 ms (12.9 MiB/s)
## Starting application at 0x00200000 ...
BENCH_ARRAY_INDEX 30
budget_function,PMU_counter_used_budget,PMU_counter_used_budget_r,PMU_counter_used_budget_w,total_calc_r,total_calc_w,used_budget_read[0],used_budget_read[1],used_budget_read[2],used_budget_read[3],used_budget_read[4],used_budget_read[5],used_budget_read[6],used_budget_read[7],used_budget_read[8],used_budget_read[9],used_budget_write[0],used_budget_write[1],used_budget_write[2],used_budget_write[3],used_budget_write[4],used_budget_write[5],used_budget_write[6],used_budget_write[7],used_budget_write[8],used_budget_write[9],calculated_read[0],calculated_read[1],calculated_read[2],calculated_read[3],calculated_read[4],calculated_read[5],calculated_read[6],calculated_read[7],calculated_read[8],calculated_read[9],calculated_write[0],calculated_write[1],calculated_write[2],calculated_write[3],calculated_write[4],calculated_write[5],calculated_write[6],calculated_write[7],calculated_write[8],calculated_write[9],
got bandwidth_wrapper (240)
got fft_wrapper (241)
EWMA,15198000,9426409,5771591,6384812,3894472,1275590,1270575,1067460,947960,884678,827210,809176,787468,790225,766067,692212,803232,670249,592098,550754,512983,501264,486970,488933,472896,255118,458209,580059,653639,699846,725318,742089,751164,758976,760394,138442,271400,351169,399354,429634,446303,457295,463230,468370,469275,
SW,14912466,9220763,5691703,6570589,4057166,1523242,274717,431489,775876,1041039,1037025,1024748,1046820,1042843,1022964,940061,170552,266692,478147,642783,640116,631938,646649,644016,630749,1260656,1108595,743149,494027,494027,494027,494027,494027,494027,494027,777575,684579,459102,305130,305130,305130,305130,305130,305130,305130,
AFC,14919622,9227018,5692604,6197042,3822402,919263,1348669,1096975,982791,897810,827621,811409,797014,770312,775154,561684,833895,677066,607566,554887,510464,501086,492318,475057,478581,183852,416815,552847,638835,690630,718028,736704,748766,753075,757490,112336,256647,340730,394097,426255,443096,454694,462218,464785,467544,
AMBP,14851041,9181903,5669138,6135602,3788092,749433,1374092,1144703,984348,898823,854605,810650,797153,794056,774040,461673,848167,707324,607661,554972,528099,500363,492292,490802,477785,149966,394791,544773,632688,685915,719653,737852,749712,758580,761672,92414,243564,336316,390585,423462,444389,455583,462924,468499,470356,
PIC,12238600,7571350,4667250,4285124520,4288899850,757135,757135,757135,757135,757135,757135,757135,757135,757135,757135,466725,466725,466725,466725,466725,466725,466725,466725,466725,466725,428512452,428512452,428512452,428512452,428512452,428512452,428512452,428512452,428512452,428512452,428889985,428889985,428889985,428889985,428889985,428889985,428889985,428889985,428889985,428889985,
end--> Completion message received. Exiting.
