--> Waiting for autoboot prompt...
NOTICE:  BL31: v2.9(release):8a3945e
NOTICE:  BL31: Built : 17:27:52, May  1 2024


U-Boot 2022.10 (May 01 2024 - 17:26:49 -0300)

DRAM:  7.1 GiB
RPI 4 Model B (0xd03115)
Core:  202 devices, 16 uclasses, devicetree: board
MMC:   mmcnr@7e300000: 1, emmc2@7e340000: 0
Loading Environment from FAT... ** No partition table - mmc 0 **
In:    serial
Out:   serial
Err:   serial
Net:   eth0: ethernet@7d580000
PCIe BRCM: link up, 5.0 Gbps x1 (SSC)
starting USB...
Bus xhci_pci: Register 5000420 NbrPorts 5
Starting the controller
USB XHCI 1.00
scanning bus xhci_pci for devices... 2 USB Device(s) found
       scanning usb for storage devices... 0 Storage Device(s) found
Hit any key to stop autoboot:--> Autoboot stopped. Waiting for U-Boot prompt...
 0 
U-Boot>--> Benchmark command sent. Waiting for completion...
fatload mmc 0 0x200000 bao-66.bin; go 0x200000
1417216 bytes read in 104 ms (13 MiB/s)
## Starting application at 0x00200000 ...
BENCH_ARRAY_INDEX 65
budget_function,PMU_counter_used_budget,PMU_counter_used_budget_r,PMU_counter_used_budget_w,total_calc_r,total_calc_w,used_budget_read[0],used_budget_read[1],used_budget_read[2],used_budget_read[3],used_budget_read[4],used_budget_read[5],used_budget_read[6],used_budget_read[7],used_budget_read[8],used_budget_read[9],used_budget_write[0],used_budget_write[1],used_budget_write[2],used_budget_write[3],used_budget_write[4],used_budget_write[5],used_budget_write[6],used_budget_write[7],used_budget_write[8],used_budget_write[9],calculated_read[0],calculated_read[1],calculated_read[2],calculated_read[3],calculated_read[4],calculated_read[5],calculated_read[6],calculated_read[7],calculated_read[8],calculated_read[9],calculated_write[0],calculated_write[1],calculated_write[2],calculated_write[3],calculated_write[4],calculated_write[5],calculated_write[6],calculated_write[7],calculated_write[8],calculated_write[9],
got dijkstra_wrapper (520)
got bandwidth_wrapper (521)
EWMA,15023687,9293381,5730306,6284013,3859614,1236767,1237455,1056630,946957,866584,824925,801097,784610,771337,767019,674040,787255,668193,596005,542953,515510,499840,488964,480179,477367,247353,445373,567624,643490,688108,715471,732596,742998,748665,752335,134808,265297,345876,395901,425311,443350,454648,461511,465244,467668,
SW,14416371,8895551,5520820,6270607,3889652,1516251,160220,447553,802057,896186,1043647,1049536,900260,1040594,1039247,943006,95502,279492,499500,551415,649703,653619,554143,647672,646768,1209793,1063205,708008,469943,469943,469943,469943,469943,469943,469943,750015,659818,439333,291498,291498,291498,291498,291498,291498,291498,
AFC,13023714,8061619,4962095,5492709,3384114,581928,1396209,1137526,552606,985639,895405,397109,898344,847436,369417,342021,872150,709569,325677,617791,559788,228980,563786,530308,212025,116385,372349,525384,530828,621790,676513,620633,676175,710427,642225,68404,229153,325236,325324,383817,419011,381005,417561,440110,394493,
AMBP,12309133,7634961,4674172,328192602,203308335,874451,1334797,792051,1032889,913878,537379,537379,537379,537379,537379,548806,828815,477905,644882,569449,320863,320863,320863,320863,320863,174970,406935,483958,593744,657770,65175045,65175045,65175045,65175045,65175045,109841,253635,298489,367767,408103,40374100,40374100,40374100,40374100,40374100,
PIC,24470840,15089460,9381380,4275350980,4282771480,1508946,1508946,1508946,1508946,1508946,1508946,1508946,1508946,1508946,1508946,938138,938138,938138,938138,938138,938138,938138,938138,938138,938138,427535098,427535098,427535098,427535098,427535098,427535098,427535098,427535098,427535098,427535098,428277148,428277148,428277148,428277148,428277148,428277148,428277148,428277148,428277148,428277148,
end--> Completion message received. Exiting.
