--> Waiting for autoboot prompt...
NOTICE:  BL31: v2.9(release):8a3945e
NOTICE:  BL31: Built : 17:27:52, May  1 2024


U-Boot 2022.10 (May 01 2024 - 17:26:49 -0300)

DRAM:  7.1 GiB
RPI 4 Model B (0xd03115)
Core:  202 devices, 16 uclasses, devicetree: board
MMC:   mmcnr@7e300000: 1, emmc2@7e340000: 0
Loading Environment from FAT... ** No partition table - mmc 0 **
In:    serial
Out:   serial
Err:   serial
Net:   eth0: ethernet@7d580000
PCIe BRCM: link up, 5.0 Gbps x1 (SSC)
starting USB...
Bus xhci_pci: Register 5000420 NbrPorts 5
Starting the controller
USB XHCI 1.00
scanning bus xhci_pci for devices... 2 USB Device(s) found
       scanning usb for storage devices... 0 Storage Device(s) found
Hit any key to stop autoboot:--> Autoboot stopped. Waiting for U-Boot prompt...
 0 
U-Boot>--> Benchmark command sent. Waiting for completion...
fatload mmc 0 0x200000 bao-25.bin; go 0x200000
1437696 bytes read in 105 ms (13.1 MiB/s)
## Starting application at 0x00200000 ...
BENCH_ARRAY_INDEX 24
budget_function,PMU_counter_used_budget,PMU_counter_used_budget_r,PMU_counter_used_budget_w,total_calc_r,total_calc_w,total_cycles,total_instructions,total_cache_misses,total_mispredicts,cycles[0],cycles[1],cycles[2],cycles[3],cycles[4],cycles[5],cycles[6],cycles[7],cycles[8],cycles[9],instructions[0],instructions[1],instructions[2],instructions[3],instructions[4],instructions[5],instructions[6],instructions[7],instructions[8],instructions[9],cache_misses[0],cache_misses[1],cache_misses[2],cache_misses[3],cache_misses[4],cache_misses[5],cache_misses[6],cache_misses[7],cache_misses[8],cache_misses[9],mispredicts[0],mispredicts[1],mispredicts[2],mispredicts[3],mispredicts[4],mispredicts[5],mispredicts[6],mispredicts[7],mispredicts[8],mispredicts[9],used_budget_read[0],used_budget_read[1],used_budget_read[2],used_budget_read[3],used_budget_read[4],used_budget_read[5],used_budget_read[6],used_budget_read[7],used_budget_read[8],used_budget_read[9],used_budget_write[0],used_budget_write[1],used_budget_write[2],used_budget_write[3],used_budget_write[4],used_budget_write[5],used_budget_write[6],used_budget_write[7],used_budget_write[8],used_budget_write[9],calculated_read[0],calculated_read[1],calculated_read[2],calculated_read[3],calculated_read[4],calculated_read[5],calculated_read[6],calculated_read[7],calculated_read[8],calculated_read[9],calculated_write[0],calculated_write[1],calculated_write[2],calculated_write[3],calculated_write[4],calculated_write[5],calculated_write[6],calculated_write[7],calculated_write[8],calculated_write[9],
got bandwidth_wrapper (192)
got disparity_wrapper (193)
EWMA_v2,29459799,25449994,4009805,16278200,2579728,59985661,57535357,821075,27744,6026910,5988389,5995259,5995962,5995899,5996272,5996124,5997084,5997021,5996741,5265308,5638515,5834169,5723294,5874977,5871865,5791542,5810850,5843995,5880842,73399,84188,78642,84565,82032,80693,84776,84794,84581,83405,5940,4337,3247,2350,2358,2125,1936,1944,1894,1613,2325087,2509227,2589012,2532586,2600484,2598098,2556627,2565102,2579574,2594197,412714,396507,402931,394996,404232,395782,399673,401115,400743,401112,465017,873859,1216889,1480028,1704119,1882914,2017656,2127145,2217630,2292943,82542,145335,196854,236482,270032,295182,316080,333087,346618,357516,
SW_v2,51090254,43285044,7805210,39211358,6518593,95789139,110271628,1082440,39090,5794573,5992980,5995102,5996183,12002076,12002276,12001371,12001783,12001305,12001490,5687775,5860287,5836348,6504281,12900173,13568148,13661281,13614017,13714734,18924584,79116,84281,84528,76074,130748,135930,136950,142714,142160,69939,1555,1576,1537,1208,12100,6345,5227,4493,4076,973,458554,2582502,2570798,2339295,5995646,6275693,6305011,6272781,6310834,4173930,279605,401150,399002,528332,861141,846362,839970,848487,842884,1958277,458554,1520528,1870618,2497532,3635246,4870211,6192117,6284495,6296209,5585848,279605,340378,359919,442828,596158,745278,849158,844940,843780,1216549,
AFC_v2,4322338510,23877355,4298461155,14859728,4297085405,65908350,65456365,880207,30071,11950161,5992862,5995368,5993989,5994678,5996174,5994884,5997069,5996522,5996643,12850655,5880148,5752987,5851425,5897392,5804383,5798270,5852168,5890742,5878195,130249,79346,84613,80943,82129,84516,84628,84734,84600,84449,12131,2672,2313,2216,2050,1898,1908,1702,1592,1589,636459,2607736,2543797,2587714,2608803,2561978,2559002,2581584,2598382,2591900,4294859186,396433,403022,401647,398285,397540,401286,400813,401986,400957,127291,623380,1007463,1323513,1580571,1776852,1933282,2062942,2170030,2254404,4294945674,61989,130195,184485,227245,261304,289300,311602,329678,343933,
LR_v2,55300479,47650243,7650236,52511084,8301563,101458770,113966792,1158032,52560,5450099,5992820,5996162,5996063,5996452,5996307,12001879,18008314,18011535,18009139,5144060,5930183,7892514,5333243,5703805,5812408,13501135,21390218,22557327,20701899,77239,84252,56266,75910,81345,79045,138825,197671,185251,182228,1333,1555,372,5779,4283,3228,5984,7903,6011,16112,238254,2614006,1756552,2359016,2539640,2579613,6240617,9979552,9621308,9721685,260863,398990,833949,416284,397905,403008,843302,1288460,1504820,1302655,357381,3801882,1327825,2660248,2629952,2599599,8071119,11849019,9442186,9771873,391294,468053,1051428,207452,388716,405559,1063449,1511039,1613000,1201573,
AMBP_v2,26956702,22594042,4362660,10656671,2093029,71758621,75196563,910823,30307,17796685,5993439,5996202,5996355,5994931,5995995,5995680,5996901,5995973,5996460,21022111,5845084,5892077,5905495,5880025,5902679,7854474,5350460,5689843,5854315,194383,84597,84635,84503,84165,84207,56415,76502,81132,80284,8550,1754,1608,1591,1584,1548,439,5701,4285,3247,292922,2578638,2599232,2604992,2592265,2602036,1824109,2366934,2533154,2599760,326528,400509,402292,402266,400588,400879,809265,417447,396883,406003,52797,502168,829422,1066082,1234186,1356980,1305364,1365910,1439422,1504340,58846,114460,154823,183879,204498,219396,303632,293755,282942,276798,
PIC_v2,99489450,84054960,15434490,13870825603,13828503229,167937845,213279183,1607009,77834,5847439,18006828,18010815,18009518,18011176,18011149,18011026,18009141,18010387,18010366,5572091,21357377,21454477,29312513,20717052,21403007,21472317,29916285,20693490,21380574,82272,194808,200404,91642,182122,194611,200332,83968,182034,194816,2295,8739,6904,1970,16131,8693,6816,1520,16113,8653,1204734,9974813,9993133,6892305,9728873,9995911,10000552,6562667,9717566,9984406,358841,1290387,1291538,2931374,1303085,1293957,1293014,3079501,1302299,1290494,429237676,775381833,1052300822,1273215848,1450515182,1592408057,1705923285,1796047891,1868778555,1927016454,429068497,773509604,1049062720,1269833180,1446123890,1587154633,1699979038,1790595860,1862733877,1920441930,
EWMA,18250731,15482021,2768710,10382326,1965621,59956579,60270500,786138,25739,5993824,5996189,5994689,5996287,5994854,5996366,5996377,5996948,5996258,5994787,5890004,8414044,5348209,5688780,5830639,5771091,5753835,5936265,5836041,5801592,84036,49476,76088,81422,79293,83485,84174,79042,84377,84745,1555,160,5736,4350,3243,2341,2320,2151,1933,1950,2595891,1123272,1725575,1675763,1567363,1423484,1354517,1404864,1320040,1291252,400374,839318,185200,174330,191302,185217,197723,201055,189493,204698,519178,639996,857111,1020841,1130145,1188812,1221953,1258535,1270836,1274919,80074,231922,222577,212927,208602,203925,202684,202358,199785,200767,
SW,17731675,15403183,2328492,10788470,1951192,59942095,58320956,814428,26119,5995052,5995828,5995351,5994229,5994345,5993482,5993396,5993801,5993915,5992696,5867593,5862138,5889966,6386773,5340236,5685925,5828795,5761224,5788285,5910021,84418,84445,84397,77287,76213,81462,79070,83860,84611,78665,1575,1589,1544,1307,5740,4318,3251,2339,2324,2132,2587231,539770,696939,1150791,1566027,1735385,1791720,1753274,1763790,1818256,401126,80584,103987,304808,253528,233774,240813,230971,239957,238944,2044205,1898787,1274647,795833,795833,795833,795833,795833,795833,795833,319439,294639,195232,163126,163126,163126,163126,163126,163126,163126,
AFC,17794450,15273070,2521380,10354393,1677789,59780486,58429736,819072,23320,5821572,5990817,5995355,5995954,5995782,5996000,5994484,5997114,5996750,5996658,5522121,5849734,5876818,5889930,5879894,5845355,5845299,6657658,5354185,5708742,84275,84712,82485,82809,84108,84617,86138,72368,76468,81092,1856,1954,1902,1623,1572,1571,1532,1166,5798,4346,1634508,2256514,1882360,1651900,1505125,1404617,1357125,1085085,1155439,1340397,218800,358116,294161,257331,234285,218983,211615,357252,192030,178807,326901,712823,946730,1087764,1171236,1217912,1245754,1213621,1201985,1229667,43760,106631,144137,166775,180277,188018,192737,225640,218918,210896,
AMBP,17655539,15287636,2367903,10175865,1575455,59413490,57577184,826623,20345,5455816,5991771,5996326,5996733,5996226,5995103,5995513,5996531,5995606,5993865,5073172,5864129,5755313,5802824,5897592,5858172,5786953,5810506,5878080,5850443,77556,78602,84560,84692,79757,83370,84717,84497,84544,84328,2743,2632,2183,2165,2044,1925,1842,1652,1576,1583,996714,2398934,1905394,1672018,1558831,1438546,1344113,1326695,1338479,1307912,150309,372664,295160,264475,238354,216409,211492,210374,206344,202322,199422,639324,892538,1048434,1150513,1208119,1235317,1253592,1270569,1278037,30141,98645,137948,163253,178273,185900,191018,194889,197180,198208,
PIC,12027290,10329470,1697820,4281538970,4292760110,167599557,222151434,1483681,69275,5510272,18004664,18011324,18011856,18010682,18010150,18011291,18010634,18009519,18009165,5293571,29925846,20695799,21390652,21448152,29910093,20710141,21349657,21505385,29922138,77434,83765,182234,194690,200410,83921,182215,194668,200431,83913,1365,1511,16180,8667,6802,1552,16181,8642,6843,1532,1032947,1032947,1032947,1032947,1032947,1032947,1032947,1032947,1032947,1032947,169782,169782,169782,169782,169782,169782,169782,169782,169782,169782,428153897,428153897,428153897,428153897,428153897,428153897,428153897,428153897,428153897,428153897,429276011,429276011,429276011,429276011,429276011,429276011,429276011,429276011,429276011,429276011,
end--> Completion message received. Exiting.
