--> Waiting for autoboot prompt...
NOTICE:  BL31: v2.9(release):8a3945e
NOTICE:  BL31: Built : 17:27:52, May  1 2024


U-Boot 2022.10 (May 01 2024 - 17:26:49 -0300)

DRAM:  7.1 GiB
RPI 4 Model B (0xd03115)
Core:  202 devices, 16 uclasses, devicetree: board
MMC:   mmcnr@7e300000: 1, emmc2@7e340000: 0
Loading Environment from FAT... ** No partition table - mmc 0 **
In:    serial
Out:   serial
Err:   serial
Net:   eth0: ethernet@7d580000
PCIe BRCM: link up, 5.0 Gbps x1 (SSC)
starting USB...
Bus xhci_pci: Register 5000420 NbrPorts 5
Starting the controller
USB XHCI 1.00
scanning bus xhci_pci for devices... 2 USB Device(s) found
       scanning usb for storage devices... 0 Storage Device(s) found
Hit any key to stop autoboot:--> Autoboot stopped. Waiting for U-Boot prompt...
 0 
U-Boot>--> Benchmark command sent. Waiting for completion...
fatload mmc 0 0x200000 bao-69.bin; go 0x200000
1421312 bytes read in 104 ms (13 MiB/s)
## Starting application at 0x00200000 ...
BENCH_ARRAY_INDEX 68
budget_function,PMU_counter_used_budget,PMU_counter_used_budget_r,PMU_counter_used_budget_w,total_calc_r,total_calc_w,used_budget_read[0],used_budget_read[1],used_budget_read[2],used_budget_read[3],used_budget_read[4],used_budget_read[5],used_budget_read[6],used_budget_read[7],used_budget_read[8],used_budget_read[9],used_budget_write[0],used_budget_write[1],used_budget_write[2],used_budget_write[3],used_budget_write[4],used_budget_write[5],used_budget_write[6],used_budget_write[7],used_budget_write[8],used_budget_write[9],calculated_read[0],calculated_read[1],calculated_read[2],calculated_read[3],calculated_read[4],calculated_read[5],calculated_read[6],calculated_read[7],calculated_read[8],calculated_read[9],calculated_write[0],calculated_write[1],calculated_write[2],calculated_write[3],calculated_write[4],calculated_write[5],calculated_write[6],calculated_write[7],calculated_write[8],calculated_write[9],
got dijkstra_wrapper (544)
got bandwidth_wrapper (545)
EWMA,14914152,9227635,5686517,6238021,3828971,1201239,1235055,1057034,944860,870047,824740,785507,779116,772815,757222,650369,785666,668468,594595,545263,515389,489447,485307,481177,470836,240247,439208,562773,639190,685361,713236,727690,737975,744943,747398,130073,261191,342646,393035,423480,441861,451378,458163,462765,464379,
SW,14706913,9069895,5637018,6455701,4013064,1495574,273809,416721,766440,1028272,1025572,1007028,1024692,1016146,1015641,929224,171202,258945,475787,639447,637651,625288,637056,631380,631038,1236128,1091273,728701,485657,485657,485657,485657,485657,485657,485657,767573,678521,453124,301978,301978,301978,301978,301978,301978,301978,
AFC,14740347,9091704,5648643,6099020,3788214,887507,1335808,1086417,962790,879914,819348,800104,784635,767749,767432,545704,831883,675511,599048,547340,509107,497556,488004,477208,477282,177501,409162,544613,628248,678581,706734,725408,737253,743352,748168,109140,253688,338052,390251,421668,439155,450835,458268,462056,465101,
AMBP,14621744,9017013,5604731,6031396,3749065,742304,1357954,1121025,975048,878793,837534,795365,773884,771709,763397,460710,844260,697157,606349,546066,520912,494212,480737,479793,474535,148540,390422,536542,624243,675153,707629,725176,734917,742275,746499,92222,242629,333534,388097,419690,439934,450789,456778,461381,464011,
PIC,12250640,7555510,4695130,4285145120,4288863610,755551,755551,755551,755551,755551,755551,755551,755551,755551,755551,469513,469513,469513,469513,469513,469513,469513,469513,469513,469513,428514512,428514512,428514512,428514512,428514512,428514512,428514512,428514512,428514512,428514512,428886361,428886361,428886361,428886361,428886361,428886361,428886361,428886361,428886361,428886361,
end--> Completion message received. Exiting.
