--> Waiting for autoboot prompt...
NOTICE:  BL31: v2.9(release):8a3945e
NOTICE:  BL31: Built : 17:27:52, May  1 2024


U-Boot 2022.10 (May 01 2024 - 17:26:49 -0300)

DRAM:  7.1 GiB
RPI 4 Model B (0xd03115)
Core:  202 devices, 16 uclasses, devicetree: board
MMC:   mmcnr@7e300000: 1, emmc2@7e340000: 0
Loading Environment from FAT... ** No partition table - mmc 0 **
In:    serial
Out:   serial
Err:   serial
Net:   eth0: ethernet@7d580000
PCIe BRCM: link up, 5.0 Gbps x1 (SSC)
starting USB...
Bus xhci_pci: Register 5000420 NbrPorts 5
Starting the controller
USB XHCI 1.00
scanning bus xhci_pci for devices... 2 USB Device(s) found
       scanning usb for storage devices... 0 Storage Device(s) found
Hit any key to stop autoboot:--> Autoboot stopped. Waiting for U-Boot prompt...
 0 
U-Boot>--> Benchmark command sent. Waiting for completion...
fatload mmc 0 0x200000 bao-8.bin; go 0x200000
1388544 bytes read in 103 ms (12.9 MiB/s)
## Starting application at 0x00200000 ...
BENCH_ARRAY_INDEX 7
budget_function,PMU_counter_used_budget,PMU_counter_used_budget_r,PMU_counter_used_budget_w,total_calc_r,total_calc_w,used_budget_read[0],used_budget_read[1],used_budget_read[2],used_budget_read[3],used_budget_read[4],used_budget_read[5],used_budget_read[6],used_budget_read[7],used_budget_read[8],used_budget_read[9],used_budget_write[0],used_budget_write[1],used_budget_write[2],used_budget_write[3],used_budget_write[4],used_budget_write[5],used_budget_write[6],used_budget_write[7],used_budget_write[8],used_budget_write[9],calculated_read[0],calculated_read[1],calculated_read[2],calculated_read[3],calculated_read[4],calculated_read[5],calculated_read[6],calculated_read[7],calculated_read[8],calculated_read[9],calculated_write[0],calculated_write[1],calculated_write[2],calculated_write[3],calculated_write[4],calculated_write[5],calculated_write[6],calculated_write[7],calculated_write[8],calculated_write[9],
got dijkstra_wrapper (56)
got mser_wrapper (57)
EWMA,24625954,18547368,6078586,12664703,4118768,2918343,2858558,1308797,2060609,2149955,890629,1808398,2003775,792685,1755619,684645,873486,779038,546279,598827,611205,445270,539443,577223,423170,583668,1038646,1092676,1286262,1459000,1345325,1437939,1551106,1399421,1470660,136929,284240,383199,415815,452417,484174,476393,489003,506647,489951,
SW,24143998,18176543,5967455,12743014,4321225,3158366,996834,133007,1725298,2489839,1389092,2202041,2489620,1389602,2202844,930674,205839,339795,437249,687971,737516,601718,687741,737225,601727,2444004,2207617,1429402,951713,951713,951713,951713,951713,951713,951713,809818,725908,492103,327628,327628,327628,327628,327628,327628,327628,
AFC,24473904,18592228,5881676,12417906,3957932,2124577,2405413,2609317,2018690,967254,2160305,1747751,805481,2064170,1689270,589964,715449,771728,556893,715133,557001,427308,638002,510796,399402,424915,821014,1178674,1346677,1270793,1448695,1508506,1367901,1507154,1543577,117992,237483,344332,386844,452501,473401,464183,498946,501316,480934,
AMBP,21032656,15102623,5930033,582425712,150502172,352083,3086270,2769531,1247198,2032304,2137521,869429,869429,869429,869429,755058,779153,739032,696550,495258,568984,595021,433659,433659,433659,70496,673650,1092826,1123700,1305420,1471840,144171945,144171945,144171945,144171945,151091,276703,369168,434644,446766,471209,495971,49285540,49285540,49285540,
PIC,40821850,31531560,9290290,4253976250,4282889900,3153156,3153156,3153156,3153156,3153156,3153156,3153156,3153156,3153156,3153156,929029,929029,929029,929029,929029,929029,929029,929029,929029,929029,425397625,425397625,425397625,425397625,425397625,425397625,425397625,425397625,425397625,425397625,428288990,428288990,428288990,428288990,428288990,428288990,428288990,428288990,428288990,428288990,
end--> Completion message received. Exiting.
