--> Waiting for autoboot prompt...
NOTICE:  BL31: v2.9(release):8a3945e
NOTICE:  BL31: Built : 17:27:52, May  1 2024


U-Boot 2022.10 (May 01 2024 - 17:26:49 -0300)

DRAM:  7.1 GiB
RPI 4 Model B (0xd03115)
Core:  202 devices, 16 uclasses, devicetree: board
MMC:   mmcnr@7e300000: 1, emmc2@7e340000: 0
Loading Environment from FAT... ** No partition table - mmc 0 **
In:    serial
Out:   serial
Err:   serial
Net:   eth0: ethernet@7d580000
PCIe BRCM: link up, 5.0 Gbps x1 (SSC)
starting USB...
Bus xhci_pci: Register 5000420 NbrPorts 5
Starting the controller
USB XHCI 1.00
scanning bus xhci_pci for devices... 2 USB Device(s) found
       scanning usb for storage devices... 0 Storage Device(s) found
Hit any key to stop autoboot:--> Autoboot stopped. Waiting for U-Boot prompt...
 0 
U-Boot>--> Benchmark command sent. Waiting for completion...
fatload mmc 0 0x200000 bao-40.bin; go 0x200000
1437696 bytes read in 106 ms (12.9 MiB/s)
## Starting application at 0x00200000 ...
BENCH_ARRAY_INDEX 39
budget_function,PMU_counter_used_budget,PMU_counter_used_budget_r,PMU_counter_used_budget_w,total_calc_r,total_calc_w,total_cycles,total_instructions,total_cache_misses,total_mispredicts,cycles[0],cycles[1],cycles[2],cycles[3],cycles[4],cycles[5],cycles[6],cycles[7],cycles[8],cycles[9],instructions[0],instructions[1],instructions[2],instructions[3],instructions[4],instructions[5],instructions[6],instructions[7],instructions[8],instructions[9],cache_misses[0],cache_misses[1],cache_misses[2],cache_misses[3],cache_misses[4],cache_misses[5],cache_misses[6],cache_misses[7],cache_misses[8],cache_misses[9],mispredicts[0],mispredicts[1],mispredicts[2],mispredicts[3],mispredicts[4],mispredicts[5],mispredicts[6],mispredicts[7],mispredicts[8],mispredicts[9],used_budget_read[0],used_budget_read[1],used_budget_read[2],used_budget_read[3],used_budget_read[4],used_budget_read[5],used_budget_read[6],used_budget_read[7],used_budget_read[8],used_budget_read[9],used_budget_write[0],used_budget_write[1],used_budget_write[2],used_budget_write[3],used_budget_write[4],used_budget_write[5],used_budget_write[6],used_budget_write[7],used_budget_write[8],used_budget_write[9],calculated_read[0],calculated_read[1],calculated_read[2],calculated_read[3],calculated_read[4],calculated_read[5],calculated_read[6],calculated_read[7],calculated_read[8],calculated_read[9],calculated_write[0],calculated_write[1],calculated_write[2],calculated_write[3],calculated_write[4],calculated_write[5],calculated_write[6],calculated_write[7],calculated_write[8],calculated_write[9],
got bandwidth_wrapper (312)
got mser_wrapper (313)
EWMA_v2,28286115,20930321,7355794,13700548,4651050,59983953,60856666,590759,85672,6026947,5986834,5995801,5995182,5996139,5996561,5995638,5997301,5997349,5996201,5049376,6063063,5810155,5245164,8168553,5080874,6085538,5821799,5202444,8329700,56562,53873,54245,78986,51493,56214,54108,54206,80830,50242,9357,13585,15504,4955,40,8333,13648,15567,4651,32,2042028,2421373,2327324,2157895,1508418,2051939,2431688,2333223,2131710,1524723,645915,749050,733078,619649,918901,648590,752094,734834,617202,936481,408405,810998,1114263,1322989,1360074,1498447,1685095,1814720,1878118,1807439,129183,253156,349140,403241,506373,534816,578271,609583,611106,676181,
SW_v2,34303921,25329759,8974162,20969544,7485696,71709200,77539435,605747,115948,5738682,5992737,5995846,5995722,5996107,5995815,5995473,5995274,12001455,12002089,4754561,6089988,5834040,5347983,8015015,5087745,6106605,5868902,17150612,13283984,55797,54072,54158,76425,54708,56325,54013,54227,81717,64305,7490,13741,15556,5296,39,8363,13718,15757,4102,31886,355950,2434072,2338188,2183396,1517822,2054354,2440505,2353202,4116986,5535284,182589,751459,735442,636813,902274,649277,754485,741024,1943995,1676804,355950,1395011,1709403,2318552,2013135,1918524,2004227,2282687,2970231,4001824,182589,467024,556497,707905,758176,729455,768679,714929,1146501,1453941,
AFC_v2,27086738,20018652,7068086,12447595,4553203,65786070,68596966,624780,93692,11820990,5991155,5996099,5997043,5996480,5996744,5995948,5996265,5997131,5998215,15907163,5094653,6092159,5825778,5165144,8320489,5101465,6103546,5819278,5167291,83407,56198,54129,54245,81148,49951,56097,54069,54141,81395,10014,8267,13711,15633,4267,36,8289,13734,15558,4183,607229,2057301,2434589,2335448,2115427,1520383,2059913,2439596,2331830,2116936,630427,650301,752736,735579,612203,935461,650818,754170,734323,612068,121445,508616,893810,1182137,1368795,1399112,1531272,1712936,1836714,1892758,126085,230928,335289,415347,454718,550866,570856,607518,632879,628717,
LR_v2,4389535144,4365844813,23690331,4370071999,24999983,161704883,197965688,884019,332691,5637699,11999260,18006637,18008843,18009585,18007667,18008651,18008723,18009838,18007980,7634999,13289108,28254558,21278989,21212711,21233048,21242656,21315509,21238381,21265729,49745,64213,83286,98171,98233,98025,98148,98063,97989,98146,39,31799,9856,41605,41552,41512,41605,41580,41614,41529,4294726454,5536364,6415279,8456256,8445195,8448277,8450312,8462226,8450076,8454374,480721,1676809,3206419,2620629,2613260,2615388,2616546,2624607,2616647,2619305,4294606033,8424967,6854736,9476744,8439665,8449818,8451329,8468183,8444001,8456523,721081,2274853,3971224,2327734,2609576,2616452,2617125,2628637,2612667,2620634,
AMBP_v2,26110214,19515623,6594591,9137086,3140054,71619816,73150935,638903,124920,17656106,5991548,5995590,5997565,5996515,5996287,5996883,5996410,5996558,5996354,20529715,5090939,6092308,5834532,5150094,8281300,5111563,6063058,5826489,5170937,97890,56296,54203,54302,80771,50274,56142,54053,54174,80798,41571,8218,13614,15614,4185,39,8224,13639,15578,4238,124713,2054926,2434323,2338164,2108076,1516947,2063468,2422816,2335078,2117112,166726,649224,752425,736196,610149,931101,651606,749255,735061,612848,22519,386100,716169,936511,1053741,1031743,1114279,1238387,1311952,1325685,30082,138519,235170,301837,327149,403145,407553,428303,440688,427608,
PIC_v2,100662442,76414102,24248340,13865960751,13833962252,167835748,199005376,932454,373410,5743860,18006844,18009773,18011536,18009917,18011107,18010456,18011051,18010808,18010396,7782618,21188578,21260033,21287240,21276469,21209464,21285091,21251170,21265018,21199695,50218,98106,98039,98061,97981,98076,98029,97981,97950,98013,33,41584,41454,41422,41491,41489,41510,41394,41518,41515,357057,8441993,8452568,8456948,8455686,8444494,8456449,8451014,8454411,8443482,698309,2610716,2617895,2620709,2620007,2612550,2620668,2617005,2618967,2611514,429068141,774939641,1051638956,1272999284,1450087294,1591755463,1705092389,1795760843,1868296286,1926322454,429136391,773827985,1049582696,1270187028,1446670353,1587855522,1700805280,1791164354,1863452006,1921280637,
EWMA,17522238,12852870,4669368,9036727,3100873,59961217,61075932,590732,83255,5993798,5995000,5996321,5997057,5995343,5996466,5996840,5996969,5996457,5996966,5102429,6079034,5810169,5185716,8334172,5096779,6101501,5838899,5161717,8365516,56270,54022,54403,80977,50077,56106,53943,54198,81287,49449,8172,13641,15557,4217,34,8185,13697,15603,4121,28,2059242,2017238,1595882,1217814,554822,1171987,1496028,1286923,1014802,438132,650345,621049,505078,330655,643977,286598,405945,377376,247987,600358,411848,732926,905517,967976,885345,942673,1053344,1100059,1083007,954032,130069,228265,283627,293032,363221,347896,359505,363079,340060,392119,
SW,16163149,11692129,4471020,10448558,3119590,59944017,60829856,591193,84524,5996355,5994875,5995806,5995845,5994772,5993564,5993632,5992820,5993051,5993297,5842402,5367465,7912927,5106394,6071346,5834124,5189132,8373561,5058634,6073871,54179,76632,54766,56269,53959,54176,81544,49379,56261,54028,15551,5294,35,8281,13662,15617,4152,31,8178,13723,2342057,286716,286716,380295,1422943,1641758,1430365,825168,1345130,1730981,736464,74464,371928,256856,515702,501647,380006,706913,410771,516269,1902435,1681597,1681597,1003023,696651,696651,696651,696651,696651,696651,565386,519007,394285,234416,234416,234416,234416,234416,234416,234416,
AFC,17247860,12774206,4473654,8492551,3003139,59841635,60755522,590720,83604,5876400,5992457,5997094,5995912,5995652,5997081,5996669,5996007,5997837,5996526,5632969,5296381,8034082,5088433,6119195,5844149,5167219,8406771,5082187,6084136,54015,77355,53786,56236,54033,54200,81636,49176,56266,54017,15016,4891,29,8248,13793,15602,4138,26,8196,13665,1556721,1851437,890746,1380898,1631196,1364016,1061893,466289,1113166,1457844,476122,534552,721129,358332,451856,403592,264742,613168,260644,389517,311344,619362,673638,815090,978311,1055452,1056740,938650,973553,1070411,95224,183089,290697,304224,333750,347718,331123,387532,362155,367627,
AMBP,14866670,10929300,3937370,312017747,137718634,83819719,91933489,676799,144477,5827752,5991100,5996741,5996236,5996653,5996850,5996266,5996292,18010875,18010954,5575663,5311226,7990007,5100381,6091547,5818045,5173283,8342284,21294218,21236835,54158,77054,54032,56135,54110,54164,81250,49874,97965,98057,14850,4990,26,8199,13693,15500,4200,27,41480,41512,1158969,1936677,932692,1413961,1636146,1365102,1073182,470857,470857,470857,335726,564687,732649,370151,454751,404590,268704,268704,268704,268704,231873,572833,644804,798635,966137,1045930,1051380,102235385,102235385,102235385,67225,166717,279903,297952,329311,344366,34058290,34058290,34058290,34058290,
PIC,27195020,20671090,6523930,4268094860,4286486170,168085432,199767686,931610,373390,5992331,18008434,18010111,18010787,18010557,18011395,18009868,18010465,18011300,18010184,5121308,24450567,21260121,21248827,21284947,21264013,21314204,21288876,21257051,21277772,56204,91130,97998,98057,98014,98139,98067,97961,98059,97981,8210,33292,41572,41456,41467,41508,41474,41495,41467,41449,2067109,2067109,2067109,2067109,2067109,2067109,2067109,2067109,2067109,2067109,652393,652393,652393,652393,652393,652393,652393,652393,652393,652393,426809486,426809486,426809486,426809486,426809486,426809486,426809486,426809486,426809486,426809486,428648617,428648617,428648617,428648617,428648617,428648617,428648617,428648617,428648617,428648617,
end--> Completion message received. Exiting.
