--> Waiting for autoboot prompt...
NOTICE:  BL31: v2.9(release):8a3945e
NOTICE:  BL31: Built : 17:27:52, May  1 2024


U-Boot 2022.10 (May 01 2024 - 17:26:49 -0300)

DRAM:  7.1 GiB
RPI 4 Model B (0xd03115)
Core:  202 devices, 16 uclasses, devicetree: board
MMC:   mmcnr@7e300000: 1, emmc2@7e340000: 0
Loading Environment from FAT... ** No partition table - mmc 0 **
In:    serial
Out:   serial
Err:   serial
Net:   eth0: ethernet@7d580000
PCIe BRCM: link up, 5.0 Gbps x1 (SSC)
starting USB...
Bus xhci_pci: Register 5000420 NbrPorts 5
Starting the controller
USB XHCI 1.00
scanning bus xhci_pci for devices... 2 USB Device(s) found
       scanning usb for storage devices... 0 Storage Device(s) found
Hit any key to stop autoboot:--> Autoboot stopped. Waiting for U-Boot prompt...
 0 
U-Boot>--> Benchmark command sent. Waiting for completion...
fatload mmc 0 0x200000 bao-125.bin; go 0x200000
1441792 bytes read in 106 ms (13 MiB/s)
## Starting application at 0x00200000 ...
BENCH_ARRAY_INDEX 124
budget_function,PMU_counter_used_budget,PMU_counter_used_budget_r,PMU_counter_used_budget_w,total_calc_r,total_calc_w,total_cycles,total_instructions,total_cache_misses,total_mispredicts,cycles[0],cycles[1],cycles[2],cycles[3],cycles[4],cycles[5],cycles[6],cycles[7],cycles[8],cycles[9],instructions[0],instructions[1],instructions[2],instructions[3],instructions[4],instructions[5],instructions[6],instructions[7],instructions[8],instructions[9],cache_misses[0],cache_misses[1],cache_misses[2],cache_misses[3],cache_misses[4],cache_misses[5],cache_misses[6],cache_misses[7],cache_misses[8],cache_misses[9],mispredicts[0],mispredicts[1],mispredicts[2],mispredicts[3],mispredicts[4],mispredicts[5],mispredicts[6],mispredicts[7],mispredicts[8],mispredicts[9],used_budget_read[0],used_budget_read[1],used_budget_read[2],used_budget_read[3],used_budget_read[4],used_budget_read[5],used_budget_read[6],used_budget_read[7],used_budget_read[8],used_budget_read[9],used_budget_write[0],used_budget_write[1],used_budget_write[2],used_budget_write[3],used_budget_write[4],used_budget_write[5],used_budget_write[6],used_budget_write[7],used_budget_write[8],used_budget_write[9],calculated_read[0],calculated_read[1],calculated_read[2],calculated_read[3],calculated_read[4],calculated_read[5],calculated_read[6],calculated_read[7],calculated_read[8],calculated_read[9],calculated_write[0],calculated_write[1],calculated_write[2],calculated_write[3],calculated_write[4],calculated_write[5],calculated_write[6],calculated_write[7],calculated_write[8],calculated_write[9],
got dijkstra_wrapper (992)
got sha_wrapper (993)
EWMA_v2,34527227,21281491,13245736,13681890,8515820,59960248,118290874,361,5826,6022989,5982575,5993702,5994351,5993453,5994494,5994946,5993861,5994754,5995123,11832250,11804350,11831131,11832121,11827281,11833590,11833586,11828312,11834195,11834058,144,31,25,23,23,23,23,23,23,23,714,605,572,569,566,560,561,565,559,555,2129422,2124030,2128441,2128582,2127760,2128791,2128789,2127924,2128888,2128864,1326059,1321752,1324708,1324803,1324215,1324932,1324956,1324314,1325012,1324985,425884,765513,1038098,1256194,1430507,1570163,1681888,1771095,1842653,1899895,265211,476519,646156,781885,890351,977267,1046804,1102306,1146847,1182474,
SW_v2,41633349,25444020,16189329,21915137,13975980,77401690,153176797,274,4620,5439238,5987904,5994306,5995896,5994044,5994861,5996338,11998651,11999818,12000634,10713323,11815387,11838489,11837399,11834239,11839798,11840239,23817462,23818956,23821505,56,30,23,23,23,23,23,24,24,25,597,569,440,434,429,428,426,438,427,432,292453,2125791,2129254,2129050,2128517,2129436,2129504,4126375,4126601,4127039,268221,1322948,1325384,1325225,1324890,1325509,1325535,2657000,2657161,2657456,292453,1209122,1515833,2128032,2128940,2129001,2129152,2795105,3460827,4126672,268221,795585,972184,1324519,1325166,1325208,1325311,1769348,2213232,2657206,
AFC_v2,34858443,21373252,13485191,13761877,8727962,71845487,142121713,260,4285,17895669,5992160,5994702,5994639,5994492,5994807,5994712,5994829,5994683,5994794,35577298,11831470,11839753,11839775,11836878,11839705,11839720,11837260,11839732,11840122,51,27,24,23,23,22,22,23,23,22,457,426,430,423,424,436,421,419,427,422,2210611,2128049,2129456,2129428,2128936,2129451,2129421,2128980,2129437,2129483,1557320,1324545,1325508,1325494,1325153,1325502,1325484,1325160,1325488,1325537,442122,779307,1049336,1265354,1438070,1576346,1686961,1775364,1846178,1902839,311464,514080,676365,806190,909982,993086,1059565,1112684,1155244,1189302,
LR_v2,81626018,49441017,32185001,52503838,34180010,149538752,297132285,273,4362,5497838,5990893,12000636,18006230,18007628,18007952,18005967,18005893,18007534,18008181,10839230,11828119,23823472,35803992,35807067,35808715,35803107,35803138,35806608,35808837,51,26,26,25,25,22,24,23,26,25,435,424,434,455,450,437,429,430,433,435,310062,2127488,4127376,6124873,6125357,6125634,6124651,6124664,6125267,6125645,275222,1324182,2657684,3989516,3989812,3990017,3989350,3989407,3989790,3990021,465093,3036201,5127320,7123621,6125599,6125772,6124160,6124670,6125568,6125834,412833,1848662,3324435,4655432,3989960,3990119,3989017,3989435,3989981,3990136,
AMBP_v2,31288722,19231524,12057198,9025211,5671371,71423403,141266585,258,4273,17474328,5993312,5992958,5994729,5997168,5992208,5994773,5996378,5992815,5994734,34738157,11831893,11834371,11839594,11837674,11832703,11840048,11837751,11834686,11839708,49,34,21,22,22,22,22,22,22,22,442,427,428,428,433,422,422,423,419,429,71529,2128125,2128548,2129425,2129091,2128253,2129473,2129068,2128580,2129432,131106,1324611,1324898,1325497,1325231,1324710,1325516,1325222,1324916,1325491,12946,392382,665653,862566,1004283,1106169,1179746,1232649,1270651,1298166,23670,255472,422421,542732,629307,691548,736506,768824,792037,808854,
PIC_v2,92598892,56037991,36560901,13853576184,13841522623,167546654,333075497,241,4276,5477955,18005934,18007227,18008455,18007701,18007840,18007775,18007683,18007909,18008175,10797562,35802319,35808450,35809614,35809439,35809765,35809803,35808813,35809447,35810285,52,26,21,21,20,20,20,20,21,20,425,431,433,431,426,425,425,431,426,423,907761,6124526,6125592,6125765,6125712,6125742,6125746,6125617,6125699,6125831,651038,3989271,3989984,3990126,3990072,3990095,3990101,3989994,3990064,3990156,429178281,774564259,1050873255,1271920486,1448758260,1590228486,1703404667,1793945586,1866378338,1924324566,429126937,774096133,1050071632,1270852060,1447476392,1588775862,1701815439,1792247079,1864592405,1922468684,
EWMA,21562707,13290192,8272515,9057848,5638092,59942318,118370884,243,4280,5991393,5993777,5995007,5994095,5994761,5995205,5993975,5994777,5995234,5994094,11829004,11838058,11839459,11835403,11839778,11839746,11834293,11840113,11840050,11834980,27,23,25,24,24,24,24,24,24,24,437,436,424,429,429,422,422,424,423,434,2127669,1703652,1448233,1294141,1202961,1147638,1113563,1094813,1082781,1074741,1324338,1060474,901487,805508,748809,714371,693115,681495,673986,668932,425533,681156,834571,926485,981780,1014951,1034673,1046701,1053917,1058081,264867,423988,519487,576691,611114,631765,644035,651527,656018,658600,
SW,20842080,12846224,7995856,9119978,5676750,59925297,118327316,227,4236,5995878,5991143,5993386,5994183,5991528,5992310,5993192,5989699,5991236,5992742,11838171,11828946,11836912,11835763,11829131,11834736,11833534,11824930,11832946,11832247,22,20,24,23,23,23,23,23,23,23,422,424,426,421,422,423,422,430,423,423,2129145,356974,590905,1103085,1443995,1444934,1444714,1443330,1444638,1444504,1325299,222376,367757,686557,898745,899380,899210,898282,899182,899068,1770651,1538067,1025675,683655,683655,683655,683655,683655,683655,683655,1101905,957427,638477,425563,425563,425563,425563,425563,425563,425563,
AFC,20905766,12886878,8018888,8660894,5388444,59604700,117680024,256,4247,5658995,5987165,5994712,5995933,5993738,5994758,5996159,5992530,5994675,5996035,11159387,11819719,11839729,11838733,11833654,11839903,11838244,11832580,11839780,11838295,50,30,22,22,22,22,22,22,22,22,429,429,430,421,428,426,421,423,420,420,1332601,1859581,1544315,1352278,1236402,1168559,1126725,1100936,1087406,1078075,824528,1158368,961905,842087,769801,727521,701393,685296,676919,671070,266520,585132,776968,892030,960904,1002435,1027293,1042021,1051098,1056493,164905,363597,483258,555023,597978,623886,639387,648568,654238,657604,
AMBP,20537683,12661559,7876124,8440323,5249127,59396444,117224999,266,5564,5449535,5990390,5994592,5994792,5994656,5994655,5993743,5994659,5994585,5994837,10735646,11825176,11834123,11832247,11834004,11834230,11828975,11834182,11833986,11832430,52,36,23,23,22,22,22,22,22,22,548,555,554,556,564,552,555,559,568,553,889476,1949433,1596614,1383415,1256079,1179454,1132560,1106040,1089387,1079101,545499,1214837,994686,861563,782122,734298,704964,688473,678057,671625,177975,532266,745135,872791,949448,995449,1022871,1039504,1049480,1055404,109179,330310,463185,542860,590712,619429,636536,646923,653149,656844,
PIC,14660760,9081270,5579490,4283161630,4287713940,167572973,333086018,230,5647,5503267,18005331,18007634,18008105,18008069,18008129,18007890,18008305,18007865,18008378,10840717,35799589,35805301,35805501,35806595,35805348,35804317,35806046,35806387,35806217,50,26,20,20,19,19,19,19,19,19,561,568,561,581,559,573,563,564,558,559,908127,908127,908127,908127,908127,908127,908127,908127,908127,908127,557949,557949,557949,557949,557949,557949,557949,557949,557949,557949,428316163,428316163,428316163,428316163,428316163,428316163,428316163,428316163,428316163,428316163,428771394,428771394,428771394,428771394,428771394,428771394,428771394,428771394,428771394,428771394,
end--> Completion message received. Exiting.
