--> Waiting for autoboot prompt...
NOTICE:  BL31: v2.9(release):8a3945e
NOTICE:  BL31: Built : 17:27:52, May  1 2024


U-Boot 2022.10 (May 01 2024 - 17:26:49 -0300)

DRAM:  7.1 GiB
RPI 4 Model B (0xd03115)
Core:  202 devices, 16 uclasses, devicetree: board
MMC:   mmcnr@7e300000: 1, emmc2@7e340000: 0
Loading Environment from FAT... ** No partition table - mmc 0 **
In:    serial
Out:   serial
Err:   serial
Net:   eth0: ethernet@7d580000
PCIe BRCM: link up, 5.0 Gbps x1 (SSC)
starting USB...
Bus xhci_pci: Register 5000420 NbrPorts 5
Starting the controller
USB XHCI 1.00
scanning bus xhci_pci for devices... 2 USB Device(s) found
       scanning usb for storage devices... 0 Storage Device(s) found
Hit any key to stop autoboot:--> Autoboot stopped. Waiting for U-Boot prompt...
 0 
U-Boot>--> Benchmark command sent. Waiting for completion...
fatload mmc 0 0x200000 bao-123.bin; go 0x200000
1421312 bytes read in 105 ms (12.9 MiB/s)
## Starting application at 0x00200000 ...
BENCH_ARRAY_INDEX 122
budget_function,PMU_counter_used_budget,PMU_counter_used_budget_r,PMU_counter_used_budget_w,total_calc_r,total_calc_w,used_budget_read[0],used_budget_read[1],used_budget_read[2],used_budget_read[3],used_budget_read[4],used_budget_read[5],used_budget_read[6],used_budget_read[7],used_budget_read[8],used_budget_read[9],used_budget_write[0],used_budget_write[1],used_budget_write[2],used_budget_write[3],used_budget_write[4],used_budget_write[5],used_budget_write[6],used_budget_write[7],used_budget_write[8],used_budget_write[9],calculated_read[0],calculated_read[1],calculated_read[2],calculated_read[3],calculated_read[4],calculated_read[5],calculated_read[6],calculated_read[7],calculated_read[8],calculated_read[9],calculated_write[0],calculated_write[1],calculated_write[2],calculated_write[3],calculated_write[4],calculated_write[5],calculated_write[6],calculated_write[7],calculated_write[8],calculated_write[9],
got dijkstra_wrapper (976)
got sha_wrapper (977)
EWMA,21312204,13164674,8147530,8933718,5514563,1878976,1750624,1478527,1313037,1214097,1154342,1118314,1096114,1084398,1076245,1076016,1108367,931648,824106,759839,720998,697565,683159,675548,670284,375795,650760,816313,915657,975345,1011144,1032578,1045285,1053107,1057734,215203,393835,501397,565938,604718,627974,641892,650145,655225,658236,
SW,20829162,12839756,7989406,9145442,5692202,2130342,390680,580171,1096328,1440090,1440888,1440612,1439676,1440553,1440416,1325751,244710,360529,681896,895900,896431,896235,895630,896212,896112,1738229,1550062,1033731,689060,689060,689060,689060,689060,689060,689060,1080076,965148,643663,429045,429045,429045,429045,429045,429045,429045,
AFC,20999657,12944512,8055145,8715566,5423439,1430688,1843402,1533030,1345144,1233895,1166479,1125202,1101911,1087232,1077529,889661,1147276,954114,837131,767926,725930,700216,685759,676602,670530,286137,597590,784678,896771,964195,1004651,1028761,1043391,1052159,1057233,177932,371800,488262,558035,600013,625196,640200,649311,654769,657921,
AMBP,20634981,12719337,7915644,8495626,5286589,994596,1929845,1583680,1376851,1251902,1176597,1132476,1105305,1088580,1079505,615531,1201689,986272,857397,779446,732522,705058,688100,677633,671996,198999,545168,752870,877666,952513,997329,1024358,1040547,1050153,1056023,123186,338886,468363,546169,592824,620763,637622,647717,653700,657359,
PIC,16412350,10131800,6280550,4281795940,4286802560,1013180,1013180,1013180,1013180,1013180,1013180,1013180,1013180,1013180,1013180,628055,628055,628055,628055,628055,628055,628055,628055,628055,628055,428179594,428179594,428179594,428179594,428179594,428179594,428179594,428179594,428179594,428179594,428680256,428680256,428680256,428680256,428680256,428680256,428680256,428680256,428680256,428680256,
end--> Completion message received. Exiting.
