--> Waiting for autoboot prompt...
NOTICE:  BL31: v2.9(release):8a3945e
NOTICE:  BL31: Built : 17:27:52, May  1 2024


U-Boot 2022.10 (May 01 2024 - 17:26:49 -0300)

DRAM:  7.1 GiB
RPI 4 Model B (0xd03115)
Core:  202 devices, 16 uclasses, devicetree: board
MMC:   mmcnr@7e300000: 1, emmc2@7e340000: 0
Loading Environment from FAT... ** No partition table - mmc 0 **
In:    serial
Out:   serial
Err:   serial
Net:   eth0: ethernet@7d580000
PCIe BRCM: link up, 5.0 Gbps x1 (SSC)
starting USB...
Bus xhci_pci: Register 5000420 NbrPorts 5
Starting the controller
USB XHCI 1.00
scanning bus xhci_pci for devices... 2 USB Device(s) found
       scanning usb for storage devices... 0 Storage Device(s) found
Hit any key to stop autoboot:--> Autoboot stopped. Waiting for U-Boot prompt...
 0 
U-Boot>--> Benchmark command sent. Waiting for completion...
fatload mmc 0 0x200000 bao-24.bin; go 0x200000
1421312 bytes read in 104 ms (13 MiB/s)
## Starting application at 0x00200000 ...
BENCH_ARRAY_INDEX 23
budget_function,PMU_counter_used_budget,PMU_counter_used_budget_r,PMU_counter_used_budget_w,total_calc_r,total_calc_w,used_budget_read[0],used_budget_read[1],used_budget_read[2],used_budget_read[3],used_budget_read[4],used_budget_read[5],used_budget_read[6],used_budget_read[7],used_budget_read[8],used_budget_read[9],used_budget_write[0],used_budget_write[1],used_budget_write[2],used_budget_write[3],used_budget_write[4],used_budget_write[5],used_budget_write[6],used_budget_write[7],used_budget_write[8],used_budget_write[9],calculated_read[0],calculated_read[1],calculated_read[2],calculated_read[3],calculated_read[4],calculated_read[5],calculated_read[6],calculated_read[7],calculated_read[8],calculated_read[9],calculated_write[0],calculated_write[1],calculated_write[2],calculated_write[3],calculated_write[4],calculated_write[5],calculated_write[6],calculated_write[7],calculated_write[8],calculated_write[9],
got bandwidth_wrapper (184)
got disparity_wrapper (185)
EWMA,18433357,16170263,2263094,11183348,1520545,1627487,3101563,1629286,1102422,2465960,1262868,773465,2311957,1160405,734850,105083,395921,303791,205602,276557,222270,148301,255043,206578,143948,325497,880710,1030425,1044824,1329051,1315814,1207344,1428266,1374693,1246724,21016,95997,137555,151164,176242,185447,178017,193422,196053,185632,
SW,19073064,16218792,2854272,17015699,2022896,1894499,3381951,3641629,399011,399011,399011,1450166,312454,1399351,2941709,531123,424540,409151,18869,65136,173291,356278,261853,257604,356427,2170633,2170633,2170633,2170633,2170633,2170633,1830269,720544,720544,720544,381833,381833,381833,284187,164385,85765,85765,85765,85765,85765,
AFC,17968415,15598882,2369533,10179510,1585431,1510275,1504931,1815072,1681694,1145833,2481032,1220381,805221,2343957,1090486,265136,311736,311259,245789,171389,263797,204905,146474,246990,202058,302055,542630,797118,974033,1008393,1302920,1286413,1190175,1420931,1354842,53027,104768,146066,166010,167085,186427,190122,181393,194512,196021,
AMBP,17029847,14552158,2477689,600695756,105175134,740488,3138517,1805004,1138808,2002521,1145364,1145364,1145364,1145364,1145364,126977,389469,298457,185074,456177,204307,204307,204307,204307,204307,148177,746245,957996,994158,1195830,119330670,119330670,119330670,119330670,119330670,25475,98273,138309,147662,209365,20911210,20911210,20911210,20911210,20911210,
PIC,24802480,21428860,3373620,4267109760,4290581570,2142886,2142886,2142886,2142886,2142886,2142886,2142886,2142886,2142886,2142886,337362,337362,337362,337362,337362,337362,337362,337362,337362,337362,426710976,426710976,426710976,426710976,426710976,426710976,426710976,426710976,426710976,426710976,429058157,429058157,429058157,429058157,429058157,429058157,429058157,429058157,429058157,429058157,
end--> Completion message received. Exiting.
