--> Waiting for autoboot prompt...
NOTICE:  BL31: v2.9(release):8a3945e
NOTICE:  BL31: Built : 17:27:52, May  1 2024


U-Boot 2022.10 (May 01 2024 - 17:26:49 -0300)

DRAM:  7.1 GiB
RPI 4 Model B (0xd03115)
Core:  202 devices, 16 uclasses, devicetree: board
MMC:   mmcnr@7e300000: 1, emmc2@7e340000: 0
Loading Environment from FAT... ** No partition table - mmc 0 **
In:    serial
Out:   serial
Err:   serial
Net:   eth0: ethernet@7d580000
PCIe BRCM: link up, 5.0 Gbps x1 (SSC)
starting USB...
Bus xhci_pci: Register 5000420 NbrPorts 5
Starting the controller
USB XHCI 1.00
scanning bus xhci_pci for devices... 2 USB Device(s) found
       scanning usb for storage devices... 0 Storage Device(s) found
Hit any key to stop autoboot:--> Autoboot stopped. Waiting for U-Boot prompt...
 0 
U-Boot>--> Benchmark command sent. Waiting for completion...
fatload mmc 0 0x200000 bao-63.bin; go 0x200000
1392640 bytes read in 103 ms (12.9 MiB/s)
## Starting application at 0x00200000 ...
BENCH_ARRAY_INDEX 62
budget_function,PMU_counter_used_budget,PMU_counter_used_budget_r,PMU_counter_used_budget_w,total_calc_r,total_calc_w,used_budget_read[0],used_budget_read[1],used_budget_read[2],used_budget_read[3],used_budget_read[4],used_budget_read[5],used_budget_read[6],used_budget_read[7],used_budget_read[8],used_budget_read[9],used_budget_write[0],used_budget_write[1],used_budget_write[2],used_budget_write[3],used_budget_write[4],used_budget_write[5],used_budget_write[6],used_budget_write[7],used_budget_write[8],used_budget_write[9],calculated_read[0],calculated_read[1],calculated_read[2],calculated_read[3],calculated_read[4],calculated_read[5],calculated_read[6],calculated_read[7],calculated_read[8],calculated_read[9],calculated_write[0],calculated_write[1],calculated_write[2],calculated_write[3],calculated_write[4],calculated_write[5],calculated_write[6],calculated_write[7],calculated_write[8],calculated_write[9],
got disparity_wrapper (496)
got bandwidth_wrapper (497)
EWMA,17864588,15522148,2342440,10465004,1556440,2023485,2016963,1762532,1638330,1444629,1371847,1383908,1271400,1271342,1337712,156341,354784,294363,264993,229564,221409,208816,205367,201442,205361,404697,727150,934226,1075046,1148962,1193539,1231612,1239569,1245923,1264280,31268,95971,135649,161517,175126,184382,189268,192487,194278,196494,
SW,16705924,14166069,2539855,11555448,2060226,2533302,499117,499117,493391,1315841,1785426,1734651,1809602,1733981,1761641,394507,74827,610964,126140,122931,123320,273548,275283,265871,272464,2053922,1854778,1854778,1175270,769450,769450,769450,769450,769450,769450,321224,288532,288532,270644,270644,124130,124130,124130,124130,124130,
AFC,17162568,14427928,2734640,9812224,1799614,1436732,2285024,1848771,1612162,1481912,1393699,1324445,396027,1270496,1378660,231148,350516,279758,255350,233246,217214,206495,708945,117436,134532,287346,686881,919259,1057839,1142653,1192862,1219178,1054548,1097737,1153921,46229,107086,141620,164366,178142,185956,190063,293839,258559,233754,
AMBP,17536530,15201755,2334775,10148351,1554756,1256125,2290003,1835909,1655845,1488663,1377348,1358240,1328119,1317893,1293610,145994,368079,292436,262758,224108,224965,212979,204304,203188,195964,251305,659044,894417,1046702,1135094,1183544,1218483,1240410,1255906,1263446,29278,97038,136117,161445,173977,184174,189935,192808,194884,195100,
PIC,12169160,10387300,1781860,4281463790,4292650860,1038730,1038730,1038730,1038730,1038730,1038730,1038730,1038730,1038730,1038730,178186,178186,178186,178186,178186,178186,178186,178186,178186,178186,428146379,428146379,428146379,428146379,428146379,428146379,428146379,428146379,428146379,428146379,429265086,429265086,429265086,429265086,429265086,429265086,429265086,429265086,429265086,429265086,
end--> Completion message received. Exiting.
