--> Waiting for autoboot prompt...
NOTICE:  BL31: v2.9(release):8a3945e
NOTICE:  BL31: Built : 17:27:52, May  1 2024


U-Boot 2022.10 (May 01 2024 - 17:26:49 -0300)

DRAM:  7.1 GiB
RPI 4 Model B (0xd03115)
Core:  202 devices, 16 uclasses, devicetree: board
MMC:   mmcnr@7e300000: 1, emmc2@7e340000: 0
Loading Environment from FAT... ** No partition table - mmc 0 **
In:    serial
Out:   serial
Err:   serial
Net:   eth0: ethernet@7d580000
PCIe BRCM: link up, 5.0 Gbps x1 (SSC)
starting USB...
Bus xhci_pci: Register 5000420 NbrPorts 5
Starting the controller
USB XHCI 1.00
scanning bus xhci_pci for devices... 2 USB Device(s) found
       scanning usb for storage devices... 0 Storage Device(s) found
Hit any key to stop autoboot:--> Autoboot stopped. Waiting for U-Boot prompt...
 0 
U-Boot>--> Benchmark command sent. Waiting for completion...
fatload mmc 0 0x200000 bao-117.bin; go 0x200000
1441792 bytes read in 106 ms (13 MiB/s)
## Starting application at 0x00200000 ...
BENCH_ARRAY_INDEX 116
budget_function,PMU_counter_used_budget,PMU_counter_used_budget_r,PMU_counter_used_budget_w,total_calc_r,total_calc_w,total_cycles,total_instructions,total_cache_misses,total_mispredicts,cycles[0],cycles[1],cycles[2],cycles[3],cycles[4],cycles[5],cycles[6],cycles[7],cycles[8],cycles[9],instructions[0],instructions[1],instructions[2],instructions[3],instructions[4],instructions[5],instructions[6],instructions[7],instructions[8],instructions[9],cache_misses[0],cache_misses[1],cache_misses[2],cache_misses[3],cache_misses[4],cache_misses[5],cache_misses[6],cache_misses[7],cache_misses[8],cache_misses[9],mispredicts[0],mispredicts[1],mispredicts[2],mispredicts[3],mispredicts[4],mispredicts[5],mispredicts[6],mispredicts[7],mispredicts[8],mispredicts[9],used_budget_read[0],used_budget_read[1],used_budget_read[2],used_budget_read[3],used_budget_read[4],used_budget_read[5],used_budget_read[6],used_budget_read[7],used_budget_read[8],used_budget_read[9],used_budget_write[0],used_budget_write[1],used_budget_write[2],used_budget_write[3],used_budget_write[4],used_budget_write[5],used_budget_write[6],used_budget_write[7],used_budget_write[8],used_budget_write[9],calculated_read[0],calculated_read[1],calculated_read[2],calculated_read[3],calculated_read[4],calculated_read[5],calculated_read[6],calculated_read[7],calculated_read[8],calculated_read[9],calculated_write[0],calculated_write[1],calculated_write[2],calculated_write[3],calculated_write[4],calculated_write[5],calculated_write[6],calculated_write[7],calculated_write[8],calculated_write[9],
got dijkstra_wrapper (928)
got mser_wrapper (929)
EWMA_v2,39953322,29993855,9959467,19387319,6408574,59965700,81928042,156587,144346,6024417,5987051,5992945,5994010,5994499,5994362,5994676,5994735,5994212,5994793,7369633,8051451,9454612,7342318,8054348,9446534,7335377,8049551,9473983,7350235,10214,8017,30627,9894,8137,30954,9868,8154,30846,9876,18433,24328,483,17264,24432,460,17263,24059,460,17164,3170820,3449873,2338378,3156673,3441975,2340468,3153844,3441063,2342244,3158517,934896,1012330,1063056,930220,1016267,1062177,929231,1015544,1065240,930506,634164,1197305,1425519,1771749,2105794,2152728,2352951,2570573,2524907,2651629,186979,352049,494250,581444,668408,747161,783575,829968,877022,887718,
SW_v2,36939821,27659502,9280319,25289308,8697410,59364336,81495167,154876,149375,5422052,5989920,5994230,5993929,5993812,5994437,5994097,5993753,5994174,5993932,7252929,9083001,7333867,8042659,9469829,7348266,8071861,9470529,7347550,8074676,7070,32059,9870,8136,30854,9869,8189,30734,9879,8216,21823,2836,17302,24115,465,17213,24023,450,17187,23961,677016,2502235,3153540,3438341,2343917,3157791,3447884,2333087,3157144,3448547,280629,1030227,929265,1015132,1064833,930308,1017586,1064527,930215,1017597,677016,1589626,2110930,3031372,2978599,2980016,2983197,2979587,2979372,2979593,280629,655428,746707,991541,1003077,1003424,1004242,1004140,1004109,1004113,
AFC_v2,4330669781,4321348505,9321276,4311298867,5778370,59815772,83923902,177358,125110,5866949,5991664,5994639,5994049,5994610,5995133,5994414,5995192,5994612,5994510,9208401,7347845,8079247,9475888,7347764,8079010,9480538,7347713,8079024,9478472,30829,9867,8233,30763,9900,8198,30752,9874,8222,30720,454,17162,23926,446,17200,23944,444,17171,23914,449,4294526981,3157269,3449855,2332131,3157972,3450275,2332949,3158069,3450430,2332574,281489,930067,1017719,1064981,930241,1017977,1065490,930173,1017905,1065234,4294879233,561003,1138773,1377444,1733549,2076894,2128105,2334097,2557363,2512406,56297,231051,388384,523703,605010,687603,763180,796578,840843,885721,
LR_v2,66840165,48728627,18111538,51085199,19185847,107599709,157109687,250299,213092,5605895,5991084,11999637,12000985,11999579,12001423,12000014,12000741,12000461,11999890,6805914,8059892,21236519,15453035,21477642,15462457,18666427,15809224,15470679,18667898,9487,7951,31556,18096,30697,18119,36704,42842,18114,36733,15689,23816,2020,41014,443,41109,6165,35770,40923,6143,666014,3420777,4458147,6619825,4325818,6622521,4715688,6561509,6625183,4713145,226940,1019429,2375978,1950682,2399076,1951437,2148711,1938555,1952110,2148620,999021,4798158,4976832,7700664,3178815,7770872,3762272,7484419,6657020,3757126,340410,1415673,3054252,1738034,2623273,1727618,2247348,1833477,1958887,2246875,
AMBP_v2,4333422638,29342693,4304079945,13951879,60669517,65392116,91823885,158777,159887,11443825,5990851,5994455,5994766,5994302,5994932,5994880,5994382,5994861,5994862,14844633,11765066,7352458,8077952,9487254,7337432,8055037,9474117,7349090,8080846,40381,2487,9867,8232,30743,9875,8202,30867,9874,8249,35738,28,17152,23862,443,17193,23953,450,17152,23916,2862368,1992907,3159038,3449553,2333517,3154488,3442610,2340385,3157868,3449959,4294801220,1309089,930561,1017491,1066278,929039,1015443,1065016,929982,1015826,515297,729737,1094037,1408626,1434243,1600462,1772001,1697109,1790334,1910033,42919850,2184606,2121903,2066682,2016661,1962279,1914937,1872440,1825317,1784842,
PIC_v2,4381998687,65156410,4316842277,13855619648,3543788605,137554911,195243153,372503,291445,5521640,5991231,5994544,11999913,18006954,18006454,18008328,18008594,18008783,18008470,8518144,7332411,8055193,21452825,24982037,24986022,24954287,24985715,24989310,24987209,30748,9884,8154,30913,48789,48830,48734,48788,48818,48845,444,17185,24028,456,41564,41540,41597,41560,41557,41514,512233,3152388,3441694,4338837,8951424,8952401,8950632,8952285,8952743,8951773,4294391249,928414,1013347,2396785,3018532,3019359,3016784,3019374,3019446,3018987,429099176,773906548,1049810306,1270712741,1448357207,1590472975,1704165236,1795119375,1867882778,1926093306,384790,993514,1497480,2177341,2845579,3380335,432304354,776444087,1051755888,1272005237,
EWMA,24872928,18666271,6206657,12781433,4244701,59940876,82024085,156405,142020,5991007,5993428,5993919,5994591,5994659,5994252,5994634,5995031,5994342,5995013,7352828,8073183,9489356,7341120,8047815,9469678,7349276,8073098,9472971,7354760,9862,8229,30683,9887,8139,30853,9882,8198,30796,9876,17169,23976,442,17171,24040,452,17192,24038,443,17097,3159602,2815474,1266103,2047542,2143659,875226,1810608,2007891,779269,1760897,930329,829387,751738,527305,586174,605677,441857,536733,574150,423307,631920,1068630,1108124,1296007,1465537,1347474,1440100,1553658,1398780,1471203,186065,314729,402130,427165,458966,488308,479017,490560,507278,490483,
SW,24143049,18180996,5962053,12740112,4327664,59924853,82032213,156488,141901,5994660,5992987,5992890,5993276,5992883,5991924,5992245,5991563,5990877,5991548,7359985,8074534,9477761,7349625,8073727,9469868,7346778,8068135,9474871,7336929,9862,8233,30709,9880,8223,30766,9908,8190,30804,9913,17236,23918,440,17216,23956,440,17151,23950,444,17150,3162175,1019684,104455,1729052,2496605,1381100,2206096,2494796,1384293,2202740,931169,216137,338241,434284,686069,734822,600409,686268,735556,599098,2427841,2226052,1428771,951064,951064,951064,951064,951064,951064,951064,798774,726830,495182,329554,329554,329554,329554,329554,329554,329554,
AFC,24623084,18546305,6076779,12277888,4094490,59771813,82393926,155002,148237,5823235,5990212,5994733,5995078,5994534,5994877,5995368,5994158,5994721,5994897,7815555,9356622,7352066,8078003,9485321,7340982,8057960,9471079,7353357,8082981,7811,31365,9879,8218,30717,9878,8169,30864,9865,8236,23336,1017,17082,23853,443,17138,23948,450,17107,23863,2385763,1906794,2395608,2359418,989685,1882506,2048025,812848,1776798,1988860,655002,923269,640861,656107,647115,464137,549436,583109,428795,528948,477152,763080,1089585,1343551,1272778,1394723,1525383,1382876,1461660,1567100,131000,289453,359734,419008,464629,464531,481512,501831,487224,495568,
AMBP,20967104,15184059,5783045,584271674,149546594,83484452,120149289,226017,166467,5510060,5989843,5995004,5994121,5994847,5994885,5994454,5994614,18007972,18008652,8500562,7331797,8053985,9464763,7347886,8080837,9478806,7352297,29589421,24948935,30640,9910,8143,30841,9918,8222,30760,9880,38889,48814,443,17118,23977,454,17142,23853,441,17123,24317,41599,600618,3031469,2739157,1230844,2023535,2138072,855091,855091,855091,855091,461234,835687,772902,716771,508552,577606,598747,437182,437182,437182,120203,702456,1109796,1134005,1311911,1477143,144604040,144604040,144604040,144604040,92326,240998,347378,421256,438715,466493,492943,49015495,49015495,49015495,
PIC,40839910,31551520,9288390,4253950300,4282892370,168067734,236774945,438909,373669,5991344,18007226,18008921,18008533,18008662,18008714,18008522,18008581,18008619,18008612,7339343,29548863,24999676,24990946,25010348,24945499,24991331,24992120,24994052,24962767,9850,38903,48734,48741,48772,48760,48795,48762,48749,48843,17205,24465,41477,41448,41463,41548,41554,41525,41481,41503,3155152,3155152,3155152,3155152,3155152,3155152,3155152,3155152,3155152,3155152,928839,928839,928839,928839,928839,928839,928839,928839,928839,928839,425395030,425395030,425395030,425395030,425395030,425395030,425395030,425395030,425395030,425395030,428289237,428289237,428289237,428289237,428289237,428289237,428289237,428289237,428289237,428289237,
end--> Completion message received. Exiting.
