--> Waiting for autoboot prompt...
NOTICE:  BL31: v2.9(release):8a3945e
NOTICE:  BL31: Built : 17:27:52, May  1 2024


U-Boot 2022.10 (May 01 2024 - 17:26:49 -0300)

DRAM:  7.1 GiB
RPI 4 Model B (0xd03115)
Core:  202 devices, 16 uclasses, devicetree: board
MMC:   mmcnr@7e300000: 1, emmc2@7e340000: 0
Loading Environment from FAT... ** No partition table - mmc 0 **
In:    serial
Out:   serial
Err:   serial
Net:   eth0: ethernet@7d580000
PCIe BRCM: link up, 5.0 Gbps x1 (SSC)
starting USB...
Bus xhci_pci: Register 5000420 NbrPorts 5
Starting the controller
USB XHCI 1.00
scanning bus xhci_pci for devices... 2 USB Device(s) found
       scanning usb for storage devices... 0 Storage Device(s) found
Hit any key to stop autoboot:--> Autoboot stopped. Waiting for U-Boot prompt...
 0 
U-Boot>--> Benchmark command sent. Waiting for completion...
fatload mmc 0 0x200000 bao-133.bin; go 0x200000
1417216 bytes read in 104 ms (13 MiB/s)
## Starting application at 0x00200000 ...
BENCH_ARRAY_INDEX 132
budget_function,PMU_counter_used_budget,PMU_counter_used_budget_r,PMU_counter_used_budget_w,total_calc_r,total_calc_w,used_budget_read[0],used_budget_read[1],used_budget_read[2],used_budget_read[3],used_budget_read[4],used_budget_read[5],used_budget_read[6],used_budget_read[7],used_budget_read[8],used_budget_read[9],used_budget_write[0],used_budget_write[1],used_budget_write[2],used_budget_write[3],used_budget_write[4],used_budget_write[5],used_budget_write[6],used_budget_write[7],used_budget_write[8],used_budget_write[9],calculated_read[0],calculated_read[1],calculated_read[2],calculated_read[3],calculated_read[4],calculated_read[5],calculated_read[6],calculated_read[7],calculated_read[8],calculated_read[9],calculated_write[0],calculated_write[1],calculated_write[2],calculated_write[3],calculated_write[4],calculated_write[5],calculated_write[6],calculated_write[7],calculated_write[8],calculated_write[9],
got dijkstra_wrapper (1056)
got sha_wrapper (1057)
EWMA,21314613,13166110,8148503,8934464,5515091,1879038,1750786,1478441,1313157,1213945,1154278,1118722,1097113,1084151,1076479,1076082,1108511,931551,824171,759719,720948,697905,683816,675383,670417,375807,650802,816329,915694,975344,1011130,1032648,1045541,1053263,1057906,215216,393875,501410,565962,604713,627960,641949,650322,655334,658350,
SW,20825468,12836001,7989467,9143072,5692369,2129638,391042,579632,1095753,1440208,1440309,1439956,1439886,1439747,1439830,1325740,245002,360284,681710,896254,896366,896087,896059,895946,896019,1738176,1549796,1033437,688809,688809,688809,688809,688809,688809,688809,1080411,965290,643675,428999,428999,428999,428999,428999,428999,428999,
AFC,21000937,12943141,8057796,8714319,5424961,1430841,1842658,1532593,1345550,1233309,1166011,1125615,1101506,1086902,1078156,890089,1147154,954313,837789,767882,725968,700809,685825,676710,671257,286168,597466,784491,896702,964023,1004420,1028659,1043228,1051962,1057200,178017,371844,488337,558227,600158,625320,640417,649498,654940,658203,
AMBP,20642576,12725215,7917361,8499305,5287667,993590,1930642,1585426,1377385,1252563,1177651,1132711,1105823,1089572,1079852,614989,1202062,987033,857410,779636,732959,704958,688204,678085,672025,198798,545166,753218,878051,952953,997892,1024855,1041048,1050752,1056572,123077,338874,468505,546286,592956,620956,637756,647845,653893,657519,
PIC,16394090,10121820,6272270,4281808910,4286813330,1012182,1012182,1012182,1012182,1012182,1012182,1012182,1012182,1012182,1012182,627227,627227,627227,627227,627227,627227,627227,627227,627227,627227,428180891,428180891,428180891,428180891,428180891,428180891,428180891,428180891,428180891,428180891,428681333,428681333,428681333,428681333,428681333,428681333,428681333,428681333,428681333,428681333,
end--> Completion message received. Exiting.
