--> Waiting for autoboot prompt...
NOTICE:  BL31: v2.9(release):8a3945e
NOTICE:  BL31: Built : 17:27:52, May  1 2024


U-Boot 2022.10 (May 01 2024 - 17:26:49 -0300)

DRAM:  7.1 GiB
RPI 4 Model B (0xd03115)
Core:  202 devices, 16 uclasses, devicetree: board
MMC:   mmcnr@7e300000: 1, emmc2@7e340000: 0
Loading Environment from FAT... ** No partition table - mmc 0 **
In:    serial
Out:   serial
Err:   serial
Net:   eth0: ethernet@7d580000
PCIe BRCM: link up, 5.0 Gbps x1 (SSC)
starting USB...
Bus xhci_pci: Register 5000420 NbrPorts 5
Starting the controller
USB XHCI 1.00
scanning bus xhci_pci for devices... 2 USB Device(s) found
       scanning usb for storage devices... 0 Storage Device(s) found
Hit any key to stop autoboot:--> Autoboot stopped. Waiting for U-Boot prompt...
 0 
U-Boot>--> Benchmark command sent. Waiting for completion...
fatload mmc 0 0x200000 bao-99.bin; go 0x200000
1441792 bytes read in 106 ms (13 MiB/s)
## Starting application at 0x00200000 ...
BENCH_ARRAY_INDEX 98
budget_function,PMU_counter_used_budget,PMU_counter_used_budget_r,PMU_counter_used_budget_w,total_calc_r,total_calc_w,total_cycles,total_instructions,total_cache_misses,total_mispredicts,cycles[0],cycles[1],cycles[2],cycles[3],cycles[4],cycles[5],cycles[6],cycles[7],cycles[8],cycles[9],instructions[0],instructions[1],instructions[2],instructions[3],instructions[4],instructions[5],instructions[6],instructions[7],instructions[8],instructions[9],cache_misses[0],cache_misses[1],cache_misses[2],cache_misses[3],cache_misses[4],cache_misses[5],cache_misses[6],cache_misses[7],cache_misses[8],cache_misses[9],mispredicts[0],mispredicts[1],mispredicts[2],mispredicts[3],mispredicts[4],mispredicts[5],mispredicts[6],mispredicts[7],mispredicts[8],mispredicts[9],used_budget_read[0],used_budget_read[1],used_budget_read[2],used_budget_read[3],used_budget_read[4],used_budget_read[5],used_budget_read[6],used_budget_read[7],used_budget_read[8],used_budget_read[9],used_budget_write[0],used_budget_write[1],used_budget_write[2],used_budget_write[3],used_budget_write[4],used_budget_write[5],used_budget_write[6],used_budget_write[7],used_budget_write[8],used_budget_write[9],calculated_read[0],calculated_read[1],calculated_read[2],calculated_read[3],calculated_read[4],calculated_read[5],calculated_read[6],calculated_read[7],calculated_read[8],calculated_read[9],calculated_write[0],calculated_write[1],calculated_write[2],calculated_write[3],calculated_write[4],calculated_write[5],calculated_write[6],calculated_write[7],calculated_write[8],calculated_write[9],
got dijkstra_wrapper (784)
got disparity_wrapper (785)
EWMA_v2,40517098,35596539,4920559,23145569,3036275,59967819,78469884,498299,42280,6023264,5987573,5993501,5994080,5994593,5994932,5994931,5994965,5994950,5995030,7214569,7615461,7658775,7786011,7770775,7718901,7776842,7819173,9887428,7221949,43961,50226,54081,51935,54006,55562,57522,57613,28853,44540,8886,5133,3725,3424,3086,2848,2534,2507,1289,8848,3471882,3647602,3656055,3709346,3699569,3671619,3693270,3710226,2860071,3476899,459103,450294,442119,448100,437537,447885,445427,442209,888993,458892,694376,1285021,1759227,2149250,2459313,2701774,2900073,3062103,3021696,3112736,91820,163514,219235,265008,299513,329187,352435,370389,474109,471065,
SW_v2,37448095,32815784,4632311,30359420,4422801,59684103,78345888,507136,38285,5738515,5991370,5994127,5994475,5994256,5994344,5994156,5994297,5994522,5994041,7296642,7661053,7763193,7694512,7753317,7779196,7794638,9770379,7209793,7623165,50217,52907,53985,58445,57943,55858,55290,27979,44074,50438,4704,3934,3316,3168,2855,2530,2509,1399,8783,5087,630249,3658619,3698323,3663496,3685724,3695010,3700478,2961263,3471224,3651398,201982,452037,437892,449169,445542,445400,444716,846926,457790,450857,630249,2144434,2662397,3673479,3682514,3681410,3693737,3452250,3377655,3361295,201982,327010,363970,446366,444201,446704,445219,579014,583144,585191,
AFC_v2,37131497,32596693,4534804,20260359,2805083,59800326,78583798,505466,36954,5849070,5991861,5994752,5994883,5995254,5995194,5994631,5995180,5994369,5995132,7445305,7823512,7684624,7763074,7772462,7805142,9844663,7212863,7614787,7617366,56756,50614,55726,55150,55476,54628,27572,44151,50263,55130,3647,3434,3079,2864,2532,2514,1340,8774,5075,3695,441638,3727945,3658832,3691530,3692003,3705860,2923184,3472218,3647161,3636322,96377,443715,444438,446304,445170,445341,865419,457892,450091,440057,88327,816250,1384766,1846118,2215295,2513408,2595363,2770734,2946019,3084079,19275,104163,172218,227035,270662,305597,417561,425627,430519,432426,
LR_v2,62023660,54154957,7868703,55892812,8097986,95994157,127460451,792098,57673,6006150,5991962,12001054,12000902,12000963,12000916,12000951,12001241,5994831,5995187,7800081,7729763,15562507,17761919,14853842,15455773,15530779,15620025,9926749,7219013,49051,54260,110037,81338,99318,108388,106523,111553,27519,44111,3436,3060,5416,3773,13821,7136,5939,5069,1222,8801,882768,3680214,7398015,6578652,7131164,7370873,7391243,7418482,2827835,3475711,266013,436838,895118,1337621,908938,890214,883528,892963,898901,458569,1324152,5078937,9256915,6168971,7407420,7490727,7401428,7432101,532512,3799649,399019,522250,1124258,1558872,694597,880852,880185,897680,901870,238403,
AMBP_v2,37102359,32195733,4906626,15194478,2336120,59897297,78722184,502260,38258,5945965,5991931,5994894,5994797,5995230,5994946,5995132,5994671,5995134,5994597,7561233,7642909,7816632,7688663,7719094,7782217,7804795,9865444,7216755,7624442,49355,55442,49429,54479,55570,55963,55257,28066,45906,52793,5015,3712,3437,3055,2859,2537,2511,1309,8766,5057,71080,3648598,3724255,3660937,3671592,3696130,3705209,2893682,3473513,3650737,458328,441797,448961,435965,447380,445572,443602,876323,458222,450476,12866,666010,1149893,1486890,1731447,1911944,2043537,1992209,2059622,2140060,82570,138973,180873,208701,230792,246373,257236,342947,329401,318254,
PIC_v2,112019018,98215172,13803846,13879819921,13827442315,168034971,221926483,1414751,103013,5956003,18006469,18008215,18009436,18009084,18008880,18009359,18009308,18008813,18009404,7568659,23306749,25553315,22528480,23296496,25590629,22556744,23357573,25627527,22540311,54083,161695,143747,147229,161458,139277,154085,163033,138407,151737,3689,9369,6319,17479,9344,6276,17460,9362,6249,17466,1723261,11097130,10284453,10797408,11092394,10255874,10808229,11119301,10235206,10801916,369362,1334304,1780693,1350812,1331430,1795229,1351657,1332051,1807112,1351196,429341381,775689260,1052605028,1274240233,1451607394,1593333819,1706825430,1797680933,1870188517,1928307926,429070602,773520072,1049168925,1269602032,1445944641,1587111488,1699956251,1790228140,1862540664,1920299500,
EWMA,25504267,22513516,2990751,15211826,2096713,59944620,78866250,508972,35875,5991771,5993831,5994568,5995259,5995105,5994699,5994891,5994639,5994905,5994952,7798133,7795197,9760610,7220299,7627823,7641372,7775414,7742545,7726740,7778117,54528,56911,28955,45463,52015,52979,50220,54501,56790,56610,2550,2510,1394,8809,5032,3700,3418,3062,2863,2537,3703547,2959421,1777516,2172606,2175295,2031000,2004753,1925193,1881202,1882983,446458,355333,702677,204043,206253,203909,217182,208604,224811,221481,740709,1184451,1303064,1476972,1616636,1699508,1760557,1793484,1811027,1825418,89291,142499,254534,244435,236798,230220,227612,223810,224010,223504,
SW,25036129,20620403,4415726,16292336,5131980,59935695,78447773,496167,41841,5994681,5993180,5994095,5994087,5993840,5993663,5993480,5993249,5992853,5992567,7217078,7626050,7642637,7769723,7750050,7722346,7800235,7818423,9882864,7218367,44225,50257,54350,49510,54434,56489,55030,57492,28792,45588,8724,5034,3700,3413,3066,2865,2538,2504,1274,8723,3473712,922496,1212923,1832076,2367133,2350799,2382617,2387279,1539506,2151862,458339,458339,458339,458339,458339,458339,458339,458339,374507,374507,2729969,2435171,1869710,1322498,1322498,1322498,1322498,1322498,1322498,1322498,513198,513198,513198,513198,513198,513198,513198,513198,513198,513198,
AFC,24216665,21167220,3049445,15917575,2086019,59945178,78846821,510979,36834,5991789,5994416,5994838,5994714,5994928,5995036,5994574,5995419,5994586,5994878,7636733,7807651,7730012,7724140,7782715,7820290,9864480,7210321,7619329,7651150,55817,50963,57540,57916,56407,55595,27098,43648,50513,55482,3705,3428,3063,2858,2539,2507,1286,8669,5074,3705,3184241,2713377,2331980,2128891,2035087,1975478,1090935,1825777,1968077,1913377,441390,360115,294188,275283,252089,237601,669940,154496,177004,187339,1005846,1347352,1544277,1661199,1735976,1783876,1645288,1681385,1738723,1773653,88278,142645,172953,193419,205153,211642,303301,273540,254233,240855,
AMBP,21596216,18782014,2814202,822680516,115264876,95893513,131889813,754847,48845,5902791,5990985,5994726,5994682,5994969,5994452,5994823,18008833,18009221,18008031,7685707,7696777,7734582,7737510,7790321,9837989,7214935,23088941,23356591,29746460,51446,56485,54776,54451,55551,27914,44249,158306,168777,82892,3372,3083,2861,2518,2513,1338,8754,12184,8477,3745,1886394,3288638,2718808,2364240,2176379,1269511,1269511,1269511,1269511,1269511,200997,398353,334738,287045,261929,666192,166237,166237,166237,166237,377358,959614,1311452,1522009,1652883,163371440,163371440,163371440,163371440,163371440,40279,111893,156462,182578,198448,291996,28570805,28570805,28570805,28570805,
PIC,40929020,36524100,4404920,4247485950,4289240880,168073397,225905928,1361222,99782,5992156,18008504,18008194,18009382,18009470,18008828,18009497,18008834,18008835,18009697,7660748,23329433,29370124,22553068,23333798,25612635,22549373,23357479,25596064,22543206,55458,160236,87325,153460,161981,139642,149552,165365,139556,148647,3315,8577,3963,17591,9350,6259,17557,9363,6253,17554,3652410,3652410,3652410,3652410,3652410,3652410,3652410,3652410,3652410,3652410,440492,440492,440492,440492,440492,440492,440492,440492,440492,440492,424748595,424748595,424748595,424748595,424748595,424748595,424748595,424748595,424748595,424748595,428924088,428924088,428924088,428924088,428924088,428924088,428924088,428924088,428924088,428924088,
end--> Completion message received. Exiting.
