--> Waiting for autoboot prompt...
NOTICE:  BL31: v2.9(release):8a3945e
NOTICE:  BL31: Built : 17:27:52, May  1 2024


U-Boot 2022.10 (May 01 2024 - 17:26:49 -0300)

DRAM:  7.1 GiB
RPI 4 Model B (0xd03115)
Core:  202 devices, 16 uclasses, devicetree: board
MMC:   mmcnr@7e300000: 1, emmc2@7e340000: 0
Loading Environment from FAT... ** No partition table - mmc 0 **
In:    serial
Out:   serial
Err:   serial
Net:   eth0: ethernet@7d580000
PCIe BRCM: link up, 5.0 Gbps x1 (SSC)
starting USB...
Bus xhci_pci: Register 5000420 NbrPorts 5
Starting the controller
USB XHCI 1.00
scanning bus xhci_pci for devices... 2 USB Device(s) found
       scanning usb for storage devices... 0 Storage Device(s) found
Hit any key to stop autoboot:--> Autoboot stopped. Waiting for U-Boot prompt...
 0 
U-Boot>--> Benchmark command sent. Waiting for completion...
fatload mmc 0 0x200000 bao-132.bin; go 0x200000
1437696 bytes read in 105 ms (13.1 MiB/s)
## Starting application at 0x00200000 ...
BENCH_ARRAY_INDEX 131
budget_function,PMU_counter_used_budget,PMU_counter_used_budget_r,PMU_counter_used_budget_w,total_calc_r,total_calc_w,total_cycles,total_instructions,total_cache_misses,total_mispredicts,cycles[0],cycles[1],cycles[2],cycles[3],cycles[4],cycles[5],cycles[6],cycles[7],cycles[8],cycles[9],instructions[0],instructions[1],instructions[2],instructions[3],instructions[4],instructions[5],instructions[6],instructions[7],instructions[8],instructions[9],cache_misses[0],cache_misses[1],cache_misses[2],cache_misses[3],cache_misses[4],cache_misses[5],cache_misses[6],cache_misses[7],cache_misses[8],cache_misses[9],mispredicts[0],mispredicts[1],mispredicts[2],mispredicts[3],mispredicts[4],mispredicts[5],mispredicts[6],mispredicts[7],mispredicts[8],mispredicts[9],used_budget_read[0],used_budget_read[1],used_budget_read[2],used_budget_read[3],used_budget_read[4],used_budget_read[5],used_budget_read[6],used_budget_read[7],used_budget_read[8],used_budget_read[9],used_budget_write[0],used_budget_write[1],used_budget_write[2],used_budget_write[3],used_budget_write[4],used_budget_write[5],used_budget_write[6],used_budget_write[7],used_budget_write[8],used_budget_write[9],calculated_read[0],calculated_read[1],calculated_read[2],calculated_read[3],calculated_read[4],calculated_read[5],calculated_read[6],calculated_read[7],calculated_read[8],calculated_read[9],calculated_write[0],calculated_write[1],calculated_write[2],calculated_write[3],calculated_write[4],calculated_write[5],calculated_write[6],calculated_write[7],calculated_write[8],calculated_write[9],
got dijkstra_wrapper (1048)
got sha_wrapper (1049)
EWMA_v2,34530275,21283310,13246965,13683155,8516676,59963376,118300779,391,5865,6023970,5983618,5993474,5994731,5994061,5994572,5995057,5993997,5994852,5995044,11832185,11806944,11831270,11832753,11831035,11833705,11833921,11830771,11834085,11834110,150,31,27,26,26,26,26,27,26,26,712,599,568,580,562,565,572,575,573,559,2129430,2124464,2128436,2128710,2128379,2128841,2128895,2128366,2128912,2128877,1326041,1322066,1324712,1324881,1324657,1324966,1325001,1324634,1325021,1324986,425886,765601,1038168,1256276,1430696,1570325,1682039,1771304,1842825,1900035,265208,476579,646205,781940,890483,977379,1046903,1102449,1146963,1182567,
SW_v2,38301265,23445484,14855781,19916071,12642226,71395522,141170686,312,5689,5434576,5991362,5994180,5994055,5994284,5995398,5996175,5996562,11999559,11999371,10706221,11826028,11832450,11831407,11832812,11835219,11836282,11837746,23816208,23816313,66,36,27,26,26,26,26,26,27,26,587,578,571,558,572,567,560,557,563,576,291106,2127587,2128644,2128429,2128710,2129095,2129242,2129495,4126554,4126622,267344,1324171,1324840,1324705,1324880,1325130,1325231,1325425,2657001,2657054,291106,1209347,1515779,2128220,2128594,2128745,2129016,2129277,2795097,3460890,267344,795758,972118,1324572,1324808,1324905,1325080,1325262,1769219,2213160,
AFC_v2,32659626,20053825,12605801,12585620,7943867,65891252,130204640,310,5613,11943379,5991801,5994682,5992665,5994722,5994830,5994652,5994724,5994804,5994993,23700987,11828150,11835287,11829583,11835320,11835694,11834232,11835230,11835604,11834553,55,41,27,27,26,27,27,26,27,27,561,575,558,555,571,554,556,572,556,555,896542,2127835,2128828,2127863,2128860,2128881,2128624,2128849,2128861,2128682,681116,1324375,1325146,1324501,1325143,1325178,1324991,1325142,1325170,1325039,179308,569013,880976,1130353,1330054,1489819,1617580,1719833,1801638,1867046,136223,373853,564111,716189,837979,935418,1013332,1075694,1125589,1165479,
LR_v2,81767117,49525306,32241811,52587924,34236725,149695324,297415287,319,5693,5651784,5992086,12001640,18007050,18007534,18007640,18008332,18004701,18006550,18008007,11138341,11829959,23818516,35802606,35805523,35804687,35806488,35801305,35801981,35805881,62,31,31,29,27,26,29,27,28,29,572,556,560,577,591,575,578,565,561,558,395848,2127924,4126671,6124758,6125280,6125093,6125408,6124483,6124603,6125238,332428,1324536,2657263,3989491,3989868,3989723,3989936,3989330,3989406,3989830,593772,2993962,5126044,7123801,6125541,6125000,6125565,6124021,6124663,6125555,498642,1820590,3323626,4655605,3990056,3989651,3990042,3989027,3989444,3990042,
AMBP_v2,31285121,19229062,12056059,9024250,5670971,71423920,141242019,307,5599,17475296,5991757,5994718,5994843,5994753,5994747,5994070,5994787,5994724,5994225,34737116,11828884,11835447,11833410,11835705,11835640,11831525,11835525,11835645,11833122,61,38,26,26,26,26,26,26,26,26,580,559,560,559,557,552,559,554,562,557,71773,2127779,2128861,2128503,2128887,2128872,2128206,2128854,2128887,2128440,131247,1324450,1325177,1324926,1325179,1325168,1324715,1325164,1325171,1324862,12990,392352,665687,862425,1004145,1106181,1179527,1232452,1270565,1297926,23696,255461,422463,542659,629246,691587,736390,768729,792015,808725,
PIC_v2,92591955,56033499,36558456,13853572599,13841520575,167538496,333038516,284,5651,5471046,18005372,18007651,18007518,18008017,18007627,18007618,18007703,18008025,18007919,10776043,35802110,35807200,35806695,35808114,35807976,35806284,35808120,35808243,35807731,62,29,25,24,24,24,24,24,24,24,560,565,580,564,560,572,562,559,560,569,904561,6124629,6125538,6125401,6125614,6125619,6125322,6125605,6125637,6125573,648909,3989409,3990021,3989923,3990078,3990050,3989871,3990081,3990089,3990025,429177641,774563768,1050872851,1271920090,1448757924,1590228192,1703404347,1793945328,1866378119,1924324339,429126511,774095820,1050071389,1270851825,1447476205,1588775703,1701815266,1792246958,1864592313,1922468585,
EWMA,21557411,13286828,8270583,9055423,5636675,59944139,118330126,262,5573,5991881,5995221,5993264,5994750,5996043,5993392,5994825,5996372,5993515,5994876,11829310,11833984,11829991,11835601,11835454,11829603,11835665,11835325,11829493,11835700,27,26,27,26,26,26,26,26,26,26,562,558,556,555,552,561,557,553,560,559,2127832,1703029,1446885,1294641,1202533,1146323,1114371,1094337,1081417,1075460,1324496,1060094,900619,805878,748538,713500,693688,681208,673102,669460,425566,681058,834223,926306,981551,1014505,1034478,1046449,1053442,1057845,264899,423938,519274,576594,610982,631485,643925,651381,655725,658472,
SW,20840949,12845366,7995583,9118767,5676178,59926295,118307554,261,5567,5994298,5993258,5993201,5993048,5992843,5992657,5992086,5991733,5991601,5991570,11834589,11832560,11829972,11832105,11831658,11829985,11830175,11829349,11827684,11829477,26,26,27,26,26,26,26,26,26,26,555,555,562,555,558,554,563,556,554,555,2128689,357991,589896,1102756,1444666,1444370,1444447,1444278,1443977,1444296,1325056,223073,367080,686377,899237,899016,899063,898960,898743,898978,1770369,1538037,1025525,683548,683548,683548,683548,683548,683548,683548,1101762,957443,638403,425510,425510,425510,425510,425510,425510,425510,
AFC,20904786,12886094,8018692,8660711,5388546,59608328,117666139,311,5594,5658770,5991292,5994928,5994634,5994871,5994573,5994805,5994780,5994880,5994795,11158634,11827983,11834308,11835269,11835561,11834096,11835564,11835455,11833739,11835530,62,40,27,26,26,26,26,26,26,26,556,559,555,557,566,561,553,570,557,560,1332691,1861075,1543203,1351838,1236934,1167668,1126557,1101732,1086477,1077919,824644,1159400,961196,841840,770177,726938,701343,685837,676313,671004,266538,585445,776996,891964,960958,1002300,1027151,1042067,1050949,1056343,164928,363822,483296,555004,598038,623818,639323,648625,654162,657530,
AMBP,20539493,12661946,7877547,8440710,5250162,59398608,117243946,310,5590,5451327,5990619,5995119,5994724,5994683,5993798,5994747,5994728,5994160,5994703,10743427,11826550,11832882,11835415,11835379,11831565,11835503,11835469,11832031,11835725,61,40,27,26,26,26,26,26,26,26,568,572,556,560,556,559,556,554,557,552,890728,1949182,1595993,1383720,1255976,1178728,1133522,1105879,1088716,1079502,546488,1214804,994394,861907,782155,733894,705729,688465,677709,672002,178225,532416,745131,872848,949473,995324,1022963,1039546,1049380,1055404,109377,330462,463248,542979,590814,619430,636689,647044,653177,656942,
PIC,14680810,9092650,5588160,4283146830,4287702670,167571674,333113187,273,5603,5504018,18004765,18007653,18007791,18007792,18008042,18007819,18008013,18007906,18007875,10849015,35801685,35807467,35807765,35807881,35808080,35808180,35808325,35807472,35807317,60,28,24,23,23,23,23,23,23,23,566,561,561,565,558,559,559,558,560,556,909265,909265,909265,909265,909265,909265,909265,909265,909265,909265,558816,558816,558816,558816,558816,558816,558816,558816,558816,558816,428314683,428314683,428314683,428314683,428314683,428314683,428314683,428314683,428314683,428314683,428770267,428770267,428770267,428770267,428770267,428770267,428770267,428770267,428770267,428770267,
end--> Completion message received. Exiting.
