--> Waiting for autoboot prompt...
NOTICE:  BL31: v2.9(release):8a3945e
NOTICE:  BL31: Built : 17:27:52, May  1 2024


U-Boot 2022.10 (May 01 2024 - 17:26:49 -0300)

DRAM:  7.1 GiB
RPI 4 Model B (0xd03115)
Core:  202 devices, 16 uclasses, devicetree: board
MMC:   mmcnr@7e300000: 1, emmc2@7e340000: 0
Loading Environment from FAT... ** No partition table - mmc 0 **
In:    serial
Out:   serial
Err:   serial
Net:   eth0: ethernet@7d580000
PCIe BRCM: link up, 5.0 Gbps x1 (SSC)
starting USB...
Bus xhci_pci: Register 5000420 NbrPorts 5
Starting the controller
USB XHCI 1.00
scanning bus xhci_pci for devices... 2 USB Device(s) found
       scanning usb for storage devices... 0 Storage Device(s) found
Hit any key to stop autoboot:--> Autoboot stopped. Waiting for U-Boot prompt...
 0 
U-Boot>--> Benchmark command sent. Waiting for completion...
fatload mmc 0 0x200000 bao-16.bin; go 0x200000
1421312 bytes read in 104 ms (13 MiB/s)
## Starting application at 0x00200000 ...
BENCH_ARRAY_INDEX 15
budget_function,PMU_counter_used_budget,PMU_counter_used_budget_r,PMU_counter_used_budget_w,total_calc_r,total_calc_w,used_budget_read[0],used_budget_read[1],used_budget_read[2],used_budget_read[3],used_budget_read[4],used_budget_read[5],used_budget_read[6],used_budget_read[7],used_budget_read[8],used_budget_read[9],used_budget_write[0],used_budget_write[1],used_budget_write[2],used_budget_write[3],used_budget_write[4],used_budget_write[5],used_budget_write[6],used_budget_write[7],used_budget_write[8],used_budget_write[9],calculated_read[0],calculated_read[1],calculated_read[2],calculated_read[3],calculated_read[4],calculated_read[5],calculated_read[6],calculated_read[7],calculated_read[8],calculated_read[9],calculated_write[0],calculated_write[1],calculated_write[2],calculated_write[3],calculated_write[4],calculated_write[5],calculated_write[6],calculated_write[7],calculated_write[8],calculated_write[9],
got bandwidth_wrapper (120)
got disparity_wrapper (121)
EWMA,17588356,15274894,2313462,10327495,1539256,2068908,1963312,1802070,1430832,1469389,1464026,1266399,1259098,1310432,1240428,161895,348436,298307,234141,244617,223717,203960,198238,198132,202019,413781,723687,939363,1037656,1124002,1192006,1206884,1217326,1235947,1236843,32379,95590,136133,155734,173510,183551,187632,189753,191428,193546,
SW,20350288,18051049,2299239,10745470,1801836,2467555,2467555,23108,347441,1188051,3068260,1873788,1620055,3106670,1888566,384166,137725,93979,176204,200278,308637,243023,207908,297775,249544,2323676,2323676,2034885,946035,519533,519533,519533,519533,519533,519533,324165,320598,205290,135969,135969,135969,135969,135969,135969,135969,
AFC,17549250,14948749,2600501,10167970,1807768,1643558,2259094,1855607,1163758,2508688,252540,821382,2420860,1182542,840720,213649,357408,292442,190382,269278,757810,58054,186829,157762,116887,328711,714787,942951,987112,1291427,1083650,1031197,1309129,1283812,1195194,42729,105664,143019,152491,175848,292240,245403,233689,218504,198181,
AMBP,17456881,15132649,2324232,253812530,39408934,2250775,2113101,1432617,1617987,1488731,1284081,1363784,1342035,1119769,1119769,228389,343461,251254,265946,236110,200959,208407,210634,189536,189536,450235,782808,912769,1053812,1140795,1169452,1208318,1235061,122929640,122929640,45757,105297,134488,160779,175845,180867,186375,191226,19114150,19114150,
PIC,29817450,25824820,3992630,4261395010,4289776860,2582482,2582482,2582482,2582482,2582482,2582482,2582482,2582482,2582482,2582482,399263,399263,399263,399263,399263,399263,399263,399263,399263,399263,426139501,426139501,426139501,426139501,426139501,426139501,426139501,426139501,426139501,426139501,428977686,428977686,428977686,428977686,428977686,428977686,428977686,428977686,428977686,428977686,
end--> Completion message received. Exiting.
