--> Waiting for autoboot prompt...
NOTICE:  BL31: v2.9(release):8a3945e
NOTICE:  BL31: Built : 17:27:52, May  1 2024


U-Boot 2022.10 (May 01 2024 - 17:26:49 -0300)

DRAM:  7.1 GiB
RPI 4 Model B (0xd03115)
Core:  202 devices, 16 uclasses, devicetree: board
MMC:   mmcnr@7e300000: 1, emmc2@7e340000: 0
Loading Environment from FAT... ** No partition table - mmc 0 **
In:    serial
Out:   serial
Err:   serial
Net:   eth0: ethernet@7d580000
PCIe BRCM: link up, 5.0 Gbps x1 (SSC)
starting USB...
Bus xhci_pci: Register 5000420 NbrPorts 5
Starting the controller
USB XHCI 1.00
scanning bus xhci_pci for devices... 2 USB Device(s) found
       scanning usb for storage devices... 0 Storage Device(s) found
Hit any key to stop autoboot:--> Autoboot stopped. Waiting for U-Boot prompt...
 0 
U-Boot>--> Benchmark command sent. Waiting for completion...
fatload mmc 0 0x200000 bao-138.bin; go 0x200000
1417216 bytes read in 105 ms (12.9 MiB/s)
## Starting application at 0x00200000 ...
BENCH_ARRAY_INDEX 137
budget_function,PMU_counter_used_budget,PMU_counter_used_budget_r,PMU_counter_used_budget_w,total_calc_r,total_calc_w,used_budget_read[0],used_budget_read[1],used_budget_read[2],used_budget_read[3],used_budget_read[4],used_budget_read[5],used_budget_read[6],used_budget_read[7],used_budget_read[8],used_budget_read[9],used_budget_write[0],used_budget_write[1],used_budget_write[2],used_budget_write[3],used_budget_write[4],used_budget_write[5],used_budget_write[6],used_budget_write[7],used_budget_write[8],used_budget_write[9],calculated_read[0],calculated_read[1],calculated_read[2],calculated_read[3],calculated_read[4],calculated_read[5],calculated_read[6],calculated_read[7],calculated_read[8],calculated_read[9],calculated_write[0],calculated_write[1],calculated_write[2],calculated_write[3],calculated_write[4],calculated_write[5],calculated_write[6],calculated_write[7],calculated_write[8],calculated_write[9],
got dijkstra_wrapper (1096)
got sorting_wrapper (1097)
EWMA,21167407,13318371,7849036,9037218,5309633,1901985,1769198,1494707,1328050,1228105,1167992,1131888,1110191,1097063,1089192,1025699,1068890,898621,795274,733270,695871,673355,659712,651591,646753,380397,658157,825467,925983,986407,1022724,1044556,1057683,1065559,1070285,205139,377889,482035,544682,582399,605093,618745,626938,631868,634845,
SW,20695699,12988991,7706708,9251619,5491348,2154868,395586,586473,1108882,1457470,1457371,1457271,1457112,1456938,1457020,1278806,237448,346958,657450,864547,864390,864309,864314,864171,864315,1759055,1568062,1045642,696980,696980,696980,696980,696980,696980,696980,1041167,931446,621071,413952,413952,413952,413952,413952,413952,413952,
AFC,20867755,13096228,7771527,8817474,5232270,1448002,1864608,1550407,1361500,1247942,1179700,1139078,1114428,1099696,1090867,858288,1106693,920233,808162,740668,700073,676010,661429,652572,647399,289600,604601,793762,907309,975435,1016288,1040846,1055562,1064388,1069683,171657,358664,470977,538414,578864,603105,617686,626434,631661,634808,
AMBP,20504016,12869329,7634687,8595348,5098312,1005827,1951816,1602680,1392802,1266586,1191068,1145766,1118505,1102106,1092173,591212,1159310,951803,827040,751912,707063,680097,663880,654152,648218,201245,551359,761623,887858,963603,1009096,1036430,1052845,1062697,1068592,118322,326519,451575,526668,571716,598785,615047,624813,630680,634187,
PIC,15693790,9893190,5800600,4282106130,4287426500,989319,989319,989319,989319,989319,989319,989319,989319,989319,989319,580060,580060,580060,580060,580060,580060,580060,580060,580060,580060,428210613,428210613,428210613,428210613,428210613,428210613,428210613,428210613,428210613,428210613,428742650,428742650,428742650,428742650,428742650,428742650,428742650,428742650,428742650,428742650,
end--> Completion message received. Exiting.
