--> Waiting for autoboot prompt...
NOTICE:  BL31: v2.9(release):8a3945e
NOTICE:  BL31: Built : 17:27:52, May  1 2024


U-Boot 2022.10 (May 01 2024 - 17:26:49 -0300)

DRAM:  7.1 GiB
RPI 4 Model B (0xd03115)
Core:  202 devices, 16 uclasses, devicetree: board
MMC:   mmcnr@7e300000: 1, emmc2@7e340000: 0
Loading Environment from FAT... ** No partition table - mmc 0 **
In:    serial
Out:   serial
Err:   serial
Net:   eth0: ethernet@7d580000
PCIe BRCM: link up, 5.0 Gbps x1 (SSC)
starting USB...
Bus xhci_pci: Register 5000420 NbrPorts 5
Starting the controller
USB XHCI 1.00
scanning bus xhci_pci for devices... 2 USB Device(s) found
       scanning usb for storage devices... 0 Storage Device(s) found
Hit any key to stop autoboot:--> Autoboot stopped. Waiting for U-Boot prompt...
 0 
U-Boot>--> Benchmark command sent. Waiting for completion...
fatload mmc 0 0x200000 bao-76.bin; go 0x200000
1421312 bytes read in 110 ms (12.3 MiB/s)
## Starting application at 0x00200000 ...
BENCH_ARRAY_INDEX 75
budget_function,PMU_counter_used_budget,PMU_counter_used_budget_r,PMU_counter_used_budget_w,total_calc_r,total_calc_w,used_budget_read[0],used_budget_read[1],used_budget_read[2],used_budget_read[3],used_budget_read[4],used_budget_read[5],used_budget_read[6],used_budget_read[7],used_budget_read[8],used_budget_read[9],used_budget_write[0],used_budget_write[1],used_budget_write[2],used_budget_write[3],used_budget_write[4],used_budget_write[5],used_budget_write[6],used_budget_write[7],used_budget_write[8],used_budget_write[9],calculated_read[0],calculated_read[1],calculated_read[2],calculated_read[3],calculated_read[4],calculated_read[5],calculated_read[6],calculated_read[7],calculated_read[8],calculated_read[9],calculated_write[0],calculated_write[1],calculated_write[2],calculated_write[3],calculated_write[4],calculated_write[5],calculated_write[6],calculated_write[7],calculated_write[8],calculated_write[9],
got dijkstra_wrapper (600)
got bandwidth_wrapper (601)
EWMA,14374079,8903572,5470507,5987625,3662069,1243263,1034800,1093756,970289,664885,872772,827707,584919,819844,791337,678323,652192,692968,611544,408528,547408,517580,355876,512535,493553,248652,405881,543456,628822,636034,683381,712246,686780,713392,728981,135664,238969,329768,386123,390604,421964,441087,424044,441742,452104,
SW,15561232,9729964,5831268,7678759,5414122,1515988,1899560,410792,1896254,417043,81665,712075,1100477,589014,1107096,942841,1255350,262504,1253161,266673,266673,344952,340733,276549,621832,1089508,1089508,1089508,1089508,908030,798321,403594,403594,403594,403594,669856,669856,669856,669856,594113,594113,594113,317453,317453,317453,
AFC,13970293,8650884,5319409,5756983,3525384,963161,1031931,1142772,998672,596807,899330,845279,519369,845787,807776,525934,643423,721499,627989,361687,564217,528738,311904,529612,504406,192632,360491,516947,613292,609995,667862,703345,666550,702397,723472,105186,212833,314566,377250,374138,412153,435470,410757,434528,448503,
AMBP,14368389,8864903,5503486,78856382,48981625,694064,1370404,1116440,917795,894253,841188,743029,802235,778722,706773,428747,852524,694063,568194,556358,523356,459339,499620,484452,436833,138892,385194,531443,608713,665821,700894,709321,727903,738066,73650135,85829,239168,330147,377756,413476,435452,440229,452107,458576,45748885,
PIC,25933400,15499810,10433590,4274817530,4281403610,1549981,1549981,1549981,1549981,1549981,1549981,1549981,1549981,1549981,1549981,1043359,1043359,1043359,1043359,1043359,1043359,1043359,1043359,1043359,1043359,427481753,427481753,427481753,427481753,427481753,427481753,427481753,427481753,427481753,427481753,428140361,428140361,428140361,428140361,428140361,428140361,428140361,428140361,428140361,428140361,
end--> Completion message received. Exiting.
