--> Waiting for autoboot prompt...
NOTICE:  BL31: v2.9(release):8a3945e
NOTICE:  BL31: Built : 17:27:52, May  1 2024


U-Boot 2022.10 (May 01 2024 - 17:26:49 -0300)

DRAM:  7.1 GiB
RPI 4 Model B (0xd03115)
Core:  202 devices, 16 uclasses, devicetree: board
MMC:   mmcnr@7e300000: 1, emmc2@7e340000: 0
Loading Environment from FAT... ** No partition table - mmc 0 **
In:    serial
Out:   serial
Err:   serial
Net:   eth0: ethernet@7d580000
PCIe BRCM: link up, 5.0 Gbps x1 (SSC)
starting USB...
Bus xhci_pci: Register 5000420 NbrPorts 5
Starting the controller
USB XHCI 1.00
scanning bus xhci_pci for devices... 2 USB Device(s) found
       scanning usb for storage devices... 0 Storage Device(s) found
Hit any key to stop autoboot:--> Autoboot stopped. Waiting for U-Boot prompt...
 0 
U-Boot>--> Benchmark command sent. Waiting for completion...
fatload mmc 0 0x200000 bao-144.bin; go 0x200000
1441792 bytes read in 106 ms (13 MiB/s)
## Starting application at 0x00200000 ...
BENCH_ARRAY_INDEX 143
budget_function,PMU_counter_used_budget,PMU_counter_used_budget_r,PMU_counter_used_budget_w,total_calc_r,total_calc_w,total_cycles,total_instructions,total_cache_misses,total_mispredicts,cycles[0],cycles[1],cycles[2],cycles[3],cycles[4],cycles[5],cycles[6],cycles[7],cycles[8],cycles[9],instructions[0],instructions[1],instructions[2],instructions[3],instructions[4],instructions[5],instructions[6],instructions[7],instructions[8],instructions[9],cache_misses[0],cache_misses[1],cache_misses[2],cache_misses[3],cache_misses[4],cache_misses[5],cache_misses[6],cache_misses[7],cache_misses[8],cache_misses[9],mispredicts[0],mispredicts[1],mispredicts[2],mispredicts[3],mispredicts[4],mispredicts[5],mispredicts[6],mispredicts[7],mispredicts[8],mispredicts[9],used_budget_read[0],used_budget_read[1],used_budget_read[2],used_budget_read[3],used_budget_read[4],used_budget_read[5],used_budget_read[6],used_budget_read[7],used_budget_read[8],used_budget_read[9],used_budget_write[0],used_budget_write[1],used_budget_write[2],used_budget_write[3],used_budget_write[4],used_budget_write[5],used_budget_write[6],used_budget_write[7],used_budget_write[8],used_budget_write[9],calculated_read[0],calculated_read[1],calculated_read[2],calculated_read[3],calculated_read[4],calculated_read[5],calculated_read[6],calculated_read[7],calculated_read[8],calculated_read[9],calculated_write[0],calculated_write[1],calculated_write[2],calculated_write[3],calculated_write[4],calculated_write[5],calculated_write[6],calculated_write[7],calculated_write[8],calculated_write[9],
got dijkstra_wrapper (1144)
got sorting_wrapper (1145)
EWMA_v2,34286133,21522183,12763950,13835743,8204558,59961065,116467977,209,29378,6021538,5985574,5993539,5994063,5994422,5994375,5994372,5994532,5994353,5994297,11619102,11611180,11636176,11647732,11654781,11657751,11661004,11662316,11658294,11659641,108,12,12,11,11,11,11,11,11,11,3936,3359,3140,2909,2769,2694,2621,2591,2701,2658,2151400,2148037,2151589,2152382,2152965,2153163,2153301,2153436,2152849,2153061,1275377,1273032,1275476,1276404,1276887,1277162,1277469,1277559,1277220,1277364,430280,773831,1049382,1269982,1446578,1587895,1700976,1791468,1863744,1921607,255075,458666,622028,752903,857699,941591,1008766,1062524,1105463,1139843,
SW_v2,31451436,19682759,11768677,18137637,10925578,59404362,115575665,131,25021,5454773,5990341,5993975,5993887,5993963,5994679,5994753,5995336,5996293,5996362,10575483,11652076,11662737,11664528,11664856,11667958,11669708,11671394,11673338,11673587,26,16,12,11,11,11,11,11,11,11,2658,2616,2556,2505,2494,2465,2437,2427,2435,2428,300809,2151641,2153216,2153275,2153324,2153739,2153884,2154080,2154371,2154420,267289,1276482,1277625,1277696,1277765,1278063,1278213,1278378,1278569,1278597,300809,1226225,1535222,2152711,2153272,2153446,2153649,2153901,2154112,2154290,267289,771886,940465,1277268,1277695,1277841,1278014,1278218,1278387,1278515,
AFC_v2,34417766,21451758,12966008,13770456,8382077,65409769,127609710,133,23956,11461904,5991723,5994122,5994524,5994361,5994702,5994600,5994532,5994584,5994717,22571675,11664717,11671199,11671418,11671224,11671293,11671902,11671570,11672615,11672097,28,11,12,12,12,11,12,12,12,11,2461,2407,2386,2392,2384,2397,2379,2386,2376,2388,2067389,2152875,2153822,2153890,2153914,2153957,2153982,2153902,2153993,2154034,1461877,1277555,1278267,1278304,1278280,1278290,1278329,1278364,1278372,1278370,413477,761356,1039849,1262657,1440908,1583517,1697610,1788868,1861893,1920321,292375,489411,647182,773406,874380,955162,1019795,1071508,1112880,1145978,
LR_v2,81443203,49679383,31763820,52754426,33735239,149550204,295508974,137,24284,5512405,5992014,11999670,18006047,18007112,18007181,18007264,18007987,18004702,18005822,10700032,11665509,23653499,35638854,35641706,35642930,35642903,35644052,35640014,35639475,26,13,14,12,12,12,12,12,12,12,2453,2407,2419,2450,2454,2435,2435,2423,2390,2418,322104,2152907,4151694,6150009,6150501,6150648,6150669,6150827,6149933,6150091,274684,1277712,2610377,3942735,3943072,3943204,3943192,3943261,3942741,3942842,483156,3068308,5151087,7149166,6150747,6150721,6150679,6150906,6149486,6150170,412026,1779226,3276709,4608914,3943240,3943270,3943186,3943295,3942481,3942892,
AMBP_v2,31103197,19463337,11639860,9134983,5476469,71442083,139645317,131,24059,17494211,5991259,5994473,5994514,5994606,5994488,5994671,5994516,5994654,5994691,34610871,11662464,11672077,11670878,11672040,11670084,11671854,11671917,11672027,11671105,26,16,12,11,11,11,11,11,11,11,2457,2439,2385,2409,2382,2422,2383,2385,2392,2405,78744,2152728,2153979,2153932,2153981,2153944,2153992,2154029,2154026,2153982,135838,1277385,1278351,1278262,1278386,1278237,1278380,1278365,1278352,1278304,14245,397746,674092,873054,1016315,1119456,1193726,1247207,1285713,1313429,24522,247584,408363,524107,607465,667457,710676,741791,764192,780312,
PIC_v2,92402408,56277942,36124466,13853727663,13841249812,167553294,331450239,128,24068,5490652,18004533,18006942,18007207,18007378,18007268,18007289,18007400,18007225,18007400,10656157,35637083,35643410,35644322,35644697,35644775,35644829,35644509,35645475,35644982,26,13,12,11,11,11,11,11,11,11,2462,2423,2402,2400,2404,2391,2396,2400,2388,2402,921691,6149677,6150700,6150816,6150791,6150862,6150771,6150882,6150880,6150872,635458,3942563,3943195,3943271,3943346,3943327,3943348,3943294,3943341,3943323,429181067,774571518,1050884084,1271934160,1448774215,1590246274,1703423903,1793966028,1866399728,1924346686,429123821,774084299,1050052807,1270827629,1447447502,1588743396,1701780116,1792209481,1864552982,1922427779,
EWMA,21424771,13445276,7979495,9163355,5438274,59941042,116710086,111,23866,5991632,5993441,5994389,5994490,5994579,5994439,5994539,5994500,5994532,5994501,11664221,11669156,11670875,11671362,11672454,11672835,11672905,11672446,11671879,11671953,10,12,12,11,11,11,11,11,11,11,2417,2393,2401,2396,2381,2367,2368,2376,2387,2380,2152850,1722991,1464819,1309677,1216730,1160808,1127300,1107147,1095098,1087856,1277616,1022567,869320,777296,722121,688968,669061,657118,649869,645559,430570,689054,844207,937301,993186,1026710,1046828,1058891,1066132,1070476,255523,408931,501008,556265,589436,609342,621285,628451,632734,635299,
SW,20710590,12997544,7713046,9225770,5475244,59923196,116668269,112,23968,5993818,5992765,5993314,5992825,5992687,5992404,5991803,5991492,5991023,5991065,11669373,11667945,11668200,11667917,11668099,11666746,11666321,11666457,11663871,11663340,11,12,12,11,11,11,11,11,11,11,2404,2394,2409,2395,2386,2403,2391,2370,2403,2413,2153695,360252,597904,1116066,1461946,1461790,1461704,1461586,1461327,1461274,1278118,214036,354769,662278,867590,867414,867314,867343,867103,867081,1793119,1555518,1037284,691407,691407,691407,691407,691407,691407,691407,1063885,923191,615641,410361,410361,410361,410361,410361,410361,410361,
AFC,20778348,13042232,7736116,8766754,5198816,59622759,116063839,131,23927,5675813,5990993,5994366,5994416,5994477,5994602,5994454,5994481,5994624,5994533,11028437,11663702,11671168,11671789,11671744,11672052,11671221,11671265,11670841,11671620,26,16,12,11,11,11,11,11,11,11,2409,2400,2388,2380,2383,2376,2397,2396,2410,2388,1355648,1881596,1560677,1367267,1251194,1181513,1139613,1114587,1099552,1090585,796720,1118108,927146,812024,742828,701453,676461,661547,652549,647280,271129,593222,786713,902823,972497,1014300,1039362,1054407,1063436,1068865,159344,351096,466306,535449,576924,601829,616755,625713,631080,634320,
AMBP,20415542,12816104,7599438,8544699,5064711,59414185,115645462,132,23987,5468931,5990032,5994245,5994394,5994435,5994376,5994565,5994412,5994420,5994375,10613608,11661258,11670048,11671521,11671001,11670142,11672506,11671391,11672169,11671818,26,17,12,11,11,11,11,11,11,11,2435,2402,2413,2388,2397,2419,2371,2397,2382,2383,909161,1970417,1614203,1399366,1270436,1192906,1146779,1118753,1102077,1092006,526770,1171788,959515,831445,754524,708269,680772,664096,654127,648132,181912,539613,754531,883498,960885,1007289,1035187,1051900,1061935,1067949,105434,318704,446866,523781,569929,597597,614232,624204,630188,633776,
PIC,14370580,9099020,5271560,4283138550,4288114250,167531216,331408054,127,24022,5468581,18004089,18007071,18007238,18007299,18007348,18007412,18007339,18007403,18007436,10612750,35636663,35644421,35644019,35645007,35644888,35644307,35646019,35644284,35645696,25,13,12,11,11,11,11,11,11,11,2432,2421,2394,2409,2395,2398,2409,2372,2412,2380,909902,909902,909902,909902,909902,909902,909902,909902,909902,909902,527156,527156,527156,527156,527156,527156,527156,527156,527156,527156,428313855,428313855,428313855,428313855,428313855,428313855,428313855,428313855,428313855,428313855,428811425,428811425,428811425,428811425,428811425,428811425,428811425,428811425,428811425,428811425,
end--> Completion message received. Exiting.
