--> Waiting for autoboot prompt...
NOTICE:  BL31: v2.9(release):8a3945e
NOTICE:  BL31: Built : 17:27:52, May  1 2024


U-Boot 2022.10 (May 01 2024 - 17:26:49 -0300)

DRAM:  7.1 GiB
RPI 4 Model B (0xd03115)
Core:  202 devices, 16 uclasses, devicetree: board
MMC:   mmcnr@7e300000: 1, emmc2@7e340000: 0
Loading Environment from FAT... ** No partition table - mmc 0 **
In:    serial
Out:   serial
Err:   serial
Net:   eth0: ethernet@7d580000
PCIe BRCM: link up, 5.0 Gbps x1 (SSC)
starting USB...
Bus xhci_pci: Register 5000420 NbrPorts 5
Starting the controller
USB XHCI 1.00
scanning bus xhci_pci for devices... 2 USB Device(s) found
       scanning usb for storage devices... 0 Storage Device(s) found
Hit any key to stop autoboot:--> Autoboot stopped. Waiting for U-Boot prompt...
 0 
U-Boot>--> Benchmark command sent. Waiting for completion...
fatload mmc 0 0x200000 bao-79.bin; go 0x200000
1392640 bytes read in 103 ms (12.9 MiB/s)
## Starting application at 0x00200000 ...
BENCH_ARRAY_INDEX 78
budget_function,PMU_counter_used_budget,PMU_counter_used_budget_r,PMU_counter_used_budget_w,total_calc_r,total_calc_w,used_budget_read[0],used_budget_read[1],used_budget_read[2],used_budget_read[3],used_budget_read[4],used_budget_read[5],used_budget_read[6],used_budget_read[7],used_budget_read[8],used_budget_read[9],used_budget_write[0],used_budget_write[1],used_budget_write[2],used_budget_write[3],used_budget_write[4],used_budget_write[5],used_budget_write[6],used_budget_write[7],used_budget_write[8],used_budget_write[9],calculated_read[0],calculated_read[1],calculated_read[2],calculated_read[3],calculated_read[4],calculated_read[5],calculated_read[6],calculated_read[7],calculated_read[8],calculated_read[9],calculated_write[0],calculated_write[1],calculated_write[2],calculated_write[3],calculated_write[4],calculated_write[5],calculated_write[6],calculated_write[7],calculated_write[8],calculated_write[9],
got bandwidth_wrapper (624)
got fft_wrapper (625)
EWMA,15180766,9416074,5764692,6374027,3887285,1258824,1274446,1074966,945618,879011,833711,804200,788232,781810,775256,681052,805786,675281,590512,546984,517323,497941,487479,483320,479014,251764,456300,580033,653150,698322,725399,741159,750573,756820,760507,136210,270125,351156,399027,428618,446359,456675,462835,466932,469348,
SW,14871443,9196125,5675318,6546738,4041290,1525653,268385,421229,787000,1035228,1017902,1028659,1034251,1036266,1041552,941664,166338,259877,485535,638915,627429,634549,638276,639612,643123,1255367,1107514,738422,492205,492205,492205,492205,492205,492205,492205,774053,683858,455960,303917,303917,303917,303917,303917,303917,303917,
AFC,14884230,9205765,5678465,6174837,3807629,908992,1341009,1114806,951566,888171,841730,814095,785932,783329,776135,554821,828775,688996,586789,548443,519869,502858,484941,483731,479242,181798,413640,553873,633411,684363,715836,735487,745576,753126,757727,110964,254526,341420,390493,422083,441640,453883,460094,464821,467705,
AMBP,14771913,9134422,5637491,6109452,3770656,768862,1383114,1115867,979498,901948,844165,786608,794359,784180,775821,474591,854199,688096,604417,557062,521150,484349,490432,484220,478975,153852,399704,542936,630248,684588,716503,730524,743291,751468,756338,94998,246838,335089,388954,422575,442290,450701,458647,463761,466803,
PIC,12255120,7581100,4674020,4285111850,4288891050,758110,758110,758110,758110,758110,758110,758110,758110,758110,758110,467402,467402,467402,467402,467402,467402,467402,467402,467402,467402,428511185,428511185,428511185,428511185,428511185,428511185,428511185,428511185,428511185,428511185,428889105,428889105,428889105,428889105,428889105,428889105,428889105,428889105,428889105,428889105,
end--> Completion message received. Exiting.
