--> Waiting for autoboot prompt...
NOTICE:  BL31: v2.9(release):8a3945e
NOTICE:  BL31: Built : 17:27:52, May  1 2024


U-Boot 2022.10 (May 01 2024 - 17:26:49 -0300)

DRAM:  7.1 GiB
RPI 4 Model B (0xd03115)
Core:  202 devices, 16 uclasses, devicetree: board
MMC:   mmcnr@7e300000: 1, emmc2@7e340000: 0
Loading Environment from FAT... ** No partition table - mmc 0 **
In:    serial
Out:   serial
Err:   serial
Net:   eth0: ethernet@7d580000
PCIe BRCM: link up, 5.0 Gbps x1 (SSC)
starting USB...
Bus xhci_pci: Register 5000420 NbrPorts 5
Starting the controller
USB XHCI 1.00
scanning bus xhci_pci for devices... 2 USB Device(s) found
       scanning usb for storage devices... 0 Storage Device(s) found
Hit any key to stop autoboot:--> Autoboot stopped. Waiting for U-Boot prompt...
 0 
U-Boot>--> Benchmark command sent. Waiting for completion...
fatload mmc 0 0x200000 bao-23.bin; go 0x200000
1441792 bytes read in 106 ms (13 MiB/s)
## Starting application at 0x00200000 ...
BENCH_ARRAY_INDEX 22
budget_function,PMU_counter_used_budget,PMU_counter_used_budget_r,PMU_counter_used_budget_w,total_calc_r,total_calc_w,total_cycles,total_instructions,total_cache_misses,total_mispredicts,cycles[0],cycles[1],cycles[2],cycles[3],cycles[4],cycles[5],cycles[6],cycles[7],cycles[8],cycles[9],instructions[0],instructions[1],instructions[2],instructions[3],instructions[4],instructions[5],instructions[6],instructions[7],instructions[8],instructions[9],cache_misses[0],cache_misses[1],cache_misses[2],cache_misses[3],cache_misses[4],cache_misses[5],cache_misses[6],cache_misses[7],cache_misses[8],cache_misses[9],mispredicts[0],mispredicts[1],mispredicts[2],mispredicts[3],mispredicts[4],mispredicts[5],mispredicts[6],mispredicts[7],mispredicts[8],mispredicts[9],used_budget_read[0],used_budget_read[1],used_budget_read[2],used_budget_read[3],used_budget_read[4],used_budget_read[5],used_budget_read[6],used_budget_read[7],used_budget_read[8],used_budget_read[9],used_budget_write[0],used_budget_write[1],used_budget_write[2],used_budget_write[3],used_budget_write[4],used_budget_write[5],used_budget_write[6],used_budget_write[7],used_budget_write[8],used_budget_write[9],calculated_read[0],calculated_read[1],calculated_read[2],calculated_read[3],calculated_read[4],calculated_read[5],calculated_read[6],calculated_read[7],calculated_read[8],calculated_read[9],calculated_write[0],calculated_write[1],calculated_write[2],calculated_write[3],calculated_write[4],calculated_write[5],calculated_write[6],calculated_write[7],calculated_write[8],calculated_write[9],
got bandwidth_wrapper (176)
got disparity_wrapper (177)
EWMA_v2,29135117,25162241,3972876,16099696,2556373,59982610,56924609,813124,27542,6028310,5987236,5995078,5994025,5996051,5996278,5996239,5996597,5996833,5995963,5202039,5560238,5762093,5665201,5856558,5718007,5787965,5864160,5780548,5727800,72600,84125,78283,83223,79376,84429,82357,80417,84285,84029,5902,4323,2959,2592,2315,2034,2009,1936,1830,1642,2294862,2472030,2554181,2505829,2592719,2523836,2555216,2589380,2550650,2523538,408874,393350,389701,401368,394474,399132,398312,399525,388599,399541,458972,861583,1200102,1461247,1687541,1854800,1994883,2113782,2201155,2265631,81774,144089,193211,234842,266768,293240,314254,331308,342766,354121,
SW_v2,31021163,26700926,4320237,22477995,3927604,65762190,64620264,872251,29235,5794160,5992422,5995876,5996225,5996263,5995788,5995859,5996635,5996737,12002225,5509581,5807776,5808340,5877685,5328506,5622129,5733012,5695163,5836878,13401194,82259,82860,84377,81351,75380,81655,78826,84426,78441,142676,1478,1579,1543,1478,5756,4327,3225,2324,2334,5191,400320,2558199,2557626,2502472,2356210,2500786,2542522,2517449,2581991,6183351,278172,396686,397072,410713,415872,394122,394005,397703,400111,835781,400320,1479260,1838715,2539432,2472103,2453156,2466506,2520252,2547321,3760930,278172,337429,357310,401490,407886,406902,401333,395277,397273,544532,
AFC_v2,29294516,25001865,4292651,16046721,2808193,65663244,65584939,856831,28057,11697458,5993775,5995548,5996515,5996046,5997126,5995546,5996927,5997426,5996877,13196553,5811254,5796754,5777391,6756688,5313853,5628283,5803636,5684712,5815815,134912,84344,84292,83772,70131,74964,82038,78903,84417,79058,4465,1558,1557,1514,1078,5720,4272,3225,2336,2332,2565412,2560216,2552535,2542758,2267360,2349028,2503882,2574407,2514116,2572151,523145,398051,396707,395318,575670,414710,394757,401572,393050,399671,513082,922508,1248513,1507362,1659361,1797294,1938611,2065770,2155439,2238781,104629,163313,209991,247056,312778,333164,345482,356700,363970,371110,
LR_v2,54607209,46243697,8363512,51208571,4303973796,101649257,117840246,1122542,42423,5639714,5993793,12002581,18008546,12002681,5997325,5995666,5997085,12003074,18008792,5243402,5864262,13494374,21446480,20318363,5308066,5627871,5802838,13451610,21282980,82105,79821,141529,197926,49488,74913,82424,78548,136123,199665,1843,2009,4797,6586,116,5739,4263,3219,5968,7883,309203,2590511,6222443,9983453,3567465,2346079,2503630,2574045,6217116,9929752,246728,399399,837430,1285131,2258517,414430,394833,401485,839580,1285979,463804,3731165,8038409,11863958,359471,1735386,2582405,2609252,8038651,11786070,370092,475734,1056445,1508981,2745210,4294459683,385035,404811,1058627,1509178,
AMBP_v2,4319511270,4315737333,3773937,58338580,1803774,71940627,73513479,914260,31685,17977478,5992985,5995153,5996833,5996274,5996435,5996730,5996275,5996508,5995956,22309865,5310854,5534988,5794806,5696867,5799440,5698676,5781040,5811526,5775417,184034,74643,82626,78351,84442,78756,84126,84386,78940,83956,6103,5680,4275,3175,2383,2307,2015,2005,1925,1817,4293095907,2347143,2459792,2571893,2518329,2563208,2516835,2551690,2564438,2548098,201856,414553,390441,394281,400505,397541,391679,399251,395849,387981,42612894,1944900,1843090,1789965,1742073,1715670,1688312,1674888,1667518,1659270,36405,100830,142876,173841,197255,213580,224279,233345,239260,242103,
PIC_v2,98661869,83002664,15659205,13871241533,13828010964,167806101,213526734,1587539,73950,5709778,18007600,18011116,18012426,18010263,18010134,18011233,18012053,18011593,18009905,5379309,22287362,20597551,21240536,21387539,29677699,20607421,21302511,21367089,29679717,83419,185167,182226,193826,199417,84382,181662,193639,199091,84710,1521,6101,16123,8615,6791,1647,16110,8624,6789,1629,947634,9669099,9672981,9918643,9960623,6636302,9677734,9947469,9951159,6621020,390664,1456744,1300148,1285635,1288634,3028501,1300429,1287173,1288611,3032666,429186256,775279554,1052154969,1273704433,1450952400,1592085910,1705601004,1796467026,1869160582,1926649399,429074862,773547968,1049095133,1269529963,1445878426,1587305170,1700100951,1790334925,1862522391,1920621175,
EWMA,18274133,15580326,2693807,10811963,1730823,59951552,59076115,815111,17191,5993331,5996049,5996271,5995985,5994595,5995209,5994568,5995623,5994500,5995421,5832942,5782843,5712108,5824866,5842734,5806709,5795062,5802029,5850266,6826556,79383,82946,84528,82951,79909,83358,84188,84232,83720,69896,2291,1975,1994,1922,1825,1605,1528,1557,1544,950,2579755,2037988,1700067,1575095,1465984,1378203,1329590,1311971,1320621,881052,400472,309462,274342,243868,224502,208431,205131,205517,204951,417131,515951,820358,996299,1112058,1182843,1221915,1243450,1257154,1269847,1192088,80094,125967,155642,173287,183530,188510,191834,194570,196646,240743,
SW,17574716,15200697,2374019,11114420,1716329,59938690,57650963,825725,20522,5995673,5995117,5995167,5995649,5994190,5992992,5991845,5991776,5993160,5993121,5615510,5802369,5723240,5810161,5724900,5765307,5796181,5808871,5839234,5765190,83367,79174,84545,78614,84369,84770,82122,80732,83998,84034,3072,2431,2353,2150,1923,1949,1880,1659,1578,1527,2486073,616429,656126,1314040,1664923,1681690,1694550,1697929,1713434,1675503,398708,80914,113010,199920,258913,268392,265698,264852,263682,259930,1951781,1874377,1252876,862198,862198,862198,862198,862198,862198,862198,308718,291100,197544,131281,131281,131281,131281,131281,131281,131281,
AFC,17439018,14762172,2676846,9765122,1878753,59780719,59317982,784449,24964,5822913,5992023,5994550,5996114,5994993,5997054,5996311,5996265,5995518,5994978,5513251,5805207,8314636,5327018,5647228,5768309,5695744,5802551,5733622,5710416,83738,84056,49630,75461,81785,78414,84263,79250,83350,84502,1451,1519,136,5719,4296,3197,2333,2332,1994,1987,1556123,2244209,907314,1615269,1597877,1506078,1376974,1376580,1305198,1276550,255885,344625,803195,167065,163069,181455,182556,193601,186532,198863,311224,697821,739719,914829,1051438,1142366,1189287,1226745,1242435,1249258,51177,109866,248531,232238,218405,211015,205324,202980,199691,199526,
AMBP,16991402,14611924,2379478,371012497,41084996,71638643,72489746,921439,31768,5666788,5991325,5996316,5995634,5996477,5995181,5993792,5996209,5996439,18010482,5399269,5751743,5766600,5826224,5832647,5768378,5958788,5299523,5583205,21303369,77676,84752,84081,82546,83851,83160,81205,74520,82697,186951,1746,1875,1630,1559,1578,1516,1473,5682,4270,10439,1120166,2312263,1898503,1674270,1520710,1394748,1326848,1121472,1121472,1121472,169625,364694,296529,258004,235204,216711,233621,218810,193140,193140,224113,641743,893095,1049330,1143606,1193834,1220436,121548780,121548780,121548780,34005,100142,139419,163136,177549,185381,195029,199785,19945275,19945275,
PIC,29695860,25713280,3982580,4261540010,4289789920,168089435,218489080,1529894,71589,5993383,18009964,18010992,18011219,18010539,18010420,18011951,18011223,18010263,18009481,5834904,26300096,20649620,21329903,21400511,29806888,20640234,21353057,21418430,29755437,83020,132754,180711,193038,198854,84046,181551,193050,198717,84153,1569,3643,16159,8634,6800,1599,16153,8638,6805,1589,2571328,2571328,2571328,2571328,2571328,2571328,2571328,2571328,2571328,2571328,398258,398258,398258,398258,398258,398258,398258,398258,398258,398258,426154001,426154001,426154001,426154001,426154001,426154001,426154001,426154001,426154001,426154001,428978992,428978992,428978992,428978992,428978992,428978992,428978992,428978992,428978992,428978992,
end--> Completion message received. Exiting.
