--> Waiting for autoboot prompt...
NOTICE:  BL31: v2.9(release):8a3945e
NOTICE:  BL31: Built : 17:27:52, May  1 2024


U-Boot 2022.10 (May 01 2024 - 17:26:49 -0300)

DRAM:  7.1 GiB
RPI 4 Model B (0xd03115)
Core:  202 devices, 16 uclasses, devicetree: board
MMC:   mmcnr@7e300000: 1, emmc2@7e340000: 0
Loading Environment from FAT... ** No partition table - mmc 0 **
In:    serial
Out:   serial
Err:   serial
Net:   eth0: ethernet@7d580000
PCIe BRCM: link up, 5.0 Gbps x1 (SSC)
starting USB...
Bus xhci_pci: Register 5000420 NbrPorts 5
Starting the controller
USB XHCI 1.00
scanning bus xhci_pci for devices... 2 USB Device(s) found
       scanning usb for storage devices... 0 Storage Device(s) found
Hit any key to stop autoboot:--> Autoboot stopped. Waiting for U-Boot prompt...
 0 
U-Boot>--> Benchmark command sent. Waiting for completion...
fatload mmc 0 0x200000 bao-109.bin; go 0x200000
1421312 bytes read in 105 ms (12.9 MiB/s)
## Starting application at 0x00200000 ...
BENCH_ARRAY_INDEX 108
budget_function,PMU_counter_used_budget,PMU_counter_used_budget_r,PMU_counter_used_budget_w,total_calc_r,total_calc_w,used_budget_read[0],used_budget_read[1],used_budget_read[2],used_budget_read[3],used_budget_read[4],used_budget_read[5],used_budget_read[6],used_budget_read[7],used_budget_read[8],used_budget_read[9],used_budget_write[0],used_budget_write[1],used_budget_write[2],used_budget_write[3],used_budget_write[4],used_budget_write[5],used_budget_write[6],used_budget_write[7],used_budget_write[8],used_budget_write[9],calculated_read[0],calculated_read[1],calculated_read[2],calculated_read[3],calculated_read[4],calculated_read[5],calculated_read[6],calculated_read[7],calculated_read[8],calculated_read[9],calculated_write[0],calculated_write[1],calculated_write[2],calculated_write[3],calculated_write[4],calculated_write[5],calculated_write[6],calculated_write[7],calculated_write[8],calculated_write[9],
got dijkstra_wrapper (864)
got fft_wrapper (865)
EWMA,20570918,12394603,8176315,8408976,5534216,1757699,1651110,1393914,1237802,1143960,1087631,1053771,1033478,1021285,1013953,1081891,1111527,934269,826792,762153,723344,700016,686049,677661,672613,351539,611453,767945,861916,918324,952185,972502,984697,992014,996401,216378,395407,503179,567901,606751,630069,644058,652456,657497,660520,
SW,20126302,12101832,8024470,8595840,5699636,2005766,341330,555027,1038139,1360572,1360446,1360283,1360112,1360085,1360072,1329991,226279,368029,688370,902176,902089,901990,901860,901847,901839,1664091,1450551,967374,644832,644832,644832,644832,644832,644832,644832,1103468,961822,641433,427559,427559,427559,427559,427559,427559,427559,
AFC,20120714,12098678,8022036,8117620,5382292,1167924,1771337,1464850,1280137,1169282,1102777,1062905,1038947,1024572,1015947,773805,1174649,971385,848876,775350,731245,704798,688902,679373,673653,233584,541134,725877,836729,903239,943146,967097,981467,990088,995259,154761,358738,481267,554788,598900,625369,641254,650783,656501,659931,
AMBP,19826684,11921914,7904770,7944153,5267333,818976,1840740,1506723,1305243,1184333,1111811,1068294,1042186,1026515,1017093,542421,1220663,999129,865516,785320,737231,708365,691052,680653,674420,163875,499248,700743,821643,894181,937707,963824,979496,988899,994537,108564,330983,464612,544792,592897,621763,639083,649476,655711,659452,
PIC,13623900,8195750,5428150,4284312800,4287910680,819575,819575,819575,819575,819575,819575,819575,819575,819575,819575,542815,542815,542815,542815,542815,542815,542815,542815,542815,542815,428431280,428431280,428431280,428431280,428431280,428431280,428431280,428431280,428431280,428431280,428791068,428791068,428791068,428791068,428791068,428791068,428791068,428791068,428791068,428791068,
end--> Completion message received. Exiting.
