--> Waiting for autoboot prompt...
NOTICE:  BL31: v2.9(release):8a3945e
NOTICE:  BL31: Built : 17:27:52, May  1 2024


U-Boot 2022.10 (May 01 2024 - 17:26:49 -0300)

DRAM:  7.1 GiB
RPI 4 Model B (0xd03115)
Core:  202 devices, 16 uclasses, devicetree: board
MMC:   mmcnr@7e300000: 1, emmc2@7e340000: 0
Loading Environment from FAT... ** No partition table - mmc 0 **
In:    serial
Out:   serial
Err:   serial
Net:   eth0: ethernet@7d580000
PCIe BRCM: link up, 5.0 Gbps x1 (SSC)
starting USB...
Bus xhci_pci: Register 5000420 NbrPorts 5
Starting the controller
USB XHCI 1.00
scanning bus xhci_pci for devices... 2 USB Device(s) found
       scanning usb for storage devices... 0 Storage Device(s) found
Hit any key to stop autoboot:--> Autoboot stopped. Waiting for U-Boot prompt...
 0 
U-Boot>--> Benchmark command sent. Waiting for completion...
fatload mmc 0 0x200000 bao-96.bin; go 0x200000
1437696 bytes read in 106 ms (12.9 MiB/s)
## Starting application at 0x00200000 ...
BENCH_ARRAY_INDEX 95
budget_function,PMU_counter_used_budget,PMU_counter_used_budget_r,PMU_counter_used_budget_w,total_calc_r,total_calc_w,total_cycles,total_instructions,total_cache_misses,total_mispredicts,cycles[0],cycles[1],cycles[2],cycles[3],cycles[4],cycles[5],cycles[6],cycles[7],cycles[8],cycles[9],instructions[0],instructions[1],instructions[2],instructions[3],instructions[4],instructions[5],instructions[6],instructions[7],instructions[8],instructions[9],cache_misses[0],cache_misses[1],cache_misses[2],cache_misses[3],cache_misses[4],cache_misses[5],cache_misses[6],cache_misses[7],cache_misses[8],cache_misses[9],mispredicts[0],mispredicts[1],mispredicts[2],mispredicts[3],mispredicts[4],mispredicts[5],mispredicts[6],mispredicts[7],mispredicts[8],mispredicts[9],used_budget_read[0],used_budget_read[1],used_budget_read[2],used_budget_read[3],used_budget_read[4],used_budget_read[5],used_budget_read[6],used_budget_read[7],used_budget_read[8],used_budget_read[9],used_budget_write[0],used_budget_write[1],used_budget_write[2],used_budget_write[3],used_budget_write[4],used_budget_write[5],used_budget_write[6],used_budget_write[7],used_budget_write[8],used_budget_write[9],calculated_read[0],calculated_read[1],calculated_read[2],calculated_read[3],calculated_read[4],calculated_read[5],calculated_read[6],calculated_read[7],calculated_read[8],calculated_read[9],calculated_write[0],calculated_write[1],calculated_write[2],calculated_write[3],calculated_write[4],calculated_write[5],calculated_write[6],calculated_write[7],calculated_write[8],calculated_write[9],
got dijkstra_wrapper (760)
got disparity_wrapper (761)
EWMA_v2,40499013,35583131,4915882,23135380,3033896,59967962,78439927,513337,42291,6023616,5987827,5993787,5994066,5994579,5994889,5994784,5994735,5994717,5994962,7219225,7617583,7644913,7788770,7752707,7720370,7776648,7821054,9884289,7214368,45858,52560,57041,53099,56971,58040,58014,57304,28841,45609,8946,5083,3713,3423,3067,2863,2538,2510,1295,8853,3473700,3647647,3648577,3710001,3689577,3671514,3692938,3711024,2865455,3472698,459385,450164,441105,447927,436234,448384,445341,442235,886996,458111,694740,1285321,1757972,2148377,2456617,2699596,2898264,3060816,3021743,3111934,91877,163534,219048,264823,299105,328960,352236,370235,473587,470491,
SW_v2,37440799,32811631,4629168,30355053,4420490,59683635,78328891,520697,38311,5738947,5990931,5994135,5994382,5994187,5994179,5994124,5994404,5994257,5994089,7294067,7664485,7756760,7696356,7754210,7776290,7792892,9755798,7214429,7623604,51293,55269,54387,58459,57919,58061,57718,29094,45777,52720,4751,3924,3309,3167,2857,2528,2501,1408,8808,5058,629671,3658896,3695222,3664165,3686114,3692630,3698833,2963182,3472475,3650443,202883,451546,437946,448932,445579,444986,444480,844295,458029,450492,629671,2144284,2661263,3672761,3681834,3680970,3692526,3451548,3378163,3362033,202883,327215,364125,446141,444152,446499,445015,577920,582268,584272,
AFC_v2,37136308,32604920,4531388,20253513,2802177,59801351,78591538,524185,36914,5848498,5992023,5994645,5994789,5995016,5995016,5994602,5994811,5994596,5997355,7447082,7817841,7677579,7752610,7778382,7792608,9824131,7216483,7625923,7658899,56470,51740,58228,58263,57895,57563,29054,45838,52645,56489,3649,3418,3073,2854,2532,2507,1347,8778,5046,3710,441854,3725180,3654439,3685419,3693491,3698635,2926325,3473349,3651200,3655028,97291,443506,443739,445518,445131,444417,861584,458159,450537,441506,88370,815732,1383473,1843862,2213787,2510756,2593869,2769765,2946052,3087847,19458,104267,172161,226832,270491,305276,416537,424861,429996,432298,
LR_v2,61986799,54118943,7867856,55855699,8096909,95992036,127444546,825225,57642,6005842,5992042,12000777,12000604,12000718,12000671,12000574,12001029,5994725,5995054,7789245,7765601,15530553,17757163,14853006,15448239,15542123,15621302,9920374,7216940,53763,56068,115851,86468,99306,110634,113498,115249,28694,45694,3423,3094,5376,3760,13854,7131,5937,5065,1216,8786,872432,3696195,7380743,6561294,7131419,7366652,7394220,7417592,2824883,3473513,266296,437226,892234,1340974,908937,889508,883620,892803,898152,458106,1308648,5108076,9223017,6151570,7416481,7484268,7408004,7429278,528529,3797828,399444,522691,1119738,1565344,692919,879794,880676,897394,900826,238083,
AMBP_v2,37103510,32195146,4908364,15195731,2336825,59896962,78751588,521182,38287,5946179,5992072,5994795,5995048,5995199,5994643,5994972,5994589,5994893,5994572,7572797,7631251,7804751,7720313,7727616,7776268,7809392,9870570,7214758,7623872,51806,57742,52102,58060,58161,57933,57777,28756,45858,52987,5049,3703,3426,3061,2863,2531,2513,1301,8775,5065,77792,3642261,3717513,3674898,3674615,3692519,3705872,2886616,3472454,3650606,459215,440975,448000,437031,447873,445010,442888,878867,458008,450497,14074,665739,1148483,1488389,1733070,1912463,2044029,1991291,2058770,2139423,82730,138941,180676,208752,230918,246362,257100,343307,329622,318417,
PIC_v2,112014214,98210927,13803287,13879821152,13827444660,168032114,221969209,1459026,103181,5955529,18006643,18008417,18008900,18008786,18008545,18008831,18008764,18008555,18009144,7594945,23306270,25559501,22541802,23344434,25592045,22548972,23341327,25591672,22548241,56742,168056,144377,155161,167964,144074,155119,168122,144345,155066,3692,9370,6320,17525,9365,6263,17509,9361,6257,17519,1735139,11094816,10278234,10801581,11111846,10236018,10804315,11110179,10234756,10804043,370197,1333189,1783326,1350892,1331518,1800260,1351050,1331257,1800572,1351026,429343757,775690698,1052604934,1274240993,1451611893,1593333447,1706824350,1797678245,1870186276,1928306559,429070769,773519982,1049169380,1269602412,1445944962,1587112751,1699957140,1790228693,1862539798,1920298773,
EWMA,25499300,22512665,2986635,15210697,2093003,59943744,78825803,527124,35849,5991822,5993866,5994442,5995017,5994676,5994767,5994808,5994737,5994765,5994844,7779788,7778291,9737608,7216716,7624494,7652394,7780970,7758154,7719652,7777736,57732,58451,29152,45864,52812,56781,53624,56706,58109,57893,2544,2509,1410,8760,5041,3702,3422,3068,2859,2534,3694231,2953090,1791111,2169589,2173944,2035760,2006345,1930797,1875829,1881969,445050,355421,697320,204693,206889,204976,217799,208654,224364,221469,738846,1181694,1303577,1476779,1616212,1700121,1761365,1795251,1811366,1825486,89010,142292,253297,243576,236238,229985,227547,223768,223887,223403,
SW,25002744,20594530,4408214,16311265,5144870,59934649,78436140,513280,41937,5994737,5993003,5993870,5993907,5993695,5993680,5993068,5993235,5992837,5992617,7216208,7623724,7653047,7781824,7757096,7718190,7772886,7817943,9881653,7213569,45834,52654,56669,53434,56613,58132,57876,57527,28770,45771,8758,5031,3700,3418,3069,2857,2530,2509,1273,8792,3472957,921262,1219792,1835438,2366206,2345065,2365474,2384088,1537961,2146287,457875,457875,457875,457875,457875,457875,457875,457875,372607,372607,2729002,2432447,1871337,1325497,1325497,1325497,1325497,1325497,1325497,1325497,514487,514487,514487,514487,514487,514487,514487,514487,514487,514487,
AFC,24214554,21167361,3047193,15914466,2084416,59944350,78833735,525796,36928,5991612,5994135,5994840,5995005,5994928,5994865,5994503,5995131,5994592,5994739,7631770,7805028,7721580,7724933,7777364,7811259,9870302,7215352,7624316,7651831,57454,51956,58102,58076,57955,57754,28834,45941,53028,56696,3705,3422,3062,2861,2533,2508,1295,8797,5039,3706,3181718,2712577,2328899,2130467,2032629,1971802,1101967,1826738,1968401,1912163,441018,359838,294368,275019,251774,237815,667852,155145,177200,187164,1005022,1346533,1543006,1660498,1734924,1782299,1646233,1682334,1739547,1774070,88203,142530,172897,193321,205011,211571,302827,273291,254073,240692,
AMBP,21532349,18718394,2813955,823340014,115638179,95888799,131964994,780415,48806,5898651,5991010,5994591,5994699,5994913,5994663,5994844,18008499,18008879,18008050,7675533,7695269,7740184,7777344,7794278,9853265,7215235,23093953,23354438,29765495,51948,58098,58107,57992,57479,28873,45973,164428,171493,86024,3368,3084,2858,2532,2507,1317,8763,12151,8473,3753,1880952,3287986,2721425,2381914,2174007,1254422,1254422,1254422,1254422,1254422,200625,398060,334855,288706,261204,671153,164838,164838,164838,164838,376270,958613,1311175,1525322,1655059,163502715,163502715,163502715,163502715,163502715,40205,111776,156391,182854,198524,293049,28663845,28663845,28663845,28663845,
PIC,40926580,36522240,4404340,4247488370,4289241640,168071123,225975771,1409086,99635,5991743,18008296,18008081,18009198,18008888,18008745,18009426,18008852,18008531,18009363,7661930,23371659,29434084,22548075,23340571,25590994,22545028,23340953,25594717,22547760,57783,171087,90647,155012,168226,144014,155084,168174,143959,155100,3306,8579,3949,17528,9358,6258,17537,9366,6257,17497,3652224,3652224,3652224,3652224,3652224,3652224,3652224,3652224,3652224,3652224,440434,440434,440434,440434,440434,440434,440434,440434,440434,440434,424748837,424748837,424748837,424748837,424748837,424748837,424748837,424748837,424748837,424748837,428924164,428924164,428924164,428924164,428924164,428924164,428924164,428924164,428924164,428924164,
end--> Completion message received. Exiting.
