--> Waiting for autoboot prompt...
NOTICE:  BL31: v2.9(release):8a3945e
NOTICE:  BL31: Built : 17:27:52, May  1 2024


U-Boot 2022.10 (May 01 2024 - 17:26:49 -0300)

DRAM:  7.1 GiB
RPI 4 Model B (0xd03115)
Core:  202 devices, 16 uclasses, devicetree: board
MMC:   mmcnr@7e300000: 1, emmc2@7e340000: 0
Loading Environment from FAT... ** No partition table - mmc 0 **
In:    serial
Out:   serial
Err:   serial
Net:   eth0: ethernet@7d580000
PCIe BRCM: link up, 5.0 Gbps x1 (SSC)
starting USB...
Bus xhci_pci: Register 5000420 NbrPorts 5
Starting the controller
USB XHCI 1.00
scanning bus xhci_pci for devices... 2 USB Device(s) found
       scanning usb for storage devices... 0 Storage Device(s) found
Hit any key to stop autoboot:--> Autoboot stopped. Waiting for U-Boot prompt...
 0 
U-Boot>--> Benchmark command sent. Waiting for completion...
fatload mmc 0 0x200000 bao-139.bin; go 0x200000
1421312 bytes read in 105 ms (12.9 MiB/s)
## Starting application at 0x00200000 ...
BENCH_ARRAY_INDEX 138
budget_function,PMU_counter_used_budget,PMU_counter_used_budget_r,PMU_counter_used_budget_w,total_calc_r,total_calc_w,used_budget_read[0],used_budget_read[1],used_budget_read[2],used_budget_read[3],used_budget_read[4],used_budget_read[5],used_budget_read[6],used_budget_read[7],used_budget_read[8],used_budget_read[9],used_budget_write[0],used_budget_write[1],used_budget_write[2],used_budget_write[3],used_budget_write[4],used_budget_write[5],used_budget_write[6],used_budget_write[7],used_budget_write[8],used_budget_write[9],calculated_read[0],calculated_read[1],calculated_read[2],calculated_read[3],calculated_read[4],calculated_read[5],calculated_read[6],calculated_read[7],calculated_read[8],calculated_read[9],calculated_write[0],calculated_write[1],calculated_write[2],calculated_write[3],calculated_write[4],calculated_write[5],calculated_write[6],calculated_write[7],calculated_write[8],calculated_write[9],
got dijkstra_wrapper (1104)
got sorting_wrapper (1105)
EWMA,21158289,13313288,7845001,9033170,5306522,1901500,1765017,1495484,1328525,1227429,1168005,1131866,1108977,1097279,1089206,1025143,1066166,899140,795473,732785,695790,673188,658996,651699,646621,380300,657243,824891,925617,985979,1022384,1044280,1057219,1065231,1070026,205028,377255,481632,544400,582077,604819,618492,626592,631613,634614,
SW,20684375,12982463,7701912,9248517,5489201,2154494,394635,586811,1109035,1456315,1456617,1456287,1455105,1456576,1456588,1278388,236832,347278,657521,863669,863802,863721,862923,863856,863922,1757859,1567556,1045313,696827,696827,696827,696827,696827,696827,696827,1040242,930987,620833,413877,413877,413877,413877,413877,413877,413877,
AFC,20857113,13089827,7767286,8813536,5229556,1446315,1864379,1550431,1360206,1248122,1179464,1137544,1114551,1099616,1089199,857122,1106492,920242,807213,740757,699905,675019,661532,652651,646353,289263,604286,793515,906853,975106,1015977,1040290,1055142,1064036,1069068,171424,358437,470798,538081,578616,602873,617302,626148,631448,634429,
AMBP,20503871,12869326,7634545,8595572,5098265,1006756,1951899,1602489,1392709,1266546,1190748,1145673,1118348,1101840,1092318,591758,1159299,951673,826875,751858,706791,680071,663825,653974,648421,201431,551524,761717,887915,963641,1009062,1036384,1052776,1062588,1068534,118431,326604,451617,526668,571706,598723,614992,624758,630601,634165,
PIC,15696510,9894780,5801730,4282104060,4287425030,989478,989478,989478,989478,989478,989478,989478,989478,989478,989478,580173,580173,580173,580173,580173,580173,580173,580173,580173,580173,428210406,428210406,428210406,428210406,428210406,428210406,428210406,428210406,428210406,428210406,428742503,428742503,428742503,428742503,428742503,428742503,428742503,428742503,428742503,428742503,
end--> Completion message received. Exiting.
