--> Waiting for autoboot prompt...
NOTICE:  BL31: v2.9(release):8a3945e
NOTICE:  BL31: Built : 17:27:52, May  1 2024


U-Boot 2022.10 (May 01 2024 - 17:26:49 -0300)

DRAM:  7.1 GiB
RPI 4 Model B (0xd03115)
Core:  202 devices, 16 uclasses, devicetree: board
MMC:   mmcnr@7e300000: 1, emmc2@7e340000: 0
Loading Environment from FAT... ** No partition table - mmc 0 **
In:    serial
Out:   serial
Err:   serial
Net:   eth0: ethernet@7d580000
PCIe BRCM: link up, 5.0 Gbps x1 (SSC)
starting USB...
Bus xhci_pci: Register 5000420 NbrPorts 5
Starting the controller
USB XHCI 1.00
scanning bus xhci_pci for devices... 2 USB Device(s) found
       scanning usb for storage devices... 0 Storage Device(s) found
Hit any key to stop autoboot:--> Autoboot stopped. Waiting for U-Boot prompt...
 0 
U-Boot>--> Benchmark command sent. Waiting for completion...
fatload mmc 0 0x200000 bao-93.bin; go 0x200000
1417216 bytes read in 104 ms (13 MiB/s)
## Starting application at 0x00200000 ...
BENCH_ARRAY_INDEX 92
budget_function,PMU_counter_used_budget,PMU_counter_used_budget_r,PMU_counter_used_budget_w,total_calc_r,total_calc_w,used_budget_read[0],used_budget_read[1],used_budget_read[2],used_budget_read[3],used_budget_read[4],used_budget_read[5],used_budget_read[6],used_budget_read[7],used_budget_read[8],used_budget_read[9],used_budget_write[0],used_budget_write[1],used_budget_write[2],used_budget_write[3],used_budget_write[4],used_budget_write[5],used_budget_write[6],used_budget_write[7],used_budget_write[8],used_budget_write[9],calculated_read[0],calculated_read[1],calculated_read[2],calculated_read[3],calculated_read[4],calculated_read[5],calculated_read[6],calculated_read[7],calculated_read[8],calculated_read[9],calculated_write[0],calculated_write[1],calculated_write[2],calculated_write[3],calculated_write[4],calculated_write[5],calculated_write[6],calculated_write[7],calculated_write[8],calculated_write[9],
got dijkstra_wrapper (736)
got disparity_wrapper (737)
EWMA,24922960,21898217,3024743,15131484,1919505,3220798,3004894,2531958,2312367,2108083,1986661,1947552,1924404,1049824,1811676,208993,408787,326040,290721,252426,250772,237116,228197,671308,150383,644159,1116306,1399436,1582022,1687234,1747119,1787205,1814644,1661680,1691679,41798,115195,157364,184035,197713,208324,214082,216905,307785,276304,
SW,24242067,21189293,3052774,15937509,1930776,3653529,689476,1031532,1904210,2468150,1795010,2262579,2443333,2441894,2499580,440941,104425,114991,225113,295788,666795,309473,302629,292999,299620,3004625,2682530,1791512,1208406,1208406,1208406,1208406,1208406,1208406,1208406,342186,331239,220119,148176,148176,148176,148176,148176,148176,148176,
AFC,24663200,21769499,2893701,14515811,1990775,2204295,3272438,2689447,2333516,1457662,1947727,2042695,1957357,1959415,1904947,264956,393133,324335,282350,637510,181804,193448,196868,213012,206285,440859,1007174,1343628,1541605,1524817,1609399,1696058,1748317,1790536,1813418,52991,121019,161682,185815,276154,257284,244517,234988,230593,225732,
AMBP,24263703,21464808,2798895,14200258,154181722,1620300,3370882,2744052,1701873,2096872,2130957,2011076,1991124,1925538,1872134,197099,405613,331374,669255,199259,199259,199259,199259,199259,199259,324140,933488,1295600,1376854,1520857,1642877,1716516,1771437,1802257,1816232,39499,112721,156451,259011,25602340,25602340,25602340,25602340,25602340,25602340,
PIC,20190110,15727100,4463010,4274522050,4289165370,1572710,1572710,1572710,1572710,1572710,1572710,1572710,1572710,1572710,1572710,446301,446301,446301,446301,446301,446301,446301,446301,446301,446301,427452205,427452205,427452205,427452205,427452205,427452205,427452205,427452205,427452205,427452205,428916537,428916537,428916537,428916537,428916537,428916537,428916537,428916537,428916537,428916537,
end--> Completion message received. Exiting.
