--> Waiting for autoboot prompt...
NOTICE:  BL31: v2.9(release):8a3945e
NOTICE:  BL31: Built : 17:27:52, May  1 2024


U-Boot 2022.10 (May 01 2024 - 17:26:49 -0300)

DRAM:  7.1 GiB
RPI 4 Model B (0xd03115)
Core:  202 devices, 16 uclasses, devicetree: board
MMC:   mmcnr@7e300000: 1, emmc2@7e340000: 0
Loading Environment from FAT... ** No partition table - mmc 0 **
In:    serial
Out:   serial
Err:   serial
Net:   eth0: ethernet@7d580000
PCIe BRCM: link up, 5.0 Gbps x1 (SSC)
starting USB...
Bus xhci_pci: Register 5000420 NbrPorts 5
Starting the controller
USB XHCI 1.00
scanning bus xhci_pci for devices... 2 USB Device(s) found
       scanning usb for storage devices... 0 Storage Device(s) found
Hit any key to stop autoboot:--> Autoboot stopped. Waiting for U-Boot prompt...
 0 
U-Boot>--> Benchmark command sent. Waiting for completion...
fatload mmc 0 0x200000 bao-149.bin; go 0x200000
1421312 bytes read in 104 ms (13 MiB/s)
## Starting application at 0x00200000 ...
BENCH_ARRAY_INDEX 148
budget_function,PMU_counter_used_budget,PMU_counter_used_budget_r,PMU_counter_used_budget_w,total_calc_r,total_calc_w,used_budget_read[0],used_budget_read[1],used_budget_read[2],used_budget_read[3],used_budget_read[4],used_budget_read[5],used_budget_read[6],used_budget_read[7],used_budget_read[8],used_budget_read[9],used_budget_write[0],used_budget_write[1],used_budget_write[2],used_budget_write[3],used_budget_write[4],used_budget_write[5],used_budget_write[6],used_budget_write[7],used_budget_write[8],used_budget_write[9],calculated_read[0],calculated_read[1],calculated_read[2],calculated_read[3],calculated_read[4],calculated_read[5],calculated_read[6],calculated_read[7],calculated_read[8],calculated_read[9],calculated_write[0],calculated_write[1],calculated_write[2],calculated_write[3],calculated_write[4],calculated_write[5],calculated_write[6],calculated_write[7],calculated_write[8],calculated_write[9],
got disparity_wrapper (1184)
got bandwidth_wrapper (1185)
EWMA,17292604,15102131,2190473,10507457,1473122,1717952,1759481,2928774,990516,2601452,1022882,821612,965429,1301515,992518,118450,315983,356621,202804,294154,199781,163140,171333,198974,169233,343590,626768,1087169,1067838,1374560,1304224,1207701,1159246,1187699,1148662,23690,82148,137042,150194,178986,183145,179144,177581,181859,179333,
SW,15384313,13076695,2307618,10793689,1996055,2245560,496654,496654,348769,1331053,1720768,1541880,1653326,1690069,1551962,368433,65016,521844,106767,147793,153906,226132,247047,244229,226451,1944007,1733201,1733201,1030328,725492,725492,725492,725492,725492,725492,312786,270038,270038,231209,231209,136155,136155,136155,136155,136155,
AFC,16203709,13588715,2614994,9363511,1654819,1302104,2187309,1724532,1461270,1479737,1291557,1201561,1338275,464690,1137680,199476,338035,280144,232714,231531,198658,199233,205279,617911,112013,260420,645797,861544,981489,1081138,1123221,1138889,1178766,1035951,1056296,39895,99523,135647,155060,170354,176014,180657,185581,272047,240041,
AMBP,15614928,13519081,2095847,597132077,87280249,1286281,2127138,1434090,2782324,1238173,930215,930215,930215,930215,930215,135572,357419,243162,308109,228540,164609,164609,164609,164609,164609,257336,631296,791854,1189948,1199593,118612410,118612410,118612410,118612410,118612410,27194,93239,123223,160200,173868,17340505,17340505,17340505,17340505,17340505,
PIC,28760970,24925190,3835780,4262564530,4289980760,2492519,2492519,2492519,2492519,2492519,2492519,2492519,2492519,2492519,2492519,383578,383578,383578,383578,383578,383578,383578,383578,383578,383578,426256453,426256453,426256453,426256453,426256453,426256453,426256453,426256453,426256453,426256453,428998076,428998076,428998076,428998076,428998076,428998076,428998076,428998076,428998076,428998076,
end--> Completion message received. Exiting.
