--> Waiting for autoboot prompt...
NOTICE:  BL31: v2.9(release):8a3945e
NOTICE:  BL31: Built : 17:27:52, May  1 2024


U-Boot 2022.10 (May 01 2024 - 17:26:49 -0300)

DRAM:  7.1 GiB
RPI 4 Model B (0xd03115)
Core:  202 devices, 16 uclasses, devicetree: board
MMC:   mmcnr@7e300000: 1, emmc2@7e340000: 0
Loading Environment from FAT... ** No partition table - mmc 0 **
In:    serial
Out:   serial
Err:   serial
Net:   eth0: ethernet@7d580000
PCIe BRCM: link up, 5.0 Gbps x1 (SSC)
starting USB...
Bus xhci_pci: Register 5000420 NbrPorts 5
Starting the controller
USB XHCI 1.00
scanning bus xhci_pci for devices... 2 USB Device(s) found
       scanning usb for storage devices... 0 Storage Device(s) found
Hit any key to stop autoboot:--> Autoboot stopped. Waiting for U-Boot prompt...
 0 
U-Boot>--> Benchmark command sent. Waiting for completion...
fatload mmc 0 0x200000 bao-37.bin; go 0x200000
1437696 bytes read in 106 ms (12.9 MiB/s)
## Starting application at 0x00200000 ...
BENCH_ARRAY_INDEX 36
budget_function,PMU_counter_used_budget,PMU_counter_used_budget_r,PMU_counter_used_budget_w,total_calc_r,total_calc_w,total_cycles,total_instructions,total_cache_misses,total_mispredicts,cycles[0],cycles[1],cycles[2],cycles[3],cycles[4],cycles[5],cycles[6],cycles[7],cycles[8],cycles[9],instructions[0],instructions[1],instructions[2],instructions[3],instructions[4],instructions[5],instructions[6],instructions[7],instructions[8],instructions[9],cache_misses[0],cache_misses[1],cache_misses[2],cache_misses[3],cache_misses[4],cache_misses[5],cache_misses[6],cache_misses[7],cache_misses[8],cache_misses[9],mispredicts[0],mispredicts[1],mispredicts[2],mispredicts[3],mispredicts[4],mispredicts[5],mispredicts[6],mispredicts[7],mispredicts[8],mispredicts[9],used_budget_read[0],used_budget_read[1],used_budget_read[2],used_budget_read[3],used_budget_read[4],used_budget_read[5],used_budget_read[6],used_budget_read[7],used_budget_read[8],used_budget_read[9],used_budget_write[0],used_budget_write[1],used_budget_write[2],used_budget_write[3],used_budget_write[4],used_budget_write[5],used_budget_write[6],used_budget_write[7],used_budget_write[8],used_budget_write[9],calculated_read[0],calculated_read[1],calculated_read[2],calculated_read[3],calculated_read[4],calculated_read[5],calculated_read[6],calculated_read[7],calculated_read[8],calculated_read[9],calculated_write[0],calculated_write[1],calculated_write[2],calculated_write[3],calculated_write[4],calculated_write[5],calculated_write[6],calculated_write[7],calculated_write[8],calculated_write[9],
got bandwidth_wrapper (288)
got mser_wrapper (289)
EWMA_v2,28317680,20948917,7368763,13718214,4659845,59986236,60964396,590759,85984,6026668,5989312,5995197,5995982,5995874,5995337,5996429,5997555,5997797,5996085,5047288,6081019,5790757,5247516,8221166,5122919,6092010,5838159,5158062,8365500,56626,53891,54191,79038,51498,56333,53988,54258,81377,49559,9474,13600,15533,4955,43,8460,13755,15659,4469,36,2041478,2428881,2319847,2159093,1517666,2068996,2434759,2339963,2114097,1524137,645890,751421,731020,620214,924821,653331,753321,737102,611242,940401,408295,812412,1113899,1322937,1361882,1503304,1689595,1819668,1878553,1807669,129178,253626,349104,403326,507625,536766,580077,611482,611434,677227,
SW_v2,34264636,25306848,8957788,20939083,7469212,71711939,77382405,605652,116311,5741978,5991063,5996100,5996156,5996322,5995767,5995823,5995615,12000428,12002687,4752616,6059020,5847440,5356623,8019978,5093802,6068528,5813217,17084664,13286517,55779,53939,54265,76573,54661,56136,54170,54179,81773,64177,7503,13663,15564,5370,35,8328,13698,15684,4508,31958,354968,2421471,2343720,2186572,1522037,2057151,2425294,2330506,4128805,5536324,181437,747802,737064,638128,902813,650227,750217,734109,1938762,1677229,354968,1388220,1706720,2317254,2017443,1921920,2001494,2270984,2961535,3998545,181437,464620,555434,707665,759335,730389,767752,711518,1141029,1450033,
AFC_v2,27055469,19998822,7056647,12430632,4544371,65787164,68461988,624402,93733,11821337,5993060,5996740,5996405,5996596,5996731,5996657,5996130,5997012,5996496,15845439,5088527,6070992,5801988,5193825,8267072,5133500,6061014,5831571,5168060,83216,56246,53960,54186,80086,50758,56195,54043,54182,81530,10134,8310,13604,15548,4404,39,8255,13613,15615,4211,600428,2054492,2425453,2325123,2125901,1518846,2072441,2421583,2337086,2117469,627944,649269,750066,732400,615965,929757,654270,748986,735868,612122,120085,506966,890663,1177555,1367224,1397548,1532526,1710337,1835686,1892042,125588,230324,334272,413897,454310,549399,570373,606095,632049,628064,
LR_v2,4389515428,4365832756,23682672,4370058626,24991548,161714312,197889979,883844,333095,5639023,11997913,18008083,18008541,18008216,18011117,18010975,18011012,18011583,18007849,7698992,13272379,28206487,21226709,21287094,21295034,21247615,21211792,21195047,21248830,49558,64234,83216,98166,98138,98103,98086,98118,98232,97993,37,31777,9938,41620,41560,41634,41649,41600,41615,41665,4294737047,5529623,6411470,8447683,8457055,8459062,8451392,8445302,8442381,8451741,488508,1674987,3201326,2614942,2621165,2622375,2617243,2613054,2611318,2617754,4294621923,8409559,6852393,9465789,8461741,8460065,8447557,8442257,8440921,8456421,732762,2268226,3964495,2321750,2624276,2622980,2614677,2610960,2610450,2620972,
AMBP_v2,26147791,19540636,6607155,9148652,3146479,71618196,73266464,639563,124834,17654651,5992345,5996040,5995983,5996870,5996048,5996902,5996650,5995855,5996852,20560504,5103015,6076554,5840278,5155347,8339911,5102396,6070840,5850772,5166847,97886,56191,54037,54241,81021,50006,56322,54168,54300,81391,41567,8243,13605,15601,4179,29,8224,13554,15690,4142,129872,2060144,2427758,2340729,2110726,1524406,2059720,2425019,2345542,2116720,169690,650731,750651,736857,610682,937619,650623,749794,738564,611944,23448,387708,716146,936955,1054538,1033659,1114983,1239291,1314486,1327438,30616,139175,235323,302066,327410,404505,408355,428977,441804,428248,
PIC_v2,100716979,76441794,24275185,13865969348,13833974395,167837749,199212862,932280,373980,5743697,18007483,18010762,18010983,18010342,18010198,18011153,18011195,18010466,18011470,7876193,21196539,21204943,21256906,21255580,21248366,21317388,21268794,21293360,21294793,49806,97969,98095,98102,97914,98216,98146,98017,98030,97985,35,41619,41586,41617,41509,41481,41496,41571,41533,41533,364892,8442520,8443626,8453007,8451915,8451014,8462377,8455200,8458757,8458486,708002,2611516,2612631,2618518,2617910,2617445,2624883,2619798,2622192,2622290,429069708,774941000,1051638254,1272997934,1450085459,1591755299,1705093444,1795762524,1868298500,1926327226,429138330,773829696,1049583012,1270186842,1446669785,1587856046,1700806543,1791165923,1863453906,1921284312,
EWMA,17536250,12861505,4674745,9039424,3103441,59959748,61134439,591170,83298,5994690,5994857,5996116,5995904,5996538,5996020,5995875,5996151,5996787,5996810,5080769,6091176,5820782,5198867,8364784,5085728,6091848,5822197,5203405,8374883,56290,54145,54359,81425,49710,56177,53948,54174,81694,49248,8169,13593,15601,4226,34,8199,13628,15617,4203,28,2050328,2023588,1600103,1223980,553644,1166612,1491530,1281314,1034523,435883,647787,622883,506399,332138,646881,284630,404198,375521,253749,600559,410065,732769,906235,969784,886556,942567,1052359,1098150,1085424,955515,129557,228222,283857,293513,364186,348274,359458,362670,340885,392819,
SW,16165340,11696863,4468477,10460455,3130225,59944990,60885941,591035,84527,5995520,5995561,5996061,5994973,5995623,5994300,5994761,5993681,5991696,5992814,5833730,5373240,7963389,5108526,6074915,5798159,5203455,8349945,5100533,6080049,54165,76564,54604,56263,54013,54184,81237,49775,56137,54093,15504,5216,26,8285,13777,15503,4255,33,8237,13691,2337950,287286,287286,378801,1427168,1625300,1434258,825245,1361616,1731953,735597,73817,377056,255836,515521,496054,380840,703177,414855,515724,1905243,1683677,1683677,1001346,697752,697752,697752,697752,697752,697752,566292,519453,395490,235570,235570,235570,235570,235570,235570,235570,
AFC,17254539,12779679,4474860,8489876,3002381,59839702,60764604,590733,83415,5876894,5991360,5995506,5996966,5995684,5996503,5996848,5996298,5997141,5996502,5585665,5299902,8066301,5141822,6071937,5814025,5167131,8397374,5149995,6070452,54079,77356,53610,56219,54070,54199,81429,49588,56187,53996,14967,4870,26,8242,13687,15571,4155,29,8225,13643,1535777,1857629,896889,1402932,1607410,1353254,1065074,472982,1140859,1446873,469180,536498,725471,364342,444853,400186,265186,613440,269060,386644,307155,617249,673177,819128,976784,1052078,1054677,938338,978842,1072448,93836,182368,290988,305658,333497,346834,330505,387092,363486,368117,
AMBP,14824241,10887557,3936684,311342155,137705146,83818814,91853140,676734,144362,5828046,5991891,5996394,5996630,5995443,5996528,5996421,5997115,18010269,18010077,5568695,5291088,8100143,5112924,6052829,5819835,5165826,8212635,21285735,21243430,54096,77698,53281,56172,53976,54254,79995,50915,98105,98242,14846,4839,28,8186,13588,15537,4265,27,41493,41553,1153969,1931050,944272,1418267,1618000,1368482,1069023,461498,461498,461498,334511,562055,745479,369623,448414,404894,267927,267927,267927,267927,230873,570908,645580,800117,963693,1044650,1049524,102012270,102012270,102012270,66982,165996,281892,299438,329233,344365,34054310,34054310,34054310,34054310,
PIC,26923610,20459280,6464330,4268370210,4286563650,168087153,199619677,931998,373493,5994224,18009393,18010510,18009795,18010912,18010529,18010236,18010505,18010932,18010117,5070896,24464977,21284952,21244438,21272016,21242935,21276134,21258946,21281729,21222654,56300,91204,98025,98159,98001,98098,98090,98125,98030,97966,8121,33450,41550,41525,41493,41474,41441,41529,41460,41450,2045928,2045928,2045928,2045928,2045928,2045928,2045928,2045928,2045928,2045928,646433,646433,646433,646433,646433,646433,646433,646433,646433,646433,426837021,426837021,426837021,426837021,426837021,426837021,426837021,426837021,426837021,426837021,428656365,428656365,428656365,428656365,428656365,428656365,428656365,428656365,428656365,428656365,
end--> Completion message received. Exiting.
