--> Waiting for autoboot prompt...
NOTICE:  BL31: v2.9(release):8a3945e
NOTICE:  BL31: Built : 17:27:52, May  1 2024


U-Boot 2022.10 (May 01 2024 - 17:26:49 -0300)

DRAM:  7.1 GiB
RPI 4 Model B (0xd03115)
Core:  202 devices, 16 uclasses, devicetree: board
MMC:   mmcnr@7e300000: 1, emmc2@7e340000: 0
Loading Environment from FAT... ** No partition table - mmc 0 **
In:    serial
Out:   serial
Err:   serial
Net:   eth0: ethernet@7d580000
PCIe BRCM: link up, 5.0 Gbps x1 (SSC)
starting USB...
Bus xhci_pci: Register 5000420 NbrPorts 5
Starting the controller
USB XHCI 1.00
scanning bus xhci_pci for devices... 2 USB Device(s) found
       scanning usb for storage devices... 0 Storage Device(s) found
Hit any key to stop autoboot:--> Autoboot stopped. Waiting for U-Boot prompt...
 0 
U-Boot>--> Benchmark command sent. Waiting for completion...
fatload mmc 0 0x200000 bao-150.bin; go 0x200000
1417216 bytes read in 104 ms (13 MiB/s)
## Starting application at 0x00200000 ...
BENCH_ARRAY_INDEX 149
budget_function,PMU_counter_used_budget,PMU_counter_used_budget_r,PMU_counter_used_budget_w,total_calc_r,total_calc_w,used_budget_read[0],used_budget_read[1],used_budget_read[2],used_budget_read[3],used_budget_read[4],used_budget_read[5],used_budget_read[6],used_budget_read[7],used_budget_read[8],used_budget_read[9],used_budget_write[0],used_budget_write[1],used_budget_write[2],used_budget_write[3],used_budget_write[4],used_budget_write[5],used_budget_write[6],used_budget_write[7],used_budget_write[8],used_budget_write[9],calculated_read[0],calculated_read[1],calculated_read[2],calculated_read[3],calculated_read[4],calculated_read[5],calculated_read[6],calculated_read[7],calculated_read[8],calculated_read[9],calculated_write[0],calculated_write[1],calculated_write[2],calculated_write[3],calculated_write[4],calculated_write[5],calculated_write[6],calculated_write[7],calculated_write[8],calculated_write[9],
got disparity_wrapper (1192)
got bandwidth_wrapper (1193)
EWMA,17892831,15546738,2346093,10498876,1560093,2036329,2016486,1779247,1620637,1453813,1378111,1391084,1294431,1289578,1287022,157866,355026,295274,264198,227998,225108,213895,197429,207657,201642,407265,729109,939136,1075436,1151111,1196511,1235425,1247226,1255696,1261961,31573,96263,136065,161691,174952,184983,190765,192097,195209,196495,
SW,16777970,14205249,2572721,11484096,2046514,2547540,469194,469194,484080,1311799,1804449,1748902,1830854,1750374,1788863,396325,73109,634288,124416,115285,115669,280613,281486,271914,279616,2075424,1855795,1855795,1166938,755024,755024,755024,755024,755024,755024,321623,289032,289032,277271,277271,118457,118457,118457,118457,118457,
AFC,17215852,14463579,2752273,9840244,1811241,1452762,2289438,1871566,1596047,1482555,1393627,1354367,350817,1289057,1383343,237020,350427,284305,247838,233644,217727,208836,724525,116163,131788,290552,690329,926576,1060470,1144887,1194635,1226581,1051429,1098954,1155831,47404,108008,143267,164181,178073,186003,190569,297360,261121,235255,
AMBP,17590167,15244226,2345941,10185110,1560205,1270877,2280548,1877912,1616203,1541204,1381440,1344795,1324523,1300912,1305812,144833,370325,292174,263543,237092,210913,216239,207159,201890,201773,254255,659513,903192,1045794,1144876,1192188,1222709,1243071,1254639,1264873,29046,97301,136275,161728,176800,183622,190145,193547,195215,196526,
PIC,12795580,11081130,1714450,4280561810,4292738490,1108113,1108113,1108113,1108113,1108113,1108113,1108113,1108113,1108113,1108113,171445,171445,171445,171445,171445,171445,171445,171445,171445,171445,428056181,428056181,428056181,428056181,428056181,428056181,428056181,428056181,428056181,428056181,429273849,429273849,429273849,429273849,429273849,429273849,429273849,429273849,429273849,429273849,
end--> Completion message received. Exiting.
