--> Waiting for autoboot prompt...
NOTICE:  BL31: v2.9(release):8a3945e
NOTICE:  BL31: Built : 17:27:52, May  1 2024


U-Boot 2022.10 (May 01 2024 - 17:26:49 -0300)

DRAM:  7.1 GiB
RPI 4 Model B (0xd03115)
Core:  202 devices, 16 uclasses, devicetree: board
MMC:   mmcnr@7e300000: 1, emmc2@7e340000: 0
Loading Environment from FAT... ** No partition table - mmc 0 **
In:    serial
Out:   serial
Err:   serial
Net:   eth0: ethernet@7d580000
PCIe BRCM: link up, 5.0 Gbps x1 (SSC)
starting USB...
Bus xhci_pci: Register 5000420 NbrPorts 5
Starting the controller
USB XHCI 1.00
scanning bus xhci_pci for devices... 2 USB Device(s) found
       scanning usb for storage devices... 0 Storage Device(s) found
Hit any key to stop autoboot:--> Autoboot stopped. Waiting for U-Boot prompt...
 0 
U-Boot>--> Benchmark command sent. Waiting for completion...
fatload mmc 0 0x200000 bao-9.bin; go 0x200000
1388544 bytes read in 102 ms (13 MiB/s)
## Starting application at 0x00200000 ...
BENCH_ARRAY_INDEX 8
budget_function,PMU_counter_used_budget,PMU_counter_used_budget_r,PMU_counter_used_budget_w,total_calc_r,total_calc_w,used_budget_read[0],used_budget_read[1],used_budget_read[2],used_budget_read[3],used_budget_read[4],used_budget_read[5],used_budget_read[6],used_budget_read[7],used_budget_read[8],used_budget_read[9],used_budget_write[0],used_budget_write[1],used_budget_write[2],used_budget_write[3],used_budget_write[4],used_budget_write[5],used_budget_write[6],used_budget_write[7],used_budget_write[8],used_budget_write[9],calculated_read[0],calculated_read[1],calculated_read[2],calculated_read[3],calculated_read[4],calculated_read[5],calculated_read[6],calculated_read[7],calculated_read[8],calculated_read[9],calculated_write[0],calculated_write[1],calculated_write[2],calculated_write[3],calculated_write[4],calculated_write[5],calculated_write[6],calculated_write[7],calculated_write[8],calculated_write[9],
got bandwidth_wrapper (64)
got disparity_wrapper (65)
EWMA,18118321,15750612,2367709,10633715,1576340,2091244,2071473,1824178,1553100,1511031,1394011,1324427,1340413,1323138,1317597,164945,360851,299123,258478,239050,213168,216886,209138,202892,203178,418248,748893,963950,1081780,1167630,1212906,1235210,1256250,1269627,1279221,32989,98561,138673,162634,177917,184967,191350,194907,196504,197838,
SW,18012573,15652605,2359968,10301260,1841341,2566629,387411,511732,1344733,1834658,1768334,1829575,1815860,1780180,1813493,397743,141757,102476,180313,260980,251694,259233,248402,260145,257225,2071134,1839156,1155257,747959,747959,747959,747959,747959,747959,747959,324216,312528,213992,141515,141515,141515,141515,141515,141515,141515,
AFC,17621233,15223458,2397775,10218570,1606878,1445571,2293577,1875663,1633488,1495483,1367045,1148378,1331202,1336285,1296766,212179,356605,291794,254768,232657,219843,227363,201527,201956,199083,289114,690006,927137,1068407,1153822,1196466,1186849,1215719,1239832,1251218,42435,105269,142574,165012,178541,186801,194913,196235,197379,197719,
AMBP,17591279,15175114,2416165,134769631,1589355,1149088,2272416,1954638,1669135,1460467,1412420,1381151,1296959,1323624,1255216,174320,364468,299083,250629,235882,220320,213498,202675,204353,250937,229897,638400,901647,1055144,1136208,1191450,1229390,1242903,1259047,125885545,34944,100848,140495,162521,177193,185818,191354,193618,195765,206799,
PIC,27204190,25548490,1655700,4261754240,4292814870,2554849,2554849,2554849,2554849,2554849,2554849,2554849,2554849,2554849,2554849,165570,165570,165570,165570,165570,165570,165570,165570,165570,165570,426175424,426175424,426175424,426175424,426175424,426175424,426175424,426175424,426175424,426175424,429281487,429281487,429281487,429281487,429281487,429281487,429281487,429281487,429281487,429281487,
end--> Completion message received. Exiting.
