--> Waiting for autoboot prompt...
NOTICE:  BL31: v2.9(release):8a3945e
NOTICE:  BL31: Built : 17:27:52, May  1 2024


U-Boot 2022.10 (May 01 2024 - 17:26:49 -0300)

DRAM:  7.1 GiB
RPI 4 Model B (0xd03115)
Core:  202 devices, 16 uclasses, devicetree: board
MMC:   mmcnr@7e300000: 1, emmc2@7e340000: 0
Loading Environment from FAT... ** No partition table - mmc 0 **
In:    serial
Out:   serial
Err:   serial
Net:   eth0: ethernet@7d580000
PCIe BRCM: link up, 5.0 Gbps x1 (SSC)
starting USB...
Bus xhci_pci: Register 5000420 NbrPorts 5
Starting the controller
USB XHCI 1.00
scanning bus xhci_pci for devices... 2 USB Device(s) found
       scanning usb for storage devices... 0 Storage Device(s) found
Hit any key to stop autoboot:--> Autoboot stopped. Waiting for U-Boot prompt...
 0 
U-Boot>--> Benchmark command sent. Waiting for completion...
fatload mmc 0 0x200000 bao-67.bin; go 0x200000
1417216 bytes read in 105 ms (12.9 MiB/s)
## Starting application at 0x00200000 ...
BENCH_ARRAY_INDEX 66
budget_function,PMU_counter_used_budget,PMU_counter_used_budget_r,PMU_counter_used_budget_w,total_calc_r,total_calc_w,used_budget_read[0],used_budget_read[1],used_budget_read[2],used_budget_read[3],used_budget_read[4],used_budget_read[5],used_budget_read[6],used_budget_read[7],used_budget_read[8],used_budget_read[9],used_budget_write[0],used_budget_write[1],used_budget_write[2],used_budget_write[3],used_budget_write[4],used_budget_write[5],used_budget_write[6],used_budget_write[7],used_budget_write[8],used_budget_write[9],calculated_read[0],calculated_read[1],calculated_read[2],calculated_read[3],calculated_read[4],calculated_read[5],calculated_read[6],calculated_read[7],calculated_read[8],calculated_read[9],calculated_write[0],calculated_write[1],calculated_write[2],calculated_write[3],calculated_write[4],calculated_write[5],calculated_write[6],calculated_write[7],calculated_write[8],calculated_write[9],
got dijkstra_wrapper (528)
got bandwidth_wrapper (529)
EWMA,15037311,9301574,5735737,6294269,3866431,1235972,1260589,1057061,942364,868265,824741,794761,779251,767591,770979,673502,802653,668505,592929,544073,515406,495583,485401,477693,479992,247194,449873,571310,645520,690069,717003,732554,741893,747032,751821,134700,268290,348333,397252,426616,444374,454615,460772,464156,467323,
SW,14060749,8682181,5378568,6116861,3787264,1512752,79867,476812,824502,793081,1047017,1050491,794030,1053474,1050155,940660,41967,299000,514471,482696,651938,654244,483357,656231,654004,1169863,1034430,689810,460394,460394,460394,460394,460394,460394,460394,723396,640637,427209,285146,285146,285146,285146,285146,285146,285146,
AFC,13202527,8168967,5033560,5544814,3418786,568248,1398210,1144492,610081,967228,888026,452322,880469,831364,428527,332883,873473,714223,363961,605521,554878,265756,551868,519612,251385,113649,370561,525347,542293,627280,679429,634008,683300,712912,656035,66576,227955,325208,332958,387470,420951,389912,422303,441764,403689,
AMBP,13198329,8168534,5029795,334158755,207283870,852081,1343285,884177,1013699,912552,632548,632548,632548,632548,632548,533893,834480,539269,632097,568571,384297,384297,384297,384297,384297,170496,405053,500877,603441,665263,66362725,66362725,66362725,66362725,66362725,106858,252382,309759,374226,413095,41165510,41165510,41165510,41165510,41165510,
PIC,24446350,15074760,9371590,4275370090,4282784210,1507476,1507476,1507476,1507476,1507476,1507476,1507476,1507476,1507476,1507476,937159,937159,937159,937159,937159,937159,937159,937159,937159,937159,427537009,427537009,427537009,427537009,427537009,427537009,427537009,427537009,427537009,427537009,428278421,428278421,428278421,428278421,428278421,428278421,428278421,428278421,428278421,428278421,
end--> Completion message received. Exiting.
