--> Waiting for autoboot prompt...
NOTICE:  BL31: v2.9(release):8a3945e
NOTICE:  BL31: Built : 17:27:52, May  1 2024


U-Boot 2022.10 (May 01 2024 - 17:26:49 -0300)

DRAM:  7.1 GiB
RPI 4 Model B (0xd03115)
Core:  202 devices, 16 uclasses, devicetree: board
MMC:   mmcnr@7e300000: 1, emmc2@7e340000: 0
Loading Environment from FAT... ** No partition table - mmc 0 **
In:    serial
Out:   serial
Err:   serial
Net:   eth0: ethernet@7d580000
PCIe BRCM: link up, 5.0 Gbps x1 (SSC)
starting USB...
Bus xhci_pci: Register 5000420 NbrPorts 5
Starting the controller
USB XHCI 1.00
scanning bus xhci_pci for devices... 2 USB Device(s) found
       scanning usb for storage devices... 0 Storage Device(s) found
Hit any key to stop autoboot:--> Autoboot stopped. Waiting for U-Boot prompt...
 0 
U-Boot>--> Benchmark command sent. Waiting for completion...
fatload mmc 0 0x200000 bao-75.bin; go 0x200000
1417216 bytes read in 105 ms (12.9 MiB/s)
## Starting application at 0x00200000 ...
BENCH_ARRAY_INDEX 74
budget_function,PMU_counter_used_budget,PMU_counter_used_budget_r,PMU_counter_used_budget_w,total_calc_r,total_calc_w,used_budget_read[0],used_budget_read[1],used_budget_read[2],used_budget_read[3],used_budget_read[4],used_budget_read[5],used_budget_read[6],used_budget_read[7],used_budget_read[8],used_budget_read[9],used_budget_write[0],used_budget_write[1],used_budget_write[2],used_budget_write[3],used_budget_write[4],used_budget_write[5],used_budget_write[6],used_budget_write[7],used_budget_write[8],used_budget_write[9],calculated_read[0],calculated_read[1],calculated_read[2],calculated_read[3],calculated_read[4],calculated_read[5],calculated_read[6],calculated_read[7],calculated_read[8],calculated_read[9],calculated_write[0],calculated_write[1],calculated_write[2],calculated_write[3],calculated_write[4],calculated_write[5],calculated_write[6],calculated_write[7],calculated_write[8],calculated_write[9],
got dijkstra_wrapper (592)
got bandwidth_wrapper (593)
EWMA,15002236,9280510,5721726,6273499,3852601,1217825,1245901,1061193,939211,871561,825441,793232,788559,772895,764692,661424,792871,671247,590820,546266,515873,494603,491581,481237,475804,243565,444032,567464,641813,687762,715297,730884,742419,748514,751749,132284,264401,345770,394780,425077,443236,453509,461123,465145,467276,
SW,14698894,9065132,5633762,6467743,4021134,1491850,276583,414593,771566,1021477,1024831,1006127,1027166,1022987,1007952,926723,173064,257544,479200,634908,637150,624668,638714,635907,625884,1235154,1091847,727675,487581,487581,487581,487581,487581,487581,487581,766910,678897,452444,303269,303269,303269,303269,303269,303269,303269,
AFC,14737935,9090331,5647604,6102436,3790405,900788,1331979,1086060,960189,883424,812947,803542,783274,761461,766667,554509,829326,675253,597282,549695,504834,499829,487095,473016,476765,180157,410521,545628,628540,679516,706202,725670,737190,742044,746968,110901,254586,338719,390431,422283,438793,451000,458219,461178,464295,
AMBP,14685576,9055356,5630220,6050615,3761828,749913,1358987,1122135,971806,881286,835540,803696,783037,774928,774028,465806,844929,697881,604169,547721,519587,499746,486822,481929,481630,150062,391847,537904,624684,676004,707911,727068,738261,745594,751280,93241,243578,334438,388384,420251,440118,452043,458998,463584,467193,
PIC,11984840,7395960,4588880,4285352530,4289001730,739596,739596,739596,739596,739596,739596,739596,739596,739596,739596,458888,458888,458888,458888,458888,458888,458888,458888,458888,458888,428535253,428535253,428535253,428535253,428535253,428535253,428535253,428535253,428535253,428535253,428900173,428900173,428900173,428900173,428900173,428900173,428900173,428900173,428900173,428900173,
end--> Completion message received. Exiting.
