--> Waiting for autoboot prompt...
NOTICE:  BL31: v2.9(release):8a3945e
NOTICE:  BL31: Built : 17:27:52, May  1 2024


U-Boot 2022.10 (May 01 2024 - 17:26:49 -0300)

DRAM:  7.1 GiB
RPI 4 Model B (0xd03115)
Core:  202 devices, 16 uclasses, devicetree: board
MMC:   mmcnr@7e300000: 1, emmc2@7e340000: 0
Loading Environment from FAT... ** No partition table - mmc 0 **
In:    serial
Out:   serial
Err:   serial
Net:   eth0: ethernet@7d580000
PCIe BRCM: link up, 5.0 Gbps x1 (SSC)
starting USB...
Bus xhci_pci: Register 5000420 NbrPorts 5
Starting the controller
USB XHCI 1.00
scanning bus xhci_pci for devices... 2 USB Device(s) found
       scanning usb for storage devices... 0 Storage Device(s) found
Hit any key to stop autoboot:--> Autoboot stopped. Waiting for U-Boot prompt...
 0 
U-Boot>--> Benchmark command sent. Waiting for completion...
fatload mmc 0 0x200000 bao-105.bin; go 0x200000
1421312 bytes read in 105 ms (12.9 MiB/s)
## Starting application at 0x00200000 ...
BENCH_ARRAY_INDEX 104
budget_function,PMU_counter_used_budget,PMU_counter_used_budget_r,PMU_counter_used_budget_w,total_calc_r,total_calc_w,used_budget_read[0],used_budget_read[1],used_budget_read[2],used_budget_read[3],used_budget_read[4],used_budget_read[5],used_budget_read[6],used_budget_read[7],used_budget_read[8],used_budget_read[9],used_budget_write[0],used_budget_write[1],used_budget_write[2],used_budget_write[3],used_budget_write[4],used_budget_write[5],used_budget_write[6],used_budget_write[7],used_budget_write[8],used_budget_write[9],calculated_read[0],calculated_read[1],calculated_read[2],calculated_read[3],calculated_read[4],calculated_read[5],calculated_read[6],calculated_read[7],calculated_read[8],calculated_read[9],calculated_write[0],calculated_write[1],calculated_write[2],calculated_write[3],calculated_write[4],calculated_write[5],calculated_write[6],calculated_write[7],calculated_write[8],calculated_write[9],
got dijkstra_wrapper (832)
got fft_wrapper (833)
EWMA,20571133,12394645,8176488,8409039,5534344,1757720,1651214,1393887,1237790,1143950,1087645,1053779,1033430,1021263,1013967,1081903,1111574,934312,826804,762157,723377,700036,686042,677657,672626,351544,611478,767959,861925,918330,952193,972510,984694,992007,996399,216380,395418,503196,567917,606765,630087,644076,652469,657506,660530,
SW,20126435,12101845,8024590,8595702,5699618,2005714,341382,554965,1038110,1360570,1360436,1360252,1360202,1360108,1360106,1329978,226311,367999,688357,902182,902105,901964,901937,901881,901876,1664069,1450546,967354,644819,644819,644819,644819,644819,644819,644819,1103467,961830,641429,427556,427556,427556,427556,427556,427556,427556,
AFC,20120933,12098759,8022174,8117737,5382423,1168247,1771294,1464792,1280098,1169283,1102753,1062880,1038919,1024533,1015960,774026,1174621,971355,848849,775375,731235,704796,688896,679354,673667,233649,541178,725900,836739,903247,943148,967094,981459,990073,995250,154805,358768,481285,554797,598912,625376,641260,650787,656500,659933,
AMBP,19826409,11921688,7904721,7943987,5267295,818796,1840865,1506728,1305222,1184273,1111788,1068286,1042120,1026524,1017086,542309,1220752,999149,865498,785304,737220,708374,691015,680677,674423,163839,499244,700740,821636,894163,937688,963807,979469,988880,994521,108541,330983,464616,544792,592894,621759,639082,649468,655709,659451,
PIC,13624590,8196120,5428470,4284312320,4287910270,819612,819612,819612,819612,819612,819612,819612,819612,819612,819612,542847,542847,542847,542847,542847,542847,542847,542847,542847,542847,428431232,428431232,428431232,428431232,428431232,428431232,428431232,428431232,428431232,428431232,428791027,428791027,428791027,428791027,428791027,428791027,428791027,428791027,428791027,428791027,
end--> Completion message received. Exiting.
