--> Waiting for autoboot prompt...
NOTICE:  BL31: v2.9(release):8a3945e
NOTICE:  BL31: Built : 17:27:52, May  1 2024


U-Boot 2022.10 (May 01 2024 - 17:26:49 -0300)

DRAM:  7.1 GiB
RPI 4 Model B (0xd03115)
Core:  202 devices, 16 uclasses, devicetree: board
MMC:   mmcnr@7e300000: 1, emmc2@7e340000: 0
Loading Environment from FAT... ** No partition table - mmc 0 **
In:    serial
Out:   serial
Err:   serial
Net:   eth0: ethernet@7d580000
PCIe BRCM: link up, 5.0 Gbps x1 (SSC)
starting USB...
Bus xhci_pci: Register 5000420 NbrPorts 5
Starting the controller
USB XHCI 1.00
scanning bus xhci_pci for devices... 2 USB Device(s) found
       scanning usb for storage devices... 0 Storage Device(s) found
Hit any key to stop autoboot:--> Autoboot stopped. Waiting for U-Boot prompt...
 0 
U-Boot>--> Benchmark command sent. Waiting for completion...
fatload mmc 0 0x200000 bao-131.bin; go 0x200000
1417216 bytes read in 105 ms (12.9 MiB/s)
## Starting application at 0x00200000 ...
BENCH_ARRAY_INDEX 130
budget_function,PMU_counter_used_budget,PMU_counter_used_budget_r,PMU_counter_used_budget_w,total_calc_r,total_calc_w,used_budget_read[0],used_budget_read[1],used_budget_read[2],used_budget_read[3],used_budget_read[4],used_budget_read[5],used_budget_read[6],used_budget_read[7],used_budget_read[8],used_budget_read[9],used_budget_write[0],used_budget_write[1],used_budget_write[2],used_budget_write[3],used_budget_write[4],used_budget_write[5],used_budget_write[6],used_budget_write[7],used_budget_write[8],used_budget_write[9],calculated_read[0],calculated_read[1],calculated_read[2],calculated_read[3],calculated_read[4],calculated_read[5],calculated_read[6],calculated_read[7],calculated_read[8],calculated_read[9],calculated_write[0],calculated_write[1],calculated_write[2],calculated_write[3],calculated_write[4],calculated_write[5],calculated_write[6],calculated_write[7],calculated_write[8],calculated_write[9],
got dijkstra_wrapper (1040)
got sha_wrapper (1041)
EWMA,21315015,13166309,8148706,8934575,5515182,1878900,1750835,1478462,1313218,1214010,1154412,1118603,1097195,1084151,1076523,1075976,1108521,931578,824249,759766,721054,697791,683908,675402,670461,375780,650791,816325,915703,975364,1011173,1032659,1045566,1053283,1057931,215195,393860,501403,565972,604730,627994,641953,650344,655355,658376,
SW,20826147,12836370,7989777,9142715,5692078,2129531,390963,579487,1095932,1440403,1440224,1440117,1440008,1439855,1439850,1325656,244949,360147,681865,896420,896288,896228,896150,896037,896037,1738142,1549688,1033327,688794,688794,688794,688794,688794,688794,688794,1080376,965209,643584,428987,428987,428987,428987,428987,428987,428987,
AFC,20997428,12941607,8055821,8713440,5423794,1431010,1842696,1532150,1345401,1233127,1165903,1125381,1101230,1086736,1077973,890200,1147192,953807,837576,767646,725806,700533,685513,676515,671033,286202,597500,784430,896624,963924,1004319,1028531,1043070,1051803,1057037,178040,371870,488257,558120,600025,625181,640251,649303,654745,658002,
AMBP,20636134,12719863,7916271,8495727,5286906,993262,1929852,1584646,1376752,1252051,1177166,1132277,1105310,1089136,1079411,614821,1201954,986826,857262,779560,732881,704901,688097,678016,671953,198732,544956,752894,877665,952542,997466,1024428,1040604,1050310,1056130,123044,338826,468426,546193,592866,620869,637675,647759,653810,657438,
PIC,16391820,10119080,6272740,4281812470,4286812720,1011908,1011908,1011908,1011908,1011908,1011908,1011908,1011908,1011908,1011908,627274,627274,627274,627274,627274,627274,627274,627274,627274,627274,428181247,428181247,428181247,428181247,428181247,428181247,428181247,428181247,428181247,428181247,428681272,428681272,428681272,428681272,428681272,428681272,428681272,428681272,428681272,428681272,
end--> Completion message received. Exiting.
