--> Waiting for autoboot prompt...
NOTICE:  BL31: v2.9(release):8a3945e
NOTICE:  BL31: Built : 17:27:52, May  1 2024


U-Boot 2022.10 (May 01 2024 - 17:26:49 -0300)

DRAM:  7.1 GiB
RPI 4 Model B (0xd03115)
Core:  202 devices, 16 uclasses, devicetree: board
MMC:   mmcnr@7e300000: 1, emmc2@7e340000: 0
Loading Environment from FAT... ** No partition table - mmc 0 **
In:    serial
Out:   serial
Err:   serial
Net:   eth0: ethernet@7d580000
PCIe BRCM: link up, 5.0 Gbps x1 (SSC)
starting USB...
Bus xhci_pci: Register 5000420 NbrPorts 5
Starting the controller
USB XHCI 1.00
scanning bus xhci_pci for devices... 2 USB Device(s) found
       scanning usb for storage devices... 0 Storage Device(s) found
Hit any key to stop autoboot:--> Autoboot stopped. Waiting for U-Boot prompt...
 
U-Boot>--> Benchmark command sent. Waiting for completion...
fatload mmc 0 0x200000 bao-1.bin; go 0x200000
1421312 bytes read in 105 ms (12.9 MiB/s)
## Starting application at 0x00200000 ...
BENCH_ARRAY_INDEX 0
budget_function,PMU_counter_used_budget,PMU_counter_used_budget_r,PMU_counter_used_budget_w,total_calc_r,total_calc_w,used_budget_read[0],used_budget_read[1],used_budget_read[2],used_budget_read[3],used_budget_read[4],used_budget_read[5],used_budget_read[6],used_budget_read[7],used_budget_read[8],used_budget_read[9],used_budget_write[0],used_budget_write[1],used_budget_write[2],used_budget_write[3],used_budget_write[4],used_budget_write[5],used_budget_write[6],used_budget_write[7],used_budget_write[8],used_budget_write[9],calculated_read[0],calculated_read[1],calculated_read[2],calculated_read[3],calculated_read[4],calculated_read[5],calculated_read[6],calculated_read[7],calculated_read[8],calculated_read[9],calculated_write[0],calculated_write[1],calculated_write[2],calculated_write[3],calculated_write[4],calculated_write[5],calculated_write[6],calculated_write[7],calculated_write[8],calculated_write[9],
got bandwidth_wrapper (0)
got bandwidth_wrapper (1)
EWMA,7553607,4999856,2553751,3372272,1848632,436795,474234,961073,266250,229950,1371275,170989,117289,733534,238467,72492,218777,632319,86699,60340,987778,12913,12913,431283,38237,87359,164734,324001,312450,295950,511015,443009,377865,448998,406891,14498,55353,170746,153936,135216,305728,247165,247165,283988,234837,
SW,14781075,9117595,5663480,6826214,3276954,1044312,700969,117378,1364178,402244,1548133,423815,1563461,400068,1553037,219389,476892,143056,907822,266204,1030466,280575,1040621,264710,1033745,929563,929563,620886,620886,620886,620886,620886,620886,620886,620886,619937,418785,279779,279779,279779,279779,279779,279779,279779,279779,
AFC,9839142,5942118,3897024,3789277,2470963,324733,450395,983858,736224,139388,1176046,522387,22208,1116863,470016,214555,144328,707990,369434,369434,800003,210520,210520,719309,150931,64946,142035,310399,395564,344329,510672,513015,414854,555255,538208,42911,63194,192153,227609,227609,342087,315774,315774,396481,347371,
AMBP,4976003,3619492,1356511,287826614,167605939,1307461,792087,189993,189993,189993,189993,189993,189993,189993,189993,884350,389545,10327,10327,10327,10327,10327,10327,10327,10327,261843,367891,35899610,35899610,35899610,35899610,35899610,35899610,35899610,35899610,176950,219469,20901190,20901190,20901190,20901190,20901190,20901190,20901190,20901190,
PIC,15112650,9884280,5228370,4282117710,4288170400,988428,988428,988428,988428,988428,988428,988428,988428,988428,988428,522837,522837,522837,522837,522837,522837,522837,522837,522837,522837,428211771,428211771,428211771,428211771,428211771,428211771,428211771,428211771,428211771,428211771,428817040,428817040,428817040,428817040,428817040,428817040,428817040,428817040,428817040,428817040,
end--> Completion message received. Exiting.
