--> Waiting for autoboot prompt...
NOTICE:  BL31: v2.9(release):8a3945e
NOTICE:  BL31: Built : 17:27:52, May  1 2024


U-Boot 2022.10 (May 01 2024 - 17:26:49 -0300)

DRAM:  7.1 GiB
RPI 4 Model B (0xd03115)
Core:  202 devices, 16 uclasses, devicetree: board
MMC:   mmcnr@7e300000: 1, emmc2@7e340000: 0
Loading Environment from FAT... ** No partition table - mmc 0 **
In:    serial
Out:   serial
Err:   serial
Net:   eth0: ethernet@7d580000
PCIe BRCM: link up, 5.0 Gbps x1 (SSC)
starting USB...
Bus xhci_pci: Register 5000420 NbrPorts 5
Starting the controller
USB XHCI 1.00
scanning bus xhci_pci for devices... 2 USB Device(s) found
       scanning usb for storage devices... 0 Storage Device(s) found
Hit any key to stop autoboot:--> Autoboot stopped. Waiting for U-Boot prompt...
 0 
U-Boot>--> Benchmark command sent. Waiting for completion...
fatload mmc 0 0x200000 bao-82.bin; go 0x200000
1417216 bytes read in 105 ms (12.9 MiB/s)
## Starting application at 0x00200000 ...
BENCH_ARRAY_INDEX 81
budget_function,PMU_counter_used_budget,PMU_counter_used_budget_r,PMU_counter_used_budget_w,total_calc_r,total_calc_w,used_budget_read[0],used_budget_read[1],used_budget_read[2],used_budget_read[3],used_budget_read[4],used_budget_read[5],used_budget_read[6],used_budget_read[7],used_budget_read[8],used_budget_read[9],used_budget_write[0],used_budget_write[1],used_budget_write[2],used_budget_write[3],used_budget_write[4],used_budget_write[5],used_budget_write[6],used_budget_write[7],used_budget_write[8],used_budget_write[9],calculated_read[0],calculated_read[1],calculated_read[2],calculated_read[3],calculated_read[4],calculated_read[5],calculated_read[6],calculated_read[7],calculated_read[8],calculated_read[9],calculated_write[0],calculated_write[1],calculated_write[2],calculated_write[3],calculated_write[4],calculated_write[5],calculated_write[6],calculated_write[7],calculated_write[8],calculated_write[9],
got dijkstra_wrapper (648)
got dijkstra_wrapper (649)
EWMA,20482293,12312923,8169370,8353529,5529652,1745101,1640855,1385043,1229522,1136529,1080539,1046817,1026737,1014657,1007123,1081138,1110773,933558,825866,761489,722726,699362,685474,677107,671877,349020,607387,762918,856238,912296,945944,966118,978241,985524,989843,216227,395136,502820,567429,606241,629538,643502,651896,656938,659925,
SW,20037921,12021283,8016638,8538031,5693664,1992528,338240,551629,1031511,1351018,1351723,1351408,1350622,1351322,1351282,1328752,225487,367880,687890,900968,901436,901223,900705,901166,901131,1653171,1440841,960799,640460,640460,640460,640460,640460,640460,640460,1102526,960830,640706,427086,427086,427086,427086,427086,427086,427086,
AFC,20031648,12017514,8014134,8063009,5377004,1158201,1760338,1455522,1271299,1161866,1095656,1055512,1032312,1017942,1008866,772481,1173897,970624,847778,774803,730648,703879,688426,678822,672776,231640,537379,721007,831065,897225,936911,960631,974967,983562,988622,154496,358376,480825,554215,598332,624795,640611,650174,655903,659277,
AMBP,19741026,11843233,7897793,7891572,5262702,812781,1829087,1496490,1296804,1176706,1104431,1061389,1035400,1019633,1010512,542092,1219719,997925,864775,784695,736487,707806,690474,679941,673879,162636,495926,696038,816191,888294,931521,957494,973075,982386,988011,108498,330742,464178,544297,592376,621198,638519,648910,655116,658868,
PIC,13561790,8135650,5426140,4284390930,4287913300,813565,813565,813565,813565,813565,813565,813565,813565,813565,813565,542614,542614,542614,542614,542614,542614,542614,542614,542614,542614,428439093,428439093,428439093,428439093,428439093,428439093,428439093,428439093,428439093,428439093,428791330,428791330,428791330,428791330,428791330,428791330,428791330,428791330,428791330,428791330,
end--> Completion message received. Exiting.
