--> Waiting for autoboot prompt...
NOTICE:  BL31: v2.9(release):8a3945e
NOTICE:  BL31: Built : 17:27:52, May  1 2024


U-Boot 2022.10 (May 01 2024 - 17:26:49 -0300)

DRAM:  7.1 GiB
RPI 4 Model B (0xd03115)
Core:  202 devices, 16 uclasses, devicetree: board
MMC:   mmcnr@7e300000: 1, emmc2@7e340000: 0
Loading Environment from FAT... ** No partition table - mmc 0 **
In:    serial
Out:   serial
Err:   serial
Net:   eth0: ethernet@7d580000
PCIe BRCM: link up, 5.0 Gbps x1 (SSC)
starting USB...
Bus xhci_pci: Register 5000420 NbrPorts 5
Starting the controller
USB XHCI 1.00
scanning bus xhci_pci for devices... 2 USB Device(s) found
       scanning usb for storage devices... 0 Storage Device(s) found
Hit any key to stop autoboot:--> Autoboot stopped. Waiting for U-Boot prompt...
 0 
U-Boot>--> Benchmark command sent. Waiting for completion...
fatload mmc 0 0x200000 bao-77.bin; go 0x200000
1392640 bytes read in 103 ms (12.9 MiB/s)
## Starting application at 0x00200000 ...
BENCH_ARRAY_INDEX 76
budget_function,PMU_counter_used_budget,PMU_counter_used_budget_r,PMU_counter_used_budget_w,total_calc_r,total_calc_w,used_budget_read[0],used_budget_read[1],used_budget_read[2],used_budget_read[3],used_budget_read[4],used_budget_read[5],used_budget_read[6],used_budget_read[7],used_budget_read[8],used_budget_read[9],used_budget_write[0],used_budget_write[1],used_budget_write[2],used_budget_write[3],used_budget_write[4],used_budget_write[5],used_budget_write[6],used_budget_write[7],used_budget_write[8],used_budget_write[9],calculated_read[0],calculated_read[1],calculated_read[2],calculated_read[3],calculated_read[4],calculated_read[5],calculated_read[6],calculated_read[7],calculated_read[8],calculated_read[9],calculated_write[0],calculated_write[1],calculated_write[2],calculated_write[3],calculated_write[4],calculated_write[5],calculated_write[6],calculated_write[7],calculated_write[8],calculated_write[9],
got bandwidth_wrapper (608)
got disparity_wrapper (609)
EWMA,18056870,15702049,2354821,10612168,1572332,2088365,2074601,1819975,1553883,1497792,1368019,1351140,1334037,1329909,1284328,164474,361333,297590,259927,237027,213320,216869,207086,204821,192374,417673,749058,963241,1081369,1164653,1205326,1234488,1254397,1269499,1272464,32894,98581,138382,162691,177558,184710,191141,194330,196428,195617,
SW,17960819,15595590,2365229,10407560,1813368,2555727,460916,490310,1329253,1803777,1749341,1825013,1774032,1790103,1817118,396652,122747,109030,184806,259563,255883,261651,251366,262660,260871,2060117,1857339,1168984,760160,760160,760160,760160,760160,760160,760160,326315,305550,209476,138861,138861,138861,138861,138861,138861,138861,
AFC,17561589,15170035,2391554,10193802,1602140,1430983,2297141,1860395,1647345,1496987,1375415,1142852,1305015,1336647,1277255,214473,356219,287910,253913,234866,216273,227597,199595,196307,204401,286196,688385,922787,1067698,1153555,1197927,1186912,1210532,1235755,1244055,42894,105559,142029,164405,178497,186052,194361,195407,195587,197349,
AMBP,17603100,15202379,2400721,10151791,1585962,1135415,2298500,1949207,1635572,1489864,1410009,1378493,1318044,1321160,1266115,176250,361434,296833,253708,236136,220091,212220,203954,204891,235204,227163,641430,902985,1049502,1137574,1192061,1229347,1247086,1261900,1262743,35330,100550,139806,162586,177296,185855,191128,193693,195932,203786,
PIC,10315530,8564860,1750670,4283832960,4292691410,856486,856486,856486,856486,856486,856486,856486,856486,856486,856486,175067,175067,175067,175067,175067,175067,175067,175067,175067,175067,428383296,428383296,428383296,428383296,428383296,428383296,428383296,428383296,428383296,428383296,429269141,429269141,429269141,429269141,429269141,429269141,429269141,429269141,429269141,429269141,
end--> Completion message received. Exiting.
