--> Waiting for autoboot prompt...
NOTICE:  BL31: v2.9(release):8a3945e
NOTICE:  BL31: Built : 17:27:52, May  1 2024


U-Boot 2022.10 (May 01 2024 - 17:26:49 -0300)

DRAM:  7.1 GiB
RPI 4 Model B (0xd03115)
Core:  202 devices, 16 uclasses, devicetree: board
MMC:   mmcnr@7e300000: 1, emmc2@7e340000: 0
Loading Environment from FAT... ** No partition table - mmc 0 **
In:    serial
Out:   serial
Err:   serial
Net:   eth0: ethernet@7d580000
PCIe BRCM: link up, 5.0 Gbps x1 (SSC)
starting USB...
Bus xhci_pci: Register 5000420 NbrPorts 5
Starting the controller
USB XHCI 1.00
scanning bus xhci_pci for devices... 2 USB Device(s) found
       scanning usb for storage devices... 0 Storage Device(s) found
Hit any key to stop autoboot:--> Autoboot stopped. Waiting for U-Boot prompt...
 0 
U-Boot>--> Benchmark command sent. Waiting for completion...
fatload mmc 0 0x200000 bao-47.bin; go 0x200000
1417216 bytes read in 104 ms (13 MiB/s)
## Starting application at 0x00200000 ...
BENCH_ARRAY_INDEX 46
budget_function,PMU_counter_used_budget,PMU_counter_used_budget_r,PMU_counter_used_budget_w,total_calc_r,total_calc_w,used_budget_read[0],used_budget_read[1],used_budget_read[2],used_budget_read[3],used_budget_read[4],used_budget_read[5],used_budget_read[6],used_budget_read[7],used_budget_read[8],used_budget_read[9],used_budget_write[0],used_budget_write[1],used_budget_write[2],used_budget_write[3],used_budget_write[4],used_budget_write[5],used_budget_write[6],used_budget_write[7],used_budget_write[8],used_budget_write[9],calculated_read[0],calculated_read[1],calculated_read[2],calculated_read[3],calculated_read[4],calculated_read[5],calculated_read[6],calculated_read[7],calculated_read[8],calculated_read[9],calculated_write[0],calculated_write[1],calculated_write[2],calculated_write[3],calculated_write[4],calculated_write[5],calculated_write[6],calculated_write[7],calculated_write[8],calculated_write[9],
got bandwidth_wrapper (368)
got sha_wrapper (369)
EWMA,15986808,10225421,5761387,6926523,3885710,1395279,1375665,1149870,1040564,947623,894798,871636,870806,840945,838235,685356,803841,665953,600846,543563,511107,497353,497805,478494,477069,279055,498377,628675,711052,758366,785652,802848,816439,821340,824719,137071,270425,349530,399793,428547,445059,455517,463974,466878,468916,
SW,15662528,9985912,5676616,7113585,4046463,1658667,307576,447372,850028,1121867,1122850,1116939,1116826,1124279,1119508,943356,178028,253087,482439,637598,638266,634332,634249,639220,636041,1355011,1209092,804538,534992,534992,534992,534992,534992,534992,534992,767905,688775,458157,304518,304518,304518,304518,304518,304518,304518,
AFC,15691580,10007574,5684006,6718770,3813973,994598,1457831,1204981,1057696,965060,906534,876776,856419,846509,841170,552817,831497,686585,602606,549371,515467,498661,486964,481465,478573,198919,450701,601557,692784,747239,779098,798633,810190,817453,822196,110563,254749,341116,393414,424605,442777,453953,460555,464737,467504,
AMBP,15559522,9919759,5639763,6626176,3766459,774598,1493585,1241531,1072843,972766,920118,889702,871727,853514,829375,434605,849606,707531,610648,553269,523775,506882,496884,485968,470595,154999,422716,586479,683751,741554,777266,799753,814147,822020,823491,87001,239522,333123,388628,421556,441999,454975,463356,467878,468421,
PIC,12560840,8027620,4533220,4284531370,4289074090,802762,802762,802762,802762,802762,802762,802762,802762,802762,802762,453322,453322,453322,453322,453322,453322,453322,453322,453322,453322,428453137,428453137,428453137,428453137,428453137,428453137,428453137,428453137,428453137,428453137,428907409,428907409,428907409,428907409,428907409,428907409,428907409,428907409,428907409,428907409,
end--> Completion message received. Exiting.
