--> Waiting for autoboot prompt...
NOTICE:  BL31: v2.9(release):8a3945e
NOTICE:  BL31: Built : 17:27:52, May  1 2024


U-Boot 2022.10 (May 01 2024 - 17:26:49 -0300)

DRAM:  7.1 GiB
RPI 4 Model B (0xd03115)
Core:  202 devices, 16 uclasses, devicetree: board
MMC:   mmcnr@7e300000: 1, emmc2@7e340000: 0
Loading Environment from FAT... ** No partition table - mmc 0 **
In:    serial
Out:   serial
Err:   serial
Net:   eth0: ethernet@7d580000
PCIe BRCM: link up, 5.0 Gbps x1 (SSC)
starting USB...
Bus xhci_pci: Register 5000420 NbrPorts 5
Starting the controller
USB XHCI 1.00
scanning bus xhci_pci for devices... 2 USB Device(s) found
       scanning usb for storage devices... 0 Storage Device(s) found
Hit any key to stop autoboot:--> Autoboot stopped. Waiting for U-Boot prompt...
 0 
U-Boot>--> Benchmark command sent. Waiting for completion...
fatload mmc 0 0x200000 bao-78.bin; go 0x200000
1417216 bytes read in 114 ms (11.9 MiB/s)
## Starting application at 0x00200000 ...
BENCH_ARRAY_INDEX 77
budget_function,PMU_counter_used_budget,PMU_counter_used_budget_r,PMU_counter_used_budget_w,total_calc_r,total_calc_w,used_budget_read[0],used_budget_read[1],used_budget_read[2],used_budget_read[3],used_budget_read[4],used_budget_read[5],used_budget_read[6],used_budget_read[7],used_budget_read[8],used_budget_read[9],used_budget_write[0],used_budget_write[1],used_budget_write[2],used_budget_write[3],used_budget_write[4],used_budget_write[5],used_budget_write[6],used_budget_write[7],used_budget_write[8],used_budget_write[9],calculated_read[0],calculated_read[1],calculated_read[2],calculated_read[3],calculated_read[4],calculated_read[5],calculated_read[6],calculated_read[7],calculated_read[8],calculated_read[9],calculated_write[0],calculated_write[1],calculated_write[2],calculated_write[3],calculated_write[4],calculated_write[5],calculated_write[6],calculated_write[7],calculated_write[8],calculated_write[9],
got dijkstra_wrapper (616)
got dijkstra_wrapper (617)
EWMA,20482445,12313027,8169418,8353523,5529628,1745111,1640769,1384928,1229468,1136683,1080606,1046831,1026755,1014680,1007196,1081148,1110703,933483,825826,761589,722761,699381,685479,677121,671927,349022,607371,762882,856199,912295,945957,966131,978255,985540,989871,216229,395123,502795,567401,606238,629542,643509,651903,656946,659942,
SW,20038879,12021848,8017031,8536797,5692822,1992487,337678,551808,1031605,1351247,1351846,1351593,1350735,1351450,1351399,1328732,225108,368000,687950,901114,901518,901354,900778,901258,901219,1653024,1440567,960658,640364,640364,640364,640364,640364,640364,640364,1102427,960649,640613,427019,427019,427019,427019,427019,427019,427019,
AFC,20031954,12017703,8014251,8063158,5377096,1158444,1760154,1455529,1271447,1161837,1095642,1055519,1032305,1017918,1008908,772647,1173766,970623,847866,774788,730639,703889,688409,678812,672812,231688,537381,721010,831097,897245,936924,960643,974975,983563,988632,154529,358376,480825,554233,598344,624803,640620,650177,655904,659285,
AMBP,19740979,11843198,7897781,7891513,5262666,812871,1828672,1496729,1296870,1176706,1104344,1061386,1035424,1019700,1010496,542144,1219441,998093,864828,784695,736424,707803,690491,679995,673867,162654,495857,696031,816198,888299,931508,957483,973071,982396,988016,108508,330694,464173,544304,592382,621190,638512,648907,655124,658872,
PIC,13565240,8137800,5427440,4284388140,4287911610,813780,813780,813780,813780,813780,813780,813780,813780,813780,813780,542744,542744,542744,542744,542744,542744,542744,542744,542744,542744,428438814,428438814,428438814,428438814,428438814,428438814,428438814,428438814,428438814,428438814,428791161,428791161,428791161,428791161,428791161,428791161,428791161,428791161,428791161,428791161,
end--> Completion message received. Exiting.
