--> Waiting for autoboot prompt...
NOTICE:  BL31: v2.9(release):8a3945e
NOTICE:  BL31: Built : 17:27:52, May  1 2024


U-Boot 2022.10 (May 01 2024 - 17:26:49 -0300)

DRAM:  7.1 GiB
RPI 4 Model B (0xd03115)
Core:  202 devices, 16 uclasses, devicetree: board
MMC:   mmcnr@7e300000: 1, emmc2@7e340000: 0
Loading Environment from FAT... ** No partition table - mmc 0 **
In:    serial
Out:   serial
Err:   serial
Net:   eth0: ethernet@7d580000
PCIe BRCM: link up, 5.0 Gbps x1 (SSC)
starting USB...
Bus xhci_pci: Register 5000420 NbrPorts 5
Starting the controller
USB XHCI 1.00
scanning bus xhci_pci for devices... 2 USB Device(s) found
       scanning usb for storage devices... 0 Storage Device(s) found
Hit any key to stop autoboot:--> Autoboot stopped. Waiting for U-Boot prompt...
 0 
U-Boot>--> Benchmark command sent. Waiting for completion...
fatload mmc 0 0x200000 bao-98.bin; go 0x200000
1392640 bytes read in 103 ms (12.9 MiB/s)
## Starting application at 0x00200000 ...
BENCH_ARRAY_INDEX 97
budget_function,PMU_counter_used_budget,PMU_counter_used_budget_r,PMU_counter_used_budget_w,total_calc_r,total_calc_w,used_budget_read[0],used_budget_read[1],used_budget_read[2],used_budget_read[3],used_budget_read[4],used_budget_read[5],used_budget_read[6],used_budget_read[7],used_budget_read[8],used_budget_read[9],used_budget_write[0],used_budget_write[1],used_budget_write[2],used_budget_write[3],used_budget_write[4],used_budget_write[5],used_budget_write[6],used_budget_write[7],used_budget_write[8],used_budget_write[9],calculated_read[0],calculated_read[1],calculated_read[2],calculated_read[3],calculated_read[4],calculated_read[5],calculated_read[6],calculated_read[7],calculated_read[8],calculated_read[9],calculated_write[0],calculated_write[1],calculated_write[2],calculated_write[3],calculated_write[4],calculated_write[5],calculated_write[6],calculated_write[7],calculated_write[8],calculated_write[9],
got mser_wrapper (776)
got sorting_wrapper (777)
EWMA,25209044,19453663,5755381,13276600,3899254,2933285,2854579,1760880,1990899,2112971,1282129,1721146,1953580,1178698,1665496,652144,857322,675678,543339,599799,520435,447749,542855,489057,427003,586657,1040241,1184368,1345674,1499133,1455732,1508814,1597767,1513953,1544261,130428,275806,355780,393291,434592,451760,450957,469336,473280,464024,
SW,24666918,18998762,5668156,13435902,4104607,3183923,893125,450182,1671635,2452272,1772810,2176010,2453241,1771322,2174242,901684,236010,271383,430851,679253,646952,588075,679396,646832,587720,2566400,2325558,1509077,1004981,1004981,1004981,1004981,1004981,1004981,1004981,756787,688892,469692,312748,312748,312748,312748,312748,312748,312748,
AFC,25201766,19510592,5691174,13058533,3805429,2251032,2655231,2415808,2206518,1336142,1972980,1878908,1097335,1872449,1824189,618761,701905,702589,628667,528002,536483,509184,490384,491479,483720,450206,891211,1196130,1398207,1385794,1503231,1578366,1482160,1560217,1613011,123752,239382,332023,391351,418681,442241,455629,462580,468359,471431,
AMBP,22788346,17201827,5586519,606913432,140666096,649655,3048786,2743267,1658127,1958059,2078473,1266365,1266365,1266365,1266365,525071,795175,748807,615006,503716,571217,510560,438989,438989,438989,130011,713766,1119666,1227358,1373498,1514493,150208660,150208660,150208660,150208660,105094,243110,344249,398400,419463,449813,461962,46081335,46081335,46081335,
PIC,40838880,31828930,9009950,4253589670,4283254340,3182893,3182893,3182893,3182893,3182893,3182893,3182893,3182893,3182893,3182893,900995,900995,900995,900995,900995,900995,900995,900995,900995,900995,425358967,425358967,425358967,425358967,425358967,425358967,425358967,425358967,425358967,425358967,428325434,428325434,428325434,428325434,428325434,428325434,428325434,428325434,428325434,428325434,
end--> Completion message received. Exiting.
