--> Waiting for autoboot prompt...
NOTICE:  BL31: v2.9(release):8a3945e
NOTICE:  BL31: Built : 17:27:52, May  1 2024


U-Boot 2022.10 (May 01 2024 - 17:26:49 -0300)

DRAM:  7.1 GiB
RPI 4 Model B (0xd03115)
Core:  202 devices, 16 uclasses, devicetree: board
MMC:   mmcnr@7e300000: 1, emmc2@7e340000: 0
Loading Environment from FAT... ** No partition table - mmc 0 **
In:    serial
Out:   serial
Err:   serial
Net:   eth0: ethernet@7d580000
PCIe BRCM: link up, 5.0 Gbps x1 (SSC)
starting USB...
Bus xhci_pci: Register 5000420 NbrPorts 5
Starting the controller
USB XHCI 1.00
scanning bus xhci_pci for devices... 2 USB Device(s) found
       scanning usb for storage devices... 0 Storage Device(s) found
Hit any key to stop autoboot:--> Autoboot stopped. Waiting for U-Boot prompt...
 0 
U-Boot>--> Benchmark command sent. Waiting for completion...
fatload mmc 0 0x200000 bao-91.bin; go 0x200000
1417216 bytes read in 104 ms (13 MiB/s)
## Starting application at 0x00200000 ...
BENCH_ARRAY_INDEX 90
budget_function,PMU_counter_used_budget,PMU_counter_used_budget_r,PMU_counter_used_budget_w,total_calc_r,total_calc_w,used_budget_read[0],used_budget_read[1],used_budget_read[2],used_budget_read[3],used_budget_read[4],used_budget_read[5],used_budget_read[6],used_budget_read[7],used_budget_read[8],used_budget_read[9],used_budget_write[0],used_budget_write[1],used_budget_write[2],used_budget_write[3],used_budget_write[4],used_budget_write[5],used_budget_write[6],used_budget_write[7],used_budget_write[8],used_budget_write[9],calculated_read[0],calculated_read[1],calculated_read[2],calculated_read[3],calculated_read[4],calculated_read[5],calculated_read[6],calculated_read[7],calculated_read[8],calculated_read[9],calculated_write[0],calculated_write[1],calculated_write[2],calculated_write[3],calculated_write[4],calculated_write[5],calculated_write[6],calculated_write[7],calculated_write[8],calculated_write[9],
got dijkstra_wrapper (720)
got disparity_wrapper (721)
EWMA,24882491,21874685,3007806,15109930,1912230,3204830,3010555,2529407,2303340,2096245,1995782,1930025,1922669,1092257,1789575,205735,410673,326142,288978,254149,250058,235148,230424,656370,150129,640966,1114883,1397787,1578897,1682366,1745049,1782044,1810169,1666586,1691183,41147,115052,157270,183611,197718,208186,213578,216947,304831,273890,
SW,24200969,21155583,3045386,15923360,1915416,3632388,705765,1024987,1892486,2475057,1804090,2248182,2445596,2435758,2491274,441974,103709,115337,218810,302282,653549,308855,305772,295009,300089,2999019,2682406,1787713,1207746,1207746,1207746,1207746,1207746,1207746,1207746,342948,330464,220340,145952,145952,145952,145952,145952,145952,145952,
AFC,24603783,21722211,2881572,14496165,1980808,2203439,3271790,2673363,2338412,1469740,1935047,2042264,1950719,1957492,1879945,266621,392756,322074,282614,620314,183284,196275,198096,212535,207003,440687,1006907,1340198,1539840,1525820,1607665,1694584,1745811,1788147,1806506,53324,121210,161382,185628,272565,254709,243023,234038,229738,225191,
AMBP,24235363,21441252,2794111,14192078,152122425,1651635,3356149,2733360,1712846,2088336,2120275,2006493,1996320,1893312,1882526,197198,404528,330256,652127,201667,201667,201667,201667,201667,201667,330407,935555,1295116,1378662,1520596,1640531,1713723,1770242,1794856,1812390,39519,112520,156067,255279,25259840,25259840,25259840,25259840,25259840,25259840,
PIC,20206900,15735370,4471530,4274511300,4289154290,1573537,1573537,1573537,1573537,1573537,1573537,1573537,1573537,1573537,1573537,447153,447153,447153,447153,447153,447153,447153,447153,447153,447153,427451130,427451130,427451130,427451130,427451130,427451130,427451130,427451130,427451130,427451130,428915429,428915429,428915429,428915429,428915429,428915429,428915429,428915429,428915429,428915429,
end--> Completion message received. Exiting.
