--> Waiting for autoboot prompt...
NOTICE:  BL31: v2.9(release):8a3945e
NOTICE:  BL31: Built : 17:27:52, May  1 2024


U-Boot 2022.10 (May 01 2024 - 17:26:49 -0300)

DRAM:  7.1 GiB
RPI 4 Model B (0xd03115)
Core:  202 devices, 16 uclasses, devicetree: board
MMC:   mmcnr@7e300000: 1, emmc2@7e340000: 0
Loading Environment from FAT... ** No partition table - mmc 0 **
In:    serial
Out:   serial
Err:   serial
Net:   eth0: ethernet@7d580000
PCIe BRCM: link up, 5.0 Gbps x1 (SSC)
starting USB...
Bus xhci_pci: Register 5000420 NbrPorts 5
Starting the controller
USB XHCI 1.00
scanning bus xhci_pci for devices... 2 USB Device(s) found
       scanning usb for storage devices... 0 Storage Device(s) found
Hit any key to stop autoboot:--> Autoboot stopped. Waiting for U-Boot prompt...
 0 
U-Boot>--> Benchmark command sent. Waiting for completion...
fatload mmc 0 0x200000 bao-21.bin; go 0x200000
1392640 bytes read in 103 ms (12.9 MiB/s)
## Starting application at 0x00200000 ...
BENCH_ARRAY_INDEX 20
budget_function,PMU_counter_used_budget,PMU_counter_used_budget_r,PMU_counter_used_budget_w,total_calc_r,total_calc_w,used_budget_read[0],used_budget_read[1],used_budget_read[2],used_budget_read[3],used_budget_read[4],used_budget_read[5],used_budget_read[6],used_budget_read[7],used_budget_read[8],used_budget_read[9],used_budget_write[0],used_budget_write[1],used_budget_write[2],used_budget_write[3],used_budget_write[4],used_budget_write[5],used_budget_write[6],used_budget_write[7],used_budget_write[8],used_budget_write[9],calculated_read[0],calculated_read[1],calculated_read[2],calculated_read[3],calculated_read[4],calculated_read[5],calculated_read[6],calculated_read[7],calculated_read[8],calculated_read[9],calculated_write[0],calculated_write[1],calculated_write[2],calculated_write[3],calculated_write[4],calculated_write[5],calculated_write[6],calculated_write[7],calculated_write[8],calculated_write[9],
got bandwidth_wrapper (160)
got disparity_wrapper (161)
EWMA,17482028,15179350,2302678,10331827,1540279,1968593,2092675,1796984,1460062,1471233,1462187,1136511,1389038,1347387,1054680,143882,371275,296220,237691,244411,226853,186326,213330,203387,179303,393718,733509,946204,1048975,1133426,1199178,1186644,1227122,1251175,1211876,28776,97275,137064,157189,174633,185077,185326,190926,193418,190595,
SW,17355937,15111376,2244561,8863856,2084385,2335535,385104,144435,1232506,1758524,1921577,1771435,1815970,1948497,1797793,378839,59077,443875,107561,172577,199808,213998,215076,240225,213525,2032725,1764670,955025,587348,587348,587348,587348,587348,587348,587348,318937,279265,279265,203504,203504,159982,159982,159982,159982,159982,
AFC,16895837,14444602,2451235,9869494,1631914,1595739,2236171,1845100,1327929,1570547,1407123,1116051,1043378,1191362,1111202,192872,360161,291791,221246,243279,220097,176789,416729,183612,144659,319147,702551,931060,1010433,1122455,1179388,1166721,1142053,1151914,1143772,38574,102891,140671,156786,174084,183286,181987,228935,219871,204829,
AMBP,16528798,14284991,2243807,247724304,38956129,1242644,2240614,1574569,1747826,1510739,1131816,1416312,1340805,1039833,1039833,175737,354507,259284,269130,228491,184658,226734,209118,168074,168074,248608,647009,832521,1015582,1114613,1118053,1177704,1210324,120179945,120179945,35227,99083,131123,158724,172677,175073,185405,190147,18904335,18904335,
PIC,29852780,25853320,3999460,4261357960,4289767980,2585332,2585332,2585332,2585332,2585332,2585332,2585332,2585332,2585332,2585332,399946,399946,399946,399946,399946,399946,399946,399946,399946,399946,426135796,426135796,426135796,426135796,426135796,426135796,426135796,426135796,426135796,426135796,428976798,428976798,428976798,428976798,428976798,428976798,428976798,428976798,428976798,428976798,
end--> Completion message received. Exiting.
