--> Waiting for autoboot prompt...
NOTICE:  BL31: v2.9(release):8a3945e
NOTICE:  BL31: Built : 17:27:52, May  1 2024


U-Boot 2022.10 (May 01 2024 - 17:26:49 -0300)

DRAM:  7.1 GiB
RPI 4 Model B (0xd03115)
Core:  202 devices, 16 uclasses, devicetree: board
MMC:   mmcnr@7e300000: 1, emmc2@7e340000: 0
Loading Environment from FAT... ** No partition table - mmc 0 **
In:    serial
Out:   serial
Err:   serial
Net:   eth0: ethernet@7d580000
PCIe BRCM: link up, 5.0 Gbps x1 (SSC)
starting USB...
Bus xhci_pci: Register 5000420 NbrPorts 5
Starting the controller
USB XHCI 1.00
scanning bus xhci_pci for devices... 2 USB Device(s) found
       scanning usb for storage devices... 0 Storage Device(s) found
Hit any key to stop autoboot:--> Autoboot stopped. Waiting for U-Boot prompt...
 0 
U-Boot>--> Benchmark command sent. Waiting for completion...
fatload mmc 0 0x200000 bao-97.bin; go 0x200000
1437696 bytes read in 106 ms (12.9 MiB/s)
## Starting application at 0x00200000 ...
BENCH_ARRAY_INDEX 96
budget_function,PMU_counter_used_budget,PMU_counter_used_budget_r,PMU_counter_used_budget_w,total_calc_r,total_calc_w,total_cycles,total_instructions,total_cache_misses,total_mispredicts,cycles[0],cycles[1],cycles[2],cycles[3],cycles[4],cycles[5],cycles[6],cycles[7],cycles[8],cycles[9],instructions[0],instructions[1],instructions[2],instructions[3],instructions[4],instructions[5],instructions[6],instructions[7],instructions[8],instructions[9],cache_misses[0],cache_misses[1],cache_misses[2],cache_misses[3],cache_misses[4],cache_misses[5],cache_misses[6],cache_misses[7],cache_misses[8],cache_misses[9],mispredicts[0],mispredicts[1],mispredicts[2],mispredicts[3],mispredicts[4],mispredicts[5],mispredicts[6],mispredicts[7],mispredicts[8],mispredicts[9],used_budget_read[0],used_budget_read[1],used_budget_read[2],used_budget_read[3],used_budget_read[4],used_budget_read[5],used_budget_read[6],used_budget_read[7],used_budget_read[8],used_budget_read[9],used_budget_write[0],used_budget_write[1],used_budget_write[2],used_budget_write[3],used_budget_write[4],used_budget_write[5],used_budget_write[6],used_budget_write[7],used_budget_write[8],used_budget_write[9],calculated_read[0],calculated_read[1],calculated_read[2],calculated_read[3],calculated_read[4],calculated_read[5],calculated_read[6],calculated_read[7],calculated_read[8],calculated_read[9],calculated_write[0],calculated_write[1],calculated_write[2],calculated_write[3],calculated_write[4],calculated_write[5],calculated_write[6],calculated_write[7],calculated_write[8],calculated_write[9],
got dijkstra_wrapper (768)
got disparity_wrapper (769)
EWMA_v2,40516802,35595110,4921692,23145771,3036395,59967770,78489919,509224,42326,6023927,5987178,5993851,5994106,5994480,5994853,5994859,5994704,5994828,5994984,7221139,7620036,7652828,7786128,7764445,7729035,7780448,7822824,9892297,7220739,45847,52417,56432,52908,56000,57200,57322,57071,28647,45380,8914,5101,3726,3426,3082,2851,2546,2515,1284,8881,3474688,3649066,3652320,3708827,3695601,3675402,3695039,3712151,2855976,3476040,459499,450310,441406,448068,436831,448009,445536,442351,890955,458727,694937,1285762,1759073,2149023,2458338,2701750,2900407,3062755,3021399,3112327,91899,163581,219146,264930,299310,329049,352346,370347,474468,471319,
SW_v2,37454360,32820875,4633485,30363877,4423663,59683567,78374932,516176,38281,5738936,5991333,5994203,5994116,5994248,5994155,5994172,5994133,5994342,5993929,7300243,7661393,7775668,7692406,7754442,7781204,7793236,9768741,7219438,7628161,50868,55237,53278,58161,57611,57103,57367,28753,45168,52630,4719,3933,3318,3169,2859,2533,2509,1397,8815,5029,631931,3657687,3704295,3662621,3686351,3695264,3699285,2955983,3475252,3652206,201750,451917,438113,449413,445657,445353,444537,847584,458520,450641,631931,2144809,2664638,3674868,3684422,3681412,3693633,3450177,3376840,3361147,201750,326834,363927,446481,444394,446808,445182,579158,583547,585582,
AFC_v2,37153928,32617172,4536756,20263991,2805352,59799713,78648900,520016,36843,5849146,5991849,5994858,5994641,5995206,5995257,5994538,5995063,5994453,5994702,7458818,7819280,7684415,7753245,7784713,7794140,9844741,7224583,7624922,7660043,56034,51146,57902,57476,56796,57098,28897,45380,52985,56302,3649,3414,3082,2858,2530,2508,1337,8775,4988,3702,448401,3725108,3659014,3685933,3697125,3699667,2918010,3477713,3650550,3655651,96370,445807,441428,446100,445564,444566,866302,458915,450269,441435,89680,816765,1385214,1845357,2215710,2512501,2593602,2770424,2946449,3088289,19274,104580,171949,226779,270536,305342,417534,425810,430701,432847,
LR_v2,69464809,59798710,9666099,63366277,10120852,108003779,147200545,868863,62595,6005906,5991818,12000763,12000727,12001016,12000769,12000682,12000767,12000190,12001141,7788075,7777419,15547485,17779838,14861194,15457049,15568574,15624904,21934657,14861350,53941,54838,114434,84971,98413,110297,111383,113760,28216,98610,3427,3106,5374,3750,13816,7130,5945,5058,1215,13774,871572,3702282,7388595,6554717,7134868,7371117,7406864,7419083,4814474,7135138,265863,438439,891542,1346663,909437,890184,883678,897303,2233481,909509,1307358,5117637,9231751,6137778,7424943,7489241,7424737,7425192,3512170,8295470,398794,524727,1118093,1574223,690824,880558,880425,904115,2901570,247523,
AMBP_v2,4327293539,4322509412,4784127,60184394,2302938,59368633,77831205,518541,36802,5418431,5991846,5994922,5994727,5994693,5994856,5994567,5995058,5994531,5995002,6987777,7662582,7801801,7793424,7786613,7770005,9512342,7225213,7624565,7666883,48457,57026,53483,55834,57057,58307,33972,45431,53012,55962,3412,3366,3188,2889,2532,2477,1493,8728,5004,3713,4290256440,3651531,3713179,3705423,3698667,3686709,3010491,3477599,3650413,3658960,398703,448644,446988,444026,444073,447942,802787,458953,450258,441753,42101790,1524571,1766062,1938540,2061508,2147893,2088370,2129593,2190381,2235686,71838,132479,175842,206530,228634,245245,321077,313786,306972,300535,
PIC_v2,111166470,96454591,14711879,13878348393,13828197368,167949492,226274312,1389507,99279,5872669,18006314,18007861,18009074,18008704,18008643,18009174,18008960,18008828,18009265,7648057,23277642,29706613,22562064,23368099,25612780,22568368,23356181,25614905,22559603,51053,172252,85929,154245,166065,142803,153446,166750,142687,154277,3356,8491,3828,17487,9366,6252,17444,9358,6250,17447,1656272,11070813,8597092,10810842,11123344,10226461,10813895,11117409,10228618,10809845,389491,1331907,2658680,1351846,1332021,1806260,1352263,1331343,1806195,1351873,429327984,775673279,1052254771,1273962714,1451391569,1593155277,1706683730,1797567195,1870096209,1928235665,429074627,773522812,1049346715,1269744470,1446058709,1587204948,1700031140,1790287910,1862588296,1920337741,
EWMA,25503076,22500413,3002663,15192608,2108307,59943418,79000633,520551,35801,5991835,5993790,5994544,5994770,5994821,5994705,5994717,5994696,5994637,5994903,7775444,7799832,9854194,7215893,7628449,7659749,7780981,7774370,7727987,7783734,57168,56576,28630,45728,52589,56211,53498,55660,57169,57322,2541,2521,1326,8784,5040,3706,3420,3095,2835,2533,3692296,2963733,1728734,2180738,2182226,2042980,2007809,1939930,1878351,1883616,445064,355588,726825,198955,203556,203075,216627,209435,222097,221441,738459,1183513,1292557,1470193,1612599,1698675,1760501,1796386,1812779,1826946,89012,142327,259226,247171,238448,231373,228423,224625,224119,223583,
SW,25017647,20596913,4420734,16324287,5162370,59934742,78495096,508858,41968,5994711,5992953,5993922,5994005,5993824,5993540,5993268,5993124,5992801,5992594,7220622,7627216,7662942,7779827,7774333,7726180,7775423,7814557,9894975,7219021,45508,52257,55799,53637,55811,57491,57427,57055,28548,45325,8787,5006,3708,3415,3096,2836,2536,2506,1269,8809,3475468,925882,1225845,1830341,2373072,2346336,2365263,2380607,1526263,2147836,458634,458634,458634,458634,458634,458634,458634,458634,375831,375831,2725844,2431219,1875732,1327356,1327356,1327356,1327356,1327356,1327356,1327356,516237,516237,516237,516237,516237,516237,516237,516237,516237,516237,
AFC,24230340,21178277,3052063,15920744,2087720,59945111,78906534,520748,36932,5991754,5994470,5994812,5994943,5994947,5994854,5994765,5995227,5994471,5994868,7640815,7801744,7736458,7731193,7778556,7826178,9880919,7219015,7626517,7665139,56999,52022,57282,57293,57587,56957,28634,45604,52456,55914,3703,3426,3064,2864,2536,2506,1282,8808,5037,3706,3186078,2710471,2335524,2132241,2031693,1977562,1085983,1829959,1969868,1918898,441407,359933,294103,275805,251901,237243,673564,154390,176505,187212,1005918,1346828,1544567,1662101,1736019,1784327,1644659,1681719,1739348,1775258,88281,142611,172909,193488,205170,211584,303980,274062,254551,241084,
AMBP,21451430,18633588,2817842,823921341,116166573,95894358,132093619,771856,48866,5903972,5990921,5994661,5994680,5995040,5994363,5994694,18008954,18008885,18008188,7688257,7712016,7735415,7783464,7811459,9866428,7220453,23101431,23394924,29779772,51187,57580,57814,57254,56953,28642,45306,163512,168292,85316,3378,3072,2863,2535,2508,1305,8811,12159,8493,3742,1886316,3294209,2717499,2384340,2180579,1234129,1234129,1234129,1234129,1234129,201211,397407,335778,288929,260421,678412,163921,163921,163921,163921,377343,960716,1312072,1526525,1657335,163617470,163617470,163617470,163617470,163617470,40322,111739,156546,183022,198501,294483,28795490,28795490,28795490,28795490,
PIC,40947500,36542420,4405080,4247462130,4289240670,168071167,226151729,1394965,99419,5991984,18008456,18008111,18009204,18008930,18008639,18009087,18008943,18008649,18009164,7666097,23373168,29475357,22566811,23356703,25606521,22565653,23361618,25615738,22564063,57513,169532,88499,153777,166761,142862,153345,166529,142392,153755,3308,8580,3947,17472,9360,6255,17431,9361,6258,17447,3654242,3654242,3654242,3654242,3654242,3654242,3654242,3654242,3654242,3654242,440508,440508,440508,440508,440508,440508,440508,440508,440508,440508,424746213,424746213,424746213,424746213,424746213,424746213,424746213,424746213,424746213,424746213,428924067,428924067,428924067,428924067,428924067,428924067,428924067,428924067,428924067,428924067,
end--> Completion message received. Exiting.
