--> Waiting for autoboot prompt...
NOTICE:  BL31: v2.9(release):8a3945e
NOTICE:  BL31: Built : 17:27:52, May  1 2024


U-Boot 2022.10 (May 01 2024 - 17:26:49 -0300)

DRAM:  7.1 GiB
RPI 4 Model B (0xd03115)
Core:  202 devices, 16 uclasses, devicetree: board
MMC:   mmcnr@7e300000: 1, emmc2@7e340000: 0
Loading Environment from FAT... ** No partition table - mmc 0 **
In:    serial
Out:   serial
Err:   serial
Net:   eth0: ethernet@7d580000
PCIe BRCM: link up, 5.0 Gbps x1 (SSC)
starting USB...
Bus xhci_pci: Register 5000420 NbrPorts 5
Starting the controller
USB XHCI 1.00
scanning bus xhci_pci for devices... 2 USB Device(s) found
       scanning usb for storage devices... 0 Storage Device(s) found
Hit any key to stop autoboot:--> Autoboot stopped. Waiting for U-Boot prompt...
 0 
U-Boot>--> Benchmark command sent. Waiting for completion...
fatload mmc 0 0x200000 bao-7.bin; go 0x200000
1441792 bytes read in 106 ms (13 MiB/s)
## Starting application at 0x00200000 ...
BENCH_ARRAY_INDEX 6
budget_function,PMU_counter_used_budget,PMU_counter_used_budget_r,PMU_counter_used_budget_w,total_calc_r,total_calc_w,total_cycles,total_instructions,total_cache_misses,total_mispredicts,cycles[0],cycles[1],cycles[2],cycles[3],cycles[4],cycles[5],cycles[6],cycles[7],cycles[8],cycles[9],instructions[0],instructions[1],instructions[2],instructions[3],instructions[4],instructions[5],instructions[6],instructions[7],instructions[8],instructions[9],cache_misses[0],cache_misses[1],cache_misses[2],cache_misses[3],cache_misses[4],cache_misses[5],cache_misses[6],cache_misses[7],cache_misses[8],cache_misses[9],mispredicts[0],mispredicts[1],mispredicts[2],mispredicts[3],mispredicts[4],mispredicts[5],mispredicts[6],mispredicts[7],mispredicts[8],mispredicts[9],used_budget_read[0],used_budget_read[1],used_budget_read[2],used_budget_read[3],used_budget_read[4],used_budget_read[5],used_budget_read[6],used_budget_read[7],used_budget_read[8],used_budget_read[9],used_budget_write[0],used_budget_write[1],used_budget_write[2],used_budget_write[3],used_budget_write[4],used_budget_write[5],used_budget_write[6],used_budget_write[7],used_budget_write[8],used_budget_write[9],calculated_read[0],calculated_read[1],calculated_read[2],calculated_read[3],calculated_read[4],calculated_read[5],calculated_read[6],calculated_read[7],calculated_read[8],calculated_read[9],calculated_write[0],calculated_write[1],calculated_write[2],calculated_write[3],calculated_write[4],calculated_write[5],calculated_write[6],calculated_write[7],calculated_write[8],calculated_write[9],
got bandwidth_wrapper (48)
got bandwidth_wrapper (49)
EWMA_v2,15514705,10125038,5389667,6507932,3464162,60008106,46709316,987773,306,6027292,5989229,5998102,5998214,5998511,5999382,5997964,5999848,5998914,6000650,4333426,4663216,4746715,4744045,4837669,4839079,4536895,4676563,4772691,4559017,99383,98717,98715,98738,98171,98176,99303,98737,98597,99236,130,57,27,15,15,12,12,10,12,16,957003,1011224,1025051,1024619,1040204,1040423,990067,1013349,1029357,993741,502613,538049,547289,546960,557365,557508,523909,539451,550124,526399,191400,355364,489301,596364,685132,756190,802965,845041,881904,904271,100522,188027,259879,317295,365309,403748,427780,450114,470116,481372,
SW_v2,31270729,19455517,11815212,15506537,9352939,89689972,106601978,985851,193,5679768,5993850,5997868,5998836,5998537,5999483,12004771,12003207,12004016,18009636,4136166,4824247,4754719,4591663,4740468,4746732,16599299,16819971,16773123,28615590,98595,98339,98454,99028,98519,98510,98874,98291,98278,98963,32,18,14,12,11,12,27,25,19,23,269262,1037973,1026428,999212,1023971,1025051,3001125,3037908,3030091,5004496,248305,555877,548143,529996,546547,547252,1864855,1889386,1884182,3200669,269262,653618,777888,1021204,1016537,1016078,1683382,2354695,3023041,3690832,248305,402091,450775,544672,541562,541265,986218,1433831,1879474,2324746,
AFC_v2,16590097,10638971,5951126,6928685,3940036,71670105,70433280,986275,160,17684837,5995277,5998263,5997488,5999595,5999348,5997948,5999027,5999787,5998535,27882154,4524839,4629552,4660352,4682371,4959625,4862380,4714171,4759582,4758254,98925,99160,98857,98879,98928,98050,98129,98252,98648,98447,32,25,16,15,14,11,11,12,12,12,1441650,988129,1005567,1010643,1014352,1060536,1044316,1019616,1027203,1026959,1044650,522636,534275,537636,540123,570902,560092,543628,548658,548526,288330,428289,543744,637123,712568,782161,834592,871596,902717,927565,208930,271671,324191,366880,401528,435402,460340,476997,491329,502768,
LR_v2,77931753,47453719,30478034,49967268,32085904,173626315,274679386,984786,196,11530634,18006800,18011948,18012169,18009649,18011154,18009008,18009670,18013074,18012209,15855039,28777908,28761801,28708620,28867242,28682076,28703839,28786035,28785096,28751730,98481,98350,98538,98410,98138,98717,98564,98506,98591,98491,27,22,23,16,18,16,18,19,19,18,2199689,5031512,5028827,5019941,5046384,5015528,5019126,5032892,5032721,5027099,1529607,3218691,3216883,3210983,3228601,3208019,3210456,3219597,3219456,3215741,3299533,6447423,5027485,5015498,5059605,5000100,5020925,5039775,5032636,5024288,2294410,4063233,3215979,3208033,3237410,3197728,3211674,3224167,3219386,3213884,
AMBP_v2,14320647,9277365,5043282,4380221,2397607,71785213,70264807,986885,182,17803719,5995828,5998727,5998635,5998567,5997777,5996176,5998420,5998591,5998773,28386289,4673908,4709402,4579908,4656373,4736688,4508180,4702629,4758589,4552841,98445,98542,98583,98903,98676,98434,99221,98654,98544,98883,25,22,16,16,13,13,13,24,25,15,192119,1012966,1018845,997254,1010058,1023371,985276,1017688,1027049,992739,211429,539195,543124,528717,537247,546140,520752,542355,548598,525725,34652,207282,332634,419002,483491,532320,560619,586828,607384,616009,38128,124506,187406,230101,262377,287216,300530,314005,324830,328508,
PIC_v2,75143253,45800978,29342275,13847179914,13837011504,167942893,262897296,986278,178,5841212,18008042,18011966,18011587,18011630,18012520,18011109,18012467,18011967,18010393,4320983,28675331,28720738,28639748,28724937,28744026,28754106,28805046,28745700,28766681,98826,98704,98689,98889,98509,98499,98622,98226,98730,98584,17,20,22,18,17,16,17,17,17,17,588301,5014411,5021992,5008446,5022661,5025856,5027553,5036037,5026110,5029611,421637,3207257,3212302,3203270,3212767,3214869,3216029,3221663,3215082,3217399,429114389,774291123,1050434026,1271345639,1448077773,1589464119,1702573535,1793062765,1865452163,1923364382,429081057,773903026,1049761610,1270446671,1446996619,1588236998,1701229533,1791624688,1863939496,1921791806,
EWMA,9838586,6412995,3425591,4376903,2338790,59976665,47649065,983913,139,5993881,5998134,5996961,5997956,5998461,5997776,5998807,5997328,5998360,5999001,4887761,4847632,4785508,4714751,4684232,4788785,4698638,4754682,4750978,4736098,98098,98089,98325,98582,98512,98295,98614,98504,98237,98657,23,15,14,13,12,12,13,13,12,12,1048587,832191,697312,612891,566596,560315,527582,529255,522198,516068,562929,445895,372306,325832,300868,300180,280484,282867,278928,275302,209717,334211,406831,448043,471753,489465,497088,503521,507256,509018,112585,179247,217858,239452,251735,261424,265236,268762,270795,271696,
SW,9390868,6127613,3263255,4514120,2426352,59961267,47732024,984177,121,5998190,5996883,5999623,5996673,5995841,5994595,5994908,5995204,5994732,5994618,4767608,4833541,4863816,4848191,4777951,4628164,4750630,4753345,4704904,4803874,98435,98553,98283,98097,98314,98484,98464,98659,98412,98476,12,13,11,12,12,13,12,12,12,12,1028510,220448,292440,528161,683234,658290,678731,679123,671103,687573,549567,124370,157117,281514,363045,346413,360028,360312,354944,365945,819071,752138,513799,347016,347016,347016,347016,347016,347016,347016,432511,403154,277018,187667,187667,187667,187667,187667,187667,187667,
AFC,9415323,6145745,3269578,4126495,2193622,59797868,46650359,986697,127,5816783,5993609,5998622,5997878,5999190,5998343,5998608,5998768,5998395,5997672,4384662,4729137,4485179,4709641,4772709,4573579,4838215,4812733,4692811,4651693,98476,98826,99167,98818,98521,99108,98429,98277,98528,98547,18,12,13,12,12,12,12,12,12,12,617876,898519,702876,655442,607529,537211,565751,543190,513139,504212,319559,481373,370786,351029,326250,283662,305228,291761,272650,267280,123575,278563,363425,421828,458968,474616,492843,502912,504957,504808,63911,147403,192079,223869,244345,252208,262812,268601,269410,268984,
AMBP,9245283,6050086,3195197,4037681,54457877,59847779,46500492,988039,129,5870863,5992787,5996875,5998389,5999649,5997969,5998573,5998311,5997028,5997335,4523243,4733849,4535182,4758793,4690837,4482151,4706630,4756806,4557480,4755521,98455,98486,99463,98709,98706,99351,98636,98414,99257,98562,17,13,12,13,12,14,12,12,12,12,483040,926238,727158,671541,597042,526543,549563,541766,497160,530035,253501,495031,384096,360063,318207,275932,294082,290569,261858,261858,96688,262598,355510,418716,454381,468813,484963,496323,496490,503199,50780,139630,188523,222831,241906,248711,257785,264341,26421685,26421685,
PIC,9323200,3866020,5457180,4289941450,4287872940,168104665,262761650,988499,170,5995037,18011169,18012414,18011844,18011787,18011936,18013439,18013203,18010518,18013318,4733001,28718807,28641006,28659234,28615902,28668980,28825404,28727248,28598770,28573298,98576,98951,98778,98868,98996,98906,98685,98872,98999,98868,13,19,20,16,18,17,17,16,17,17,386602,386602,386602,386602,386602,386602,386602,386602,386602,386602,545718,545718,545718,545718,545718,545718,545718,545718,545718,545718,428994145,428994145,428994145,428994145,428994145,428994145,428994145,428994145,428994145,428994145,428787294,428787294,428787294,428787294,428787294,428787294,428787294,428787294,428787294,428787294,
end--> Completion message received. Exiting.
