--> Waiting for autoboot prompt...
NOTICE:  BL31: v2.9(release):8a3945e
NOTICE:  BL31: Built : 17:27:52, May  1 2024


U-Boot 2022.10 (May 01 2024 - 17:26:49 -0300)

DRAM:  7.1 GiB
RPI 4 Model B (0xd03115)
Core:  202 devices, 16 uclasses, devicetree: board
MMC:   mmcnr@7e300000: 1, emmc2@7e340000: 0
Loading Environment from FAT... ** No partition table - mmc 0 **
In:    serial
Out:   serial
Err:   serial
Net:   eth0: ethernet@7d580000
PCIe BRCM: link up, 5.0 Gbps x1 (SSC)
starting USB...
Bus xhci_pci: Register 5000420 NbrPorts 5
Starting the controller
USB XHCI 1.00
scanning bus xhci_pci for devices... 2 USB Device(s) found
       scanning usb for storage devices... 0 Storage Device(s) found
Hit any key to stop autoboot:--> Autoboot stopped. Waiting for U-Boot prompt...
 0 
U-Boot>--> Benchmark command sent. Waiting for completion...
fatload mmc 0 0x200000 bao-62.bin; go 0x200000
1417216 bytes read in 109 ms (12.4 MiB/s)
## Starting application at 0x00200000 ...
BENCH_ARRAY_INDEX 61
budget_function,PMU_counter_used_budget,PMU_counter_used_budget_r,PMU_counter_used_budget_w,total_calc_r,total_calc_w,used_budget_read[0],used_budget_read[1],used_budget_read[2],used_budget_read[3],used_budget_read[4],used_budget_read[5],used_budget_read[6],used_budget_read[7],used_budget_read[8],used_budget_read[9],used_budget_write[0],used_budget_write[1],used_budget_write[2],used_budget_write[3],used_budget_write[4],used_budget_write[5],used_budget_write[6],used_budget_write[7],used_budget_write[8],used_budget_write[9],calculated_read[0],calculated_read[1],calculated_read[2],calculated_read[3],calculated_read[4],calculated_read[5],calculated_read[6],calculated_read[7],calculated_read[8],calculated_read[9],calculated_write[0],calculated_write[1],calculated_write[2],calculated_write[3],calculated_write[4],calculated_write[5],calculated_write[6],calculated_write[7],calculated_write[8],calculated_write[9],
got bandwidth_wrapper (488)
got sorting_wrapper (489)
EWMA,15823288,10367342,5455946,7018994,3673976,1418685,1387988,1179367,1037827,959637,915375,886177,865978,854493,861815,635401,760128,642061,560274,515731,490593,473840,461941,455254,460723,283737,504587,639543,719199,767286,796903,814757,825001,830899,837082,127080,253689,331363,377145,404862,422008,432374,438287,441680,445488,
SW,15534629,10138968,5395661,7191142,3825929,1688945,301776,454354,861924,1140504,1141566,1137057,1144508,1137568,1130766,899988,163608,240082,457374,606982,607674,604650,609640,605094,600569,1375790,1224870,815025,539351,539351,539351,539351,539351,539351,539351,728784,653439,434559,287021,287021,287021,287021,287021,287021,287021,
AFC,15482485,10113603,5368882,6791052,3602306,1003692,1472493,1207050,1074133,978336,908012,907139,872237,844966,845545,515749,786376,642302,573587,521596,481721,485420,464749,448005,449377,200738,455089,605481,699211,755036,785631,809932,822393,826907,830634,103149,239794,320295,370953,401081,417209,430851,437630,439705,441639,
AMBP,15340847,10016591,5324256,6688686,3553827,780846,1511197,1253733,1094887,970359,931487,901766,861748,856315,854253,406844,804237,668708,584434,514493,496408,481200,457390,455409,455133,156249,427238,592537,693007,748477,785079,808416,819082,826528,832073,81448,226005,314545,368522,397716,417454,430203,435640,439593,442701,
PIC,12120600,7955430,4165170,4284625220,4289552560,795543,795543,795543,795543,795543,795543,795543,795543,795543,795543,416517,416517,416517,416517,416517,416517,416517,416517,416517,416517,428462522,428462522,428462522,428462522,428462522,428462522,428462522,428462522,428462522,428462522,428955256,428955256,428955256,428955256,428955256,428955256,428955256,428955256,428955256,428955256,
end--> Completion message received. Exiting.
