--> Waiting for autoboot prompt...
NOTICE:  BL31: v2.9(release):8a3945e
NOTICE:  BL31: Built : 17:27:52, May  1 2024


U-Boot 2022.10 (May 01 2024 - 17:26:49 -0300)

DRAM:  7.1 GiB
RPI 4 Model B (0xd03115)
Core:  202 devices, 16 uclasses, devicetree: board
MMC:   mmcnr@7e300000: 1, emmc2@7e340000: 0
Loading Environment from FAT... ** No partition table - mmc 0 **
In:    serial
Out:   serial
Err:   serial
Net:   eth0: ethernet@7d580000
PCIe BRCM: link up, 5.0 Gbps x1 (SSC)
starting USB...
Bus xhci_pci: Register 5000420 NbrPorts 5
Starting the controller
USB XHCI 1.00
scanning bus xhci_pci for devices... 2 USB Device(s) found
       scanning usb for storage devices... 0 Storage Device(s) found
Hit any key to stop autoboot:--> Autoboot stopped. Waiting for U-Boot prompt...
 0 
U-Boot>--> Benchmark command sent. Waiting for completion...
fatload mmc 0 0x200000 bao-52.bin; go 0x200000
1392640 bytes read in 103 ms (12.9 MiB/s)
## Starting application at 0x00200000 ...
BENCH_ARRAY_INDEX 51
budget_function,PMU_counter_used_budget,PMU_counter_used_budget_r,PMU_counter_used_budget_w,total_calc_r,total_calc_w,used_budget_read[0],used_budget_read[1],used_budget_read[2],used_budget_read[3],used_budget_read[4],used_budget_read[5],used_budget_read[6],used_budget_read[7],used_budget_read[8],used_budget_read[9],used_budget_write[0],used_budget_write[1],used_budget_write[2],used_budget_write[3],used_budget_write[4],used_budget_write[5],used_budget_write[6],used_budget_write[7],used_budget_write[8],used_budget_write[9],calculated_read[0],calculated_read[1],calculated_read[2],calculated_read[3],calculated_read[4],calculated_read[5],calculated_read[6],calculated_read[7],calculated_read[8],calculated_read[9],calculated_write[0],calculated_write[1],calculated_write[2],calculated_write[3],calculated_write[4],calculated_write[5],calculated_write[6],calculated_write[7],calculated_write[8],calculated_write[9],
got mser_wrapper (408)
got qsort_wrapper (409)
EWMA,24582637,18522681,6059956,12648598,4105770,2893651,2842030,1349916,2038813,2143410,918047,1788647,1998384,815397,1734386,680960,873434,770384,546471,602000,604961,445686,542040,571044,422976,578730,1031390,1095095,1283838,1455752,1348211,1436298,1548715,1402051,1468518,136192,283640,380988,414084,451667,482325,474997,488405,504932,488540,
SW,24096532,18145095,5951437,12746816,4313513,3138479,986509,162174,1710384,2477782,1410923,2185134,2478186,1412104,2183420,928581,208822,336279,437666,687963,731183,600808,688111,731597,600427,2441337,2205271,1429054,953022,953022,953022,953022,953022,953022,953022,806078,723085,491227,327589,327589,327589,327589,327589,327589,327589,
AFC,24295247,18334509,5960738,12698582,3950125,2476823,2262649,2633730,1861795,1809045,2001636,793412,1749326,1960421,785672,688006,670420,783834,546930,539439,595298,589883,447634,538608,560686,495364,848821,1205802,1337000,1431409,1545454,1395046,1465902,1564805,1408979,137601,244164,352098,391064,420739,455650,482496,475524,488140,502649,
AMBP,20784765,15071933,5712832,705403292,191049786,1566071,3096199,1561018,2136733,2201517,902079,902079,902079,902079,902079,377747,943940,775118,575905,617744,597330,456262,456262,456262,456262,313294,869875,1008103,1233829,1427366,140110165,140110165,140110165,140110165,140110165,75629,249291,354456,398745,442544,473501,47263905,47263905,47263905,47263905,
PIC,40658690,31377270,9281420,4254176830,4282901430,3137727,3137727,3137727,3137727,3137727,3137727,3137727,3137727,3137727,3137727,928142,928142,928142,928142,928142,928142,928142,928142,928142,928142,425417683,425417683,425417683,425417683,425417683,425417683,425417683,425417683,425417683,425417683,428290143,428290143,428290143,428290143,428290143,428290143,428290143,428290143,428290143,428290143,
end--> Completion message received. Exiting.
