--> Waiting for autoboot prompt...
NOTICE:  BL31: v2.9(release):8a3945e
NOTICE:  BL31: Built : 17:27:52, May  1 2024


U-Boot 2022.10 (May 01 2024 - 17:26:49 -0300)

DRAM:  7.1 GiB
RPI 4 Model B (0xd03115)
Core:  202 devices, 16 uclasses, devicetree: board
MMC:   mmcnr@7e300000: 1, emmc2@7e340000: 0
Loading Environment from FAT... ** No partition table - mmc 0 **
In:    serial
Out:   serial
Err:   serial
Net:   eth0: ethernet@7d580000
PCIe BRCM: link up, 5.0 Gbps x1 (SSC)
starting USB...
Bus xhci_pci: Register 5000420 NbrPorts 5
Starting the controller
USB XHCI 1.00
scanning bus xhci_pci for devices... 2 USB Device(s) found
       scanning usb for storage devices... 0 Storage Device(s) found
Hit any key to stop autoboot:--> Autoboot stopped. Waiting for U-Boot prompt...
 0 
U-Boot>--> Benchmark command sent. Waiting for completion...
fatload mmc 0 0x200000 bao-103.bin; go 0x200000
1441792 bytes read in 106 ms (13 MiB/s)
## Starting application at 0x00200000 ...
BENCH_ARRAY_INDEX 102
budget_function,PMU_counter_used_budget,PMU_counter_used_budget_r,PMU_counter_used_budget_w,total_calc_r,total_calc_w,total_cycles,total_instructions,total_cache_misses,total_mispredicts,cycles[0],cycles[1],cycles[2],cycles[3],cycles[4],cycles[5],cycles[6],cycles[7],cycles[8],cycles[9],instructions[0],instructions[1],instructions[2],instructions[3],instructions[4],instructions[5],instructions[6],instructions[7],instructions[8],instructions[9],cache_misses[0],cache_misses[1],cache_misses[2],cache_misses[3],cache_misses[4],cache_misses[5],cache_misses[6],cache_misses[7],cache_misses[8],cache_misses[9],mispredicts[0],mispredicts[1],mispredicts[2],mispredicts[3],mispredicts[4],mispredicts[5],mispredicts[6],mispredicts[7],mispredicts[8],mispredicts[9],used_budget_read[0],used_budget_read[1],used_budget_read[2],used_budget_read[3],used_budget_read[4],used_budget_read[5],used_budget_read[6],used_budget_read[7],used_budget_read[8],used_budget_read[9],used_budget_write[0],used_budget_write[1],used_budget_write[2],used_budget_write[3],used_budget_write[4],used_budget_write[5],used_budget_write[6],used_budget_write[7],used_budget_write[8],used_budget_write[9],calculated_read[0],calculated_read[1],calculated_read[2],calculated_read[3],calculated_read[4],calculated_read[5],calculated_read[6],calculated_read[7],calculated_read[8],calculated_read[9],calculated_write[0],calculated_write[1],calculated_write[2],calculated_write[3],calculated_write[4],calculated_write[5],calculated_write[6],calculated_write[7],calculated_write[8],calculated_write[9],
got dijkstra_wrapper (816)
got fft_wrapper (817)
EWMA_v2,33338169,20045613,13292556,12887896,8546299,59966085,119225974,97,985,6024423,5984019,5993537,5994834,5993506,5994694,5995140,5995496,5994753,5995683,11937035,11898150,11922274,11924125,11920225,11925406,11925232,11922340,11925505,11925682,85,3,2,1,1,1,1,1,1,1,217,134,97,81,78,75,77,74,76,76,2007680,2000566,2004495,2004715,2004060,2004912,2004885,2004411,2004928,2004961,1331904,1326483,1329143,1329317,1328872,1329438,1329406,1329076,1329452,1329465,401536,721342,977972,1183320,1347468,1478956,1584141,1668195,1735541,1789425,266380,478400,648548,784701,893535,980715,1050453,1106177,1150832,1186558,
SW_v2,40816684,24478793,16337891,21182259,14214782,77903301,155055676,16,822,5940457,5989235,5994312,5995173,5994880,5995467,5996819,11998182,11998055,12000721,11809902,11910936,11924216,11923147,11922564,11926178,11926918,23902185,23902101,23907529,14,1,1,0,0,0,0,0,0,0,95,83,78,75,77,91,84,85,77,77,446376,2002541,2004728,2004536,2004432,2005067,2005173,4001700,4001666,4002574,380174,1327858,1329318,1329179,1329111,1329555,1329599,2660844,2660813,2661440,446376,1224459,1484548,2003935,2004565,2004678,2004891,2670647,3336180,4001980,380174,854016,1012450,1328785,1329203,1329282,1329422,1773333,2217085,2661032,
AFC_v2,33687341,20201122,13486219,13027063,8719462,71695202,142669036,18,767,17745406,5993163,5993269,5994797,5995646,5993641,5994918,5996327,5993326,5994709,35365900,11917033,11920492,11925482,11923010,11921414,11925796,11924467,11919901,11925541,14,1,2,0,0,0,0,0,1,0,101,85,72,75,76,71,73,71,72,71,2161188,2003548,2004061,2004922,2004512,2004243,2004987,2004730,2004008,2004923,1524331,1328530,1328855,1329437,1329138,1328969,1329462,1329265,1328810,1329422,432237,746499,998011,1199393,1360416,1489181,1592342,1674819,1740656,1793509,304866,509598,673449,804646,909544,993429,1060635,1114361,1157250,1191684,
LR_v2,80802552,48470498,32332054,51470396,34328583,150044701,298982287,25,809,6000352,5990716,12000637,18006381,18008684,18008955,18009849,18006773,18006468,18005886,11932251,11912334,23909510,35890503,35893197,35893460,35891476,35886109,35886599,35886848,14,2,2,1,1,1,1,1,1,1,78,71,79,94,87,82,81,77,83,77,462653,2002717,4002928,6000471,6000917,6000915,6000600,5999689,5999811,5999797,388587,1327921,2661648,3993520,3993811,3993818,3993591,3992995,3993103,3993060,693979,2772749,5003033,6999242,6001140,6000914,6000443,5999234,5999872,5999790,582880,1797588,3328511,4659456,3993956,3993821,3993478,3992697,3993157,3993039,
AMBP_v2,30488373,18281857,12206516,8605645,5758412,71931572,143140569,16,743,17982066,5993838,5991359,5994762,5995976,5994252,5994766,5996270,5993436,5994847,35840500,11919039,11914402,11925655,11925157,11919479,11925528,11925325,11919661,11925823,14,1,1,0,0,0,0,0,0,0,88,77,79,71,72,71,72,70,72,71,242418,2003843,2003110,2004939,2004879,2003905,2004942,2004880,2003967,2004974,245010,1328719,1328211,1329425,1329391,1328736,1329437,1329373,1328762,1329452,43706,392159,642914,823787,954004,1047585,1115150,1163786,1198639,1223915,44173,270973,434178,551904,636660,697567,741546,773199,795879,812333,
PIC_v2,91745405,55036056,36709349,13852992338,13841645053,168047121,334947048,16,773,5977338,18005170,18007656,18008598,18008757,18008134,18007797,18008116,18007729,18007826,11887656,35891064,35895485,35896349,35896500,35894815,35896363,35895555,35896743,35896518,14,1,1,0,0,0,0,0,0,0,76,78,80,77,79,76,79,76,77,75,1024812,6000511,6001259,6001386,6001431,6001124,6001405,6001251,6001459,6001418,762985,3993544,3994049,3994130,3994153,3993960,3994147,3994038,3994181,3994162,429201692,774558185,1050843529,1271871830,1448694479,1590152537,1703319040,1793852211,1866278790,1924220045,429149326,774114899,1050087458,1270865522,1447487977,1588785903,1701824281,1792254962,1864599535,1922475190,
EWMA,20810330,12513189,8297141,8527912,5654617,59945540,119228400,13,723,5992818,5992123,5994521,5996187,5993756,5994896,5996097,5993741,5994884,5996517,11917724,11917551,11925179,11925145,11920433,11925789,11925021,11920460,11925850,11925248,2,2,2,1,1,1,1,1,1,1,81,74,70,72,70,71,70,72,70,73,2003626,1602894,1363703,1219196,1131692,1080744,1049279,1029813,1019584,1012658,1328568,1062844,904233,808404,750372,716624,695738,682834,676067,671457,400725,641158,785667,872372,924236,955537,974285,985390,992228,996314,265713,425139,520957,578446,612831,633589,646018,653381,657918,660625,
SW,20084860,12077672,8007188,8611094,5711277,59926546,119193912,3,712,5994322,5993977,5992252,5993288,5994160,5991902,5991870,5992706,5990520,5991549,11924533,11920862,11917527,11922665,11921131,11916006,11919742,11919061,11913187,11919198,1,1,1,0,0,0,0,0,0,0,74,71,73,69,72,70,72,70,72,69,2004781,376933,542585,1029676,1354466,1353597,1354249,1354109,1353144,1354132,1329328,252505,358898,682187,897717,897145,897581,897477,896834,897516,1627203,1461008,974766,649731,649731,649731,649731,649731,649731,649731,1076371,969617,646910,431197,431197,431197,431197,431197,431197,431197,
AFC,20193697,12144834,8048863,8165578,5410398,59670750,118652095,17,797,5720342,5992608,5993068,5994895,5995877,5994201,5994883,5995825,5994092,5994959,11345260,11918212,11919334,11925820,11925435,11920622,11925919,11925409,11920165,11925919,15,1,1,0,0,0,0,0,0,0,153,74,71,72,70,73,70,73,69,72,1275058,1748709,1450140,1271967,1164073,1098665,1060878,1037453,1022567,1015324,837500,1161102,962508,843983,772197,728693,703573,687969,678068,673270,255011,553750,733028,840815,905466,944105,967459,981457,989679,994808,167500,366220,485477,557178,600181,625883,641421,650730,656197,659611,
AMBP,19859221,11943683,7915538,7968199,5279689,59513135,118336614,16,788,5565828,5991628,5992224,5994817,5995464,5994102,5994782,5995567,5993915,5994808,11036457,11915983,11916928,11925727,11924839,11921266,11925553,11925131,11918967,11925763,14,1,1,0,0,0,0,0,0,0,151,72,73,70,71,69,72,69,72,69,878512,1827547,1497390,1300566,1181193,1109057,1067025,1041099,1024633,1016661,574777,1213307,993802,862925,783537,735569,707640,690386,679440,674155,175782,506135,704386,823622,895136,937920,963741,979212,988296,993969,115035,334689,466511,545793,593341,621786,638956,649242,655281,659055,
PIC,14545550,8792730,5752820,4283536730,4287488610,167636511,334097319,15,839,5565611,18004921,18008096,18007845,18008792,18007925,18008854,18008310,18008170,18007987,11036043,35889904,35895803,35896608,35896556,35896925,35896345,35895494,35896887,35896754,13,1,1,0,0,0,0,0,0,0,151,80,77,76,75,78,74,77,74,77,879273,879273,879273,879273,879273,879273,879273,879273,879273,879273,575282,575282,575282,575282,575282,575282,575282,575282,575282,575282,428353673,428353673,428353673,428353673,428353673,428353673,428353673,428353673,428353673,428353673,428748861,428748861,428748861,428748861,428748861,428748861,428748861,428748861,428748861,428748861,
end--> Completion message received. Exiting.
