--> Waiting for autoboot prompt...
NOTICE:  BL31: v2.9(release):8a3945e
NOTICE:  BL31: Built : 17:27:52, May  1 2024


U-Boot 2022.10 (May 01 2024 - 17:26:49 -0300)

DRAM:  7.1 GiB
RPI 4 Model B (0xd03115)
Core:  202 devices, 16 uclasses, devicetree: board
MMC:   mmcnr@7e300000: 1, emmc2@7e340000: 0
Loading Environment from FAT... ** No partition table - mmc 0 **
In:    serial
Out:   serial
Err:   serial
Net:   eth0: ethernet@7d580000
PCIe BRCM: link up, 5.0 Gbps x1 (SSC)
starting USB...
Bus xhci_pci: Register 5000420 NbrPorts 5
Starting the controller
USB XHCI 1.00
scanning bus xhci_pci for devices... 2 USB Device(s) found
       scanning usb for storage devices... 0 Storage Device(s) found
Hit any key to stop autoboot:--> Autoboot stopped. Waiting for U-Boot prompt...
 0 
U-Boot>--> Benchmark command sent. Waiting for completion...
fatload mmc 0 0x200000 bao-59.bin; go 0x200000
1417216 bytes read in 104 ms (13 MiB/s)
## Starting application at 0x00200000 ...
BENCH_ARRAY_INDEX 58
budget_function,PMU_counter_used_budget,PMU_counter_used_budget_r,PMU_counter_used_budget_w,total_calc_r,total_calc_w,used_budget_read[0],used_budget_read[1],used_budget_read[2],used_budget_read[3],used_budget_read[4],used_budget_read[5],used_budget_read[6],used_budget_read[7],used_budget_read[8],used_budget_read[9],used_budget_write[0],used_budget_write[1],used_budget_write[2],used_budget_write[3],used_budget_write[4],used_budget_write[5],used_budget_write[6],used_budget_write[7],used_budget_write[8],used_budget_write[9],calculated_read[0],calculated_read[1],calculated_read[2],calculated_read[3],calculated_read[4],calculated_read[5],calculated_read[6],calculated_read[7],calculated_read[8],calculated_read[9],calculated_write[0],calculated_write[1],calculated_write[2],calculated_write[3],calculated_write[4],calculated_write[5],calculated_write[6],calculated_write[7],calculated_write[8],calculated_write[9],
got bandwidth_wrapper (464)
got sorting_wrapper (465)
EWMA,15739316,10317229,5422087,6994195,3657225,1416301,1388954,1172593,1045489,948501,904326,888723,854675,851126,846541,633816,760778,637590,565358,508181,483174,475478,454321,452960,450431,283260,504398,638037,719527,765321,793122,812242,820728,826807,830753,126763,253566,330370,377367,403529,419458,430662,435393,438906,441211,
SW,15507146,10123492,5383654,7164736,3807551,1675025,298823,446947,867298,1134349,1140563,1133542,1131901,1144114,1150930,890494,161610,235065,460957,602660,606800,602107,601017,609139,613805,1373245,1220736,806932,537689,537689,537689,537689,537689,537689,537689,726866,650490,429056,285877,285877,285877,285877,285877,285877,285877,
AFC,15496557,10122606,5373951,6784629,3597306,991732,1467854,1222007,1061271,972898,926003,880902,881860,864877,853202,507632,783116,652274,564823,517721,493718,467832,471016,461284,454535,198346,452247,606199,697213,752350,787080,805844,821047,829813,834490,101526,237844,320730,369548,399182,418089,428037,436632,441562,444156,
AMBP,15357754,10026967,5330787,6695521,3558221,789964,1509938,1241809,1085933,982910,925854,909214,880192,855081,846072,412911,803339,660755,578507,522803,492594,486175,469667,454537,449499,158072,428445,591117,690080,748646,784087,809112,823328,829678,832956,82662,226797,313588,366571,397817,416772,430652,438455,441671,443236,
PIC,11987880,7876290,4111590,4284728100,4289622210,787629,787629,787629,787629,787629,787629,787629,787629,787629,787629,411159,411159,411159,411159,411159,411159,411159,411159,411159,411159,428472810,428472810,428472810,428472810,428472810,428472810,428472810,428472810,428472810,428472810,428962221,428962221,428962221,428962221,428962221,428962221,428962221,428962221,428962221,428962221,
end--> Completion message received. Exiting.
