--> Waiting for autoboot prompt...
NOTICE:  BL31: v2.9(release):8a3945e
NOTICE:  BL31: Built : 17:27:52, May  1 2024


U-Boot 2022.10 (May 01 2024 - 17:26:49 -0300)

DRAM:  7.1 GiB
RPI 4 Model B (0xd03115)
Core:  202 devices, 16 uclasses, devicetree: board
MMC:   mmcnr@7e300000: 1, emmc2@7e340000: 0
Loading Environment from FAT... ** No partition table - mmc 0 **
In:    serial
Out:   serial
Err:   serial
Net:   eth0: ethernet@7d580000
PCIe BRCM: link up, 5.0 Gbps x1 (SSC)
starting USB...
Bus xhci_pci: Register 5000420 NbrPorts 5
Starting the controller
USB XHCI 1.00
scanning bus xhci_pci for devices... 2 USB Device(s) found
       scanning usb for storage devices... 0 Storage Device(s) found
Hit any key to stop autoboot:--> Autoboot stopped. Waiting for U-Boot prompt...
 0 
U-Boot>--> Benchmark command sent. Waiting for completion...
fatload mmc 0 0x200000 bao-134.bin; go 0x200000
1421312 bytes read in 105 ms (12.9 MiB/s)
## Starting application at 0x00200000 ...
BENCH_ARRAY_INDEX 133
budget_function,PMU_counter_used_budget,PMU_counter_used_budget_r,PMU_counter_used_budget_w,total_calc_r,total_calc_w,used_budget_read[0],used_budget_read[1],used_budget_read[2],used_budget_read[3],used_budget_read[4],used_budget_read[5],used_budget_read[6],used_budget_read[7],used_budget_read[8],used_budget_read[9],used_budget_write[0],used_budget_write[1],used_budget_write[2],used_budget_write[3],used_budget_write[4],used_budget_write[5],used_budget_write[6],used_budget_write[7],used_budget_write[8],used_budget_write[9],calculated_read[0],calculated_read[1],calculated_read[2],calculated_read[3],calculated_read[4],calculated_read[5],calculated_read[6],calculated_read[7],calculated_read[8],calculated_read[9],calculated_write[0],calculated_write[1],calculated_write[2],calculated_write[3],calculated_write[4],calculated_write[5],calculated_write[6],calculated_write[7],calculated_write[8],calculated_write[9],
got dijkstra_wrapper (1064)
got sha_wrapper (1065)
EWMA,21316283,13167603,8148680,8935530,5515257,1879671,1750817,1478612,1313201,1214019,1154458,1118678,1097239,1084310,1076598,1076557,1108324,931559,824102,759699,721000,697749,683829,675429,670432,375934,650910,816450,915800,975443,1011246,1032732,1045633,1053368,1058014,215311,393913,501442,565974,604719,627975,641929,650309,655333,658352,
SW,20831671,12841221,7990450,9146901,5693116,2130388,391353,579842,1096251,1440828,1440765,1440608,1440446,1440346,1440394,1325801,245133,360309,681844,896406,896357,896267,896138,896084,896111,1738667,1550330,1033861,689149,689149,689149,689149,689149,689149,689149,1080378,965325,643748,429095,429095,429095,429095,429095,429095,429095,
AFC,21003713,12946897,8056816,8716965,5424424,1431365,1843369,1532972,1345946,1233684,1166377,1125890,1101724,1087137,1078433,890132,1147262,954082,837661,767789,725883,700677,685635,676555,671140,286273,597692,784748,896987,964326,1004736,1028966,1043517,1052241,1057479,178026,371873,488314,558183,600104,625259,640342,649400,654831,658092,
AMBP,20642168,12724995,7917173,8499182,5287541,993753,1930480,1585404,1377352,1252518,1177647,1132720,1105723,1089577,1079821,614980,1201981,987040,857392,779626,732960,704968,688143,678085,671998,198830,545160,753208,878036,952932,997875,1024844,1041019,1050730,1056548,123076,338857,468493,546272,592942,620945,637749,647827,653878,657502,
PIC,16392510,10120900,6271610,4281810110,4286814190,1012090,1012090,1012090,1012090,1012090,1012090,1012090,1012090,1012090,1012090,627161,627161,627161,627161,627161,627161,627161,627161,627161,627161,428181011,428181011,428181011,428181011,428181011,428181011,428181011,428181011,428181011,428181011,428681419,428681419,428681419,428681419,428681419,428681419,428681419,428681419,428681419,428681419,
end--> Completion message received. Exiting.
