--> Waiting for autoboot prompt...
NOTICE:  BL31: v2.9(release):8a3945e
NOTICE:  BL31: Built : 17:27:52, May  1 2024


U-Boot 2022.10 (May 01 2024 - 17:26:49 -0300)

DRAM:  7.1 GiB
RPI 4 Model B (0xd03115)
Core:  202 devices, 16 uclasses, devicetree: board
MMC:   mmcnr@7e300000: 1, emmc2@7e340000: 0
Loading Environment from FAT... ** No partition table - mmc 0 **
In:    serial
Out:   serial
Err:   serial
Net:   eth0: ethernet@7d580000
PCIe BRCM: link up, 5.0 Gbps x1 (SSC)
starting USB...
Bus xhci_pci: Register 5000420 NbrPorts 5
Starting the controller
USB XHCI 1.00
scanning bus xhci_pci for devices... 2 USB Device(s) found
       scanning usb for storage devices... 0 Storage Device(s) found
Hit any key to stop autoboot:--> Autoboot stopped. Waiting for U-Boot prompt...
 0 
U-Boot>--> Benchmark command sent. Waiting for completion...
fatload mmc 0 0x200000 bao-114.bin; go 0x200000
1421312 bytes read in 105 ms (12.9 MiB/s)
## Starting application at 0x00200000 ...
BENCH_ARRAY_INDEX 113
budget_function,PMU_counter_used_budget,PMU_counter_used_budget_r,PMU_counter_used_budget_w,total_calc_r,total_calc_w,used_budget_read[0],used_budget_read[1],used_budget_read[2],used_budget_read[3],used_budget_read[4],used_budget_read[5],used_budget_read[6],used_budget_read[7],used_budget_read[8],used_budget_read[9],used_budget_write[0],used_budget_write[1],used_budget_write[2],used_budget_write[3],used_budget_write[4],used_budget_write[5],used_budget_write[6],used_budget_write[7],used_budget_write[8],used_budget_write[9],calculated_read[0],calculated_read[1],calculated_read[2],calculated_read[3],calculated_read[4],calculated_read[5],calculated_read[6],calculated_read[7],calculated_read[8],calculated_read[9],calculated_write[0],calculated_write[1],calculated_write[2],calculated_write[3],calculated_write[4],calculated_write[5],calculated_write[6],calculated_write[7],calculated_write[8],calculated_write[9],
got dijkstra_wrapper (904)
got mser_wrapper (905)
EWMA,24612025,18538664,6073361,12658662,4115042,2913777,2852960,1316481,2056765,2148365,893804,1806814,2002503,794755,1752440,683259,871592,779463,545362,598478,611860,444789,538961,577394,422203,582755,1036796,1092733,1285539,1458104,1345244,1437558,1550547,1399388,1469998,136651,283639,382803,415314,451946,483928,476100,488672,506416,489573,
SW,24127248,18164622,5962626,12747233,4319714,3152355,996507,137451,1724142,2485759,1392122,2199875,2484680,1392825,2198906,928815,206128,340005,437243,686912,737629,601177,686244,737555,600918,2441723,2207839,1428771,952700,952700,952700,952700,952700,952700,952700,808270,725251,491649,327792,327792,327792,327792,327792,327792,327792,
AFC,24460175,18584070,5876105,12411867,3953474,2116620,2412450,2606482,2018917,965910,2158605,1748461,804391,2061919,1690315,587367,715923,771214,557231,712454,557297,428238,635191,510847,400343,423324,821149,1178215,1346355,1270266,1447933,1508038,1367309,1506231,1543047,117473,237163,343973,386624,451790,472891,463961,498207,500735,480657,
AMBP,21036854,15107590,5929264,582216591,150453434,352738,3086416,2763316,1251612,2033412,2133392,871676,871676,871676,871676,753341,779526,737564,697126,495784,567921,595180,434274,434274,434274,70627,673784,1091690,1123674,1305621,1471175,144120005,144120005,144120005,144120005,150748,276503,368715,434397,446674,470923,495774,49269900,49269900,49269900,
PIC,40809900,31521900,9288000,4253988810,4282892880,3152190,3152190,3152190,3152190,3152190,3152190,3152190,3152190,3152190,3152190,928800,928800,928800,928800,928800,928800,928800,928800,928800,928800,425398881,425398881,425398881,425398881,425398881,425398881,425398881,425398881,425398881,425398881,428289288,428289288,428289288,428289288,428289288,428289288,428289288,428289288,428289288,428289288,
end--> Completion message received. Exiting.
