--> Waiting for autoboot prompt...
NOTICE:  BL31: v2.9(release):8a3945e
NOTICE:  BL31: Built : 17:27:52, May  1 2024


U-Boot 2022.10 (May 01 2024 - 17:26:49 -0300)

DRAM:  7.1 GiB
RPI 4 Model B (0xd03115)
Core:  202 devices, 16 uclasses, devicetree: board
MMC:   mmcnr@7e300000: 1, emmc2@7e340000: 0
Loading Environment from FAT... ** No partition table - mmc 0 **
In:    serial
Out:   serial
Err:   serial
Net:   eth0: ethernet@7d580000
PCIe BRCM: link up, 5.0 Gbps x1 (SSC)
starting USB...
Bus xhci_pci: Register 5000420 NbrPorts 5
Starting the controller
USB XHCI 1.00
scanning bus xhci_pci for devices... 2 USB Device(s) found
       scanning usb for storage devices... 0 Storage Device(s) found
Hit any key to stop autoboot:--> Autoboot stopped. Waiting for U-Boot prompt...
 0 
U-Boot>--> Benchmark command sent. Waiting for completion...
fatload mmc 0 0x200000 bao-104.bin; go 0x200000
1421312 bytes read in 104 ms (13 MiB/s)
## Starting application at 0x00200000 ...
BENCH_ARRAY_INDEX 103
budget_function,PMU_counter_used_budget,PMU_counter_used_budget_r,PMU_counter_used_budget_w,total_calc_r,total_calc_w,used_budget_read[0],used_budget_read[1],used_budget_read[2],used_budget_read[3],used_budget_read[4],used_budget_read[5],used_budget_read[6],used_budget_read[7],used_budget_read[8],used_budget_read[9],used_budget_write[0],used_budget_write[1],used_budget_write[2],used_budget_write[3],used_budget_write[4],used_budget_write[5],used_budget_write[6],used_budget_write[7],used_budget_write[8],used_budget_write[9],calculated_read[0],calculated_read[1],calculated_read[2],calculated_read[3],calculated_read[4],calculated_read[5],calculated_read[6],calculated_read[7],calculated_read[8],calculated_read[9],calculated_write[0],calculated_write[1],calculated_write[2],calculated_write[3],calculated_write[4],calculated_write[5],calculated_write[6],calculated_write[7],calculated_write[8],calculated_write[9],
got dijkstra_wrapper (824)
got fft_wrapper (825)
EWMA,20570842,12394562,8176280,8408893,5534157,1757575,1651103,1393969,1237756,1143926,1087642,1053796,1033498,1021307,1013990,1081793,1111485,934350,826771,762131,723344,700039,686062,677672,672633,351515,611432,767939,861902,918306,952173,972497,984697,992019,996413,216358,395383,503176,567895,606742,630062,644057,652458,657500,660526,
SW,20126426,12101920,8024506,8595748,5699535,2005803,341322,554976,1038134,1360569,1360455,1360314,1360180,1360088,1360079,1330019,226269,367994,688361,902171,902098,901995,901907,901847,901845,1664128,1450576,967367,644811,644811,644811,644811,644811,644811,644811,1103487,961834,641427,427541,427541,427541,427541,427541,427541,427541,
AFC,20121022,12098888,8022134,8117839,5382411,1168246,1771302,1464854,1280117,1169291,1102778,1062872,1038921,1024564,1015943,774007,1174644,971386,848853,775348,731234,704773,688886,679359,673644,233649,541179,725914,836754,903261,943164,967105,981468,990087,995258,154801,358769,481292,554804,598912,625376,641255,650781,656496,659925,
AMBP,19826481,11921819,7904662,7944067,5267255,818803,1840762,1506762,1305273,1184371,1111801,1068283,1042171,1026496,1017097,542303,1220668,999147,865533,785344,737216,708358,691036,680641,674416,163840,499224,700731,821639,894185,937708,963823,979492,988892,994533,108540,330965,464601,544787,592898,621761,639080,649471,655705,659447,
PIC,13623330,8195380,5427950,4284313280,4287910940,819538,819538,819538,819538,819538,819538,819538,819538,819538,819538,542795,542795,542795,542795,542795,542795,542795,542795,542795,542795,428431328,428431328,428431328,428431328,428431328,428431328,428431328,428431328,428431328,428431328,428791094,428791094,428791094,428791094,428791094,428791094,428791094,428791094,428791094,428791094,
end--> Completion message received. Exiting.
