--> Waiting for autoboot prompt...
NOTICE:  BL31: v2.9(release):8a3945e
NOTICE:  BL31: Built : 17:27:52, May  1 2024


U-Boot 2022.10 (May 01 2024 - 17:26:49 -0300)

DRAM:  7.1 GiB
RPI 4 Model B (0xd03115)
Core:  202 devices, 16 uclasses, devicetree: board
MMC:   mmcnr@7e300000: 1, emmc2@7e340000: 0
Loading Environment from FAT... ** No partition table - mmc 0 **
In:    serial
Out:   serial
Err:   serial
Net:   eth0: ethernet@7d580000
PCIe BRCM: link up, 5.0 Gbps x1 (SSC)
starting USB...
Bus xhci_pci: Register 5000420 NbrPorts 5
Starting the controller
USB XHCI 1.00
scanning bus xhci_pci for devices... 2 USB Device(s) found
       scanning usb for storage devices... 0 Storage Device(s) found
Hit any key to stop autoboot:--> Autoboot stopped. Waiting for U-Boot prompt...
 0 
U-Boot>--> Benchmark command sent. Waiting for completion...
fatload mmc 0 0x200000 bao-5.bin; go 0x200000
1421312 bytes read in 106 ms (12.8 MiB/s)
## Starting application at 0x00200000 ...
BENCH_ARRAY_INDEX 4
budget_function,PMU_counter_used_budget,PMU_counter_used_budget_r,PMU_counter_used_budget_w,total_calc_r,total_calc_w,used_budget_read[0],used_budget_read[1],used_budget_read[2],used_budget_read[3],used_budget_read[4],used_budget_read[5],used_budget_read[6],used_budget_read[7],used_budget_read[8],used_budget_read[9],used_budget_write[0],used_budget_write[1],used_budget_write[2],used_budget_write[3],used_budget_write[4],used_budget_write[5],used_budget_write[6],used_budget_write[7],used_budget_write[8],used_budget_write[9],calculated_read[0],calculated_read[1],calculated_read[2],calculated_read[3],calculated_read[4],calculated_read[5],calculated_read[6],calculated_read[7],calculated_read[8],calculated_read[9],calculated_write[0],calculated_write[1],calculated_write[2],calculated_write[3],calculated_write[4],calculated_write[5],calculated_write[6],calculated_write[7],calculated_write[8],calculated_write[9],
got bandwidth_wrapper (32)
got bandwidth_wrapper (33)
EWMA,9591741,6289856,3301885,4245739,2210369,729509,878167,761747,655396,579524,566395,544426,536436,519470,518786,267581,493087,425212,360147,313017,306416,293012,288435,277588,277390,145901,292354,386232,440064,467956,487643,498999,506486,509082,511022,53516,141430,198186,230578,247065,258935,265750,270287,271747,272875,
SW,9591665,6248041,3343624,4375915,2334199,1044605,208160,258863,508560,700298,700162,699362,694024,707345,726662,560304,116138,134737,268460,374421,374348,373808,370228,379168,392012,825993,769688,503876,325194,325194,325194,325194,325194,325194,325194,437181,414841,270393,173112,173112,173112,173112,173112,173112,173112,
AFC,9486936,6188709,3298227,4139086,2202037,559629,902986,761563,662526,589215,574896,553441,529528,518603,536322,280716,484366,409915,355774,314023,308796,297022,282669,276294,288652,111925,270137,368422,427242,459636,482688,496838,503376,506421,512401,56143,141787,195412,227484,244791,257592,265478,268916,270391,274043,
AMBP,9386760,6121440,3265320,4050797,2155071,372051,941655,759881,680667,618722,565952,543657,555611,543600,539644,179569,505290,405897,366180,332649,302175,290128,299819,292825,290788,74490,247923,350314,416384,456851,478671,491668,504456,512284,517756,35993,129852,185061,221284,243557,255280,262249,269763,274375,277657,
PIC,5491580,3706070,1785510,4290149390,4292646120,370607,370607,370607,370607,370607,370607,370607,370607,370607,370607,178551,178551,178551,178551,178551,178551,178551,178551,178551,178551,429014939,429014939,429014939,429014939,429014939,429014939,429014939,429014939,429014939,429014939,429264612,429264612,429264612,429264612,429264612,429264612,429264612,429264612,429264612,429264612,
end--> Completion message received. Exiting.
