--> Waiting for autoboot prompt...
NOTICE:  BL31: v2.9(release):8a3945e
NOTICE:  BL31: Built : 17:27:52, May  1 2024


U-Boot 2022.10 (May 01 2024 - 17:26:49 -0300)

DRAM:  7.1 GiB
RPI 4 Model B (0xd03115)
Core:  202 devices, 16 uclasses, devicetree: board
MMC:   mmcnr@7e300000: 1, emmc2@7e340000: 0
Loading Environment from FAT... ** No partition table - mmc 0 **
In:    serial
Out:   serial
Err:   serial
Net:   eth0: ethernet@7d580000
PCIe BRCM: link up, 5.0 Gbps x1 (SSC)
starting USB...
Bus xhci_pci: Register 5000420 NbrPorts 5
Starting the controller
USB XHCI 1.00
scanning bus xhci_pci for devices... 2 USB Device(s) found
       scanning usb for storage devices... 0 Storage Device(s) found
Hit any key to stop autoboot:--> Autoboot stopped. Waiting for U-Boot prompt...
 0 
U-Boot>--> Benchmark command sent. Waiting for completion...
fatload mmc 0 0x200000 bao-94.bin; go 0x200000
1421312 bytes read in 109 ms (12.4 MiB/s)
## Starting application at 0x00200000 ...
BENCH_ARRAY_INDEX 93
budget_function,PMU_counter_used_budget,PMU_counter_used_budget_r,PMU_counter_used_budget_w,total_calc_r,total_calc_w,used_budget_read[0],used_budget_read[1],used_budget_read[2],used_budget_read[3],used_budget_read[4],used_budget_read[5],used_budget_read[6],used_budget_read[7],used_budget_read[8],used_budget_read[9],used_budget_write[0],used_budget_write[1],used_budget_write[2],used_budget_write[3],used_budget_write[4],used_budget_write[5],used_budget_write[6],used_budget_write[7],used_budget_write[8],used_budget_write[9],calculated_read[0],calculated_read[1],calculated_read[2],calculated_read[3],calculated_read[4],calculated_read[5],calculated_read[6],calculated_read[7],calculated_read[8],calculated_read[9],calculated_write[0],calculated_write[1],calculated_write[2],calculated_write[3],calculated_write[4],calculated_write[5],calculated_write[6],calculated_write[7],calculated_write[8],calculated_write[9],
got dijkstra_wrapper (744)
got disparity_wrapper (745)
EWMA,24932595,21902766,3029829,15138047,1921775,3223617,3004741,2538137,2308246,2116457,1987933,1944875,1924223,1039341,1815196,209423,408579,326533,290713,253385,249547,237102,228319,676402,149826,644723,1116726,1401008,1582455,1689255,1748990,1788167,1815378,1660170,1691175,41884,115223,157485,184130,197981,208294,214055,216907,308806,277010,
SW,24259776,21201327,3058449,15934306,1931741,3657014,684039,1033039,1905294,2470437,1793749,2266562,2442343,2448850,2500000,441089,104513,115056,225192,295933,671373,309911,302076,293484,299822,3007638,2683105,1791364,1207457,1207457,1207457,1207457,1207457,1207457,1207457,342208,331536,220219,148254,148254,148254,148254,148254,148254,148254,
AFC,24683931,21784583,2899348,14522623,1994389,2210451,3270370,2690012,2334216,1454241,1949616,2042425,1963025,1956645,1913582,265458,393154,324441,282483,642570,180894,192654,196992,212790,207912,442090,1007746,1344199,1542202,1524610,1609611,1696173,1749543,1790963,1815486,53091,121103,161770,185912,277243,257974,244910,235327,230820,226239,
AMBP,24264397,21468554,2795843,14199510,154624346,1613164,3372676,2745314,1700815,2096931,2131403,2014138,1990014,1931552,1872547,195362,406077,331663,673781,198160,198160,198160,198160,198160,198160,322712,932704,1295226,1376343,1520460,1642648,1716946,1771559,1803557,1817355,39152,112537,156362,259845,25676075,25676075,25676075,25676075,25676075,25676075,
PIC,20143480,15694520,4448960,4274564400,4289183630,1569452,1569452,1569452,1569452,1569452,1569452,1569452,1569452,1569452,1569452,444896,444896,444896,444896,444896,444896,444896,444896,444896,444896,427456440,427456440,427456440,427456440,427456440,427456440,427456440,427456440,427456440,427456440,428918363,428918363,428918363,428918363,428918363,428918363,428918363,428918363,428918363,428918363,
end--> Completion message received. Exiting.
