--> Waiting for autoboot prompt...
NOTICE:  BL31: v2.9(release):8a3945e
NOTICE:  BL31: Built : 17:27:52, May  1 2024


U-Boot 2022.10 (May 01 2024 - 17:26:49 -0300)

DRAM:  7.1 GiB
RPI 4 Model B (0xd03115)
Core:  202 devices, 16 uclasses, devicetree: board
MMC:   mmcnr@7e300000: 1, emmc2@7e340000: 0
Loading Environment from FAT... ** No partition table - mmc 0 **
In:    serial
Out:   serial
Err:   serial
Net:   eth0: ethernet@7d580000
PCIe BRCM: link up, 5.0 Gbps x1 (SSC)
starting USB...
Bus xhci_pci: Register 5000420 NbrPorts 5
Starting the controller
USB XHCI 1.00
scanning bus xhci_pci for devices... 2 USB Device(s) found
       scanning usb for storage devices... 0 Storage Device(s) found
Hit any key to stop autoboot:--> Autoboot stopped. Waiting for U-Boot prompt...
 0 
U-Boot>--> Benchmark command sent. Waiting for completion...
fatload mmc 0 0x200000 bao-119.bin; go 0x200000
1417216 bytes read in 105 ms (12.9 MiB/s)
## Starting application at 0x00200000 ...
BENCH_ARRAY_INDEX 118
budget_function,PMU_counter_used_budget,PMU_counter_used_budget_r,PMU_counter_used_budget_w,total_calc_r,total_calc_w,used_budget_read[0],used_budget_read[1],used_budget_read[2],used_budget_read[3],used_budget_read[4],used_budget_read[5],used_budget_read[6],used_budget_read[7],used_budget_read[8],used_budget_read[9],used_budget_write[0],used_budget_write[1],used_budget_write[2],used_budget_write[3],used_budget_write[4],used_budget_write[5],used_budget_write[6],used_budget_write[7],used_budget_write[8],used_budget_write[9],calculated_read[0],calculated_read[1],calculated_read[2],calculated_read[3],calculated_read[4],calculated_read[5],calculated_read[6],calculated_read[7],calculated_read[8],calculated_read[9],calculated_write[0],calculated_write[1],calculated_write[2],calculated_write[3],calculated_write[4],calculated_write[5],calculated_write[6],calculated_write[7],calculated_write[8],calculated_write[9],
got dijkstra_wrapper (944)
got mser_wrapper (945)
EWMA,24604576,18533364,6071212,12654550,4113246,2911205,2849917,1318591,2054857,2148591,896408,1805252,2000824,796599,1751120,682364,870500,779985,544562,599013,611901,444403,538786,577506,422192,582241,1035776,1092339,1284842,1457591,1345354,1437333,1550031,1399344,1469699,136472,283277,382618,415006,451807,483825,475940,488509,506308,489484,
SW,24123153,18162933,5960220,12743070,4320437,3151939,995554,138193,1722914,2485120,1393326,2199439,2484205,1393894,2198349,928710,206388,340970,436633,685854,737579,600793,685665,737214,600414,2441083,2207885,1428562,952220,952220,952220,952220,952220,952220,952220,807538,724897,492023,327997,327997,327997,327997,327997,327997,327997,
AFC,24459908,18583781,5876127,12411348,3953272,2117587,2412004,2605198,2020185,965632,2156608,1750269,804293,2059663,1692342,587186,716020,770867,558208,711877,556201,429084,635678,509980,401026,423517,821214,1178010,1346445,1270283,1447548,1508092,1367333,1505799,1543107,117437,237153,343895,386757,451781,472665,463949,498294,500631,480710,
AMBP,21046356,15119722,5926634,582008676,150418188,352310,3085296,2763150,1253211,2030530,2131529,875924,875924,875924,875924,753053,779234,737322,697575,495135,567368,595604,433781,433781,433781,70542,673492,1091423,1123780,1305130,1470409,144068475,144068475,144068475,144068475,150690,276398,368582,434380,446531,470698,495679,49258410,49258410,49258410,
PIC,40760930,31483100,9277830,4254039250,4282906100,3148310,3148310,3148310,3148310,3148310,3148310,3148310,3148310,3148310,3148310,927783,927783,927783,927783,927783,927783,927783,927783,927783,927783,425403925,425403925,425403925,425403925,425403925,425403925,425403925,425403925,425403925,425403925,428290610,428290610,428290610,428290610,428290610,428290610,428290610,428290610,428290610,428290610,
end--> Completion message received. Exiting.
