--> Waiting for autoboot prompt...
NOTICE:  BL31: v2.9(release):8a3945e
NOTICE:  BL31: Built : 17:27:52, May  1 2024


U-Boot 2022.10 (May 01 2024 - 17:26:49 -0300)

DRAM:  7.1 GiB
RPI 4 Model B (0xd03115)
Core:  202 devices, 16 uclasses, devicetree: board
MMC:   mmcnr@7e300000: 1, emmc2@7e340000: 0
Loading Environment from FAT... ** No partition table - mmc 0 **
In:    serial
Out:   serial
Err:   serial
Net:   eth0: ethernet@7d580000
PCIe BRCM: link up, 5.0 Gbps x1 (SSC)
starting USB...
Bus xhci_pci: Register 5000420 NbrPorts 5
Starting the controller
USB XHCI 1.00
scanning bus xhci_pci for devices... 2 USB Device(s) found
       scanning usb for storage devices... 0 Storage Device(s) found
Hit any key to stop autoboot:--> Autoboot stopped. Waiting for U-Boot prompt...
 0 
U-Boot>--> Benchmark command sent. Waiting for completion...
fatload mmc 0 0x200000 bao-108.bin; go 0x200000
1421312 bytes read in 105 ms (12.9 MiB/s)
## Starting application at 0x00200000 ...
BENCH_ARRAY_INDEX 107
budget_function,PMU_counter_used_budget,PMU_counter_used_budget_r,PMU_counter_used_budget_w,total_calc_r,total_calc_w,used_budget_read[0],used_budget_read[1],used_budget_read[2],used_budget_read[3],used_budget_read[4],used_budget_read[5],used_budget_read[6],used_budget_read[7],used_budget_read[8],used_budget_read[9],used_budget_write[0],used_budget_write[1],used_budget_write[2],used_budget_write[3],used_budget_write[4],used_budget_write[5],used_budget_write[6],used_budget_write[7],used_budget_write[8],used_budget_write[9],calculated_read[0],calculated_read[1],calculated_read[2],calculated_read[3],calculated_read[4],calculated_read[5],calculated_read[6],calculated_read[7],calculated_read[8],calculated_read[9],calculated_write[0],calculated_write[1],calculated_write[2],calculated_write[3],calculated_write[4],calculated_write[5],calculated_write[6],calculated_write[7],calculated_write[8],calculated_write[9],
got dijkstra_wrapper (856)
got fft_wrapper (857)
EWMA,20570087,12394055,8176032,8408573,5533993,1757617,1651079,1393888,1237540,1143849,1087679,1053718,1033468,1021368,1013849,1081818,1111491,934304,826615,762088,723389,699992,686062,677723,672550,351523,611434,767924,861847,918247,952133,972450,984653,991996,996366,216363,395388,503171,567859,606704,630041,644031,652437,657494,660505,
SW,20124400,12100707,8023693,8593092,5697789,2005665,339839,555504,1038425,1359877,1360725,1360376,1359722,1360350,1360224,1329929,225291,368345,688550,901708,902277,902031,901610,902025,901927,1663893,1450073,967003,644589,644589,644589,644589,644589,644589,644589,1103334,961502,641188,427395,427395,427395,427395,427395,427395,427395,
AFC,20118059,12097097,8020962,8116588,5381597,1167188,1771479,1464943,1279532,1169472,1102870,1062380,1039104,1024652,1015477,773315,1174748,971441,848461,775477,731312,704441,689007,679426,673334,233437,541045,725824,836565,903146,943090,966948,981379,990033,995121,154663,358680,481232,554677,598837,625332,641153,650723,656463,659837,
AMBP,19825236,11921055,7904181,7943552,5266920,819210,1840829,1506369,1305182,1184375,1110854,1068377,1042311,1026343,1017205,542578,1220708,998889,865475,785352,736573,708435,691146,680537,674488,163922,499303,700716,821609,894162,937500,963675,979402,988790,994473,108595,331017,464591,544767,592884,621621,638983,649415,655639,659408,
PIC,13637440,8203860,5433580,4284302260,4287903620,820386,820386,820386,820386,820386,820386,820386,820386,820386,820386,543358,543358,543358,543358,543358,543358,543358,543358,543358,543358,428430226,428430226,428430226,428430226,428430226,428430226,428430226,428430226,428430226,428430226,428790362,428790362,428790362,428790362,428790362,428790362,428790362,428790362,428790362,428790362,
end--> Completion message received. Exiting.
