--> Waiting for autoboot prompt...
NOTICE:  BL31: v2.9(release):8a3945e
NOTICE:  BL31: Built : 17:27:52, May  1 2024


U-Boot 2022.10 (May 01 2024 - 17:26:49 -0300)

DRAM:  7.1 GiB
RPI 4 Model B (0xd03115)
Core:  202 devices, 16 uclasses, devicetree: board
MMC:   mmcnr@7e300000: 1, emmc2@7e340000: 0
Loading Environment from FAT... ** No partition table - mmc 0 **
In:    serial
Out:   serial
Err:   serial
Net:   eth0: ethernet@7d580000
PCIe BRCM: link up, 5.0 Gbps x1 (SSC)
starting USB...
Bus xhci_pci: Register 5000420 NbrPorts 5
Starting the controller
USB XHCI 1.00
scanning bus xhci_pci for devices... 2 USB Device(s) found
       scanning usb for storage devices... 0 Storage Device(s) found
Hit any key to stop autoboot:--> Autoboot stopped. Waiting for U-Boot prompt...
 0 
U-Boot>--> Benchmark command sent. Waiting for completion...
fatload mmc 0 0x200000 bao-53.bin; go 0x200000
1437696 bytes read in 106 ms (12.9 MiB/s)
## Starting application at 0x00200000 ...
BENCH_ARRAY_INDEX 52
budget_function,PMU_counter_used_budget,PMU_counter_used_budget_r,PMU_counter_used_budget_w,total_calc_r,total_calc_w,total_cycles,total_instructions,total_cache_misses,total_mispredicts,cycles[0],cycles[1],cycles[2],cycles[3],cycles[4],cycles[5],cycles[6],cycles[7],cycles[8],cycles[9],instructions[0],instructions[1],instructions[2],instructions[3],instructions[4],instructions[5],instructions[6],instructions[7],instructions[8],instructions[9],cache_misses[0],cache_misses[1],cache_misses[2],cache_misses[3],cache_misses[4],cache_misses[5],cache_misses[6],cache_misses[7],cache_misses[8],cache_misses[9],mispredicts[0],mispredicts[1],mispredicts[2],mispredicts[3],mispredicts[4],mispredicts[5],mispredicts[6],mispredicts[7],mispredicts[8],mispredicts[9],used_budget_read[0],used_budget_read[1],used_budget_read[2],used_budget_read[3],used_budget_read[4],used_budget_read[5],used_budget_read[6],used_budget_read[7],used_budget_read[8],used_budget_read[9],used_budget_write[0],used_budget_write[1],used_budget_write[2],used_budget_write[3],used_budget_write[4],used_budget_write[5],used_budget_write[6],used_budget_write[7],used_budget_write[8],used_budget_write[9],calculated_read[0],calculated_read[1],calculated_read[2],calculated_read[3],calculated_read[4],calculated_read[5],calculated_read[6],calculated_read[7],calculated_read[8],calculated_read[9],calculated_write[0],calculated_write[1],calculated_write[2],calculated_write[3],calculated_write[4],calculated_write[5],calculated_write[6],calculated_write[7],calculated_write[8],calculated_write[9],
got bandwidth_wrapper (416)
got sha_wrapper (417)
EWMA_v2,25969936,16555658,9414278,10633437,6045723,59988837,82944628,491143,7179,6027023,5989474,5995140,5996020,5996337,5997549,5996985,5997291,5996245,5996773,8150661,8263740,8246217,8330298,8331623,8310189,8350275,8311686,8340431,8309508,49290,49067,49144,49109,49172,49071,48970,49140,49111,49069,808,759,729,707,697,699,695,700,692,693,1632459,1650516,1647449,1661417,1661640,1658072,1664761,1658325,1663085,1657934,926603,938013,935966,945282,945413,943019,947474,943176,946387,942945,326491,591296,802526,974304,1111771,1221031,1309777,1379486,1436205,1480550,185320,335858,455879,553759,632089,694275,744914,784566,816930,842133,
SW_v2,44069385,27278593,16790792,24202534,14930200,95821377,154647594,491258,5930,5825255,5994048,5995946,5996147,12001185,12002630,12000910,12001291,12002628,12001337,7951380,8306032,8302098,8340627,20277535,20292139,20264827,20281013,20330892,20301051,49075,49141,49109,49099,49151,49118,49143,49178,49101,49143,718,674,564,573,572,565,562,569,570,563,367880,1657397,1656753,1663169,3653291,3655710,3651142,3653879,3662171,3657201,311175,942563,942004,946279,2273277,2274889,2271846,2273666,2279191,2275902,367880,1012639,1227343,1659106,2324404,2990723,3653381,3653577,3655731,3657750,311175,626869,731914,943615,1387187,1831482,2273337,2273467,2274901,2276253,
AFC_v2,26980610,17014801,9965809,11057995,6547766,71584221,106155536,491249,5669,17618618,5992816,5996175,5996885,5996861,5996511,5996575,5997265,5996563,5995952,31476702,8333040,8319025,8261137,8286809,8321613,8319403,8296606,8270215,8270986,49271,49059,49162,49117,49054,49135,49110,49190,49135,49016,581,567,562,562,560,573,564,569,560,571,2112944,1661916,1659254,1649649,1653928,1659757,1659359,1655555,1651121,1651318,1492255,945447,943856,937456,940297,944178,943929,941394,938437,938560,422588,670453,868213,1024500,1150385,1252259,1333679,1398054,1448667,1489197,298451,427850,531051,612332,677925,731175,773725,807258,833493,854506,
LR_v2,73898255,45177730,28720525,48006588,30525508,149674446,262075342,491259,5685,5617190,5994655,12001090,18008910,18009302,18009276,18007231,18009646,18007234,18009912,7604963,8231185,20303606,32249812,32285984,32264778,32297504,32252542,32283149,32301819,49037,49257,49181,49121,49101,49077,49134,49148,49074,49129,565,564,567,574,581,568,563,566,569,568,301294,1644665,3657345,5649048,5655117,5651493,5656971,5649453,5654625,5657719,260239,934129,2276161,3604194,3608214,3605815,3609470,3604445,3607890,3609968,451941,2316350,4663685,6644899,5658151,5649681,5659710,5645694,5657211,5659266,390358,1271074,2947177,4268210,3610224,3604616,3611297,3601933,3609612,3611007,
AMBP_v2,23730317,15064792,8665525,7083608,4089243,71664404,106456522,490889,6631,17697874,5993215,5996594,5997238,5996316,5996270,5997394,5996385,5997422,5995696,31633094,8292828,8365582,8321347,8328173,8344369,8275884,8233457,8360736,8301052,49209,49178,48988,49050,49068,49026,49104,49118,49079,49069,578,569,619,694,700,694,694,691,694,698,137197,1654972,1667164,1659944,1661113,1663745,1652346,1645266,1666487,1656558,174869,941036,949132,944283,945035,946814,939214,934494,948640,942008,24767,315727,527412,678526,787538,866501,921303,959485,990796,1011553,31547,192099,309154,392561,452749,496405,526469,547266,564786,576207,
PIC_v2,84671379,51665576,33005803,13850842482,13839298930,167628040,298110895,491090,7018,5543183,18008007,18009569,18009718,18009821,18009660,18008776,18009985,18009997,18009324,7470165,32260012,32295036,32218403,32366719,32311562,32283552,32326905,32282643,32295898,49084,49179,49071,49181,48969,49196,49137,49109,49128,49036,700,718,709,704,697,696,694,696,710,694,756740,5651020,5656841,5644040,5668737,5659529,5654856,5662129,5654771,5656913,523691,3605446,3609316,3600801,3617266,3611123,3608010,3612841,3607937,3609372,429148077,774445395,1050684413,1271673068,1448468931,1589903780,1703050724,1793569734,1865983471,1923914889,429101467,773998992,1049917786,1270651118,1447241077,1588511815,1701527783,1791941524,1864271536,1922135832,
EWMA,16215804,10337569,5878235,7043318,4004825,59961472,82983706,490978,4523,5994427,5995202,5996011,5995367,5997040,5996951,5996561,5996340,5996768,5996805,8275566,8330122,8337385,8272117,8260988,8260561,8297898,8307077,8346381,8295611,49173,49074,49137,49033,49071,49129,49142,49046,49084,49089,572,522,426,429,429,432,427,428,430,428,1652073,1330698,1131776,1000576,928762,887110,868337,853659,850214,834364,939076,757279,644105,568333,527471,503904,493917,485650,484251,474249,330414,530470,650731,720700,762312,787271,803484,813519,820858,823559,187815,301707,370186,409815,433346,447457,456749,462529,466873,468348,
SW,15626867,9964256,5662611,7121438,4052131,59938075,82916274,490911,4312,5995027,5995797,5994764,5993499,5995203,5993977,5992852,5992219,5992653,5992084,8267797,8296901,8244424,8325838,8283261,8300505,8269167,8306959,8329035,8292387,49160,49071,49160,49016,49128,49047,49097,49086,49082,49064,433,433,440,426,431,429,439,427,426,428,1650618,331696,432031,855486,1113449,1116355,1111141,1117409,1121092,1114979,938038,194207,242862,486116,632030,633974,630496,634696,637128,633064,1323778,1214712,804782,539738,539738,539738,539738,539738,539738,539738,747076,692590,458369,307728,307728,307728,307728,307728,307728,307728,
AFC,15783945,10062559,5721386,6778278,3854124,59929169,82989869,491379,5472,5961091,5993124,5997112,5995157,5997165,5997618,5996629,5997062,5997170,5997041,8190792,8380099,8283912,8275636,8349170,8318544,8324587,8308279,8297551,8261299,49208,49082,49149,49172,49097,49164,49118,49157,49114,49118,427,532,563,561,568,563,559,563,568,568,1098157,1449833,1187777,1041972,967873,908446,877915,856078,843390,831118,621868,826277,675214,592202,551332,516831,499510,486793,479433,471926,219631,465671,610092,696468,750749,782288,801413,812346,818554,821066,124373,264753,346845,395916,426999,444965,455874,462057,465532,466810,
AMBP,15422972,9837330,5585642,6552311,3717770,59487674,81967886,491072,5638,5522733,5991635,5996823,5995140,5996873,5996905,5996516,5996756,5996325,5997968,7341589,8274819,8296102,8283156,8240108,8292804,8334397,8307883,8280194,8316834,49073,49253,49014,49087,49048,49041,49164,49185,49131,49076,561,563,574,563,563,560,559,560,562,573,675541,1516729,1243996,1075309,968674,919212,889434,861615,843812,843008,368672,865150,709258,612381,550634,523240,506756,490217,479569,479765,135188,411496,577996,677458,735701,772403,795809,808970,815938,821352,73814,232081,327516,384489,417718,438822,452408,459969,463889,467064,
PIC,11054300,7123200,3931100,4285707120,4289856850,167709541,298192419,490839,5677,5627198,18006031,18009852,18008564,18009448,18010205,18007986,18010505,18009935,18009817,7563729,32312122,32281340,32316204,32273544,32285476,32323872,32257814,32298150,32280168,49138,49081,49080,49055,49132,49061,49039,49098,49013,49142,577,572,565,577,567,564,562,564,567,562,712320,712320,712320,712320,712320,712320,712320,712320,712320,712320,393110,393110,393110,393110,393110,393110,393110,393110,393110,393110,428570712,428570712,428570712,428570712,428570712,428570712,428570712,428570712,428570712,428570712,428985685,428985685,428985685,428985685,428985685,428985685,428985685,428985685,428985685,428985685,
end--> Completion message received. Exiting.
