--> Waiting for autoboot prompt...
NOTICE:  BL31: v2.9(release):8a3945e
NOTICE:  BL31: Built : 17:27:52, May  1 2024


U-Boot 2022.10 (May 01 2024 - 17:26:49 -0300)

DRAM:  7.1 GiB
RPI 4 Model B (0xd03115)
Core:  202 devices, 16 uclasses, devicetree: board
MMC:   mmcnr@7e300000: 1, emmc2@7e340000: 0
Loading Environment from FAT... ** No partition table - mmc 0 **
In:    serial
Out:   serial
Err:   serial
Net:   eth0: ethernet@7d580000
PCIe BRCM: link up, 5.0 Gbps x1 (SSC)
starting USB...
Bus xhci_pci: Register 5000420 NbrPorts 5
Starting the controller
USB XHCI 1.00
scanning bus xhci_pci for devices... 2 USB Device(s) found
       scanning usb for storage devices... 0 Storage Device(s) found
Hit any key to stop autoboot:--> Autoboot stopped. Waiting for U-Boot prompt...
 0 
U-Boot>--> Benchmark command sent. Waiting for completion...
fatload mmc 0 0x200000 bao-128.bin; go 0x200000
1441792 bytes read in 111 ms (12.4 MiB/s)
## Starting application at 0x00200000 ...
BENCH_ARRAY_INDEX 127
budget_function,PMU_counter_used_budget,PMU_counter_used_budget_r,PMU_counter_used_budget_w,total_calc_r,total_calc_w,total_cycles,total_instructions,total_cache_misses,total_mispredicts,cycles[0],cycles[1],cycles[2],cycles[3],cycles[4],cycles[5],cycles[6],cycles[7],cycles[8],cycles[9],instructions[0],instructions[1],instructions[2],instructions[3],instructions[4],instructions[5],instructions[6],instructions[7],instructions[8],instructions[9],cache_misses[0],cache_misses[1],cache_misses[2],cache_misses[3],cache_misses[4],cache_misses[5],cache_misses[6],cache_misses[7],cache_misses[8],cache_misses[9],mispredicts[0],mispredicts[1],mispredicts[2],mispredicts[3],mispredicts[4],mispredicts[5],mispredicts[6],mispredicts[7],mispredicts[8],mispredicts[9],used_budget_read[0],used_budget_read[1],used_budget_read[2],used_budget_read[3],used_budget_read[4],used_budget_read[5],used_budget_read[6],used_budget_read[7],used_budget_read[8],used_budget_read[9],used_budget_write[0],used_budget_write[1],used_budget_write[2],used_budget_write[3],used_budget_write[4],used_budget_write[5],used_budget_write[6],used_budget_write[7],used_budget_write[8],used_budget_write[9],calculated_read[0],calculated_read[1],calculated_read[2],calculated_read[3],calculated_read[4],calculated_read[5],calculated_read[6],calculated_read[7],calculated_read[8],calculated_read[9],calculated_write[0],calculated_write[1],calculated_write[2],calculated_write[3],calculated_write[4],calculated_write[5],calculated_write[6],calculated_write[7],calculated_write[8],calculated_write[9],
got dijkstra_wrapper (1016)
got sha_wrapper (1017)
EWMA_v2,34532913,21284881,13248032,13684318,8517463,59963041,118310863,382,5803,6022463,5985668,5993626,5993984,5994328,5994256,5994661,5994654,5994743,5994658,11831263,11813407,11831305,11832382,11833405,11833181,11833872,11833813,11834161,11834074,145,29,27,26,26,26,26,26,26,25,714,599,568,561,557,557,557,571,559,560,2129297,2125539,2128451,2128598,2128770,2128729,2128847,2128859,2128908,2128883,1325961,1322779,1324701,1324812,1324921,1324893,1324981,1324981,1325011,1324992,425859,765795,1038326,1256380,1430858,1570432,1682115,1771463,1842952,1900138,265192,476709,646307,782008,890590,977450,1046956,1102561,1147051,1182639,
SW_v2,38301453,23445606,14855847,19916445,12642470,71394128,141171759,297,5689,5434290,5991084,5994305,5994333,5994638,5995810,5996364,5996618,11997039,11999647,10707351,11825850,11832484,11832688,11833579,11835995,11837231,11837717,23812098,23816766,58,31,26,25,26,26,26,26,26,27,584,570,573,570,562,567,559,561,564,579,291210,2127551,2128662,2128693,2128804,2129218,2129399,2129483,4125883,4126703,267415,1324108,1324864,1324876,1324961,1325226,1325345,1325416,2656550,2657086,291210,1209381,1515808,2128302,2128720,2128905,2129140,2129367,2794922,3460690,267415,795762,972129,1324616,1324900,1325021,1325177,1325329,1769104,2213017,
AFC_v2,32658608,20054102,12604506,12585483,7942888,65887942,130192010,305,5593,11938582,5991711,5994607,5994806,5994610,5994744,5994710,5994777,5994738,5994657,23691551,11827270,11833744,11834242,11833966,11834263,11834293,11834389,11834366,11833926,51,37,26,28,27,26,28,27,27,28,580,563,556,555,567,555,554,552,553,558,895214,2127767,2128818,2128899,2128884,2128901,2128916,2128919,2128916,2128868,680249,1324243,1324967,1325016,1324980,1325002,1325021,1325026,1325017,1324985,179042,568787,880793,1130414,1330108,1489866,1617676,1719924,1801722,1867151,136049,373687,563943,716157,837921,935337,1013273,1075623,1125501,1165397,
LR_v2,81770550,49528341,32242209,52591150,34237163,149688767,297418320,281,5671,5649728,5992074,12000162,18005999,18007113,18007357,18008014,18004842,18005659,18007819,11139254,11828473,23818372,35802264,35805492,35806545,35807189,35801919,35802376,35806436,51,29,28,26,25,23,24,25,24,26,562,564,562,577,585,568,562,563,565,563,396134,2127964,4126922,6124982,6125512,6125641,6125763,6124837,6124967,6125619,332581,1324383,2657272,3989474,3989816,3989913,3990022,3989365,3989470,3989913,594201,2993879,5126401,7124012,6125777,6125705,6125824,6124374,6125032,6125945,498871,1820284,3323716,4655575,3989987,3989961,3990076,3989037,3989522,3990134,
AMBP_v2,31282315,19228329,12053986,9023464,5669702,71417699,141223991,299,5600,17468507,5991568,5994638,5994572,5994801,5994677,5994773,5994712,5994746,5994705,34723875,11827119,11834245,11833633,11834413,11833942,11834125,11834014,11834512,11834113,52,36,24,27,26,27,27,26,27,27,576,574,562,562,551,558,556,553,551,557,69435,2127791,2128917,2128826,2128930,2128855,2128882,2128864,2128941,2128888,129687,1324275,1325018,1324965,1325030,1324985,1325003,1324988,1325037,1324998,12570,392052,665482,862335,1004088,1106136,1179616,1232518,1270621,1298046,23415,255228,422267,542525,629123,691465,736354,768672,791950,808703,
PIC_v2,92592637,56034898,36557739,13853573260,13841519985,167530295,333032576,267,5610,5465900,18004906,18007292,18007346,18007412,18007426,18007371,18007555,18007528,18007559,10771595,35801954,35806833,35807011,35807373,35807375,35807557,35807481,35807751,35807646,53,29,24,23,23,23,23,23,23,23,556,558,562,559,569,558,565,557,559,567,903949,6124850,6125663,6125689,6125798,6125738,6125780,6125765,6125821,6125845,648442,3989395,3989918,3989947,3989994,3989975,3989996,3989998,3990041,3990033,429177519,774563714,1050872833,1271920133,1448757995,1590228273,1703404504,1793945485,1866378281,1924324523,429126418,774095743,1050071307,1270851764,1447476139,1588775635,1701815236,1792246918,1864592272,1922468553,
EWMA,21559406,13288667,8270739,9056644,5636747,59942880,118331752,266,5569,5991532,5993539,5994499,5994793,5994665,5994826,5994863,5994653,5994813,5994697,11827309,11831770,11833615,11834122,11834101,11834296,11834286,11833869,11834427,11833957,28,24,28,26,27,26,27,27,27,26,564,558,556,556,552,560,554,556,557,556,2127761,1702947,1447770,1294514,1202467,1147310,1114150,1094226,1082384,1075138,1324274,1059907,901086,805704,748391,714071,693431,681026,673682,669167,425552,681031,834378,926405,981617,1014755,1034634,1046552,1053718,1058002,264854,423864,519308,576587,610947,631571,643943,651359,655823,658491,
SW,20838942,12844808,7994134,9120395,5676485,59925032,118296386,256,5570,5994187,5993046,5993349,5993001,5992679,5992578,5991918,5991495,5991394,5991385,11832819,11830737,11831491,11830632,11830028,11829840,11828473,11827576,11827342,11827448,25,24,26,26,25,26,26,26,26,26,558,555,553,570,556,552,555,560,556,555,2128658,358895,590111,1102455,1444379,1444337,1444112,1443985,1443936,1443940,1324862,223636,367185,686068,898919,898883,898727,898631,898611,898612,1769429,1538338,1025888,683820,683820,683820,683820,683820,683820,683820,1100992,957522,638561,425630,425630,425630,425630,425630,425630,425630,
AFC,20907958,12888219,8019739,8661536,5388832,59600153,117687169,301,4507,5650577,5991332,5994671,5994859,5994819,5994789,5994912,5994702,5994840,5994652,11141117,11827473,11839573,11839996,11840027,11839726,11839911,11839685,11840136,11839525,52,35,27,27,26,27,26,27,27,27,556,544,430,424,422,423,426,421,429,432,1329763,1861794,1544300,1352509,1237402,1168294,1126904,1101978,1087164,1078111,822568,1159745,961942,842289,770466,727357,701544,685991,676748,671089,265952,585120,776956,892066,961133,1002565,1027432,1042341,1051305,1056666,164513,363559,483235,555045,598129,623974,639488,648788,654380,657721,
AMBP,20544505,12665114,7879391,8442427,5251128,59391932,117281031,300,4241,5444098,5990328,5994538,5994658,5994707,5994661,5994692,5994768,5994743,5994739,10733471,11830198,11839303,11839597,11839708,11839767,11839685,11839810,11839834,11839658,52,37,25,27,26,27,27,26,27,26,429,433,422,420,422,418,428,421,427,421,888596,1950072,1597093,1384167,1256417,1179737,1133732,1106124,1089583,1079593,545038,1215366,995104,862168,782429,734553,705827,688606,678268,672032,177799,532253,745221,873010,949691,995700,1023306,1039869,1049811,1055767,109087,330342,463294,543068,590940,619662,636895,647237,653443,657160,
PIC,14643370,9070300,5573070,4283175890,4287722290,167561872,333151628,257,4265,5496800,18004449,18007340,18007499,18007539,18007571,18007706,18007659,18007692,18007617,10838821,35806362,35812752,35813361,35813115,35813441,35813275,35813362,35813450,35813689,52,28,23,22,22,22,22,22,22,22,425,435,426,425,426,425,432,423,426,422,907030,907030,907030,907030,907030,907030,907030,907030,907030,907030,557307,557307,557307,557307,557307,557307,557307,557307,557307,557307,428317589,428317589,428317589,428317589,428317589,428317589,428317589,428317589,428317589,428317589,428772229,428772229,428772229,428772229,428772229,428772229,428772229,428772229,428772229,428772229,
end--> Completion message received. Exiting.
