--> Waiting for autoboot prompt...
NOTICE:  BL31: v2.9(release):8a3945e
NOTICE:  BL31: Built : 17:27:52, May  1 2024


U-Boot 2022.10 (May 01 2024 - 17:26:49 -0300)

DRAM:  7.1 GiB
RPI 4 Model B (0xd03115)
Core:  202 devices, 16 uclasses, devicetree: board
MMC:   mmcnr@7e300000: 1, emmc2@7e340000: 0
Loading Environment from FAT... ** No partition table - mmc 0 **
In:    serial
Out:   serial
Err:   serial
Net:   eth0: ethernet@7d580000
PCIe BRCM: link up, 5.0 Gbps x1 (SSC)
starting USB...
Bus xhci_pci: Register 5000420 NbrPorts 5
Starting the controller
USB XHCI 1.00
scanning bus xhci_pci for devices... 2 USB Device(s) found
       scanning usb for storage devices... 0 Storage Device(s) found
Hit any key to stop autoboot:--> Autoboot stopped. Waiting for U-Boot prompt...
 0 
U-Boot>--> Benchmark command sent. Waiting for completion...
fatload mmc 0 0x200000 bao-72.bin; go 0x200000
1417216 bytes read in 105 ms (12.9 MiB/s)
## Starting application at 0x00200000 ...
BENCH_ARRAY_INDEX 71
budget_function,PMU_counter_used_budget,PMU_counter_used_budget_r,PMU_counter_used_budget_w,total_calc_r,total_calc_w,used_budget_read[0],used_budget_read[1],used_budget_read[2],used_budget_read[3],used_budget_read[4],used_budget_read[5],used_budget_read[6],used_budget_read[7],used_budget_read[8],used_budget_read[9],used_budget_write[0],used_budget_write[1],used_budget_write[2],used_budget_write[3],used_budget_write[4],used_budget_write[5],used_budget_write[6],used_budget_write[7],used_budget_write[8],used_budget_write[9],calculated_read[0],calculated_read[1],calculated_read[2],calculated_read[3],calculated_read[4],calculated_read[5],calculated_read[6],calculated_read[7],calculated_read[8],calculated_read[9],calculated_write[0],calculated_write[1],calculated_write[2],calculated_write[3],calculated_write[4],calculated_write[5],calculated_write[6],calculated_write[7],calculated_write[8],calculated_write[9],
got dijkstra_wrapper (568)
got bandwidth_wrapper (569)
EWMA,14434794,8940004,5494790,6026243,3687824,1218984,972583,1121187,975919,889005,831929,799755,511229,818528,800885,662206,610692,711230,615295,557921,520173,498939,306789,511628,499917,243796,389553,535879,623887,676910,707913,726281,683270,710321,728433,132441,228091,324718,382833,417850,438314,450439,421709,439692,451737,
SW,14079519,8693428,5386091,6043925,3738601,1523220,50190,483431,822605,800443,1053495,1055824,802992,1052376,1048852,947637,22174,303420,513195,487626,656247,657808,489335,655497,653152,1168515,1025271,685614,452075,452075,452075,452075,452075,452075,452075,722496,634523,424410,279596,279596,279596,279596,279596,279596,279596,
AFC,13619135,8418953,5200182,5642829,3484129,424041,1425823,1163949,787290,931715,860510,610964,838162,799839,576660,236817,891873,727177,482047,581870,536529,371467,523685,498598,350119,84808,353011,515198,569616,642035,685730,670777,704254,723371,694029,47363,216265,318447,351167,397307,425151,414415,436269,448734,429011,
AMBP,14114027,8712538,5401489,148578641,92199284,626529,1382412,1068119,1001164,897969,757554,756991,803166,709317,709317,383539,860538,661904,623743,558852,467630,468637,500226,438210,438210,125385,376790,515055,612276,669414,687042,701031,721458,72085095,72085095,76787,233537,319210,380116,415863,426216,434700,447805,44732525,44732525,
PIC,22423480,13861000,8562480,4276947980,4283836050,1386100,1386100,1386100,1386100,1386100,1386100,1386100,1386100,1386100,1386100,856248,856248,856248,856248,856248,856248,856248,856248,856248,856248,427694798,427694798,427694798,427694798,427694798,427694798,427694798,427694798,427694798,427694798,428383605,428383605,428383605,428383605,428383605,428383605,428383605,428383605,428383605,428383605,
end--> Completion message received. Exiting.
