--> Waiting for autoboot prompt...
NOTICE:  BL31: v2.9(release):8a3945e
NOTICE:  BL31: Built : 17:27:52, May  1 2024


U-Boot 2022.10 (May 01 2024 - 17:26:49 -0300)

DRAM:  7.1 GiB
RPI 4 Model B (0xd03115)
Core:  202 devices, 16 uclasses, devicetree: board
MMC:   mmcnr@7e300000: 1, emmc2@7e340000: 0
Loading Environment from FAT... ** No partition table - mmc 0 **
In:    serial
Out:   serial
Err:   serial
Net:   eth0: ethernet@7d580000
PCIe BRCM: link up, 5.0 Gbps x1 (SSC)
starting USB...
Bus xhci_pci: Register 5000420 NbrPorts 5
Starting the controller
USB XHCI 1.00
scanning bus xhci_pci for devices... 2 USB Device(s) found
       scanning usb for storage devices... 0 Storage Device(s) found
Hit any key to stop autoboot:--> Autoboot stopped. Waiting for U-Boot prompt...
 0 
U-Boot>--> Benchmark command sent. Waiting for completion...
fatload mmc 0 0x200000 bao-126.bin; go 0x200000
1417216 bytes read in 104 ms (13 MiB/s)
## Starting application at 0x00200000 ...
BENCH_ARRAY_INDEX 125
budget_function,PMU_counter_used_budget,PMU_counter_used_budget_r,PMU_counter_used_budget_w,total_calc_r,total_calc_w,used_budget_read[0],used_budget_read[1],used_budget_read[2],used_budget_read[3],used_budget_read[4],used_budget_read[5],used_budget_read[6],used_budget_read[7],used_budget_read[8],used_budget_read[9],used_budget_write[0],used_budget_write[1],used_budget_write[2],used_budget_write[3],used_budget_write[4],used_budget_write[5],used_budget_write[6],used_budget_write[7],used_budget_write[8],used_budget_write[9],calculated_read[0],calculated_read[1],calculated_read[2],calculated_read[3],calculated_read[4],calculated_read[5],calculated_read[6],calculated_read[7],calculated_read[8],calculated_read[9],calculated_write[0],calculated_write[1],calculated_write[2],calculated_write[3],calculated_write[4],calculated_write[5],calculated_write[6],calculated_write[7],calculated_write[8],calculated_write[9],
got dijkstra_wrapper (1000)
got sha_wrapper (1001)
EWMA,21311154,13163665,8147489,8932849,5514410,1879263,1750187,1478187,1312758,1213686,1154121,1118159,1096987,1084011,1076306,1076293,1108190,931460,823980,759604,720908,697536,683801,675347,670370,375852,650719,816212,915521,975154,1010947,1032389,1045308,1053048,1057699,215258,393844,501367,565889,604632,627887,641816,650213,655239,658265,
SW,20820781,12832830,7987951,9139372,5690200,2129125,390051,579823,1095745,1439539,1440092,1439817,1439130,1439839,1439669,1325485,244357,360407,681748,895877,896263,896076,895628,896127,895983,1737519,1549073,1033000,688540,688540,688540,688540,688540,688540,688540,1080051,964874,643416,428837,428837,428837,428837,428837,428837,428837,
AFC,20989387,12936450,8052937,8710060,5421899,1429948,1842002,1532235,1344060,1233242,1165813,1124236,1101422,1086492,1077000,889552,1146768,953984,836710,767781,725785,699815,685724,676355,670463,285989,597191,784199,896171,963585,1004030,1028071,1042741,1051491,1056592,177910,371681,488141,557854,599839,625028,639985,649132,654576,657753,
AMBP,20630510,12716198,7914312,8493275,5285606,993613,1928833,1583780,1376700,1251886,1176332,1132225,1105016,1088419,1079394,615108,1201316,986339,857301,779501,732372,704911,687908,677572,671984,198802,544808,752602,877421,952314,997117,1024138,1040313,1049934,1055826,123101,338744,468263,546070,592756,620679,637525,647601,653595,657272,
PIC,16393990,10120350,6273640,4281810820,4286811550,1012035,1012035,1012035,1012035,1012035,1012035,1012035,1012035,1012035,1012035,627364,627364,627364,627364,627364,627364,627364,627364,627364,627364,428181082,428181082,428181082,428181082,428181082,428181082,428181082,428181082,428181082,428181082,428681155,428681155,428681155,428681155,428681155,428681155,428681155,428681155,428681155,428681155,
end--> Completion message received. Exiting.
